ARM GAS  C:\Users\TUCKER~1\AppData\Local\Temp\ccYC61oX.s 			page 1


   1              		.syntax unified
   2              		.cpu cortex-m0plus
   3              		.fpu softvfp
   4              		.eabi_attribute 20, 1
   5              		.eabi_attribute 21, 1
   6              		.eabi_attribute 23, 3
   7              		.eabi_attribute 24, 1
   8              		.eabi_attribute 25, 1
   9              		.eabi_attribute 26, 1
  10              		.eabi_attribute 30, 1
  11              		.eabi_attribute 34, 0
  12              		.eabi_attribute 18, 4
  13              		.thumb
  14              		.syntax unified
  15              		.file	"cyfitter_cfg.c"
  16              		.text
  17              	.Ltext0:
  18              		.cfi_sections	.debug_frame
  19              		.section	.psocinit,"ax",%progbits
  20              		.align	2
  21              		.code	16
  22              		.thumb_func
  23              		.type	ClockSetup, %function
  24              	ClockSetup:
  25              	.LFB4:
  26              		.file 1 "Generated_Source\\PSoC4\\cyfitter_cfg.c"
   1:Generated_Source\PSoC4/cyfitter_cfg.c **** 
   2:Generated_Source\PSoC4/cyfitter_cfg.c **** /*******************************************************************************
   3:Generated_Source\PSoC4/cyfitter_cfg.c **** * File Name: cyfitter_cfg.c
   4:Generated_Source\PSoC4/cyfitter_cfg.c **** * 
   5:Generated_Source\PSoC4/cyfitter_cfg.c **** * PSoC Creator  4.4
   6:Generated_Source\PSoC4/cyfitter_cfg.c **** *
   7:Generated_Source\PSoC4/cyfitter_cfg.c **** * Description:
   8:Generated_Source\PSoC4/cyfitter_cfg.c **** * This file contains device initialization code.
   9:Generated_Source\PSoC4/cyfitter_cfg.c **** * Except for the user defined sections in CyClockStartupError(), this file should not be modified.
  10:Generated_Source\PSoC4/cyfitter_cfg.c **** * This file is automatically generated by PSoC Creator.
  11:Generated_Source\PSoC4/cyfitter_cfg.c **** *
  12:Generated_Source\PSoC4/cyfitter_cfg.c **** ********************************************************************************
  13:Generated_Source\PSoC4/cyfitter_cfg.c **** * Copyright (c) 2007-2020 Cypress Semiconductor.  All rights reserved.
  14:Generated_Source\PSoC4/cyfitter_cfg.c **** * You may use this file only in accordance with the license, terms, conditions, 
  15:Generated_Source\PSoC4/cyfitter_cfg.c **** * disclaimers, and limitations in the end user license agreement accompanying 
  16:Generated_Source\PSoC4/cyfitter_cfg.c **** * the software package with which this file was provided.
  17:Generated_Source\PSoC4/cyfitter_cfg.c **** ********************************************************************************/
  18:Generated_Source\PSoC4/cyfitter_cfg.c **** 
  19:Generated_Source\PSoC4/cyfitter_cfg.c **** #include <string.h>
  20:Generated_Source\PSoC4/cyfitter_cfg.c **** #include "cytypes.h"
  21:Generated_Source\PSoC4/cyfitter_cfg.c **** #include "cydevice_trm.h"
  22:Generated_Source\PSoC4/cyfitter_cfg.c **** #include "cyfitter.h"
  23:Generated_Source\PSoC4/cyfitter_cfg.c **** #include "CyLib.h"
  24:Generated_Source\PSoC4/cyfitter_cfg.c **** #include "CyLFClk.h"
  25:Generated_Source\PSoC4/cyfitter_cfg.c **** #include "cyfitter_cfg.h"
  26:Generated_Source\PSoC4/cyfitter_cfg.c **** #include "cyapicallbacks.h"
  27:Generated_Source\PSoC4/cyfitter_cfg.c **** 
  28:Generated_Source\PSoC4/cyfitter_cfg.c **** 
  29:Generated_Source\PSoC4/cyfitter_cfg.c **** #if defined(__GNUC__) || defined(__ARMCC_VERSION)
  30:Generated_Source\PSoC4/cyfitter_cfg.c ****     #define CYPACKED 
  31:Generated_Source\PSoC4/cyfitter_cfg.c ****     #define CYPACKED_ATTR __attribute__ ((packed))
ARM GAS  C:\Users\TUCKER~1\AppData\Local\Temp\ccYC61oX.s 			page 2


  32:Generated_Source\PSoC4/cyfitter_cfg.c ****     #define CYALIGNED __attribute__ ((aligned))
  33:Generated_Source\PSoC4/cyfitter_cfg.c ****     #define CY_CFG_UNUSED __attribute__ ((unused))
  34:Generated_Source\PSoC4/cyfitter_cfg.c ****     #ifndef CY_CFG_SECTION
  35:Generated_Source\PSoC4/cyfitter_cfg.c ****         #define CY_CFG_SECTION __attribute__ ((section(".psocinit")))
  36:Generated_Source\PSoC4/cyfitter_cfg.c ****     #endif
  37:Generated_Source\PSoC4/cyfitter_cfg.c ****     
  38:Generated_Source\PSoC4/cyfitter_cfg.c ****     #if defined(__ARMCC_VERSION)
  39:Generated_Source\PSoC4/cyfitter_cfg.c ****         #define CY_CFG_MEMORY_BARRIER() __memory_changed()
  40:Generated_Source\PSoC4/cyfitter_cfg.c ****     #else
  41:Generated_Source\PSoC4/cyfitter_cfg.c ****         #define CY_CFG_MEMORY_BARRIER() __sync_synchronize()
  42:Generated_Source\PSoC4/cyfitter_cfg.c ****     #endif
  43:Generated_Source\PSoC4/cyfitter_cfg.c ****     
  44:Generated_Source\PSoC4/cyfitter_cfg.c **** #elif defined(__ICCARM__)
  45:Generated_Source\PSoC4/cyfitter_cfg.c ****     #include <intrinsics.h>
  46:Generated_Source\PSoC4/cyfitter_cfg.c **** 
  47:Generated_Source\PSoC4/cyfitter_cfg.c ****     #define CYPACKED __packed
  48:Generated_Source\PSoC4/cyfitter_cfg.c ****     #define CYPACKED_ATTR 
  49:Generated_Source\PSoC4/cyfitter_cfg.c ****     #define CYALIGNED _Pragma("data_alignment=4")
  50:Generated_Source\PSoC4/cyfitter_cfg.c ****     #define CY_CFG_UNUSED _Pragma("diag_suppress=Pe177")
  51:Generated_Source\PSoC4/cyfitter_cfg.c ****     #define CY_CFG_SECTION _Pragma("location=\".psocinit\"")
  52:Generated_Source\PSoC4/cyfitter_cfg.c ****     
  53:Generated_Source\PSoC4/cyfitter_cfg.c ****     #define CY_CFG_MEMORY_BARRIER() __DMB()
  54:Generated_Source\PSoC4/cyfitter_cfg.c ****     
  55:Generated_Source\PSoC4/cyfitter_cfg.c **** #else
  56:Generated_Source\PSoC4/cyfitter_cfg.c ****     #error Unsupported toolchain
  57:Generated_Source\PSoC4/cyfitter_cfg.c **** #endif
  58:Generated_Source\PSoC4/cyfitter_cfg.c **** 
  59:Generated_Source\PSoC4/cyfitter_cfg.c **** #ifndef CYCODE
  60:Generated_Source\PSoC4/cyfitter_cfg.c ****     #define CYCODE
  61:Generated_Source\PSoC4/cyfitter_cfg.c **** #endif
  62:Generated_Source\PSoC4/cyfitter_cfg.c **** #ifndef CYDATA
  63:Generated_Source\PSoC4/cyfitter_cfg.c ****     #define CYDATA
  64:Generated_Source\PSoC4/cyfitter_cfg.c **** #endif
  65:Generated_Source\PSoC4/cyfitter_cfg.c **** #ifndef CYFAR
  66:Generated_Source\PSoC4/cyfitter_cfg.c ****     #define CYFAR
  67:Generated_Source\PSoC4/cyfitter_cfg.c **** #endif
  68:Generated_Source\PSoC4/cyfitter_cfg.c **** #ifndef CYXDATA
  69:Generated_Source\PSoC4/cyfitter_cfg.c ****     #define CYXDATA
  70:Generated_Source\PSoC4/cyfitter_cfg.c **** #endif
  71:Generated_Source\PSoC4/cyfitter_cfg.c **** 
  72:Generated_Source\PSoC4/cyfitter_cfg.c **** 
  73:Generated_Source\PSoC4/cyfitter_cfg.c **** CY_CFG_UNUSED
  74:Generated_Source\PSoC4/cyfitter_cfg.c **** static void CYMEMZERO(void *s, size_t n);
  75:Generated_Source\PSoC4/cyfitter_cfg.c **** CY_CFG_UNUSED
  76:Generated_Source\PSoC4/cyfitter_cfg.c **** static void CYMEMZERO(void *s, size_t n)
  77:Generated_Source\PSoC4/cyfitter_cfg.c **** {
  78:Generated_Source\PSoC4/cyfitter_cfg.c **** 	(void)memset(s, 0, n);
  79:Generated_Source\PSoC4/cyfitter_cfg.c **** }
  80:Generated_Source\PSoC4/cyfitter_cfg.c **** CY_CFG_UNUSED
  81:Generated_Source\PSoC4/cyfitter_cfg.c **** static void CYCONFIGCPY(void *dest, const void *src, size_t n);
  82:Generated_Source\PSoC4/cyfitter_cfg.c **** CY_CFG_UNUSED
  83:Generated_Source\PSoC4/cyfitter_cfg.c **** static void CYCONFIGCPY(void *dest, const void *src, size_t n)
  84:Generated_Source\PSoC4/cyfitter_cfg.c **** {
  85:Generated_Source\PSoC4/cyfitter_cfg.c **** 	(void)memcpy(dest, src, n);
  86:Generated_Source\PSoC4/cyfitter_cfg.c **** }
  87:Generated_Source\PSoC4/cyfitter_cfg.c **** CY_CFG_UNUSED
  88:Generated_Source\PSoC4/cyfitter_cfg.c **** static void CYCONFIGCPYCODE(void *dest, const void *src, size_t n);
ARM GAS  C:\Users\TUCKER~1\AppData\Local\Temp\ccYC61oX.s 			page 3


  89:Generated_Source\PSoC4/cyfitter_cfg.c **** CY_CFG_UNUSED
  90:Generated_Source\PSoC4/cyfitter_cfg.c **** static void CYCONFIGCPYCODE(void *dest, const void *src, size_t n)
  91:Generated_Source\PSoC4/cyfitter_cfg.c **** {
  92:Generated_Source\PSoC4/cyfitter_cfg.c **** 	(void)memcpy(dest, src, n);
  93:Generated_Source\PSoC4/cyfitter_cfg.c **** }
  94:Generated_Source\PSoC4/cyfitter_cfg.c **** 
  95:Generated_Source\PSoC4/cyfitter_cfg.c **** 
  96:Generated_Source\PSoC4/cyfitter_cfg.c **** 
  97:Generated_Source\PSoC4/cyfitter_cfg.c **** 
  98:Generated_Source\PSoC4/cyfitter_cfg.c **** /* Clock startup error codes                                                   */
  99:Generated_Source\PSoC4/cyfitter_cfg.c **** #define CYCLOCKSTART_NO_ERROR    0u
 100:Generated_Source\PSoC4/cyfitter_cfg.c **** #define CYCLOCKSTART_XTAL_ERROR  1u
 101:Generated_Source\PSoC4/cyfitter_cfg.c **** #define CYCLOCKSTART_32KHZ_ERROR 2u
 102:Generated_Source\PSoC4/cyfitter_cfg.c **** #define CYCLOCKSTART_PLL_ERROR   3u
 103:Generated_Source\PSoC4/cyfitter_cfg.c **** #define CYCLOCKSTART_FLL_ERROR   4u
 104:Generated_Source\PSoC4/cyfitter_cfg.c **** #define CYCLOCKSTART_WCO_ERROR   5u
 105:Generated_Source\PSoC4/cyfitter_cfg.c **** 
 106:Generated_Source\PSoC4/cyfitter_cfg.c **** 
 107:Generated_Source\PSoC4/cyfitter_cfg.c **** #ifdef CY_NEED_CYCLOCKSTARTUPERROR
 108:Generated_Source\PSoC4/cyfitter_cfg.c **** /*******************************************************************************
 109:Generated_Source\PSoC4/cyfitter_cfg.c **** * Function Name: CyClockStartupError
 110:Generated_Source\PSoC4/cyfitter_cfg.c **** ********************************************************************************
 111:Generated_Source\PSoC4/cyfitter_cfg.c **** * Summary:
 112:Generated_Source\PSoC4/cyfitter_cfg.c **** *  If an error is encountered during clock configuration (crystal startup error,
 113:Generated_Source\PSoC4/cyfitter_cfg.c **** *  PLL lock error, etc.), the system will end up here.  Unless reimplemented by
 114:Generated_Source\PSoC4/cyfitter_cfg.c **** *  the customer, this function will stop in an infinite loop.
 115:Generated_Source\PSoC4/cyfitter_cfg.c **** *
 116:Generated_Source\PSoC4/cyfitter_cfg.c **** * Parameters:
 117:Generated_Source\PSoC4/cyfitter_cfg.c **** *   void
 118:Generated_Source\PSoC4/cyfitter_cfg.c **** *
 119:Generated_Source\PSoC4/cyfitter_cfg.c **** * Return:
 120:Generated_Source\PSoC4/cyfitter_cfg.c **** *   void
 121:Generated_Source\PSoC4/cyfitter_cfg.c **** *
 122:Generated_Source\PSoC4/cyfitter_cfg.c **** *******************************************************************************/
 123:Generated_Source\PSoC4/cyfitter_cfg.c **** CY_CFG_UNUSED
 124:Generated_Source\PSoC4/cyfitter_cfg.c **** static void CyClockStartupError(uint8 errorCode);
 125:Generated_Source\PSoC4/cyfitter_cfg.c **** CY_CFG_UNUSED
 126:Generated_Source\PSoC4/cyfitter_cfg.c **** static void CyClockStartupError(uint8 errorCode)
 127:Generated_Source\PSoC4/cyfitter_cfg.c **** {
 128:Generated_Source\PSoC4/cyfitter_cfg.c ****     /* To remove the compiler warning if errorCode not used.                */
 129:Generated_Source\PSoC4/cyfitter_cfg.c ****     errorCode = errorCode;
 130:Generated_Source\PSoC4/cyfitter_cfg.c **** 
 131:Generated_Source\PSoC4/cyfitter_cfg.c ****     /* If we have a clock startup error (bad MHz crystal, PLL lock, etc.),  */
 132:Generated_Source\PSoC4/cyfitter_cfg.c ****     /* we will end up here to allow the customer to implement something to  */
 133:Generated_Source\PSoC4/cyfitter_cfg.c ****     /* deal with the clock condition.                                       */
 134:Generated_Source\PSoC4/cyfitter_cfg.c **** 
 135:Generated_Source\PSoC4/cyfitter_cfg.c **** #ifdef CY_CFG_CLOCK_STARTUP_ERROR_CALLBACK
 136:Generated_Source\PSoC4/cyfitter_cfg.c ****     CY_CFG_Clock_Startup_ErrorCallback();
 137:Generated_Source\PSoC4/cyfitter_cfg.c **** #else
 138:Generated_Source\PSoC4/cyfitter_cfg.c ****     /*  If not using CY_CFG_CLOCK_STARTUP_ERROR_CALLBACK, place your clock startup code here. */
 139:Generated_Source\PSoC4/cyfitter_cfg.c ****     /* `#START CyClockStartupError` */
 140:Generated_Source\PSoC4/cyfitter_cfg.c **** 
 141:Generated_Source\PSoC4/cyfitter_cfg.c **** 
 142:Generated_Source\PSoC4/cyfitter_cfg.c **** 
 143:Generated_Source\PSoC4/cyfitter_cfg.c ****     /* `#END` */
 144:Generated_Source\PSoC4/cyfitter_cfg.c **** 
 145:Generated_Source\PSoC4/cyfitter_cfg.c ****     while(1) {}
ARM GAS  C:\Users\TUCKER~1\AppData\Local\Temp\ccYC61oX.s 			page 4


 146:Generated_Source\PSoC4/cyfitter_cfg.c **** #endif /* CY_CFG_CLOCK_STARTUP_ERROR_CALLBACK */
 147:Generated_Source\PSoC4/cyfitter_cfg.c **** }
 148:Generated_Source\PSoC4/cyfitter_cfg.c **** #endif
 149:Generated_Source\PSoC4/cyfitter_cfg.c **** 
 150:Generated_Source\PSoC4/cyfitter_cfg.c **** 
 151:Generated_Source\PSoC4/cyfitter_cfg.c **** 
 152:Generated_Source\PSoC4/cyfitter_cfg.c **** /*******************************************************************************
 153:Generated_Source\PSoC4/cyfitter_cfg.c **** * Function Name: ClockSetup
 154:Generated_Source\PSoC4/cyfitter_cfg.c **** ********************************************************************************
 155:Generated_Source\PSoC4/cyfitter_cfg.c **** *
 156:Generated_Source\PSoC4/cyfitter_cfg.c **** * Summary:
 157:Generated_Source\PSoC4/cyfitter_cfg.c **** *   Performs the initialization of all of the clocks in the device based on the
 158:Generated_Source\PSoC4/cyfitter_cfg.c **** *   settings in the Clock tab of the DWR.  This includes enabling the requested
 159:Generated_Source\PSoC4/cyfitter_cfg.c **** *   clocks and setting the necessary dividers to produce the desired frequency. 
 160:Generated_Source\PSoC4/cyfitter_cfg.c **** *
 161:Generated_Source\PSoC4/cyfitter_cfg.c **** * Parameters:
 162:Generated_Source\PSoC4/cyfitter_cfg.c **** *   void
 163:Generated_Source\PSoC4/cyfitter_cfg.c **** *
 164:Generated_Source\PSoC4/cyfitter_cfg.c **** * Return:
 165:Generated_Source\PSoC4/cyfitter_cfg.c **** *   void
 166:Generated_Source\PSoC4/cyfitter_cfg.c **** *
 167:Generated_Source\PSoC4/cyfitter_cfg.c **** *******************************************************************************/
 168:Generated_Source\PSoC4/cyfitter_cfg.c **** static void ClockSetup(void);
 169:Generated_Source\PSoC4/cyfitter_cfg.c **** CY_CFG_SECTION
 170:Generated_Source\PSoC4/cyfitter_cfg.c **** static void ClockSetup(void)
 171:Generated_Source\PSoC4/cyfitter_cfg.c **** {
  27              		.loc 1 171 0
  28              		.cfi_startproc
  29              		@ args = 0, pretend = 0, frame = 0
  30              		@ frame_needed = 0, uses_anonymous_args = 0
  31 0000 10B5     		push	{r4, lr}
  32              		.cfi_def_cfa_offset 8
  33              		.cfi_offset 4, -8
  34              		.cfi_offset 14, -4
 172:Generated_Source\PSoC4/cyfitter_cfg.c **** 
 173:Generated_Source\PSoC4/cyfitter_cfg.c **** 	/* Set Flash Cycles based on max possible frequency in case a glitch occurs during ClockSetup(). *
 174:Generated_Source\PSoC4/cyfitter_cfg.c **** 	CY_SET_REG32((void CYXDATA *)(CYREG_CPUSS_FLASH_CTL), (0x0012u));
  35              		.loc 1 174 0
  36 0002 254C     		ldr	r4, .L2
  37 0004 1223     		movs	r3, #18
  38 0006 2360     		str	r3, [r4]
 175:Generated_Source\PSoC4/cyfitter_cfg.c **** 	/* Update IMO to new clock speed. */
 176:Generated_Source\PSoC4/cyfitter_cfg.c **** 	CySysClkWriteImoFreq(24u);
  39              		.loc 1 176 0
  40 0008 1820     		movs	r0, #24
  41 000a FFF7FEFF 		bl	CySysClkWriteImoFreq
  42              	.LVL0:
 177:Generated_Source\PSoC4/cyfitter_cfg.c **** 
 178:Generated_Source\PSoC4/cyfitter_cfg.c **** 	/* Setup phase aligned clocks */
 179:Generated_Source\PSoC4/cyfitter_cfg.c **** 	CY_SET_REG32((void *)CYREG_PERI_DIV_16_CTL0, 0x00000100u);
  43              		.loc 1 179 0
  44 000e 8022     		movs	r2, #128
  45 0010 5200     		lsls	r2, r2, #1
  46 0012 224B     		ldr	r3, .L2+4
  47 0014 1A60     		str	r2, [r3]
 180:Generated_Source\PSoC4/cyfitter_cfg.c **** 	CY_SET_REG32((void *)CYREG_PERI_DIV_CMD, 0x8000FF40u);
  48              		.loc 1 180 0
ARM GAS  C:\Users\TUCKER~1\AppData\Local\Temp\ccYC61oX.s 			page 5


  49 0016 8023     		movs	r3, #128
  50 0018 DB05     		lsls	r3, r3, #23
  51 001a 2149     		ldr	r1, .L2+8
  52 001c 1960     		str	r1, [r3]
 181:Generated_Source\PSoC4/cyfitter_cfg.c **** 	CY_SET_REG32((void *)CYREG_PERI_DIV_16_CTL1, 0x00000100u);
  53              		.loc 1 181 0
  54 001e 2149     		ldr	r1, .L2+12
  55 0020 0A60     		str	r2, [r1]
 182:Generated_Source\PSoC4/cyfitter_cfg.c **** 	CY_SET_REG32((void *)CYREG_PERI_DIV_CMD, 0x8000FF41u);
  56              		.loc 1 182 0
  57 0022 214A     		ldr	r2, .L2+16
  58 0024 1A60     		str	r2, [r3]
 183:Generated_Source\PSoC4/cyfitter_cfg.c **** 	CY_SET_REG32((void *)CYREG_PERI_DIV_16_CTL4, 0x0005DB00u);
  59              		.loc 1 183 0
  60 0026 2149     		ldr	r1, .L2+20
  61 0028 214A     		ldr	r2, .L2+24
  62 002a 1160     		str	r1, [r2]
 184:Generated_Source\PSoC4/cyfitter_cfg.c **** 	CY_SET_REG32((void *)CYREG_PERI_DIV_CMD, 0x8000FF44u);
  63              		.loc 1 184 0
  64 002c 214A     		ldr	r2, .L2+28
  65 002e 1A60     		str	r2, [r3]
 185:Generated_Source\PSoC4/cyfitter_cfg.c **** 	CY_SET_REG32((void *)CYREG_PERI_DIV_24_5_CTL, 0x02DC6B00u);
  66              		.loc 1 185 0
  67 0030 2149     		ldr	r1, .L2+32
  68 0032 224A     		ldr	r2, .L2+36
  69 0034 1160     		str	r1, [r2]
 186:Generated_Source\PSoC4/cyfitter_cfg.c **** 	CY_SET_REG32((void *)CYREG_PERI_DIV_CMD, 0x8000FFC0u);
  70              		.loc 1 186 0
  71 0036 224A     		ldr	r2, .L2+40
  72 0038 1A60     		str	r2, [r3]
 187:Generated_Source\PSoC4/cyfitter_cfg.c **** 	CY_SET_REG32((void *)CYREG_PERI_DIV_16_CTL2, 0x00000E00u);
  73              		.loc 1 187 0
  74 003a E021     		movs	r1, #224
  75 003c 0901     		lsls	r1, r1, #4
  76 003e 214A     		ldr	r2, .L2+44
  77 0040 1160     		str	r1, [r2]
 188:Generated_Source\PSoC4/cyfitter_cfg.c **** 	CY_SET_REG32((void *)CYREG_PERI_DIV_CMD, 0x8000FF42u);
  78              		.loc 1 188 0
  79 0042 214A     		ldr	r2, .L2+48
  80 0044 1A60     		str	r2, [r3]
 189:Generated_Source\PSoC4/cyfitter_cfg.c **** 	CY_SET_REG32((void *)CYREG_PERI_DIV_16_CTL3, 0x00001000u);
  81              		.loc 1 189 0
  82 0046 8021     		movs	r1, #128
  83 0048 4901     		lsls	r1, r1, #5
  84 004a 204A     		ldr	r2, .L2+52
  85 004c 1160     		str	r1, [r2]
 190:Generated_Source\PSoC4/cyfitter_cfg.c **** 	CY_SET_REG32((void *)CYREG_PERI_DIV_CMD, 0x8000FF43u);
  86              		.loc 1 190 0
  87 004e 204A     		ldr	r2, .L2+56
  88 0050 1A60     		str	r2, [r3]
 191:Generated_Source\PSoC4/cyfitter_cfg.c **** 
 192:Generated_Source\PSoC4/cyfitter_cfg.c **** 	/* CYDEV_CLK_SELECT Starting address: CYDEV_CLK_SELECT */
 193:Generated_Source\PSoC4/cyfitter_cfg.c **** 	CY_SET_REG32((void *)(CYREG_CLK_SELECT), 0x00000020u);
  89              		.loc 1 193 0
  90 0052 2022     		movs	r2, #32
  91 0054 1F4B     		ldr	r3, .L2+60
  92 0056 1A60     		str	r2, [r3]
ARM GAS  C:\Users\TUCKER~1\AppData\Local\Temp\ccYC61oX.s 			page 6


 194:Generated_Source\PSoC4/cyfitter_cfg.c **** 
 195:Generated_Source\PSoC4/cyfitter_cfg.c **** 	/* CYDEV_PERI_PCLK_CTL12 Starting address: CYDEV_PERI_PCLK_CTL12 */
 196:Generated_Source\PSoC4/cyfitter_cfg.c **** 	CY_SET_REG32((void *)(CYREG_PERI_PCLK_CTL12), 0x00000041u);
  93              		.loc 1 196 0
  94 0058 2132     		adds	r2, r2, #33
  95 005a 1F4B     		ldr	r3, .L2+64
  96 005c 1A60     		str	r2, [r3]
 197:Generated_Source\PSoC4/cyfitter_cfg.c **** 
 198:Generated_Source\PSoC4/cyfitter_cfg.c **** 	/* CYDEV_PERI_PCLK_CTL5 Starting address: CYDEV_PERI_PCLK_CTL5 */
 199:Generated_Source\PSoC4/cyfitter_cfg.c **** 	CY_SET_REG32((void *)(CYREG_PERI_PCLK_CTL5), 0x00000044u);
  97              		.loc 1 199 0
  98 005e 0332     		adds	r2, r2, #3
  99 0060 1E4B     		ldr	r3, .L2+68
 100 0062 1A60     		str	r2, [r3]
 200:Generated_Source\PSoC4/cyfitter_cfg.c **** 
 201:Generated_Source\PSoC4/cyfitter_cfg.c **** 	/* CYDEV_PERI_PCLK_CTL4 Starting address: CYDEV_PERI_PCLK_CTL4 */
 202:Generated_Source\PSoC4/cyfitter_cfg.c **** 	CY_SET_REG32((void *)(CYREG_PERI_PCLK_CTL4), 0x000000C0u);
 101              		.loc 1 202 0
 102 0064 7C32     		adds	r2, r2, #124
 103 0066 1E4B     		ldr	r3, .L2+72
 104 0068 1A60     		str	r2, [r3]
 203:Generated_Source\PSoC4/cyfitter_cfg.c **** 
 204:Generated_Source\PSoC4/cyfitter_cfg.c **** 	/* CYDEV_PERI_PCLK_CTL2 Starting address: CYDEV_PERI_PCLK_CTL2 */
 205:Generated_Source\PSoC4/cyfitter_cfg.c **** 	CY_SET_REG32((void *)(CYREG_PERI_PCLK_CTL2), 0x00000042u);
 105              		.loc 1 205 0
 106 006a 7E3A     		subs	r2, r2, #126
 107 006c 1D4B     		ldr	r3, .L2+76
 108 006e 1A60     		str	r2, [r3]
 206:Generated_Source\PSoC4/cyfitter_cfg.c **** 
 207:Generated_Source\PSoC4/cyfitter_cfg.c **** 	/* CYDEV_PERI_PCLK_CTL1 Starting address: CYDEV_PERI_PCLK_CTL1 */
 208:Generated_Source\PSoC4/cyfitter_cfg.c **** 	CY_SET_REG32((void *)(CYREG_PERI_PCLK_CTL1), 0x00000043u);
 109              		.loc 1 208 0
 110 0070 0132     		adds	r2, r2, #1
 111 0072 1D4B     		ldr	r3, .L2+80
 112 0074 1A60     		str	r2, [r3]
 209:Generated_Source\PSoC4/cyfitter_cfg.c **** 
 210:Generated_Source\PSoC4/cyfitter_cfg.c **** 	(void)CyIntSetVector(11u, &CySysTimerIsr);
 113              		.loc 1 210 0
 114 0076 1D49     		ldr	r1, .L2+84
 115 0078 0B20     		movs	r0, #11
 116 007a FFF7FEFF 		bl	CyIntSetVector
 117              	.LVL1:
 211:Generated_Source\PSoC4/cyfitter_cfg.c **** 	CyIntEnable(11u);
 118              		.loc 1 211 0
 119 007e 0B20     		movs	r0, #11
 120 0080 FFF7FEFF 		bl	CyIntEnable
 121              	.LVL2:
 212:Generated_Source\PSoC4/cyfitter_cfg.c **** 	CY_SET_REG32((void *)(CYREG_WCO_WDT_CONFIG), 0x00000000u);
 122              		.loc 1 212 0
 123 0084 0022     		movs	r2, #0
 124 0086 1A4B     		ldr	r3, .L2+88
 125 0088 1A60     		str	r2, [r3]
 213:Generated_Source\PSoC4/cyfitter_cfg.c **** 	CySysClkSetTimerSource(CY_SYS_CLK_TIMER_SRC_ILO);
 126              		.loc 1 213 0
 127 008a 0020     		movs	r0, #0
 128 008c FFF7FEFF 		bl	CySysClkSetTimerSource
 129              	.LVL3:
ARM GAS  C:\Users\TUCKER~1\AppData\Local\Temp\ccYC61oX.s 			page 7


 214:Generated_Source\PSoC4/cyfitter_cfg.c **** 	/* Set Flash Cycles based on newly configured 24.00MHz HFCLK. */
 215:Generated_Source\PSoC4/cyfitter_cfg.c **** 	CY_SET_REG32((void CYXDATA *)(CYREG_CPUSS_FLASH_CTL), (0x0011u));
 130              		.loc 1 215 0
 131 0090 1123     		movs	r3, #17
 132 0092 2360     		str	r3, [r4]
 216:Generated_Source\PSoC4/cyfitter_cfg.c **** }
 133              		.loc 1 216 0
 134              		@ sp needed
 135 0094 10BD     		pop	{r4, pc}
 136              	.L3:
 137 0096 C046     		.align	2
 138              	.L2:
 139 0098 30001040 		.word	1074790448
 140 009c 00030040 		.word	1073742592
 141 00a0 40FF0080 		.word	-2147418304
 142 00a4 04030040 		.word	1073742596
 143 00a8 41FF0080 		.word	-2147418303
 144 00ac 00DB0500 		.word	383744
 145 00b0 10030040 		.word	1073742608
 146 00b4 44FF0080 		.word	-2147418300
 147 00b8 006BDC02 		.word	47999744
 148 00bc 00050040 		.word	1073743104
 149 00c0 C0FF0080 		.word	-2147418176
 150 00c4 08030040 		.word	1073742600
 151 00c8 42FF0080 		.word	-2147418302
 152 00cc 0C030040 		.word	1073742604
 153 00d0 43FF0080 		.word	-2147418301
 154 00d4 28000340 		.word	1073938472
 155 00d8 30010040 		.word	1073742128
 156 00dc 14010040 		.word	1073742100
 157 00e0 10010040 		.word	1073742096
 158 00e4 08010040 		.word	1073742088
 159 00e8 04010040 		.word	1073742084
 160 00ec 00000000 		.word	CySysTimerIsr
 161 00f0 0C020640 		.word	1074135564
 162              		.cfi_endproc
 163              	.LFE4:
 164              		.size	ClockSetup, .-ClockSetup
 165              		.section	.text.SetAnalogRoutingPumps,"ax",%progbits
 166              		.align	2
 167              		.global	SetAnalogRoutingPumps
 168              		.code	16
 169              		.thumb_func
 170              		.type	SetAnalogRoutingPumps, %function
 171              	SetAnalogRoutingPumps:
 172              	.LFB6:
 217:Generated_Source\PSoC4/cyfitter_cfg.c **** 
 218:Generated_Source\PSoC4/cyfitter_cfg.c **** 
 219:Generated_Source\PSoC4/cyfitter_cfg.c **** /* Analog API Functions */
 220:Generated_Source\PSoC4/cyfitter_cfg.c **** 
 221:Generated_Source\PSoC4/cyfitter_cfg.c **** 
 222:Generated_Source\PSoC4/cyfitter_cfg.c **** /*******************************************************************************
 223:Generated_Source\PSoC4/cyfitter_cfg.c **** * Function Name: AnalogSetDefault
 224:Generated_Source\PSoC4/cyfitter_cfg.c **** ********************************************************************************
 225:Generated_Source\PSoC4/cyfitter_cfg.c **** *
 226:Generated_Source\PSoC4/cyfitter_cfg.c **** * Summary:
 227:Generated_Source\PSoC4/cyfitter_cfg.c **** *  Sets up the analog portions of the chip to default values based on chip
ARM GAS  C:\Users\TUCKER~1\AppData\Local\Temp\ccYC61oX.s 			page 8


 228:Generated_Source\PSoC4/cyfitter_cfg.c **** *  configuration options from the project.
 229:Generated_Source\PSoC4/cyfitter_cfg.c **** *
 230:Generated_Source\PSoC4/cyfitter_cfg.c **** * Parameters:
 231:Generated_Source\PSoC4/cyfitter_cfg.c **** *  void
 232:Generated_Source\PSoC4/cyfitter_cfg.c **** *
 233:Generated_Source\PSoC4/cyfitter_cfg.c **** * Return:
 234:Generated_Source\PSoC4/cyfitter_cfg.c **** *  void
 235:Generated_Source\PSoC4/cyfitter_cfg.c **** *
 236:Generated_Source\PSoC4/cyfitter_cfg.c **** *******************************************************************************/
 237:Generated_Source\PSoC4/cyfitter_cfg.c **** static void AnalogSetDefault(void);
 238:Generated_Source\PSoC4/cyfitter_cfg.c **** static void AnalogSetDefault(void)
 239:Generated_Source\PSoC4/cyfitter_cfg.c **** {
 240:Generated_Source\PSoC4/cyfitter_cfg.c **** 	CY_SET_XTND_REG32((void CYFAR *)CYREG_CTB0_CTB_CTRL, 0x80000000u);
 241:Generated_Source\PSoC4/cyfitter_cfg.c **** 	CY_SET_XTND_REG32((void CYFAR *)CYREG_CTB0_OA0_SW, 0x21000008u);
 242:Generated_Source\PSoC4/cyfitter_cfg.c **** 	CY_SET_XTND_REG32((void CYFAR *)CYREG_CTB0_OA1_SW, 0x00080080u);
 243:Generated_Source\PSoC4/cyfitter_cfg.c **** 	CY_SET_XTND_REG32((void CYFAR *)CYREG_CTB0_CTBBUS_SW, 0x00100000u);
 244:Generated_Source\PSoC4/cyfitter_cfg.c **** 	CY_SET_XTND_REG32((void CYFAR *)CYREG_CTB1_CTB_CTRL, 0x80000000u);
 245:Generated_Source\PSoC4/cyfitter_cfg.c **** 	CY_SET_XTND_REG32((void CYFAR *)CYREG_ART_CTRL, 0x80000000u);
 246:Generated_Source\PSoC4/cyfitter_cfg.c **** 	CY_SET_XTND_REG32((void CYFAR *)CYREG_ART_SARMUXVPLUS_SW, 0x01000001u);
 247:Generated_Source\PSoC4/cyfitter_cfg.c **** 	CY_SET_XTND_REG32((void CYFAR *)CYREG_ART_SARMUXVMINUS_SW, 0x02000000u);
 248:Generated_Source\PSoC4/cyfitter_cfg.c **** 	CY_SET_XTND_REG32((void CYFAR *)CYREG_ART_CTB0VREF_SW, 0x00020000u);
 249:Generated_Source\PSoC4/cyfitter_cfg.c **** 	CY_SET_XTND_REG32((void CYFAR *)CYREG_SAR_CTRL, 0x80000000u);
 250:Generated_Source\PSoC4/cyfitter_cfg.c **** 	CY_SET_XTND_REG32((void CYFAR *)CYREG_SAR_MUX_SWITCH0, 0x00010000u);
 251:Generated_Source\PSoC4/cyfitter_cfg.c **** 	CY_SET_XTND_REG32((void CYFAR *)CYREG_PASS_PASS_CTRL, 0x00000003u);
 252:Generated_Source\PSoC4/cyfitter_cfg.c **** 	CY_SET_XTND_REG32((void CYFAR *)CYREG_PASS_PRB_CTRL, 0x80000001u);
 253:Generated_Source\PSoC4/cyfitter_cfg.c **** 	CY_SET_XTND_REG32((void CYFAR *)CYREG_PASS_PRB_REF0, 0x000000F1u);
 254:Generated_Source\PSoC4/cyfitter_cfg.c **** 	CY_SET_XTND_REG32((void CYFAR *)CYREG_PASS_DSAB_DSAB_CTRL, 0x00000020u);
 255:Generated_Source\PSoC4/cyfitter_cfg.c **** 	SetAnalogRoutingPumps(1);
 256:Generated_Source\PSoC4/cyfitter_cfg.c **** }
 257:Generated_Source\PSoC4/cyfitter_cfg.c **** 
 258:Generated_Source\PSoC4/cyfitter_cfg.c **** 
 259:Generated_Source\PSoC4/cyfitter_cfg.c **** /*******************************************************************************
 260:Generated_Source\PSoC4/cyfitter_cfg.c **** * Function Name: SetAnalogRoutingPumps
 261:Generated_Source\PSoC4/cyfitter_cfg.c **** ********************************************************************************
 262:Generated_Source\PSoC4/cyfitter_cfg.c **** *
 263:Generated_Source\PSoC4/cyfitter_cfg.c **** * Summary:
 264:Generated_Source\PSoC4/cyfitter_cfg.c **** * Enables or disables the analog pumps feeding analog routing switches.
 265:Generated_Source\PSoC4/cyfitter_cfg.c **** * Intended to be called at startup, based on the Vdda system configuration;
 266:Generated_Source\PSoC4/cyfitter_cfg.c **** * may be called during operation when the user informs us that the Vdda voltage crossed the pump th
 267:Generated_Source\PSoC4/cyfitter_cfg.c **** *
 268:Generated_Source\PSoC4/cyfitter_cfg.c **** * Parameters:
 269:Generated_Source\PSoC4/cyfitter_cfg.c **** *  enabled - 1 to enable the pumps, 0 to disable the pumps
 270:Generated_Source\PSoC4/cyfitter_cfg.c **** *
 271:Generated_Source\PSoC4/cyfitter_cfg.c **** * Return:
 272:Generated_Source\PSoC4/cyfitter_cfg.c **** *  void
 273:Generated_Source\PSoC4/cyfitter_cfg.c **** *
 274:Generated_Source\PSoC4/cyfitter_cfg.c **** *******************************************************************************/
 275:Generated_Source\PSoC4/cyfitter_cfg.c **** void SetAnalogRoutingPumps(uint8 enabled)
 276:Generated_Source\PSoC4/cyfitter_cfg.c **** {
 173              		.loc 1 276 0
 174              		.cfi_startproc
 175              		@ args = 0, pretend = 0, frame = 0
 176              		@ frame_needed = 0, uses_anonymous_args = 0
 177              		@ link register save eliminated.
 178              	.LVL4:
 277:Generated_Source\PSoC4/cyfitter_cfg.c **** 	uint32 regValue = CY_GET_XTND_REG32((void *)(CYREG_SAR_PUMP_CTRL));
 179              		.loc 1 277 0
ARM GAS  C:\Users\TUCKER~1\AppData\Local\Temp\ccYC61oX.s 			page 9


 180 0000 064B     		ldr	r3, .L7
 181 0002 1B68     		ldr	r3, [r3]
 182              	.LVL5:
 278:Generated_Source\PSoC4/cyfitter_cfg.c **** 	if (enabled != 0u)
 183              		.loc 1 278 0
 184 0004 0028     		cmp	r0, #0
 185 0006 03D0     		beq	.L5
 279:Generated_Source\PSoC4/cyfitter_cfg.c **** 	{
 280:Generated_Source\PSoC4/cyfitter_cfg.c **** 		regValue |= 0x80000000u;
 186              		.loc 1 280 0
 187 0008 8022     		movs	r2, #128
 188 000a 1206     		lsls	r2, r2, #24
 189 000c 1343     		orrs	r3, r2
 190              	.LVL6:
 191 000e 01E0     		b	.L6
 192              	.L5:
 281:Generated_Source\PSoC4/cyfitter_cfg.c **** 	}
 282:Generated_Source\PSoC4/cyfitter_cfg.c **** 	else
 283:Generated_Source\PSoC4/cyfitter_cfg.c **** 	{
 284:Generated_Source\PSoC4/cyfitter_cfg.c **** 		regValue &= ~0x80000000u;
 193              		.loc 1 284 0
 194 0010 5B00     		lsls	r3, r3, #1
 195              	.LVL7:
 196 0012 5B08     		lsrs	r3, r3, #1
 197              	.LVL8:
 198              	.L6:
 285:Generated_Source\PSoC4/cyfitter_cfg.c **** 	}
 286:Generated_Source\PSoC4/cyfitter_cfg.c **** 	CY_SET_XTND_REG32((void *)(CYREG_SAR_PUMP_CTRL), regValue);
 199              		.loc 1 286 0
 200 0014 014A     		ldr	r2, .L7
 201 0016 1360     		str	r3, [r2]
 287:Generated_Source\PSoC4/cyfitter_cfg.c **** }
 202              		.loc 1 287 0
 203              		@ sp needed
 204 0018 7047     		bx	lr
 205              	.L8:
 206 001a C046     		.align	2
 207              	.L7:
 208 001c 80033A40 		.word	1077543808
 209              		.cfi_endproc
 210              	.LFE6:
 211              		.size	SetAnalogRoutingPumps, .-SetAnalogRoutingPumps
 212              		.section	.text.AnalogSetDefault,"ax",%progbits
 213              		.align	2
 214              		.code	16
 215              		.thumb_func
 216              		.type	AnalogSetDefault, %function
 217              	AnalogSetDefault:
 218              	.LFB5:
 239:Generated_Source\PSoC4/cyfitter_cfg.c **** 	CY_SET_XTND_REG32((void CYFAR *)CYREG_CTB0_CTB_CTRL, 0x80000000u);
 219              		.loc 1 239 0
 220              		.cfi_startproc
 221              		@ args = 0, pretend = 0, frame = 0
 222              		@ frame_needed = 0, uses_anonymous_args = 0
 223 0000 10B5     		push	{r4, lr}
 224              		.cfi_def_cfa_offset 8
 225              		.cfi_offset 4, -8
ARM GAS  C:\Users\TUCKER~1\AppData\Local\Temp\ccYC61oX.s 			page 10


 226              		.cfi_offset 14, -4
 240:Generated_Source\PSoC4/cyfitter_cfg.c **** 	CY_SET_XTND_REG32((void CYFAR *)CYREG_CTB0_OA0_SW, 0x21000008u);
 227              		.loc 1 240 0
 228 0002 8023     		movs	r3, #128
 229 0004 1B06     		lsls	r3, r3, #24
 230 0006 184A     		ldr	r2, .L10
 231 0008 1360     		str	r3, [r2]
 241:Generated_Source\PSoC4/cyfitter_cfg.c **** 	CY_SET_XTND_REG32((void CYFAR *)CYREG_CTB0_OA1_SW, 0x00080080u);
 232              		.loc 1 241 0
 233 000a 1849     		ldr	r1, .L10+4
 234 000c 184A     		ldr	r2, .L10+8
 235 000e 1160     		str	r1, [r2]
 242:Generated_Source\PSoC4/cyfitter_cfg.c **** 	CY_SET_XTND_REG32((void CYFAR *)CYREG_CTB0_CTBBUS_SW, 0x00100000u);
 236              		.loc 1 242 0
 237 0010 1849     		ldr	r1, .L10+12
 238 0012 194A     		ldr	r2, .L10+16
 239 0014 1160     		str	r1, [r2]
 243:Generated_Source\PSoC4/cyfitter_cfg.c **** 	CY_SET_XTND_REG32((void CYFAR *)CYREG_CTB1_CTB_CTRL, 0x80000000u);
 240              		.loc 1 243 0
 241 0016 8021     		movs	r1, #128
 242 0018 4903     		lsls	r1, r1, #13
 243 001a 184A     		ldr	r2, .L10+20
 244 001c 1160     		str	r1, [r2]
 244:Generated_Source\PSoC4/cyfitter_cfg.c **** 	CY_SET_XTND_REG32((void CYFAR *)CYREG_ART_CTRL, 0x80000000u);
 245              		.loc 1 244 0
 246 001e 184A     		ldr	r2, .L10+24
 247 0020 1360     		str	r3, [r2]
 245:Generated_Source\PSoC4/cyfitter_cfg.c **** 	CY_SET_XTND_REG32((void CYFAR *)CYREG_ART_SARMUXVPLUS_SW, 0x01000001u);
 248              		.loc 1 245 0
 249 0022 184A     		ldr	r2, .L10+28
 250 0024 1360     		str	r3, [r2]
 246:Generated_Source\PSoC4/cyfitter_cfg.c **** 	CY_SET_XTND_REG32((void CYFAR *)CYREG_ART_SARMUXVMINUS_SW, 0x02000000u);
 251              		.loc 1 246 0
 252 0026 1849     		ldr	r1, .L10+32
 253 0028 184A     		ldr	r2, .L10+36
 254 002a 1160     		str	r1, [r2]
 247:Generated_Source\PSoC4/cyfitter_cfg.c **** 	CY_SET_XTND_REG32((void CYFAR *)CYREG_ART_CTB0VREF_SW, 0x00020000u);
 255              		.loc 1 247 0
 256 002c 8021     		movs	r1, #128
 257 002e 8904     		lsls	r1, r1, #18
 258 0030 174A     		ldr	r2, .L10+40
 259 0032 1160     		str	r1, [r2]
 248:Generated_Source\PSoC4/cyfitter_cfg.c **** 	CY_SET_XTND_REG32((void CYFAR *)CYREG_SAR_CTRL, 0x80000000u);
 260              		.loc 1 248 0
 261 0034 8021     		movs	r1, #128
 262 0036 8902     		lsls	r1, r1, #10
 263 0038 164A     		ldr	r2, .L10+44
 264 003a 1160     		str	r1, [r2]
 249:Generated_Source\PSoC4/cyfitter_cfg.c **** 	CY_SET_XTND_REG32((void CYFAR *)CYREG_SAR_MUX_SWITCH0, 0x00010000u);
 265              		.loc 1 249 0
 266 003c 164A     		ldr	r2, .L10+48
 267 003e 1360     		str	r3, [r2]
 250:Generated_Source\PSoC4/cyfitter_cfg.c **** 	CY_SET_XTND_REG32((void CYFAR *)CYREG_PASS_PASS_CTRL, 0x00000003u);
 268              		.loc 1 250 0
 269 0040 8022     		movs	r2, #128
 270 0042 5202     		lsls	r2, r2, #9
 271 0044 154B     		ldr	r3, .L10+52
ARM GAS  C:\Users\TUCKER~1\AppData\Local\Temp\ccYC61oX.s 			page 11


 272 0046 1A60     		str	r2, [r3]
 251:Generated_Source\PSoC4/cyfitter_cfg.c **** 	CY_SET_XTND_REG32((void CYFAR *)CYREG_PASS_PRB_CTRL, 0x80000001u);
 273              		.loc 1 251 0
 274 0048 0322     		movs	r2, #3
 275 004a 154B     		ldr	r3, .L10+56
 276 004c 1A60     		str	r2, [r3]
 252:Generated_Source\PSoC4/cyfitter_cfg.c **** 	CY_SET_XTND_REG32((void CYFAR *)CYREG_PASS_PRB_REF0, 0x000000F1u);
 277              		.loc 1 252 0
 278 004e 154A     		ldr	r2, .L10+60
 279 0050 154B     		ldr	r3, .L10+64
 280 0052 1A60     		str	r2, [r3]
 253:Generated_Source\PSoC4/cyfitter_cfg.c **** 	CY_SET_XTND_REG32((void CYFAR *)CYREG_PASS_DSAB_DSAB_CTRL, 0x00000020u);
 281              		.loc 1 253 0
 282 0054 F122     		movs	r2, #241
 283 0056 154B     		ldr	r3, .L10+68
 284 0058 1A60     		str	r2, [r3]
 254:Generated_Source\PSoC4/cyfitter_cfg.c **** 	SetAnalogRoutingPumps(1);
 285              		.loc 1 254 0
 286 005a D13A     		subs	r2, r2, #209
 287 005c 144B     		ldr	r3, .L10+72
 288 005e 1A60     		str	r2, [r3]
 255:Generated_Source\PSoC4/cyfitter_cfg.c **** }
 289              		.loc 1 255 0
 290 0060 0120     		movs	r0, #1
 291 0062 FFF7FEFF 		bl	SetAnalogRoutingPumps
 292              	.LVL9:
 256:Generated_Source\PSoC4/cyfitter_cfg.c **** 
 293              		.loc 1 256 0
 294              		@ sp needed
 295 0066 10BD     		pop	{r4, pc}
 296              	.L11:
 297              		.align	2
 298              	.L10:
 299 0068 00003040 		.word	1076887552
 300 006c 08000021 		.word	553648136
 301 0070 80003040 		.word	1076887680
 302 0074 80000800 		.word	524416
 303 0078 88003040 		.word	1076887688
 304 007c 90003040 		.word	1076887696
 305 0080 00003140 		.word	1076953088
 306 0084 00003840 		.word	1077411840
 307 0088 01000001 		.word	16777217
 308 008c 10003840 		.word	1077411856
 309 0090 18003840 		.word	1077411864
 310 0094 40013840 		.word	1077412160
 311 0098 00003A40 		.word	1077542912
 312 009c 00033A40 		.word	1077543680
 313 00a0 08013F40 		.word	1077870856
 314 00a4 01000080 		.word	-2147483647
 315 00a8 00023F40 		.word	1077871104
 316 00ac 04023F40 		.word	1077871108
 317 00b0 000E3F40 		.word	1077874176
 318              		.cfi_endproc
 319              	.LFE5:
 320              		.size	AnalogSetDefault, .-AnalogSetDefault
 321              		.section	.text.AMux_1_Set,"ax",%progbits
 322              		.align	2
ARM GAS  C:\Users\TUCKER~1\AppData\Local\Temp\ccYC61oX.s 			page 12


 323              		.global	AMux_1_Set
 324              		.code	16
 325              		.thumb_func
 326              		.type	AMux_1_Set, %function
 327              	AMux_1_Set:
 328              	.LFB7:
 288:Generated_Source\PSoC4/cyfitter_cfg.c **** 
 289:Generated_Source\PSoC4/cyfitter_cfg.c **** 
 290:Generated_Source\PSoC4/cyfitter_cfg.c **** #define CY_AMUX_UNUSED CYREG_CM0P_ROM_DWT
 291:Generated_Source\PSoC4/cyfitter_cfg.c **** /*******************************************************************************
 292:Generated_Source\PSoC4/cyfitter_cfg.c **** * Function Name: AMux_1_Set
 293:Generated_Source\PSoC4/cyfitter_cfg.c **** ********************************************************************************
 294:Generated_Source\PSoC4/cyfitter_cfg.c **** * Summary:
 295:Generated_Source\PSoC4/cyfitter_cfg.c **** *  This function is used to set a particular channel as active on the AMux.
 296:Generated_Source\PSoC4/cyfitter_cfg.c **** *
 297:Generated_Source\PSoC4/cyfitter_cfg.c **** * Parameters:  
 298:Generated_Source\PSoC4/cyfitter_cfg.c **** *   channel - The mux channel input to set as active
 299:Generated_Source\PSoC4/cyfitter_cfg.c **** *
 300:Generated_Source\PSoC4/cyfitter_cfg.c **** * Return:
 301:Generated_Source\PSoC4/cyfitter_cfg.c **** *   void
 302:Generated_Source\PSoC4/cyfitter_cfg.c **** *
 303:Generated_Source\PSoC4/cyfitter_cfg.c **** *******************************************************************************/
 304:Generated_Source\PSoC4/cyfitter_cfg.c **** void AMux_1_Set(uint8 channel)
 305:Generated_Source\PSoC4/cyfitter_cfg.c **** {
 329              		.loc 1 305 0
 330              		.cfi_startproc
 331              		@ args = 0, pretend = 0, frame = 0
 332              		@ frame_needed = 0, uses_anonymous_args = 0
 333              		@ link register save eliminated.
 334              	.LVL10:
 306:Generated_Source\PSoC4/cyfitter_cfg.c **** 	switch (channel) {
 335              		.loc 1 306 0
 336 0000 0428     		cmp	r0, #4
 337 0002 16D8     		bhi	.L12
 338 0004 8000     		lsls	r0, r0, #2
 339              	.LVL11:
 340 0006 0B4B     		ldr	r3, .L20
 341 0008 1B58     		ldr	r3, [r3, r0]
 342 000a 9F46     		mov	pc, r3
 343              		.section	.rodata
 344              		.align	2
 345              	.L15:
 346 0000 0C000000 		.word	.L14
 347 0004 14000000 		.word	.L16
 348 0008 1C000000 		.word	.L17
 349 000c 24000000 		.word	.L18
 350 0010 2C000000 		.word	.L19
 351              		.section	.text.AMux_1_Set
 352              	.L14:
 307:Generated_Source\PSoC4/cyfitter_cfg.c **** 		case 0u:
 308:Generated_Source\PSoC4/cyfitter_cfg.c **** 			CY_SET_REG32((void CYXDATA *)CYREG_CTB0_CTBBUS_SW, (0x20u));
 353              		.loc 1 308 0
 354 000c 2022     		movs	r2, #32
 355 000e 0A4B     		ldr	r3, .L20+4
 356 0010 1A60     		str	r2, [r3]
 309:Generated_Source\PSoC4/cyfitter_cfg.c **** 			break;
 357              		.loc 1 309 0
ARM GAS  C:\Users\TUCKER~1\AppData\Local\Temp\ccYC61oX.s 			page 13


 358 0012 0EE0     		b	.L12
 359              	.L16:
 310:Generated_Source\PSoC4/cyfitter_cfg.c **** 		case 1u:
 311:Generated_Source\PSoC4/cyfitter_cfg.c **** 			CY_SET_REG32((void CYXDATA *)CYREG_CTB1_CTBBUS_SW, (0x20u));
 360              		.loc 1 311 0
 361 0014 2022     		movs	r2, #32
 362 0016 094B     		ldr	r3, .L20+8
 363 0018 1A60     		str	r2, [r3]
 312:Generated_Source\PSoC4/cyfitter_cfg.c **** 			break;
 364              		.loc 1 312 0
 365 001a 0AE0     		b	.L12
 366              	.L17:
 313:Generated_Source\PSoC4/cyfitter_cfg.c **** 		case 2u:
 314:Generated_Source\PSoC4/cyfitter_cfg.c **** 			CY_SET_REG32((void CYXDATA *)CYREG_CTB0_CTBBUS_SW, (0x10u));
 367              		.loc 1 314 0
 368 001c 1022     		movs	r2, #16
 369 001e 064B     		ldr	r3, .L20+4
 370 0020 1A60     		str	r2, [r3]
 315:Generated_Source\PSoC4/cyfitter_cfg.c **** 			break;
 371              		.loc 1 315 0
 372 0022 06E0     		b	.L12
 373              	.L18:
 316:Generated_Source\PSoC4/cyfitter_cfg.c **** 		case 3u:
 317:Generated_Source\PSoC4/cyfitter_cfg.c **** 			CY_SET_REG32((void CYXDATA *)CYREG_CTB1_CTBBUS_SW, (0x01u));
 374              		.loc 1 317 0
 375 0024 0122     		movs	r2, #1
 376 0026 054B     		ldr	r3, .L20+8
 377 0028 1A60     		str	r2, [r3]
 318:Generated_Source\PSoC4/cyfitter_cfg.c **** 			break;
 378              		.loc 1 318 0
 379 002a 02E0     		b	.L12
 380              	.L19:
 319:Generated_Source\PSoC4/cyfitter_cfg.c **** 		case 4u:
 320:Generated_Source\PSoC4/cyfitter_cfg.c **** 			CY_SET_REG32((void CYXDATA *)CYREG_CTB0_OA0_SW, (0x04u));
 381              		.loc 1 320 0
 382 002c 0422     		movs	r2, #4
 383 002e 044B     		ldr	r3, .L20+12
 384 0030 1A60     		str	r2, [r3]
 385              	.L12:
 321:Generated_Source\PSoC4/cyfitter_cfg.c **** 			break;
 322:Generated_Source\PSoC4/cyfitter_cfg.c **** 		default:
 323:Generated_Source\PSoC4/cyfitter_cfg.c **** 			break;
 324:Generated_Source\PSoC4/cyfitter_cfg.c **** 	}
 325:Generated_Source\PSoC4/cyfitter_cfg.c **** }
 386              		.loc 1 325 0
 387              		@ sp needed
 388 0032 7047     		bx	lr
 389              	.L21:
 390              		.align	2
 391              	.L20:
 392 0034 00000000 		.word	.L15
 393 0038 90003040 		.word	1076887696
 394 003c 90003140 		.word	1076953232
 395 0040 80003040 		.word	1076887680
 396              		.cfi_endproc
 397              	.LFE7:
 398              		.size	AMux_1_Set, .-AMux_1_Set
ARM GAS  C:\Users\TUCKER~1\AppData\Local\Temp\ccYC61oX.s 			page 14


 399              		.section	.text.AMux_1_Unset,"ax",%progbits
 400              		.align	2
 401              		.global	AMux_1_Unset
 402              		.code	16
 403              		.thumb_func
 404              		.type	AMux_1_Unset, %function
 405              	AMux_1_Unset:
 406              	.LFB8:
 326:Generated_Source\PSoC4/cyfitter_cfg.c **** 
 327:Generated_Source\PSoC4/cyfitter_cfg.c **** /*******************************************************************************
 328:Generated_Source\PSoC4/cyfitter_cfg.c **** * Function Name: AMux_1_Unset
 329:Generated_Source\PSoC4/cyfitter_cfg.c **** ********************************************************************************
 330:Generated_Source\PSoC4/cyfitter_cfg.c **** * Summary:
 331:Generated_Source\PSoC4/cyfitter_cfg.c **** *  This function is used to clear a particular channel from being active on the
 332:Generated_Source\PSoC4/cyfitter_cfg.c **** *  AMux.
 333:Generated_Source\PSoC4/cyfitter_cfg.c **** *
 334:Generated_Source\PSoC4/cyfitter_cfg.c **** * Parameters:  
 335:Generated_Source\PSoC4/cyfitter_cfg.c **** *   channel - The mux channel input to mark inactive
 336:Generated_Source\PSoC4/cyfitter_cfg.c **** *
 337:Generated_Source\PSoC4/cyfitter_cfg.c **** * Return:
 338:Generated_Source\PSoC4/cyfitter_cfg.c **** *   void
 339:Generated_Source\PSoC4/cyfitter_cfg.c **** *
 340:Generated_Source\PSoC4/cyfitter_cfg.c **** *******************************************************************************/
 341:Generated_Source\PSoC4/cyfitter_cfg.c **** void AMux_1_Unset(uint8 channel)
 342:Generated_Source\PSoC4/cyfitter_cfg.c **** {
 407              		.loc 1 342 0
 408              		.cfi_startproc
 409              		@ args = 0, pretend = 0, frame = 0
 410              		@ frame_needed = 0, uses_anonymous_args = 0
 411              		@ link register save eliminated.
 412              	.LVL12:
 343:Generated_Source\PSoC4/cyfitter_cfg.c **** 	switch (channel) {
 413              		.loc 1 343 0
 414 0000 0428     		cmp	r0, #4
 415 0002 16D8     		bhi	.L22
 416 0004 8000     		lsls	r0, r0, #2
 417              	.LVL13:
 418 0006 0B4B     		ldr	r3, .L30
 419 0008 1B58     		ldr	r3, [r3, r0]
 420 000a 9F46     		mov	pc, r3
 421              		.section	.rodata
 422              		.align	2
 423              	.L25:
 424 0014 0C000000 		.word	.L24
 425 0018 14000000 		.word	.L26
 426 001c 1C000000 		.word	.L27
 427 0020 24000000 		.word	.L28
 428 0024 2C000000 		.word	.L29
 429              		.section	.text.AMux_1_Unset
 430              	.L24:
 344:Generated_Source\PSoC4/cyfitter_cfg.c **** 		case 0u:
 345:Generated_Source\PSoC4/cyfitter_cfg.c **** 			CY_SET_REG32((void CYXDATA *)CYREG_CTB0_CTBBUS_SW_CLEAR, (0x20u));
 431              		.loc 1 345 0
 432 000c 2022     		movs	r2, #32
 433 000e 0A4B     		ldr	r3, .L30+4
 434 0010 1A60     		str	r2, [r3]
 346:Generated_Source\PSoC4/cyfitter_cfg.c **** 			break;
ARM GAS  C:\Users\TUCKER~1\AppData\Local\Temp\ccYC61oX.s 			page 15


 435              		.loc 1 346 0
 436 0012 0EE0     		b	.L22
 437              	.L26:
 347:Generated_Source\PSoC4/cyfitter_cfg.c **** 		case 1u:
 348:Generated_Source\PSoC4/cyfitter_cfg.c **** 			CY_SET_REG32((void CYXDATA *)CYREG_CTB1_CTBBUS_SW_CLEAR, (0x20u));
 438              		.loc 1 348 0
 439 0014 2022     		movs	r2, #32
 440 0016 094B     		ldr	r3, .L30+8
 441 0018 1A60     		str	r2, [r3]
 349:Generated_Source\PSoC4/cyfitter_cfg.c **** 			break;
 442              		.loc 1 349 0
 443 001a 0AE0     		b	.L22
 444              	.L27:
 350:Generated_Source\PSoC4/cyfitter_cfg.c **** 		case 2u:
 351:Generated_Source\PSoC4/cyfitter_cfg.c **** 			CY_SET_REG32((void CYXDATA *)CYREG_CTB0_CTBBUS_SW_CLEAR, (0x10u));
 445              		.loc 1 351 0
 446 001c 1022     		movs	r2, #16
 447 001e 064B     		ldr	r3, .L30+4
 448 0020 1A60     		str	r2, [r3]
 352:Generated_Source\PSoC4/cyfitter_cfg.c **** 			break;
 449              		.loc 1 352 0
 450 0022 06E0     		b	.L22
 451              	.L28:
 353:Generated_Source\PSoC4/cyfitter_cfg.c **** 		case 3u:
 354:Generated_Source\PSoC4/cyfitter_cfg.c **** 			CY_SET_REG32((void CYXDATA *)CYREG_CTB1_CTBBUS_SW_CLEAR, (0x01u));
 452              		.loc 1 354 0
 453 0024 0122     		movs	r2, #1
 454 0026 054B     		ldr	r3, .L30+8
 455 0028 1A60     		str	r2, [r3]
 355:Generated_Source\PSoC4/cyfitter_cfg.c **** 			break;
 456              		.loc 1 355 0
 457 002a 02E0     		b	.L22
 458              	.L29:
 356:Generated_Source\PSoC4/cyfitter_cfg.c **** 		case 4u:
 357:Generated_Source\PSoC4/cyfitter_cfg.c **** 			CY_SET_REG32((void CYXDATA *)CYREG_CTB0_OA0_SW_CLEAR, (0x04u));
 459              		.loc 1 357 0
 460 002c 0422     		movs	r2, #4
 461 002e 044B     		ldr	r3, .L30+12
 462 0030 1A60     		str	r2, [r3]
 463              	.L22:
 358:Generated_Source\PSoC4/cyfitter_cfg.c **** 			break;
 359:Generated_Source\PSoC4/cyfitter_cfg.c **** 		default:
 360:Generated_Source\PSoC4/cyfitter_cfg.c **** 			break;
 361:Generated_Source\PSoC4/cyfitter_cfg.c **** 	}
 362:Generated_Source\PSoC4/cyfitter_cfg.c **** }
 464              		.loc 1 362 0
 465              		@ sp needed
 466 0032 7047     		bx	lr
 467              	.L31:
 468              		.align	2
 469              	.L30:
 470 0034 14000000 		.word	.L25
 471 0038 94003040 		.word	1076887700
 472 003c 94003140 		.word	1076953236
 473 0040 84003040 		.word	1076887684
 474              		.cfi_endproc
 475              	.LFE8:
ARM GAS  C:\Users\TUCKER~1\AppData\Local\Temp\ccYC61oX.s 			page 16


 476              		.size	AMux_1_Unset, .-AMux_1_Unset
 477              		.section	.psocinit
 478              		.align	2
 479              		.global	cyfitter_cfg
 480              		.code	16
 481              		.thumb_func
 482              		.type	cyfitter_cfg, %function
 483              	cyfitter_cfg:
 484              	.LFB9:
 363:Generated_Source\PSoC4/cyfitter_cfg.c **** 
 364:Generated_Source\PSoC4/cyfitter_cfg.c **** 
 365:Generated_Source\PSoC4/cyfitter_cfg.c **** 
 366:Generated_Source\PSoC4/cyfitter_cfg.c **** /*******************************************************************************
 367:Generated_Source\PSoC4/cyfitter_cfg.c **** * Function Name: cyfitter_cfg
 368:Generated_Source\PSoC4/cyfitter_cfg.c **** ********************************************************************************
 369:Generated_Source\PSoC4/cyfitter_cfg.c **** * Summary:
 370:Generated_Source\PSoC4/cyfitter_cfg.c **** *  This function is called by the start-up code for the selected device. It
 371:Generated_Source\PSoC4/cyfitter_cfg.c **** *  performs all of the necessary device configuration based on the design
 372:Generated_Source\PSoC4/cyfitter_cfg.c **** *  settings.  This includes settings from the Design Wide Resources (DWR) such
 373:Generated_Source\PSoC4/cyfitter_cfg.c **** *  as Clocks and Pins as well as any component configuration that is necessary.
 374:Generated_Source\PSoC4/cyfitter_cfg.c **** *
 375:Generated_Source\PSoC4/cyfitter_cfg.c **** * Parameters:
 376:Generated_Source\PSoC4/cyfitter_cfg.c **** *   void
 377:Generated_Source\PSoC4/cyfitter_cfg.c **** *
 378:Generated_Source\PSoC4/cyfitter_cfg.c **** * Return:
 379:Generated_Source\PSoC4/cyfitter_cfg.c **** *   void
 380:Generated_Source\PSoC4/cyfitter_cfg.c **** *
 381:Generated_Source\PSoC4/cyfitter_cfg.c **** *******************************************************************************/
 382:Generated_Source\PSoC4/cyfitter_cfg.c **** CY_CFG_SECTION
 383:Generated_Source\PSoC4/cyfitter_cfg.c **** void cyfitter_cfg(void)
 384:Generated_Source\PSoC4/cyfitter_cfg.c **** {
 485              		.loc 1 384 0
 486              		.cfi_startproc
 487              		@ args = 0, pretend = 0, frame = 0
 488              		@ frame_needed = 0, uses_anonymous_args = 0
 489 00f4 10B5     		push	{r4, lr}
 490              		.cfi_def_cfa_offset 8
 491              		.cfi_offset 4, -8
 492              		.cfi_offset 14, -4
 385:Generated_Source\PSoC4/cyfitter_cfg.c **** 	/* Disable interrupts by default. Let user enable if/when they want. */
 386:Generated_Source\PSoC4/cyfitter_cfg.c **** 	CyGlobalIntDisable;
 493              		.loc 1 386 0
 494              		.syntax divided
 495              	@ 386 "Generated_Source\PSoC4\cyfitter_cfg.c" 1
 496 00f6 72B6     		CPSID   i
 497              	@ 0 "" 2
 387:Generated_Source\PSoC4/cyfitter_cfg.c **** 
 388:Generated_Source\PSoC4/cyfitter_cfg.c **** 	{
 389:Generated_Source\PSoC4/cyfitter_cfg.c **** 		/* HSIOM Starting address: CYDEV_HSIOM_BASE */
 390:Generated_Source\PSoC4/cyfitter_cfg.c **** 		CY_SET_REG32((void *)(CYDEV_HSIOM_BASE), 0x009900EEu);
 498              		.loc 1 390 0
 499              		.thumb
 500              		.syntax unified
 501 00f8 124A     		ldr	r2, .L33
 502 00fa 134B     		ldr	r3, .L33+4
 503 00fc 1A60     		str	r2, [r3]
 391:Generated_Source\PSoC4/cyfitter_cfg.c **** 		CY_SET_REG32((void *)(CYREG_HSIOM_PORT_SEL3), 0xEE000000u);
ARM GAS  C:\Users\TUCKER~1\AppData\Local\Temp\ccYC61oX.s 			page 17


 504              		.loc 1 391 0
 505 00fe EE22     		movs	r2, #238
 506 0100 1206     		lsls	r2, r2, #24
 507 0102 124B     		ldr	r3, .L33+8
 508 0104 1A60     		str	r2, [r3]
 392:Generated_Source\PSoC4/cyfitter_cfg.c **** 
 393:Generated_Source\PSoC4/cyfitter_cfg.c **** 		/* PASS_SAR_TRIG_SEL Starting address: CYDEV_PASS_SAR_TRIG_SEL */
 394:Generated_Source\PSoC4/cyfitter_cfg.c **** 		CY_SET_REG32((void *)(CYREG_PASS_SAR_TRIG_SEL), 0x00000000u);
 509              		.loc 1 394 0
 510 0106 0022     		movs	r2, #0
 511 0108 114B     		ldr	r3, .L33+12
 512 010a 1A60     		str	r2, [r3]
 395:Generated_Source\PSoC4/cyfitter_cfg.c **** 
 396:Generated_Source\PSoC4/cyfitter_cfg.c **** 	}
 397:Generated_Source\PSoC4/cyfitter_cfg.c **** 
 398:Generated_Source\PSoC4/cyfitter_cfg.c **** 	/* Perform second pass device configuration. These items must be configured in specific order afte
 399:Generated_Source\PSoC4/cyfitter_cfg.c **** 	/* IOPINS0_0 Starting address: CYDEV_GPIO_PRT0_BASE */
 400:Generated_Source\PSoC4/cyfitter_cfg.c **** 	CY_SET_REG32((void *)(CYDEV_GPIO_PRT0_BASE), 0x00000020u);
 513              		.loc 1 400 0
 514 010c 2032     		adds	r2, r2, #32
 515 010e 114B     		ldr	r3, .L33+16
 516 0110 1A60     		str	r2, [r3]
 401:Generated_Source\PSoC4/cyfitter_cfg.c **** 	CY_SET_REG32((void *)(CYREG_GPIO_PRT0_PC), 0x00031DB6u);
 517              		.loc 1 401 0
 518 0112 114A     		ldr	r2, .L33+20
 519 0114 114B     		ldr	r3, .L33+24
 520 0116 1A60     		str	r2, [r3]
 402:Generated_Source\PSoC4/cyfitter_cfg.c **** 
 403:Generated_Source\PSoC4/cyfitter_cfg.c **** 	/* IOPINS0_1 Starting address: CYDEV_GPIO_PRT1_BASE */
 404:Generated_Source\PSoC4/cyfitter_cfg.c **** 	CY_SET_REG32((void *)(CYDEV_GPIO_PRT1_BASE), 0x00000021u);
 521              		.loc 1 404 0
 522 0118 2123     		movs	r3, #33
 523 011a 114A     		ldr	r2, .L33+28
 524 011c 1360     		str	r3, [r2]
 405:Generated_Source\PSoC4/cyfitter_cfg.c **** 	CY_SET_REG32((void *)(CYREG_GPIO_PRT1_PC2), 0x00000021u);
 525              		.loc 1 405 0
 526 011e 114A     		ldr	r2, .L33+32
 527 0120 1360     		str	r3, [r2]
 406:Generated_Source\PSoC4/cyfitter_cfg.c **** 
 407:Generated_Source\PSoC4/cyfitter_cfg.c **** 	/* IOPINS0_2 Starting address: CYDEV_GPIO_PRT2_BASE */
 408:Generated_Source\PSoC4/cyfitter_cfg.c **** 	CY_SET_REG32((void *)(CYDEV_GPIO_PRT2_BASE), 0x000000BBu);
 528              		.loc 1 408 0
 529 0122 9A33     		adds	r3, r3, #154
 530 0124 104A     		ldr	r2, .L33+36
 531 0126 1360     		str	r3, [r2]
 409:Generated_Source\PSoC4/cyfitter_cfg.c **** 	CY_SET_REG32((void *)(CYREG_GPIO_PRT2_PC2), 0x000000BBu);
 532              		.loc 1 409 0
 533 0128 104A     		ldr	r2, .L33+40
 534 012a 1360     		str	r3, [r2]
 410:Generated_Source\PSoC4/cyfitter_cfg.c **** 
 411:Generated_Source\PSoC4/cyfitter_cfg.c **** 	/* IOPINS0_3 Starting address: CYDEV_GPIO_PRT3_BASE */
 412:Generated_Source\PSoC4/cyfitter_cfg.c **** 	CY_SET_REG32((void *)(CYDEV_GPIO_PRT3_BASE), 0x000000C0u);
 535              		.loc 1 412 0
 536 012c C022     		movs	r2, #192
 537 012e 104B     		ldr	r3, .L33+44
 538 0130 1A60     		str	r2, [r3]
 413:Generated_Source\PSoC4/cyfitter_cfg.c **** 	CY_SET_REG32((void *)(CYREG_GPIO_PRT3_PC), 0x00900000u);
ARM GAS  C:\Users\TUCKER~1\AppData\Local\Temp\ccYC61oX.s 			page 18


 539              		.loc 1 413 0
 540 0132 9022     		movs	r2, #144
 541 0134 1204     		lsls	r2, r2, #16
 542 0136 0F4B     		ldr	r3, .L33+48
 543 0138 1A60     		str	r2, [r3]
 414:Generated_Source\PSoC4/cyfitter_cfg.c **** 
 415:Generated_Source\PSoC4/cyfitter_cfg.c **** 
 416:Generated_Source\PSoC4/cyfitter_cfg.c **** 	/* Setup clocks based on selections from Clock DWR */
 417:Generated_Source\PSoC4/cyfitter_cfg.c **** 	ClockSetup();
 544              		.loc 1 417 0
 545 013a FFF761FF 		bl	ClockSetup
 546              	.LVL14:
 418:Generated_Source\PSoC4/cyfitter_cfg.c **** 
 419:Generated_Source\PSoC4/cyfitter_cfg.c **** 	/* Perform basic analog initialization to defaults */
 420:Generated_Source\PSoC4/cyfitter_cfg.c **** 	AnalogSetDefault();
 547              		.loc 1 420 0
 548 013e FFF7FEFF 		bl	AnalogSetDefault
 549              	.LVL15:
 421:Generated_Source\PSoC4/cyfitter_cfg.c **** 
 422:Generated_Source\PSoC4/cyfitter_cfg.c **** }
 550              		.loc 1 422 0
 551              		@ sp needed
 552 0142 10BD     		pop	{r4, pc}
 553              	.L34:
 554              		.align	2
 555              	.L33:
 556 0144 EE009900 		.word	10027246
 557 0148 00000240 		.word	1073872896
 558 014c 00030240 		.word	1073873664
 559 0150 04013F40 		.word	1077870852
 560 0154 00000440 		.word	1074003968
 561 0158 B61D0300 		.word	204214
 562 015c 08000440 		.word	1074003976
 563 0160 00010440 		.word	1074004224
 564 0164 18010440 		.word	1074004248
 565 0168 00020440 		.word	1074004480
 566 016c 18020440 		.word	1074004504
 567 0170 00030440 		.word	1074004736
 568 0174 08030440 		.word	1074004744
 569              		.cfi_endproc
 570              	.LFE9:
 571              		.size	cyfitter_cfg, .-cyfitter_cfg
 572              		.text
 573              	.Letext0:
 574              		.file 2 "Generated_Source\\PSoC4\\cytypes.h"
 575              		.file 3 "Generated_Source\\PSoC4\\CyLib.h"
 576              		.file 4 "Generated_Source\\PSoC4\\CyLFClk.h"
 577              		.section	.debug_info,"",%progbits
 578              	.Ldebug_info0:
 579 0000 0F020000 		.4byte	0x20f
 580 0004 0400     		.2byte	0x4
 581 0006 00000000 		.4byte	.Ldebug_abbrev0
 582 000a 04       		.byte	0x4
 583 000b 01       		.uleb128 0x1
 584 000c C1010000 		.4byte	.LASF29
 585 0010 0C       		.byte	0xc
 586 0011 5F020000 		.4byte	.LASF30
ARM GAS  C:\Users\TUCKER~1\AppData\Local\Temp\ccYC61oX.s 			page 19


 587 0015 52000000 		.4byte	.LASF31
 588 0019 00000000 		.4byte	.Ldebug_ranges0+0
 589 001d 00000000 		.4byte	0
 590 0021 00000000 		.4byte	.Ldebug_line0
 591 0025 02       		.uleb128 0x2
 592 0026 04       		.byte	0x4
 593 0027 05       		.byte	0x5
 594 0028 696E7400 		.ascii	"int\000"
 595 002c 03       		.uleb128 0x3
 596 002d 04       		.byte	0x4
 597 002e 07       		.byte	0x7
 598 002f 3A010000 		.4byte	.LASF0
 599 0033 03       		.uleb128 0x3
 600 0034 08       		.byte	0x8
 601 0035 05       		.byte	0x5
 602 0036 67010000 		.4byte	.LASF1
 603 003a 03       		.uleb128 0x3
 604 003b 08       		.byte	0x8
 605 003c 04       		.byte	0x4
 606 003d B5010000 		.4byte	.LASF2
 607 0041 03       		.uleb128 0x3
 608 0042 01       		.byte	0x1
 609 0043 06       		.byte	0x6
 610 0044 53020000 		.4byte	.LASF3
 611 0048 03       		.uleb128 0x3
 612 0049 01       		.byte	0x1
 613 004a 08       		.byte	0x8
 614 004b D7000000 		.4byte	.LASF4
 615 004f 03       		.uleb128 0x3
 616 0050 02       		.byte	0x2
 617 0051 05       		.byte	0x5
 618 0052 82010000 		.4byte	.LASF5
 619 0056 03       		.uleb128 0x3
 620 0057 02       		.byte	0x2
 621 0058 07       		.byte	0x7
 622 0059 BE000000 		.4byte	.LASF6
 623 005d 03       		.uleb128 0x3
 624 005e 04       		.byte	0x4
 625 005f 05       		.byte	0x5
 626 0060 AC010000 		.4byte	.LASF7
 627 0064 03       		.uleb128 0x3
 628 0065 04       		.byte	0x4
 629 0066 07       		.byte	0x7
 630 0067 E5000000 		.4byte	.LASF8
 631 006b 03       		.uleb128 0x3
 632 006c 08       		.byte	0x8
 633 006d 07       		.byte	0x7
 634 006e 47010000 		.4byte	.LASF9
 635 0072 03       		.uleb128 0x3
 636 0073 04       		.byte	0x4
 637 0074 07       		.byte	0x7
 638 0075 5E010000 		.4byte	.LASF10
 639 0079 03       		.uleb128 0x3
 640 007a 01       		.byte	0x1
 641 007b 08       		.byte	0x8
 642 007c 75010000 		.4byte	.LASF11
 643 0080 04       		.uleb128 0x4
ARM GAS  C:\Users\TUCKER~1\AppData\Local\Temp\ccYC61oX.s 			page 20


 644 0081 F7000000 		.4byte	.LASF12
 645 0085 02       		.byte	0x2
 646 0086 FC01     		.2byte	0x1fc
 647 0088 48000000 		.4byte	0x48
 648 008c 04       		.uleb128 0x4
 649 008d 33010000 		.4byte	.LASF13
 650 0091 02       		.byte	0x2
 651 0092 FE01     		.2byte	0x1fe
 652 0094 64000000 		.4byte	0x64
 653 0098 03       		.uleb128 0x3
 654 0099 04       		.byte	0x4
 655 009a 04       		.byte	0x4
 656 009b D1000000 		.4byte	.LASF14
 657 009f 03       		.uleb128 0x3
 658 00a0 08       		.byte	0x8
 659 00a1 04       		.byte	0x4
 660 00a2 20010000 		.4byte	.LASF15
 661 00a6 04       		.uleb128 0x4
 662 00a7 00000000 		.4byte	.LASF16
 663 00ab 02       		.byte	0x2
 664 00ac A802     		.2byte	0x2a8
 665 00ae B2000000 		.4byte	0xb2
 666 00b2 05       		.uleb128 0x5
 667 00b3 8C000000 		.4byte	0x8c
 668 00b7 06       		.uleb128 0x6
 669 00b8 B3000000 		.4byte	.LASF17
 670 00bc 01       		.byte	0x1
 671 00bd AA       		.byte	0xaa
 672 00be 00000000 		.4byte	.LFB4
 673 00c2 F4000000 		.4byte	.LFE4-.LFB4
 674 00c6 01       		.uleb128 0x1
 675 00c7 9C       		.byte	0x9c
 676 00c8 15010000 		.4byte	0x115
 677 00cc 07       		.uleb128 0x7
 678 00cd 0E000000 		.4byte	.LVL0
 679 00d1 E6010000 		.4byte	0x1e6
 680 00d5 DF000000 		.4byte	0xdf
 681 00d9 08       		.uleb128 0x8
 682 00da 01       		.uleb128 0x1
 683 00db 50       		.byte	0x50
 684 00dc 01       		.uleb128 0x1
 685 00dd 48       		.byte	0x48
 686 00de 00       		.byte	0
 687 00df 07       		.uleb128 0x7
 688 00e0 7E000000 		.4byte	.LVL1
 689 00e4 F1010000 		.4byte	0x1f1
 690 00e8 F2000000 		.4byte	0xf2
 691 00ec 08       		.uleb128 0x8
 692 00ed 01       		.uleb128 0x1
 693 00ee 50       		.byte	0x50
 694 00ef 01       		.uleb128 0x1
 695 00f0 3B       		.byte	0x3b
 696 00f1 00       		.byte	0
 697 00f2 07       		.uleb128 0x7
 698 00f3 84000000 		.4byte	.LVL2
 699 00f7 FC010000 		.4byte	0x1fc
 700 00fb 05010000 		.4byte	0x105
ARM GAS  C:\Users\TUCKER~1\AppData\Local\Temp\ccYC61oX.s 			page 21


 701 00ff 08       		.uleb128 0x8
 702 0100 01       		.uleb128 0x1
 703 0101 50       		.byte	0x50
 704 0102 01       		.uleb128 0x1
 705 0103 3B       		.byte	0x3b
 706 0104 00       		.byte	0
 707 0105 09       		.uleb128 0x9
 708 0106 90000000 		.4byte	.LVL3
 709 010a 07020000 		.4byte	0x207
 710 010e 08       		.uleb128 0x8
 711 010f 01       		.uleb128 0x1
 712 0110 50       		.byte	0x50
 713 0111 01       		.uleb128 0x1
 714 0112 30       		.byte	0x30
 715 0113 00       		.byte	0
 716 0114 00       		.byte	0
 717 0115 0A       		.uleb128 0xa
 718 0116 0A010000 		.4byte	.LASF19
 719 011a 01       		.byte	0x1
 720 011b 1301     		.2byte	0x113
 721 011d 00000000 		.4byte	.LFB6
 722 0121 20000000 		.4byte	.LFE6-.LFB6
 723 0125 01       		.uleb128 0x1
 724 0126 9C       		.byte	0x9c
 725 0127 4A010000 		.4byte	0x14a
 726 012b 0B       		.uleb128 0xb
 727 012c 7A010000 		.4byte	.LASF21
 728 0130 01       		.byte	0x1
 729 0131 1301     		.2byte	0x113
 730 0133 80000000 		.4byte	0x80
 731 0137 01       		.uleb128 0x1
 732 0138 50       		.byte	0x50
 733 0139 0C       		.uleb128 0xc
 734 013a 85020000 		.4byte	.LASF32
 735 013e 01       		.byte	0x1
 736 013f 1501     		.2byte	0x115
 737 0141 8C000000 		.4byte	0x8c
 738 0145 00000000 		.4byte	.LLST0
 739 0149 00       		.byte	0
 740 014a 06       		.uleb128 0x6
 741 014b 0E000000 		.4byte	.LASF18
 742 014f 01       		.byte	0x1
 743 0150 EE       		.byte	0xee
 744 0151 00000000 		.4byte	.LFB5
 745 0155 B4000000 		.4byte	.LFE5-.LFB5
 746 0159 01       		.uleb128 0x1
 747 015a 9C       		.byte	0x9c
 748 015b 6F010000 		.4byte	0x16f
 749 015f 09       		.uleb128 0x9
 750 0160 66000000 		.4byte	.LVL9
 751 0164 15010000 		.4byte	0x115
 752 0168 08       		.uleb128 0x8
 753 0169 01       		.uleb128 0x1
 754 016a 50       		.byte	0x50
 755 016b 01       		.uleb128 0x1
 756 016c 31       		.byte	0x31
 757 016d 00       		.byte	0
ARM GAS  C:\Users\TUCKER~1\AppData\Local\Temp\ccYC61oX.s 			page 22


 758 016e 00       		.byte	0
 759 016f 0A       		.uleb128 0xa
 760 0170 A1010000 		.4byte	.LASF20
 761 0174 01       		.byte	0x1
 762 0175 3001     		.2byte	0x130
 763 0177 00000000 		.4byte	.LFB7
 764 017b 44000000 		.4byte	.LFE7-.LFB7
 765 017f 01       		.uleb128 0x1
 766 0180 9C       		.byte	0x9c
 767 0181 96010000 		.4byte	0x196
 768 0185 0D       		.uleb128 0xd
 769 0186 06000000 		.4byte	.LASF22
 770 018a 01       		.byte	0x1
 771 018b 3001     		.2byte	0x130
 772 018d 80000000 		.4byte	0x80
 773 0191 1E000000 		.4byte	.LLST1
 774 0195 00       		.byte	0
 775 0196 0A       		.uleb128 0xa
 776 0197 36000000 		.4byte	.LASF23
 777 019b 01       		.byte	0x1
 778 019c 5501     		.2byte	0x155
 779 019e 00000000 		.4byte	.LFB8
 780 01a2 44000000 		.4byte	.LFE8-.LFB8
 781 01a6 01       		.uleb128 0x1
 782 01a7 9C       		.byte	0x9c
 783 01a8 BD010000 		.4byte	0x1bd
 784 01ac 0D       		.uleb128 0xd
 785 01ad 06000000 		.4byte	.LASF22
 786 01b1 01       		.byte	0x1
 787 01b2 5501     		.2byte	0x155
 788 01b4 80000000 		.4byte	0x80
 789 01b8 3F000000 		.4byte	.LLST2
 790 01bc 00       		.byte	0
 791 01bd 0A       		.uleb128 0xa
 792 01be FD000000 		.4byte	.LASF24
 793 01c2 01       		.byte	0x1
 794 01c3 7F01     		.2byte	0x17f
 795 01c5 F4000000 		.4byte	.LFB9
 796 01c9 84000000 		.4byte	.LFE9-.LFB9
 797 01cd 01       		.uleb128 0x1
 798 01ce 9C       		.byte	0x9c
 799 01cf E6010000 		.4byte	0x1e6
 800 01d3 0E       		.uleb128 0xe
 801 01d4 3E010000 		.4byte	.LVL14
 802 01d8 B7000000 		.4byte	0xb7
 803 01dc 0E       		.uleb128 0xe
 804 01dd 42010000 		.4byte	.LVL15
 805 01e1 4A010000 		.4byte	0x14a
 806 01e5 00       		.byte	0
 807 01e6 0F       		.uleb128 0xf
 808 01e7 8C010000 		.4byte	.LASF25
 809 01eb 8C010000 		.4byte	.LASF25
 810 01ef 03       		.byte	0x3
 811 01f0 6C       		.byte	0x6c
 812 01f1 0F       		.uleb128 0xf
 813 01f2 43000000 		.4byte	.LASF26
 814 01f6 43000000 		.4byte	.LASF26
ARM GAS  C:\Users\TUCKER~1\AppData\Local\Temp\ccYC61oX.s 			page 23


 815 01fa 03       		.byte	0x3
 816 01fb D0       		.byte	0xd0
 817 01fc 0F       		.uleb128 0xf
 818 01fd 27010000 		.4byte	.LASF27
 819 0201 27010000 		.4byte	.LASF27
 820 0205 03       		.byte	0x3
 821 0206 D6       		.byte	0xd6
 822 0207 0F       		.uleb128 0xf
 823 0208 1F000000 		.4byte	.LASF28
 824 020c 1F000000 		.4byte	.LASF28
 825 0210 04       		.byte	0x4
 826 0211 9F       		.byte	0x9f
 827 0212 00       		.byte	0
 828              		.section	.debug_abbrev,"",%progbits
 829              	.Ldebug_abbrev0:
 830 0000 01       		.uleb128 0x1
 831 0001 11       		.uleb128 0x11
 832 0002 01       		.byte	0x1
 833 0003 25       		.uleb128 0x25
 834 0004 0E       		.uleb128 0xe
 835 0005 13       		.uleb128 0x13
 836 0006 0B       		.uleb128 0xb
 837 0007 03       		.uleb128 0x3
 838 0008 0E       		.uleb128 0xe
 839 0009 1B       		.uleb128 0x1b
 840 000a 0E       		.uleb128 0xe
 841 000b 55       		.uleb128 0x55
 842 000c 17       		.uleb128 0x17
 843 000d 11       		.uleb128 0x11
 844 000e 01       		.uleb128 0x1
 845 000f 10       		.uleb128 0x10
 846 0010 17       		.uleb128 0x17
 847 0011 00       		.byte	0
 848 0012 00       		.byte	0
 849 0013 02       		.uleb128 0x2
 850 0014 24       		.uleb128 0x24
 851 0015 00       		.byte	0
 852 0016 0B       		.uleb128 0xb
 853 0017 0B       		.uleb128 0xb
 854 0018 3E       		.uleb128 0x3e
 855 0019 0B       		.uleb128 0xb
 856 001a 03       		.uleb128 0x3
 857 001b 08       		.uleb128 0x8
 858 001c 00       		.byte	0
 859 001d 00       		.byte	0
 860 001e 03       		.uleb128 0x3
 861 001f 24       		.uleb128 0x24
 862 0020 00       		.byte	0
 863 0021 0B       		.uleb128 0xb
 864 0022 0B       		.uleb128 0xb
 865 0023 3E       		.uleb128 0x3e
 866 0024 0B       		.uleb128 0xb
 867 0025 03       		.uleb128 0x3
 868 0026 0E       		.uleb128 0xe
 869 0027 00       		.byte	0
 870 0028 00       		.byte	0
 871 0029 04       		.uleb128 0x4
ARM GAS  C:\Users\TUCKER~1\AppData\Local\Temp\ccYC61oX.s 			page 24


 872 002a 16       		.uleb128 0x16
 873 002b 00       		.byte	0
 874 002c 03       		.uleb128 0x3
 875 002d 0E       		.uleb128 0xe
 876 002e 3A       		.uleb128 0x3a
 877 002f 0B       		.uleb128 0xb
 878 0030 3B       		.uleb128 0x3b
 879 0031 05       		.uleb128 0x5
 880 0032 49       		.uleb128 0x49
 881 0033 13       		.uleb128 0x13
 882 0034 00       		.byte	0
 883 0035 00       		.byte	0
 884 0036 05       		.uleb128 0x5
 885 0037 35       		.uleb128 0x35
 886 0038 00       		.byte	0
 887 0039 49       		.uleb128 0x49
 888 003a 13       		.uleb128 0x13
 889 003b 00       		.byte	0
 890 003c 00       		.byte	0
 891 003d 06       		.uleb128 0x6
 892 003e 2E       		.uleb128 0x2e
 893 003f 01       		.byte	0x1
 894 0040 03       		.uleb128 0x3
 895 0041 0E       		.uleb128 0xe
 896 0042 3A       		.uleb128 0x3a
 897 0043 0B       		.uleb128 0xb
 898 0044 3B       		.uleb128 0x3b
 899 0045 0B       		.uleb128 0xb
 900 0046 27       		.uleb128 0x27
 901 0047 19       		.uleb128 0x19
 902 0048 11       		.uleb128 0x11
 903 0049 01       		.uleb128 0x1
 904 004a 12       		.uleb128 0x12
 905 004b 06       		.uleb128 0x6
 906 004c 40       		.uleb128 0x40
 907 004d 18       		.uleb128 0x18
 908 004e 9742     		.uleb128 0x2117
 909 0050 19       		.uleb128 0x19
 910 0051 01       		.uleb128 0x1
 911 0052 13       		.uleb128 0x13
 912 0053 00       		.byte	0
 913 0054 00       		.byte	0
 914 0055 07       		.uleb128 0x7
 915 0056 898201   		.uleb128 0x4109
 916 0059 01       		.byte	0x1
 917 005a 11       		.uleb128 0x11
 918 005b 01       		.uleb128 0x1
 919 005c 31       		.uleb128 0x31
 920 005d 13       		.uleb128 0x13
 921 005e 01       		.uleb128 0x1
 922 005f 13       		.uleb128 0x13
 923 0060 00       		.byte	0
 924 0061 00       		.byte	0
 925 0062 08       		.uleb128 0x8
 926 0063 8A8201   		.uleb128 0x410a
 927 0066 00       		.byte	0
 928 0067 02       		.uleb128 0x2
ARM GAS  C:\Users\TUCKER~1\AppData\Local\Temp\ccYC61oX.s 			page 25


 929 0068 18       		.uleb128 0x18
 930 0069 9142     		.uleb128 0x2111
 931 006b 18       		.uleb128 0x18
 932 006c 00       		.byte	0
 933 006d 00       		.byte	0
 934 006e 09       		.uleb128 0x9
 935 006f 898201   		.uleb128 0x4109
 936 0072 01       		.byte	0x1
 937 0073 11       		.uleb128 0x11
 938 0074 01       		.uleb128 0x1
 939 0075 31       		.uleb128 0x31
 940 0076 13       		.uleb128 0x13
 941 0077 00       		.byte	0
 942 0078 00       		.byte	0
 943 0079 0A       		.uleb128 0xa
 944 007a 2E       		.uleb128 0x2e
 945 007b 01       		.byte	0x1
 946 007c 3F       		.uleb128 0x3f
 947 007d 19       		.uleb128 0x19
 948 007e 03       		.uleb128 0x3
 949 007f 0E       		.uleb128 0xe
 950 0080 3A       		.uleb128 0x3a
 951 0081 0B       		.uleb128 0xb
 952 0082 3B       		.uleb128 0x3b
 953 0083 05       		.uleb128 0x5
 954 0084 27       		.uleb128 0x27
 955 0085 19       		.uleb128 0x19
 956 0086 11       		.uleb128 0x11
 957 0087 01       		.uleb128 0x1
 958 0088 12       		.uleb128 0x12
 959 0089 06       		.uleb128 0x6
 960 008a 40       		.uleb128 0x40
 961 008b 18       		.uleb128 0x18
 962 008c 9742     		.uleb128 0x2117
 963 008e 19       		.uleb128 0x19
 964 008f 01       		.uleb128 0x1
 965 0090 13       		.uleb128 0x13
 966 0091 00       		.byte	0
 967 0092 00       		.byte	0
 968 0093 0B       		.uleb128 0xb
 969 0094 05       		.uleb128 0x5
 970 0095 00       		.byte	0
 971 0096 03       		.uleb128 0x3
 972 0097 0E       		.uleb128 0xe
 973 0098 3A       		.uleb128 0x3a
 974 0099 0B       		.uleb128 0xb
 975 009a 3B       		.uleb128 0x3b
 976 009b 05       		.uleb128 0x5
 977 009c 49       		.uleb128 0x49
 978 009d 13       		.uleb128 0x13
 979 009e 02       		.uleb128 0x2
 980 009f 18       		.uleb128 0x18
 981 00a0 00       		.byte	0
 982 00a1 00       		.byte	0
 983 00a2 0C       		.uleb128 0xc
 984 00a3 34       		.uleb128 0x34
 985 00a4 00       		.byte	0
ARM GAS  C:\Users\TUCKER~1\AppData\Local\Temp\ccYC61oX.s 			page 26


 986 00a5 03       		.uleb128 0x3
 987 00a6 0E       		.uleb128 0xe
 988 00a7 3A       		.uleb128 0x3a
 989 00a8 0B       		.uleb128 0xb
 990 00a9 3B       		.uleb128 0x3b
 991 00aa 05       		.uleb128 0x5
 992 00ab 49       		.uleb128 0x49
 993 00ac 13       		.uleb128 0x13
 994 00ad 02       		.uleb128 0x2
 995 00ae 17       		.uleb128 0x17
 996 00af 00       		.byte	0
 997 00b0 00       		.byte	0
 998 00b1 0D       		.uleb128 0xd
 999 00b2 05       		.uleb128 0x5
 1000 00b3 00       		.byte	0
 1001 00b4 03       		.uleb128 0x3
 1002 00b5 0E       		.uleb128 0xe
 1003 00b6 3A       		.uleb128 0x3a
 1004 00b7 0B       		.uleb128 0xb
 1005 00b8 3B       		.uleb128 0x3b
 1006 00b9 05       		.uleb128 0x5
 1007 00ba 49       		.uleb128 0x49
 1008 00bb 13       		.uleb128 0x13
 1009 00bc 02       		.uleb128 0x2
 1010 00bd 17       		.uleb128 0x17
 1011 00be 00       		.byte	0
 1012 00bf 00       		.byte	0
 1013 00c0 0E       		.uleb128 0xe
 1014 00c1 898201   		.uleb128 0x4109
 1015 00c4 00       		.byte	0
 1016 00c5 11       		.uleb128 0x11
 1017 00c6 01       		.uleb128 0x1
 1018 00c7 31       		.uleb128 0x31
 1019 00c8 13       		.uleb128 0x13
 1020 00c9 00       		.byte	0
 1021 00ca 00       		.byte	0
 1022 00cb 0F       		.uleb128 0xf
 1023 00cc 2E       		.uleb128 0x2e
 1024 00cd 00       		.byte	0
 1025 00ce 3F       		.uleb128 0x3f
 1026 00cf 19       		.uleb128 0x19
 1027 00d0 3C       		.uleb128 0x3c
 1028 00d1 19       		.uleb128 0x19
 1029 00d2 6E       		.uleb128 0x6e
 1030 00d3 0E       		.uleb128 0xe
 1031 00d4 03       		.uleb128 0x3
 1032 00d5 0E       		.uleb128 0xe
 1033 00d6 3A       		.uleb128 0x3a
 1034 00d7 0B       		.uleb128 0xb
 1035 00d8 3B       		.uleb128 0x3b
 1036 00d9 0B       		.uleb128 0xb
 1037 00da 00       		.byte	0
 1038 00db 00       		.byte	0
 1039 00dc 00       		.byte	0
 1040              		.section	.debug_loc,"",%progbits
 1041              	.Ldebug_loc0:
 1042              	.LLST0:
ARM GAS  C:\Users\TUCKER~1\AppData\Local\Temp\ccYC61oX.s 			page 27


 1043 0000 04000000 		.4byte	.LVL5
 1044 0004 12000000 		.4byte	.LVL7
 1045 0008 0100     		.2byte	0x1
 1046 000a 53       		.byte	0x53
 1047 000b 14000000 		.4byte	.LVL8
 1048 000f 20000000 		.4byte	.LFE6
 1049 0013 0100     		.2byte	0x1
 1050 0015 53       		.byte	0x53
 1051 0016 00000000 		.4byte	0
 1052 001a 00000000 		.4byte	0
 1053              	.LLST1:
 1054 001e 00000000 		.4byte	.LVL10
 1055 0022 06000000 		.4byte	.LVL11
 1056 0026 0100     		.2byte	0x1
 1057 0028 50       		.byte	0x50
 1058 0029 06000000 		.4byte	.LVL11
 1059 002d 44000000 		.4byte	.LFE7
 1060 0031 0400     		.2byte	0x4
 1061 0033 F3       		.byte	0xf3
 1062 0034 01       		.uleb128 0x1
 1063 0035 50       		.byte	0x50
 1064 0036 9F       		.byte	0x9f
 1065 0037 00000000 		.4byte	0
 1066 003b 00000000 		.4byte	0
 1067              	.LLST2:
 1068 003f 00000000 		.4byte	.LVL12
 1069 0043 06000000 		.4byte	.LVL13
 1070 0047 0100     		.2byte	0x1
 1071 0049 50       		.byte	0x50
 1072 004a 06000000 		.4byte	.LVL13
 1073 004e 44000000 		.4byte	.LFE8
 1074 0052 0400     		.2byte	0x4
 1075 0054 F3       		.byte	0xf3
 1076 0055 01       		.uleb128 0x1
 1077 0056 50       		.byte	0x50
 1078 0057 9F       		.byte	0x9f
 1079 0058 00000000 		.4byte	0
 1080 005c 00000000 		.4byte	0
 1081              		.section	.debug_aranges,"",%progbits
 1082 0000 44000000 		.4byte	0x44
 1083 0004 0200     		.2byte	0x2
 1084 0006 00000000 		.4byte	.Ldebug_info0
 1085 000a 04       		.byte	0x4
 1086 000b 00       		.byte	0
 1087 000c 0000     		.2byte	0
 1088 000e 0000     		.2byte	0
 1089 0010 00000000 		.4byte	.LFB4
 1090 0014 F4000000 		.4byte	.LFE4-.LFB4
 1091 0018 00000000 		.4byte	.LFB6
 1092 001c 20000000 		.4byte	.LFE6-.LFB6
 1093 0020 00000000 		.4byte	.LFB5
 1094 0024 B4000000 		.4byte	.LFE5-.LFB5
 1095 0028 00000000 		.4byte	.LFB7
 1096 002c 44000000 		.4byte	.LFE7-.LFB7
 1097 0030 00000000 		.4byte	.LFB8
 1098 0034 44000000 		.4byte	.LFE8-.LFB8
 1099 0038 F4000000 		.4byte	.LFB9
ARM GAS  C:\Users\TUCKER~1\AppData\Local\Temp\ccYC61oX.s 			page 28


 1100 003c 84000000 		.4byte	.LFE9-.LFB9
 1101 0040 00000000 		.4byte	0
 1102 0044 00000000 		.4byte	0
 1103              		.section	.debug_ranges,"",%progbits
 1104              	.Ldebug_ranges0:
 1105 0000 00000000 		.4byte	.LFB4
 1106 0004 F4000000 		.4byte	.LFE4
 1107 0008 00000000 		.4byte	.LFB6
 1108 000c 20000000 		.4byte	.LFE6
 1109 0010 00000000 		.4byte	.LFB5
 1110 0014 B4000000 		.4byte	.LFE5
 1111 0018 00000000 		.4byte	.LFB7
 1112 001c 44000000 		.4byte	.LFE7
 1113 0020 00000000 		.4byte	.LFB8
 1114 0024 44000000 		.4byte	.LFE8
 1115 0028 F4000000 		.4byte	.LFB9
 1116 002c 78010000 		.4byte	.LFE9
 1117 0030 00000000 		.4byte	0
 1118 0034 00000000 		.4byte	0
 1119              		.section	.debug_line,"",%progbits
 1120              	.Ldebug_line0:
 1121 0000 13010000 		.section	.debug_str,"MS",%progbits,1
 1121      02006100 
 1121      00000201 
 1121      FB0E0D00 
 1121      01010101 
 1122              	.LASF16:
 1123 0000 72656733 		.ascii	"reg32\000"
 1123      3200
 1124              	.LASF22:
 1125 0006 6368616E 		.ascii	"channel\000"
 1125      6E656C00 
 1126              	.LASF18:
 1127 000e 416E616C 		.ascii	"AnalogSetDefault\000"
 1127      6F675365 
 1127      74446566 
 1127      61756C74 
 1127      00
 1128              	.LASF28:
 1129 001f 43795379 		.ascii	"CySysClkSetTimerSource\000"
 1129      73436C6B 
 1129      53657454 
 1129      696D6572 
 1129      536F7572 
 1130              	.LASF23:
 1131 0036 414D7578 		.ascii	"AMux_1_Unset\000"
 1131      5F315F55 
 1131      6E736574 
 1131      00
 1132              	.LASF26:
 1133 0043 4379496E 		.ascii	"CyIntSetVector\000"
 1133      74536574 
 1133      56656374 
 1133      6F7200
 1134              	.LASF31:
 1135 0052 433A5C55 		.ascii	"C:\\Users\\Tucker Zischka\\Documents\\GitHub\\Li-Ce"
 1135      73657273 
ARM GAS  C:\Users\TUCKER~1\AppData\Local\Temp\ccYC61oX.s 			page 29


 1135      5C547563 
 1135      6B657220 
 1135      5A697363 
 1136 0080 6C6C5465 		.ascii	"llTesting_Script\\Internal_Main\\Internal_Main.cyds"
 1136      7374696E 
 1136      675F5363 
 1136      72697074 
 1136      5C496E74 
 1137 00b1 6E00     		.ascii	"n\000"
 1138              	.LASF17:
 1139 00b3 436C6F63 		.ascii	"ClockSetup\000"
 1139      6B536574 
 1139      757000
 1140              	.LASF6:
 1141 00be 73686F72 		.ascii	"short unsigned int\000"
 1141      7420756E 
 1141      7369676E 
 1141      65642069 
 1141      6E7400
 1142              	.LASF14:
 1143 00d1 666C6F61 		.ascii	"float\000"
 1143      7400
 1144              	.LASF4:
 1145 00d7 756E7369 		.ascii	"unsigned char\000"
 1145      676E6564 
 1145      20636861 
 1145      7200
 1146              	.LASF8:
 1147 00e5 6C6F6E67 		.ascii	"long unsigned int\000"
 1147      20756E73 
 1147      69676E65 
 1147      6420696E 
 1147      7400
 1148              	.LASF12:
 1149 00f7 75696E74 		.ascii	"uint8\000"
 1149      3800
 1150              	.LASF24:
 1151 00fd 63796669 		.ascii	"cyfitter_cfg\000"
 1151      74746572 
 1151      5F636667 
 1151      00
 1152              	.LASF19:
 1153 010a 53657441 		.ascii	"SetAnalogRoutingPumps\000"
 1153      6E616C6F 
 1153      67526F75 
 1153      74696E67 
 1153      50756D70 
 1154              	.LASF15:
 1155 0120 646F7562 		.ascii	"double\000"
 1155      6C6500
 1156              	.LASF27:
 1157 0127 4379496E 		.ascii	"CyIntEnable\000"
 1157      74456E61 
 1157      626C6500 
 1158              	.LASF13:
 1159 0133 75696E74 		.ascii	"uint32\000"
 1159      333200
ARM GAS  C:\Users\TUCKER~1\AppData\Local\Temp\ccYC61oX.s 			page 30


 1160              	.LASF0:
 1161 013a 756E7369 		.ascii	"unsigned int\000"
 1161      676E6564 
 1161      20696E74 
 1161      00
 1162              	.LASF9:
 1163 0147 6C6F6E67 		.ascii	"long long unsigned int\000"
 1163      206C6F6E 
 1163      6720756E 
 1163      7369676E 
 1163      65642069 
 1164              	.LASF10:
 1165 015e 73697A65 		.ascii	"sizetype\000"
 1165      74797065 
 1165      00
 1166              	.LASF1:
 1167 0167 6C6F6E67 		.ascii	"long long int\000"
 1167      206C6F6E 
 1167      6720696E 
 1167      7400
 1168              	.LASF11:
 1169 0175 63686172 		.ascii	"char\000"
 1169      00
 1170              	.LASF21:
 1171 017a 656E6162 		.ascii	"enabled\000"
 1171      6C656400 
 1172              	.LASF5:
 1173 0182 73686F72 		.ascii	"short int\000"
 1173      7420696E 
 1173      7400
 1174              	.LASF25:
 1175 018c 43795379 		.ascii	"CySysClkWriteImoFreq\000"
 1175      73436C6B 
 1175      57726974 
 1175      65496D6F 
 1175      46726571 
 1176              	.LASF20:
 1177 01a1 414D7578 		.ascii	"AMux_1_Set\000"
 1177      5F315F53 
 1177      657400
 1178              	.LASF7:
 1179 01ac 6C6F6E67 		.ascii	"long int\000"
 1179      20696E74 
 1179      00
 1180              	.LASF2:
 1181 01b5 6C6F6E67 		.ascii	"long double\000"
 1181      20646F75 
 1181      626C6500 
 1182              	.LASF29:
 1183 01c1 474E5520 		.ascii	"GNU C11 5.4.1 20160609 (release) [ARM/embedded-5-br"
 1183      43313120 
 1183      352E342E 
 1183      31203230 
 1183      31363036 
 1184 01f4 616E6368 		.ascii	"anch revision 237715] -mcpu=cortex-m0plus -mthumb -"
 1184      20726576 
 1184      6973696F 
ARM GAS  C:\Users\TUCKER~1\AppData\Local\Temp\ccYC61oX.s 			page 31


 1184      6E203233 
 1184      37373135 
 1185 0227 67202D4F 		.ascii	"g -Og -ffunction-sections -ffat-lto-objects\000"
 1185      67202D66 
 1185      66756E63 
 1185      74696F6E 
 1185      2D736563 
 1186              	.LASF3:
 1187 0253 7369676E 		.ascii	"signed char\000"
 1187      65642063 
 1187      68617200 
 1188              	.LASF30:
 1189 025f 47656E65 		.ascii	"Generated_Source\\PSoC4\\cyfitter_cfg.c\000"
 1189      72617465 
 1189      645F536F 
 1189      75726365 
 1189      5C50536F 
 1190              	.LASF32:
 1191 0285 72656756 		.ascii	"regValue\000"
 1191      616C7565 
 1191      00
 1192              		.ident	"GCC: (GNU Tools for ARM Embedded Processors) 5.4.1 20160609 (release) [ARM/embedded-5-bran
