Archive member included to satisfy reference by file (symbol)

.\CortexM0p\ARM_GCC_541\Debug\Internal_Main.a(ADC_1.o)
                              .\CortexM0p\ARM_GCC_541\Debug\main.o (ADC_1_StartConvert)
.\CortexM0p\ARM_GCC_541\Debug\Internal_Main.a(ADC_1_INIT.o)
                              .\CortexM0p\ARM_GCC_541\Debug\Internal_Main.a(ADC_1.o) (ADC_1_InputsPlacement)
.\CortexM0p\ARM_GCC_541\Debug\Internal_Main.a(ADC_1_INT.o)
                              .\CortexM0p\ARM_GCC_541\Debug\Internal_Main.a(ADC_1.o) (ADC_1_ISR)
.\CortexM0p\ARM_GCC_541\Debug\Internal_Main.a(AMux_1.o)
                              .\CortexM0p\ARM_GCC_541\Debug\main.o (AMux_1_Start)
.\CortexM0p\ARM_GCC_541\Debug\Internal_Main.a(PVref_1.o)
                              .\CortexM0p\ARM_GCC_541\Debug\main.o (PVref_1_Enable)
.\CortexM0p\ARM_GCC_541\Debug\Internal_Main.a(PGA_1.o)
                              .\CortexM0p\ARM_GCC_541\Debug\main.o (PGA_1_Start)
.\CortexM0p\ARM_GCC_541\Debug\Internal_Main.a(Opamp_1.o)
                              .\CortexM0p\ARM_GCC_541\Debug\main.o (Opamp_1_Start)
.\CortexM0p\ARM_GCC_541\Debug\Internal_Main.a(Opamp_2.o)
                              .\CortexM0p\ARM_GCC_541\Debug\main.o (Opamp_2_Start)
.\CortexM0p\ARM_GCC_541\Debug\Internal_Main.a(ADC_1_intSarClock.o)
                              .\CortexM0p\ARM_GCC_541\Debug\Internal_Main.a(ADC_1.o) (ADC_1_intSarClock_StartEx)
.\CortexM0p\ARM_GCC_541\Debug\Internal_Main.a(ADC_1_IRQ.o)
                              .\CortexM0p\ARM_GCC_541\Debug\Internal_Main.a(ADC_1.o) (ADC_1_IRQ_StartEx)
.\CortexM0p\ARM_GCC_541\Debug\Internal_Main.a(CyLib.o)
                              .\CortexM0p\ARM_GCC_541\Debug\cyfitter_cfg.o (CyIntEnable)
.\CortexM0p\ARM_GCC_541\Debug\Internal_Main.a(CyLFClk.o)
                              .\CortexM0p\ARM_GCC_541\Debug\Internal_Main.a(CyLib.o) (CySysClkWcoEnabled)
.\CortexM0p\ARM_GCC_541\Debug\Internal_Main.a(UART_1.o)
                              .\CortexM0p\ARM_GCC_541\Debug\main.o (UART_1_Start)
.\CortexM0p\ARM_GCC_541\Debug\Internal_Main.a(UART_1_UART.o)
                              .\CortexM0p\ARM_GCC_541\Debug\Internal_Main.a(UART_1.o) (UART_1_UartInit)
.\CortexM0p\ARM_GCC_541\Debug\Internal_Main.a(BLUE_LED.o)
                              .\CortexM0p\ARM_GCC_541\Debug\main.o (BLUE_LED_Write)
.\CortexM0p\ARM_GCC_541\Debug\Internal_Main.a(Timer_1.o)
                              .\CortexM0p\ARM_GCC_541\Debug\main.o (Timer_1_Stop)
.\CortexM0p\ARM_GCC_541\Debug\Internal_Main.a(Opamp_3.o)
                              .\CortexM0p\ARM_GCC_541\Debug\main.o (Opamp_3_Start)
.\CortexM0p\ARM_GCC_541\Debug\Internal_Main.a(TCPWM_1.o)
                              .\CortexM0p\ARM_GCC_541\Debug\main.o (TCPWM_1_Start)
.\CortexM0p\ARM_GCC_541\Debug\Internal_Main.a(isr_1.o)
                              .\CortexM0p\ARM_GCC_541\Debug\main.o (isr_1_StartEx)
.\CortexM0p\ARM_GCC_541\Debug\Internal_Main.a(CyBootAsmGnu.o)
                              .\CortexM0p\ARM_GCC_541\Debug\Internal_Main.a(CyLib.o) (CyDelayCycles)
.\CortexM0p\ARM_GCC_541\Debug\Internal_Main.a(CyFlash.o)
                              .\CortexM0p\ARM_GCC_541\Debug\Internal_Main.a(CyLib.o) (CySysFlashSetWaitCycles)
.\CortexM0p\ARM_GCC_541\Debug\Internal_Main.a(UART_1_SPI_UART.o)
                              .\CortexM0p\ARM_GCC_541\Debug\Internal_Main.a(UART_1_UART.o) (UART_1_SpiUartReadRxData)
c:/program files (x86)/cypress/psoc creator/4.3/psoc creator/import/gnu/arm/5.4.1/bin/../lib/gcc/arm-none-eabi/5.4.1/armv6-m\libgcc.a(_udivsi3.o)
                              .\CortexM0p\ARM_GCC_541\Debug\Internal_Main.a(ADC_1.o) (__aeabi_uidiv)
c:/program files (x86)/cypress/psoc creator/4.3/psoc creator/import/gnu/arm/5.4.1/bin/../lib/gcc/arm-none-eabi/5.4.1/armv6-m\libgcc.a(_divsi3.o)
                              .\CortexM0p\ARM_GCC_541\Debug\Internal_Main.a(ADC_1.o) (__aeabi_idiv)
c:/program files (x86)/cypress/psoc creator/4.3/psoc creator/import/gnu/arm/5.4.1/bin/../lib/gcc/arm-none-eabi/5.4.1/armv6-m\libgcc.a(_dvmd_tls.o)
                              c:/program files (x86)/cypress/psoc creator/4.3/psoc creator/import/gnu/arm/5.4.1/bin/../lib/gcc/arm-none-eabi/5.4.1/armv6-m\libgcc.a(_udivsi3.o) (__aeabi_idiv0)
c:/program files (x86)/cypress/psoc creator/4.3/psoc creator/import/gnu/arm/5.4.1/bin/../lib/gcc/arm-none-eabi/5.4.1/armv6-m\libgcc.a(_aeabi_ldivmod.o)
                              .\CortexM0p\ARM_GCC_541\Debug\Internal_Main.a(ADC_1.o) (__aeabi_ldivmod)
c:/program files (x86)/cypress/psoc creator/4.3/psoc creator/import/gnu/arm/5.4.1/bin/../lib/gcc/arm-none-eabi/5.4.1/armv6-m\libgcc.a(_muldi3.o)
                              .\CortexM0p\ARM_GCC_541\Debug\Internal_Main.a(ADC_1.o) (__aeabi_lmul)
c:/program files (x86)/cypress/psoc creator/4.3/psoc creator/import/gnu/arm/5.4.1/bin/../lib/gcc/arm-none-eabi/5.4.1/armv6-m\libgcc.a(bpabi.o)
[...]
Memory Configuration

Name             Origin             Length             Attributes
rom              0x00000000         0x00008000         xr
ram              0x20000000         0x00001000         xrw
*default*        0x00000000         0xffffffff

Linker script and memory map

LOAD c:/program files (x86)/cypress/psoc creator/4.3/psoc creator/import/gnu/arm/5.4.1/bin/../lib/gcc/arm-none-eabi/5.4.1/armv6-m/crti.o
LOAD c:/program files (x86)/cypress/psoc creator/4.3/psoc creator/import/gnu/arm/5.4.1/bin/../lib/gcc/arm-none-eabi/5.4.1/armv6-m/crtbegin.o
LOAD c:/program files (x86)/cypress/psoc creator/4.3/psoc creator/import/gnu/arm/5.4.1/bin/../lib/gcc/arm-none-eabi/5.4.1/../../../../arm-none-eabi/lib/armv6-m/crt0.o
START GROUP
LOAD .\CortexM0p\ARM_GCC_541\Debug\main.o
LOAD .\CortexM0p\ARM_GCC_541\Debug\cyfitter_cfg.o
LOAD .\CortexM0p\ARM_GCC_541\Debug\cymetadata.o
LOAD .\CortexM0p\ARM_GCC_541\Debug\Cm0plusStart.o
LOAD .\CortexM0p\ARM_GCC_541\Debug\Internal_Main.a
END GROUP
START GROUP
LOAD c:/program files (x86)/cypress/psoc creator/4.3/psoc creator/import/gnu/arm/5.4.1/bin/../lib/gcc/arm-none-eabi/5.4.1/armv6-m\libgcc.a
LOAD c:/program files (x86)/cypress/psoc creator/4.3/psoc creator/import/gnu/arm/5.4.1/bin/../lib/gcc/arm-none-eabi/5.4.1/../../../../arm-none-eabi/lib/armv6-m\libg_nano.a
LOAD c:/program files (x86)/cypress/psoc creator/4.3/psoc creator/import/gnu/arm/5.4.1/bin/../lib/gcc/arm-none-eabi/5.4.1/../../../../arm-none-eabi/lib/armv6-m\libc_nano.a
END GROUP
START GROUP
LOAD c:/program files (x86)/cypress/psoc creator/4.3/psoc creator/import/gnu/arm/5.4.1/bin/../lib/gcc/arm-none-eabi/5.4.1/armv6-m\libgcc.a
LOAD c:/program files (x86)/cypress/psoc creator/4.3/psoc creator/import/gnu/arm/5.4.1/bin/../lib/gcc/arm-none-eabi/5.4.1/../../../../arm-none-eabi/lib/armv6-m\libc_nano.a
END GROUP
LOAD c:/program files (x86)/cypress/psoc creator/4.3/psoc creator/import/gnu/arm/5.4.1/bin/../lib/gcc/arm-none-eabi/5.4.1/armv6-m/crtend.o
LOAD c:/program files (x86)/cypress/psoc creator/4.3/psoc creator/import/gnu/arm/5.4.1/bin/../lib/gcc/arm-none-eabi/5.4.1/armv6-m/crtn.o
START GROUP
LOAD c:/program files (x86)/cypress/psoc creator/4.3/psoc creator/import/gnu/arm/5.4.1/bin/../lib/gcc/arm-none-eabi/5.4.1/armv6-m\libgcc.a
LOAD c:/program files (x86)/cypress/psoc creator/4.3/psoc creator/import/gnu/arm/5.4.1/bin/../lib/gcc/arm-none-eabi/5.4.1/../../../../arm-none-eabi/lib/armv6-m\libc.a
LOAD c:/program files (x86)/cypress/psoc creator/4.3/psoc creator/import/gnu/arm/5.4.1/bin/../lib/gcc/arm-none-eabi/5.4.1/../../../../arm-none-eabi/lib/armv6-m\libnosys.a
END GROUP
                0x00000000                CY_APPL_ORIGIN = 0x0
                0x00000080                CY_FLASH_ROW_SIZE = 0x80
                0x00000001                CY_APPL_NUM = 0x1
                0x00000001                CY_APPL_MAX = 0x1
                0x00000040                CY_METADATA_SIZE = 0x40
                0x00000000                CY_APPL_LOADABLE = 0x0
                0x00000000                CY_CHECKSUM_EXCLUDE_SIZE = ALIGN (0x0, CY_FLASH_ROW_SIZE)
                0x00000000                CY_APP_FOR_STACK_AND_COPIER = 0x0
                [!provide]                PROVIDE (__cy_heap_start, _end)
                0x00000001                PROVIDE (__cy_region_num, ((__cy_regions_end - __cy_regions) / 0x10))
                0x20001000                PROVIDE (__cy_stack, (ORIGIN (ram) + LENGTH (ram)))
                [!provide]                PROVIDE (__cy_heap_end, (__cy_stack - 0x400))

.cybootloader   0x00000000        0x0
 *(.cybootloader)
                0x00000000                appl1_start = CY_APPL_ORIGIN?CY_APPL_ORIGIN:ALIGN (CY_FLASH_ROW_SIZE)
                0x00003f80                appl2_start = (appl1_start + ALIGN ((((LENGTH (rom) - appl1_start) - (0x2 * CY_FLASH_ROW_SIZE)) / 0x2), CY_FLASH_ROW_SIZE))
                0x00000000                appl_start = (CY_APPL_NUM == 0x1)?appl1_start:appl2_start
                0x00000001                cy_project_type_bootloader = (appl_start == 0x0)?0x1:0x0
                0x00000000                cy_project_type_app_for_stack_and_copier = (CY_APP_FOR_STACK_AND_COPIER == 0x1)?0x1:0x0

.text           0x00000000     0x5e44
 CREATE_OBJECT_SYMBOLS
                0x00000000                PROVIDE (__cy_interrupt_vector, RomVectors)
 *(.romvectors)
 .romvectors    0x00000000       0x10 .\CortexM0p\ARM_GCC_541\Debug\Cm0plusStart.o
                0x00000000                RomVectors
                0x00000001                ASSERT ((. != __cy_interrupt_vector), No interrupt vector)
                0x00000001                ASSERT (CY_APPL_ORIGIN?(SIZEOF (.cybootloader) <= CY_APPL_ORIGIN):0x1, Wrong image location)
                0x00000010                PROVIDE (__cy_reset, Reset)
 *(.text.Reset)
 .text.Reset    0x00000010        0xc .\CortexM0p\ARM_GCC_541\Debug\Cm0plusStart.o
                0x00000010                Reset
                0x00000001                ASSERT ((. != __cy_reset), No reset code)
 *(.psocinit)
 .psocinit      0x0000001c      0x178 .\CortexM0p\ARM_GCC_541\Debug\cyfitter_cfg.o
                0x00000110                cyfitter_cfg
                0x00000194                . = MAX (., 0x100)
 *(.text .text.* .gnu.linkonce.t.*)
 .text          0x00000194       0x60 c:/program files (x86)/cypress/psoc creator/4.3/psoc creator/import/gnu/arm/5.4.1/bin/../lib/gcc/arm-none-eabi/5.4.1/armv6-m/crtbegin.o
 .text.MyCustomISR
                0x000001f4       0x14 .\CortexM0p\ARM_GCC_541\Debug\main.o
                0x000001f4                MyCustomISR
 .text.CellTestStart
                0x00000208       0x34 .\CortexM0p\ARM_GCC_541\Debug\main.o
                0x00000208                CellTestStart
 .text.FilterSignal
                0x0000023c       0x48 .\CortexM0p\ARM_GCC_541\Debug\main.o
                0x0000023c                FilterSignal
 .text.main     0x00000284      0x224 .\CortexM0p\ARM_GCC_541\Debug\main.o
                0x00000284                main
 .text.SetAnalogRoutingPumps
                0x000004a8       0x20 .\CortexM0p\ARM_GCC_541\Debug\cyfitter_cfg.o
                0x000004a8                SetAnalogRoutingPumps
 .text.AnalogSetDefault
                0x000004c8       0xb4 .\CortexM0p\ARM_GCC_541\Debug\cyfitter_cfg.o
 .text.AMux_1_Set
                0x0000057c       0x38 .\CortexM0p\ARM_GCC_541\Debug\cyfitter_cfg.o
                0x0000057c                AMux_1_Set
 .text.AMux_1_Unset
                0x000005b4       0x38 .\CortexM0p\ARM_GCC_541\Debug\cyfitter_cfg.o
                0x000005b4                AMux_1_Unset
 .text.IntDefaultHandler
                0x000005ec       0x10 .\CortexM0p\ARM_GCC_541\Debug\Cm0plusStart.o
                0x000005ec                IntDefaultHandler
 .text._sbrk    0x000005fc       0x34 .\CortexM0p\ARM_GCC_541\Debug\Cm0plusStart.o
                0x000005fc                _sbrk
 .text.Start_c  0x00000630       0x48 .\CortexM0p\ARM_GCC_541\Debug\Cm0plusStart.o
                0x00000630                Start_c
 .text.initialize_psoc
                0x00000678       0x40 .\CortexM0p\ARM_GCC_541\Debug\Cm0plusStart.o
                0x00000678                initialize_psoc
 .text.ADC_1_SetDFTControl
                0x000006b8       0x34 .\CortexM0p\ARM_GCC_541\Debug\Internal_Main.a(ADC_1.o)
 .text.ADC_1_IsChannelSigned
                0x000006ec       0x58 .\CortexM0p\ARM_GCC_541\Debug\Internal_Main.a(ADC_1.o)
 .text.ADC_1_InitConfig
                0x00000744       0xd4 .\CortexM0p\ARM_GCC_541\Debug\Internal_Main.a(ADC_1.o)
                0x00000744                ADC_1_InitConfig
 .text.ADC_1_StartConvert
                0x00000818       0x28 .\CortexM0p\ARM_GCC_541\Debug\Internal_Main.a(ADC_1.o)
                0x00000818                ADC_1_StartConvert
 .text.ADC_1_IsEndConversion
                0x00000840       0x38 .\CortexM0p\ARM_GCC_541\Debug\Internal_Main.a(ADC_1.o)
                0x00000840                ADC_1_IsEndConversion
 .text.ADC_1_GetResult32
                0x00000878       0x64 .\CortexM0p\ARM_GCC_541\Debug\Internal_Main.a(ADC_1.o)
                0x00000878                ADC_1_GetResult32
 .text.ADC_1_RawCounts2Counts
                0x000008dc       0x98 .\CortexM0p\ARM_GCC_541\Debug\Internal_Main.a(ADC_1.o)
                0x000008dc                ADC_1_RawCounts2Counts
 .text.ADC_1_CountsTo_mVolts
                0x00000974       0x68 .\CortexM0p\ARM_GCC_541\Debug\Internal_Main.a(ADC_1.o)
                0x00000974                ADC_1_CountsTo_mVolts
 .text.ADC_1_Init
                0x000009dc      0x118 .\CortexM0p\ARM_GCC_541\Debug\Internal_Main.a(ADC_1.o)
                0x000009dc                ADC_1_Init
 .text.ADC_1_Enable
                0x00000af4       0x48 .\CortexM0p\ARM_GCC_541\Debug\Internal_Main.a(ADC_1.o)
                0x00000af4                ADC_1_Enable
 .text.ADC_1_Start
                0x00000b3c       0x24 .\CortexM0p\ARM_GCC_541\Debug\Internal_Main.a(ADC_1.o)
                0x00000b3c                ADC_1_Start
 .text.ADC_1_ISR
                0x00000b60        0xc .\CortexM0p\ARM_GCC_541\Debug\Internal_Main.a(ADC_1_INT.o)
                0x00000b60                ADC_1_ISR
 .text.AMux_1_Start
                0x00000b6c       0x20 .\CortexM0p\ARM_GCC_541\Debug\Internal_Main.a(AMux_1.o)
                0x00000b6c                AMux_1_Start
 .text.AMux_1_Select
                0x00000b8c       0x18 .\CortexM0p\ARM_GCC_541\Debug\Internal_Main.a(AMux_1.o)
                0x00000b8c                AMux_1_Select
 .text.PVref_1_Init
                0x00000ba4       0x1c .\CortexM0p\ARM_GCC_541\Debug\Internal_Main.a(PVref_1.o)
                0x00000ba4                PVref_1_Init
 .text.PVref_1_Enable
                0x00000bc0       0x10 .\CortexM0p\ARM_GCC_541\Debug\Internal_Main.a(PVref_1.o)
                0x00000bc0                PVref_1_Enable
 .text.PVref_1_Start
                0x00000bd0       0x20 .\CortexM0p\ARM_GCC_541\Debug\Internal_Main.a(PVref_1.o)
                0x00000bd0                PVref_1_Start
 .text.PGA_1_Enable
                0x00000bf0       0x1c .\CortexM0p\ARM_GCC_541\Debug\Internal_Main.a(PGA_1.o)
                0x00000bf0                PGA_1_Enable
 .text.PGA_1_SetGain
                0x00000c0c       0x7c .\CortexM0p\ARM_GCC_541\Debug\Internal_Main.a(PGA_1.o)
                0x00000c0c                PGA_1_SetGain
 .text.PGA_1_Init
                0x00000c88       0x50 .\CortexM0p\ARM_GCC_541\Debug\Internal_Main.a(PGA_1.o)
                0x00000c88                PGA_1_Init
 .text.PGA_1_Start
                0x00000cd8       0x20 .\CortexM0p\ARM_GCC_541\Debug\Internal_Main.a(PGA_1.o)
                0x00000cd8                PGA_1_Start
 .text.Opamp_1_Init
                0x00000cf8       0x2c .\CortexM0p\ARM_GCC_541\Debug\Internal_Main.a(Opamp_1.o)
                0x00000cf8                Opamp_1_Init
 .text.Opamp_1_Enable
                0x00000d24       0x1c .\CortexM0p\ARM_GCC_541\Debug\Internal_Main.a(Opamp_1.o)
                0x00000d24                Opamp_1_Enable
 .text.Opamp_1_Start
                0x00000d40       0x20 .\CortexM0p\ARM_GCC_541\Debug\Internal_Main.a(Opamp_1.o)
                0x00000d40                Opamp_1_Start
 .text.Opamp_2_Init
                0x00000d60       0x2c .\CortexM0p\ARM_GCC_541\Debug\Internal_Main.a(Opamp_2.o)
                0x00000d60                Opamp_2_Init
 .text.Opamp_2_Enable
                0x00000d8c       0x1c .\CortexM0p\ARM_GCC_541\Debug\Internal_Main.a(Opamp_2.o)
                0x00000d8c                Opamp_2_Enable
 .text.Opamp_2_Start
                0x00000da8       0x20 .\CortexM0p\ARM_GCC_541\Debug\Internal_Main.a(Opamp_2.o)
                0x00000da8                Opamp_2_Start
 .text.ADC_1_intSarClock_StartEx
                0x00000dc8       0x1c .\CortexM0p\ARM_GCC_541\Debug\Internal_Main.a(ADC_1_intSarClock.o)
                0x00000dc8                ADC_1_intSarClock_StartEx
 .text.ADC_1_intSarClock_Stop
                0x00000de4       0x18 .\CortexM0p\ARM_GCC_541\Debug\Internal_Main.a(ADC_1_intSarClock.o)
                0x00000de4                ADC_1_intSarClock_Stop
 .text.ADC_1_intSarClock_SetFractionalDividerRegister
                0x00000dfc       0x20 .\CortexM0p\ARM_GCC_541\Debug\Internal_Main.a(ADC_1_intSarClock.o)
                0x00000dfc                ADC_1_intSarClock_SetFractionalDividerRegister
 .text.CySysClkImoDisableWcoLock
                0x00000e1c       0x4c .\CortexM0p\ARM_GCC_541\Debug\Internal_Main.a(CyLib.o)
                0x00000e1c                CySysClkImoDisableWcoLock
 .text.CySysClkImoGetWcoLock
                0x00000e68       0x14 .\CortexM0p\ARM_GCC_541\Debug\Internal_Main.a(CyLib.o)
                0x00000e68                CySysClkImoGetWcoLock
 .text.CyIntEnable
                0x00000e7c       0x14 .\CortexM0p\ARM_GCC_541\Debug\Internal_Main.a(CyLib.o)
                0x00000e7c                CyIntEnable
 .text.CyHalt   0x00000e90        0x4 .\CortexM0p\ARM_GCC_541\Debug\Internal_Main.a(CyLib.o)
                0x00000e90                CyHalt
 .text.CyIntSetVector
                0x00000e94       0x24 .\CortexM0p\ARM_GCC_541\Debug\Internal_Main.a(CyLib.o)
                0x00000e94                CyIntSetVector
 .text.CyIntSetPriority
                0x00000eb8       0x4c .\CortexM0p\ARM_GCC_541\Debug\Internal_Main.a(CyLib.o)
                0x00000eb8                CyIntSetPriority
 .text.CyDelay  0x00000f04       0x30 .\CortexM0p\ARM_GCC_541\Debug\Internal_Main.a(CyLib.o)
                0x00000f04                CyDelay
 .text.CySysClkImoEnableWcoLock
                0x00000f34       0xd0 .\CortexM0p\ARM_GCC_541\Debug\Internal_Main.a(CyLib.o)
                0x00000f34                CySysClkImoEnableWcoLock
 .text.CySysClkWriteImoFreq
                0x00001004       0xd8 .\CortexM0p\ARM_GCC_541\Debug\Internal_Main.a(CyLib.o)
                0x00001004                CySysClkWriteImoFreq
 .text.CyDelayUs
                0x000010dc       0x14 .\CortexM0p\ARM_GCC_541\Debug\Internal_Main.a(CyLib.o)
                0x000010dc                CyDelayUs
 .text.CySysClkGetTimerSource
                0x000010f0       0x10 .\CortexM0p\ARM_GCC_541\Debug\Internal_Main.a(CyLFClk.o)
 .text.CySysClkWcoEnabled
                0x00001100       0x14 .\CortexM0p\ARM_GCC_541\Debug\Internal_Main.a(CyLFClk.o)
                0x00001100                CySysClkWcoEnabled
 .text.CySysWdtDisable
                0x00001114       0x10 .\CortexM0p\ARM_GCC_541\Debug\Internal_Main.a(CyLFClk.o)
                0x00001114                CySysWdtDisable
 .text.CySysClkSetTimerSource
                0x00001124       0x68 .\CortexM0p\ARM_GCC_541\Debug\Internal_Main.a(CyLFClk.o)
                0x00001124                CySysClkSetTimerSource
 .text.CySysTimerClearInterrupt
                0x0000118c       0x2c .\CortexM0p\ARM_GCC_541\Debug\Internal_Main.a(CyLFClk.o)
                0x0000118c                CySysTimerClearInterrupt
 .text.CySysTimerIsr
                0x000011b8       0xa4 .\CortexM0p\ARM_GCC_541\Debug\Internal_Main.a(CyLFClk.o)
                0x000011b8                CySysTimerIsr
 .text.UART_1_ScbModePostEnable
                0x0000125c        0x8 .\CortexM0p\ARM_GCC_541\Debug\Internal_Main.a(UART_1.o)
 .text.UART_1_Init
                0x00001264        0x8 .\CortexM0p\ARM_GCC_541\Debug\Internal_Main.a(UART_1.o)
                0x00001264                UART_1_Init
 .text.UART_1_Enable
                0x0000126c       0x18 .\CortexM0p\ARM_GCC_541\Debug\Internal_Main.a(UART_1.o)
                0x0000126c                UART_1_Enable
 .text.UART_1_Start
                0x00001284       0x20 .\CortexM0p\ARM_GCC_541\Debug\Internal_Main.a(UART_1.o)
                0x00001284                UART_1_Start
 .text.UART_1_UartInit
                0x000012a4       0xa8 .\CortexM0p\ARM_GCC_541\Debug\Internal_Main.a(UART_1_UART.o)
                0x000012a4                UART_1_UartInit
 .text.UART_1_UartPostEnable
                0x0000134c       0x14 .\CortexM0p\ARM_GCC_541\Debug\Internal_Main.a(UART_1_UART.o)
                0x0000134c                UART_1_UartPostEnable
 .text.UART_1_UartGetChar
                0x00001360       0x2c .\CortexM0p\ARM_GCC_541\Debug\Internal_Main.a(UART_1_UART.o)
                0x00001360                UART_1_UartGetChar
 .text.UART_1_UartPutString
                0x0000138c       0x18 .\CortexM0p\ARM_GCC_541\Debug\Internal_Main.a(UART_1_UART.o)
                0x0000138c                UART_1_UartPutString
 .text.BLUE_LED_Write
                0x000013a4       0x18 .\CortexM0p\ARM_GCC_541\Debug\Internal_Main.a(BLUE_LED.o)
                0x000013a4                BLUE_LED_Write
 .text.Timer_1_Stop
                0x000013bc       0x1c .\CortexM0p\ARM_GCC_541\Debug\Internal_Main.a(Timer_1.o)
                0x000013bc                Timer_1_Stop
 .text.Timer_1_WriteCounter
                0x000013d8       0x10 .\CortexM0p\ARM_GCC_541\Debug\Internal_Main.a(Timer_1.o)
                0x000013d8                Timer_1_WriteCounter
 .text.Timer_1_ReadCounter
                0x000013e8       0x10 .\CortexM0p\ARM_GCC_541\Debug\Internal_Main.a(Timer_1.o)
                0x000013e8                Timer_1_ReadCounter
 .text.Timer_1_WritePeriod
                0x000013f8       0x10 .\CortexM0p\ARM_GCC_541\Debug\Internal_Main.a(Timer_1.o)
                0x000013f8                Timer_1_WritePeriod
 .text.Timer_1_TriggerCommand
                0x00001408       0x1c .\CortexM0p\ARM_GCC_541\Debug\Internal_Main.a(Timer_1.o)
                0x00001408                Timer_1_TriggerCommand
 .text.Timer_1_Enable
                0x00001424       0x24 .\CortexM0p\ARM_GCC_541\Debug\Internal_Main.a(Timer_1.o)
                0x00001424                Timer_1_Enable
 .text.Timer_1_SetInterruptMode
                0x00001448        0xc .\CortexM0p\ARM_GCC_541\Debug\Internal_Main.a(Timer_1.o)
                0x00001448                Timer_1_SetInterruptMode
 .text.Timer_1_Init
                0x00001454       0x34 .\CortexM0p\ARM_GCC_541\Debug\Internal_Main.a(Timer_1.o)
                0x00001454                Timer_1_Init
 .text.Timer_1_Start
                0x00001488       0x20 .\CortexM0p\ARM_GCC_541\Debug\Internal_Main.a(Timer_1.o)
                0x00001488                Timer_1_Start
 .text.Opamp_3_Init
                0x000014a8       0x2c .\CortexM0p\ARM_GCC_541\Debug\Internal_Main.a(Opamp_3.o)
                0x000014a8                Opamp_3_Init
 .text.Opamp_3_Enable
                0x000014d4       0x1c .\CortexM0p\ARM_GCC_541\Debug\Internal_Main.a(Opamp_3.o)
                0x000014d4                Opamp_3_Enable
 .text.Opamp_3_Start
                0x000014f0       0x20 .\CortexM0p\ARM_GCC_541\Debug\Internal_Main.a(Opamp_3.o)
                0x000014f0                Opamp_3_Start
 .text.TCPWM_1_WriteCounter
                0x00001510       0x10 .\CortexM0p\ARM_GCC_541\Debug\Internal_Main.a(TCPWM_1.o)
                0x00001510                TCPWM_1_WriteCounter
 .text.TCPWM_1_WritePeriod
                0x00001520       0x10 .\CortexM0p\ARM_GCC_541\Debug\Internal_Main.a(TCPWM_1.o)
                0x00001520                TCPWM_1_WritePeriod
 .text.TCPWM_1_TriggerCommand
                0x00001530       0x1c .\CortexM0p\ARM_GCC_541\Debug\Internal_Main.a(TCPWM_1.o)
                0x00001530                TCPWM_1_TriggerCommand
 .text.TCPWM_1_Enable
                0x0000154c       0x24 .\CortexM0p\ARM_GCC_541\Debug\Internal_Main.a(TCPWM_1.o)
                0x0000154c                TCPWM_1_Enable
 .text.TCPWM_1_SetInterruptMode
                0x00001570        0xc .\CortexM0p\ARM_GCC_541\Debug\Internal_Main.a(TCPWM_1.o)
                0x00001570                TCPWM_1_SetInterruptMode
 .text.TCPWM_1_Init
                0x0000157c       0x30 .\CortexM0p\ARM_GCC_541\Debug\Internal_Main.a(TCPWM_1.o)
                0x0000157c                TCPWM_1_Init
 .text.TCPWM_1_Start
                0x000015ac       0x20 .\CortexM0p\ARM_GCC_541\Debug\Internal_Main.a(TCPWM_1.o)
                0x000015ac                TCPWM_1_Start
 .text.TCPWM_1_ClearInterrupt
                0x000015cc        0xc .\CortexM0p\ARM_GCC_541\Debug\Internal_Main.a(TCPWM_1.o)
                0x000015cc                TCPWM_1_ClearInterrupt
 .text.isr_1_SetVector
                0x000015d8        0xc .\CortexM0p\ARM_GCC_541\Debug\Internal_Main.a(isr_1.o)
                0x000015d8                isr_1_SetVector
 .text.isr_1_SetPriority
                0x000015e4       0x24 .\CortexM0p\ARM_GCC_541\Debug\Internal_Main.a(isr_1.o)
                0x000015e4                isr_1_SetPriority
 .text.isr_1_Enable
                0x00001608       0x10 .\CortexM0p\ARM_GCC_541\Debug\Internal_Main.a(isr_1.o)
                0x00001608                isr_1_Enable
 .text.isr_1_Disable
                0x00001618       0x10 .\CortexM0p\ARM_GCC_541\Debug\Internal_Main.a(isr_1.o)
                0x00001618                isr_1_Disable
 .text.isr_1_StartEx
                0x00001628       0x1c .\CortexM0p\ARM_GCC_541\Debug\Internal_Main.a(isr_1.o)
                0x00001628                isr_1_StartEx
 *fill*         0x00001644        0x4 
 .text          0x00001648       0x20 .\CortexM0p\ARM_GCC_541\Debug\Internal_Main.a(CyBootAsmGnu.o)
                0x00001648                CyDelayCycles
                0x0000165a                CyEnterCriticalSection
                0x00001662                CyExitCriticalSection
 .text.CySysFlashSetWaitCycles
                0x00001668       0x54 .\CortexM0p\ARM_GCC_541\Debug\Internal_Main.a(CyFlash.o)
                0x00001668                CySysFlashSetWaitCycles
 .text.UART_1_SpiUartReadRxData
                0x000016bc        0xc .\CortexM0p\ARM_GCC_541\Debug\Internal_Main.a(UART_1_SPI_UART.o)
                0x000016bc                UART_1_SpiUartReadRxData
 .text.UART_1_SpiUartGetRxBufferSize
                0x000016c8       0x10 .\CortexM0p\ARM_GCC_541\Debug\Internal_Main.a(UART_1_SPI_UART.o)
                0x000016c8                UART_1_SpiUartGetRxBufferSize
 .text.UART_1_SpiUartWriteTxData
                0x000016d8       0x1c .\CortexM0p\ARM_GCC_541\Debug\Internal_Main.a(UART_1_SPI_UART.o)
                0x000016d8                UART_1_SpiUartWriteTxData
 .text          0x000016f4      0x114 c:/program files (x86)/cypress/psoc creator/4.3/psoc creator/import/gnu/arm/5.4.1/bin/../lib/gcc/arm-none-eabi/5.4.1/armv6-m\libgcc.a(_udivsi3.o)
                0x000016f4                __aeabi_uidiv
                0x000016f4                __udivsi3
                0x00001800                __aeabi_uidivmod
 .text          0x00001808      0x1d4 c:/program files (x86)/cypress/psoc creator/4.3/psoc creator/import/gnu/arm/5.4.1/bin/../lib/gcc/arm-none-eabi/5.4.1/armv6-m\libgcc.a(_divsi3.o)
                0x00001808                __divsi3
                0x00001808                __aeabi_idiv
                0x000019d4                __aeabi_idivmod
 .text          0x000019dc        0x4 c:/program files (x86)/cypress/psoc creator/4.3/psoc creator/import/gnu/arm/5.4.1/bin/../lib/gcc/arm-none-eabi/5.4.1/armv6-m\libgcc.a(_dvmd_tls.o)
                0x000019dc                __aeabi_idiv0
                0x000019dc                __aeabi_ldiv0
 .text          0x000019e0      0x234 c:/program files (x86)/cypress/psoc creator/4.3/psoc creator/import/gnu/arm/5.4.1/bin/../lib/gcc/arm-none-eabi/5.4.1/armv6-m\libgcc.a(divsf3.o)
                0x000019e0                __aeabi_fdiv
 .text          0x00001c14      0x30c c:/program files (x86)/cypress/psoc creator/4.3/psoc creator/import/gnu/arm/5.4.1/bin/../lib/gcc/arm-none-eabi/5.4.1/armv6-m\libgcc.a(subsf3.o)
                0x00001c14                __aeabi_fsub
 .text          0x00001f20       0x90 c:/program files (x86)/cypress/psoc creator/4.3/psoc creator/import/gnu/arm/5.4.1/bin/../lib/gcc/arm-none-eabi/5.4.1/armv6-m\libgcc.a(floatsisf.o)
                0x00001f20                __aeabi_i2f
 .text          0x00001fb0       0xa8 c:/program files (x86)/cypress/psoc creator/4.3/psoc creator/import/gnu/arm/5.4.1/bin/../lib/gcc/arm-none-eabi/5.4.1/armv6-m\libgcc.a(extendsfdf2.o)
                0x00001fb0                __aeabi_f2d
 .text          0x00002058       0x3c c:/program files (x86)/cypress/psoc creator/4.3/psoc creator/import/gnu/arm/5.4.1/bin/../lib/gcc/arm-none-eabi/5.4.1/armv6-m\libgcc.a(_clzsi2.o)
                0x00002058                __clzsi2
 .text.__errno  0x00002094        0xc c:/program files (x86)/cypress/psoc creator/4.3/psoc creator/import/gnu/arm/5.4.1/bin/../lib/gcc/arm-none-eabi/5.4.1/../../../../arm-none-eabi/lib/armv6-m\libg_nano.a(lib_a-errno.o)
                0x00002094                __errno
 .text.__libc_init_array
                0x000020a0       0x4c c:/program files (x86)/cypress/psoc creator/4.3/psoc creator/import/gnu/arm/5.4.1/bin/../lib/gcc/arm-none-eabi/5.4.1/../../../../arm-none-eabi/lib/armv6-m\libg_nano.a(lib_a-init.o)
                0x000020a0                __libc_init_array
 .text.memcpy   0x000020ec       0x12 c:/program files (x86)/cypress/psoc creator/4.3/psoc creator/import/gnu/arm/5.4.1/bin/../lib/gcc/arm-none-eabi/5.4.1/../../../../arm-none-eabi/lib/armv6-m\libg_nano.a(lib_a-memcpy-stub.o)
                0x000020ec                memcpy
 .text.memset   0x000020fe       0x10 c:/program files (x86)/cypress/psoc creator/4.3/psoc creator/import/gnu/arm/5.4.1/bin/../lib/gcc/arm-none-eabi/5.4.1/../../../../arm-none-eabi/lib/armv6-m\libg_nano.a(lib_a-memset.o)
                0x000020fe                memset
 .text.__cvt    0x0000210e       0xca c:/program files (x86)/cypress/psoc creator/4.3/psoc creator/import/gnu/arm/5.4.1/bin/../lib/gcc/arm-none-eabi/5.4.1/../../../../arm-none-eabi/lib/armv6-m\libg_nano.a(lib_a-nano-vfprintf_float.o)
                0x0000210e                __cvt
 .text.__exponent
                0x000021d8       0x62 c:/program files (x86)/cypress/psoc creator/4.3/psoc creator/import/gnu/arm/5.4.1/bin/../lib/gcc/arm-none-eabi/5.4.1/../../../../arm-none-eabi/lib/armv6-m\libg_nano.a(lib_a-nano-vfprintf_float.o)
                0x000021d8                __exponent
 *fill*         0x0000223a        0x2 
 .text._printf_float
                0x0000223c      0x4a0 c:/program files (x86)/cypress/psoc creator/4.3/psoc creator/import/gnu/arm/5.4.1/bin/../lib/gcc/arm-none-eabi/5.4.1/../../../../arm-none-eabi/lib/armv6-m\libg_nano.a(lib_a-nano-vfprintf_float.o)
                0x0000223c                _printf_float
 .text._printf_common
                0x000026dc       0xdc c:/program files (x86)/cypress/psoc creator/4.3/psoc creator/import/gnu/arm/5.4.1/bin/../lib/gcc/arm-none-eabi/5.4.1/../../../../arm-none-eabi/lib/armv6-m\libg_nano.a(lib_a-nano-vfprintf_i.o)
                0x000026dc                _printf_common
 .text._printf_i
                0x000027b8      0x244 c:/program files (x86)/cypress/psoc creator/4.3/psoc creator/import/gnu/arm/5.4.1/bin/../lib/gcc/arm-none-eabi/5.4.1/../../../../arm-none-eabi/lib/armv6-m\libg_nano.a(lib_a-nano-vfprintf_i.o)
                0x000027b8                _printf_i
 .text.sprintf  0x000029fc       0x44 c:/program files (x86)/cypress/psoc creator/4.3/psoc creator/import/gnu/arm/5.4.1/bin/../lib/gcc/arm-none-eabi/5.4.1/../../../../arm-none-eabi/lib/armv6-m\libg_nano.a(lib_a-sprintf.o)
                0x000029fc                siprintf
                0x000029fc                sprintf
 .text          0x00002a40        0xe c:/program files (x86)/cypress/psoc creator/4.3/psoc creator/import/gnu/arm/5.4.1/bin/../lib/gcc/arm-none-eabi/5.4.1/../../../../arm-none-eabi/lib/armv6-m\libg_nano.a(lib_a-strlen.o)
                0x00002a40                strlen
 .text.quorem   0x00002a4e      0x10c c:/program files (x86)/cypress/psoc creator/4.3/psoc creator/import/gnu/arm/5.4.1/bin/../lib/gcc/arm-none-eabi/5.4.1/../../../../arm-none-eabi/lib/armv6-m\libg_nano.a(lib_a-dtoa.o)
 *fill*         0x00002b5a        0x2 
 .text._dtoa_r  0x00002b5c      0xb8c c:/program files (x86)/cypress/psoc creator/4.3/psoc creator/import/gnu/arm/5.4.1/bin/../lib/gcc/arm-none-eabi/5.4.1/../../../../arm-none-eabi/lib/armv6-m\libg_nano.a(lib_a-dtoa.o)
                0x00002b5c                _dtoa_r
 .text._localeconv_r
                0x000036e8        0x8 c:/program files (x86)/cypress/psoc creator/4.3/psoc creator/import/gnu/arm/5.4.1/bin/../lib/gcc/arm-none-eabi/5.4.1/../../../../arm-none-eabi/lib/armv6-m\libg_nano.a(lib_a-locale.o)
                0x000036e8                _localeconv_r
 .text.malloc   0x000036f0       0x14 c:/program files (x86)/cypress/psoc creator/4.3/psoc creator/import/gnu/arm/5.4.1/bin/../lib/gcc/arm-none-eabi/5.4.1/../../../../arm-none-eabi/lib/armv6-m\libg_nano.a(lib_a-malloc.o)
                0x000036f0                malloc
 .text.memchr   0x00003704       0x16 c:/program files (x86)/cypress/psoc creator/4.3/psoc creator/import/gnu/arm/5.4.1/bin/../lib/gcc/arm-none-eabi/5.4.1/../../../../arm-none-eabi/lib/armv6-m\libg_nano.a(lib_a-memchr-stub.o)
                0x00003704                memchr
 .text._Balloc  0x0000371a       0x70 c:/program files (x86)/cypress/psoc creator/4.3/psoc creator/import/gnu/arm/5.4.1/bin/../lib/gcc/arm-none-eabi/5.4.1/../../../../arm-none-eabi/lib/armv6-m\libg_nano.a(lib_a-mprec.o)
                0x0000371a                _Balloc
 .text._Bfree   0x0000378a       0x32 c:/program files (x86)/cypress/psoc creator/4.3/psoc creator/import/gnu/arm/5.4.1/bin/../lib/gcc/arm-none-eabi/5.4.1/../../../../arm-none-eabi/lib/armv6-m\libg_nano.a(lib_a-mprec.o)
                0x0000378a                _Bfree
 .text.__multadd
                0x000037bc       0x7a c:/program files (x86)/cypress/psoc creator/4.3/psoc creator/import/gnu/arm/5.4.1/bin/../lib/gcc/arm-none-eabi/5.4.1/../../../../arm-none-eabi/lib/armv6-m\libg_nano.a(lib_a-mprec.o)
                0x000037bc                __multadd
 .text.__hi0bits
                0x00003836       0x36 c:/program files (x86)/cypress/psoc creator/4.3/psoc creator/import/gnu/arm/5.4.1/bin/../lib/gcc/arm-none-eabi/5.4.1/../../../../arm-none-eabi/lib/armv6-m\libg_nano.a(lib_a-mprec.o)
                0x00003836                __hi0bits
 .text.__lo0bits
                0x0000386c       0x5e c:/program files (x86)/cypress/psoc creator/4.3/psoc creator/import/gnu/arm/5.4.1/bin/../lib/gcc/arm-none-eabi/5.4.1/../../../../arm-none-eabi/lib/armv6-m\libg_nano.a(lib_a-mprec.o)
                0x0000386c                __lo0bits
 .text.__i2b    0x000038ca       0x12 c:/program files (x86)/cypress/psoc creator/4.3/psoc creator/import/gnu/arm/5.4.1/bin/../lib/gcc/arm-none-eabi/5.4.1/../../../../arm-none-eabi/lib/armv6-m\libg_nano.a(lib_a-mprec.o)
                0x000038ca                __i2b
 .text.__multiply
                0x000038dc      0x112 c:/program files (x86)/cypress/psoc creator/4.3/psoc creator/import/gnu/arm/5.4.1/bin/../lib/gcc/arm-none-eabi/5.4.1/../../../../arm-none-eabi/lib/armv6-m\libg_nano.a(lib_a-mprec.o)
                0x000038dc                __multiply
 *fill*         0x000039ee        0x2 
 .text.__pow5mult
                0x000039f0       0xa8 c:/program files (x86)/cypress/psoc creator/4.3/psoc creator/import/gnu/arm/5.4.1/bin/../lib/gcc/arm-none-eabi/5.4.1/../../../../arm-none-eabi/lib/armv6-m\libg_nano.a(lib_a-mprec.o)
                0x000039f0                __pow5mult
 .text.__lshift
                0x00003a98       0xa4 c:/program files (x86)/cypress/psoc creator/4.3/psoc creator/import/gnu/arm/5.4.1/bin/../lib/gcc/arm-none-eabi/5.4.1/../../../../arm-none-eabi/lib/armv6-m\libg_nano.a(lib_a-mprec.o)
                0x00003a98                __lshift
 .text.__mcmp   0x00003b3c       0x36 c:/program files (x86)/cypress/psoc creator/4.3/psoc creator/import/gnu/arm/5.4.1/bin/../lib/gcc/arm-none-eabi/5.4.1/../../../../arm-none-eabi/lib/armv6-m\libg_nano.a(lib_a-mprec.o)
                0x00003b3c                __mcmp
 .text.__mdiff  0x00003b72       0xd6 c:/program files (x86)/cypress/psoc creator/4.3/psoc creator/import/gnu/arm/5.4.1/bin/../lib/gcc/arm-none-eabi/5.4.1/../../../../arm-none-eabi/lib/armv6-m\libg_nano.a(lib_a-mprec.o)
                0x00003b72                __mdiff
 .text.__d2b    0x00003c48       0xa8 c:/program files (x86)/cypress/psoc creator/4.3/psoc creator/import/gnu/arm/5.4.1/bin/../lib/gcc/arm-none-eabi/5.4.1/../../../../arm-none-eabi/lib/armv6-m\libg_nano.a(lib_a-mprec.o)
                0x00003c48                __d2b
 .text._calloc_r
                0x00003cf0       0x1c c:/program files (x86)/cypress/psoc creator/4.3/psoc creator/import/gnu/arm/5.4.1/bin/../lib/gcc/arm-none-eabi/5.4.1/../../../../arm-none-eabi/lib/armv6-m\libg_nano.a(lib_a-nano-callocr.o)
                0x00003cf0                _calloc_r
 .text._free_r  0x00003d0c       0x98 c:/program files (x86)/cypress/psoc creator/4.3/psoc creator/import/gnu/arm/5.4.1/bin/../lib/gcc/arm-none-eabi/5.4.1/../../../../arm-none-eabi/lib/armv6-m\libg_nano.a(lib_a-nano-freer.o)
                0x00003d0c                _free_r
 .text._malloc_r
                0x00003da4       0xc0 c:/program files (x86)/cypress/psoc creator/4.3/psoc creator/import/gnu/arm/5.4.1/bin/../lib/gcc/arm-none-eabi/5.4.1/../../../../arm-none-eabi/lib/armv6-m\libg_nano.a(lib_a-nano-mallocr.o)
                0x00003da4                _malloc_r
 .text.__ssputs_r
                0x00003e64       0xc4 c:/program files (x86)/cypress/psoc creator/4.3/psoc creator/import/gnu/arm/5.4.1/bin/../lib/gcc/arm-none-eabi/5.4.1/../../../../arm-none-eabi/lib/armv6-m\libg_nano.a(lib_a-nano-svfprintf.o)
                0x00003e64                __ssputs_r
 .text._svfprintf_r
                0x00003f28      0x1fc c:/program files (x86)/cypress/psoc creator/4.3/psoc creator/import/gnu/arm/5.4.1/bin/../lib/gcc/arm-none-eabi/5.4.1/../../../../arm-none-eabi/lib/armv6-m\libg_nano.a(lib_a-nano-svfprintf.o)
                0x00003f28                _svfiprintf_r
                0x00003f28                _svfprintf_r
 .text._sbrk_r  0x00004124       0x24 c:/program files (x86)/cypress/psoc creator/4.3/psoc creator/import/gnu/arm/5.4.1/bin/../lib/gcc/arm-none-eabi/5.4.1/../../../../arm-none-eabi/lib/armv6-m\libg_nano.a(lib_a-sbrkr.o)
                0x00004124                _sbrk_r
 .text.memmove  0x00004148       0x2a c:/program files (x86)/cypress/psoc creator/4.3/psoc creator/import/gnu/arm/5.4.1/bin/../lib/gcc/arm-none-eabi/5.4.1/../../../../arm-none-eabi/lib/armv6-m\libg_nano.a(lib_a-memmove.o)
                0x00004148                memmove
 .text.__malloc_lock
                0x00004172        0x2 c:/program files (x86)/cypress/psoc creator/4.3/psoc creator/import/gnu/arm/5.4.1/bin/../lib/gcc/arm-none-eabi/5.4.1/../../../../arm-none-eabi/lib/armv6-m\libg_nano.a(lib_a-mlock.o)
                0x00004172                __malloc_lock
 .text.__malloc_unlock
                0x00004174        0x2 c:/program files (x86)/cypress/psoc creator/4.3/psoc creator/import/gnu/arm/5.4.1/bin/../lib/gcc/arm-none-eabi/5.4.1/../../../../arm-none-eabi/lib/armv6-m\libg_nano.a(lib_a-mlock.o)
                0x00004174                __malloc_unlock
 .text._realloc_r
                0x00004176       0x4c c:/program files (x86)/cypress/psoc creator/4.3/psoc creator/import/gnu/arm/5.4.1/bin/../lib/gcc/arm-none-eabi/5.4.1/../../../../arm-none-eabi/lib/armv6-m\libg_nano.a(lib_a-nano-reallocr.o)
                0x00004176                _realloc_r
 .text._malloc_usable_size_r
                0x000041c2       0x16 c:/program files (x86)/cypress/psoc creator/4.3/psoc creator/import/gnu/arm/5.4.1/bin/../lib/gcc/arm-none-eabi/5.4.1/../../../../arm-none-eabi/lib/armv6-m\libg_nano.a(lib_a-nano-msizer.o)
                0x000041c2                _malloc_usable_size_r
 .text          0x000041d8       0x14 c:/program files (x86)/cypress/psoc creator/4.3/psoc creator/import/gnu/arm/5.4.1/bin/../lib/gcc/arm-none-eabi/5.4.1/armv6-m\libgcc.a(_thumb1_case_uqi.o)
                0x000041d8                __gnu_thumb1_case_uqi
 .text          0x000041ec       0x7c c:/program files (x86)/cypress/psoc creator/4.3/psoc creator/import/gnu/arm/5.4.1/bin/../lib/gcc/arm-none-eabi/5.4.1/armv6-m\libgcc.a(_arm_cmpdf2.o)
                0x000041ec                __aeabi_cdrcmple
                0x000041fc                __aeabi_cdcmple
                0x000041fc                __aeabi_cdcmpeq
                0x0000420c                __aeabi_dcmpeq
                0x00004218                __aeabi_dcmplt
                0x0000422c                __aeabi_dcmple
                0x00004240                __aeabi_dcmpgt
                0x00004254                __aeabi_dcmpge
 .text          0x00004268      0x658 c:/program files (x86)/cypress/psoc creator/4.3/psoc creator/import/gnu/arm/5.4.1/bin/../lib/gcc/arm-none-eabi/5.4.1/armv6-m\libgcc.a(adddf3.o)
                0x00004268                __aeabi_dadd
 .text          0x000048c0      0x62c c:/program files (x86)/cypress/psoc creator/4.3/psoc creator/import/gnu/arm/5.4.1/bin/../lib/gcc/arm-none-eabi/5.4.1/armv6-m\libgcc.a(divdf3.o)
                0x000048c0                __aeabi_ddiv
 .text          0x00004eec       0x80 c:/program files (x86)/cypress/psoc creator/4.3/psoc creator/import/gnu/arm/5.4.1/bin/../lib/gcc/arm-none-eabi/5.4.1/armv6-m\libgcc.a(eqdf2.o)
                0x00004eec                __nedf2
                0x00004eec                __eqdf2
 .text          0x00004f6c       0xc8 c:/program files (x86)/cypress/psoc creator/4.3/psoc creator/import/gnu/arm/5.4.1/bin/../lib/gcc/arm-none-eabi/5.4.1/armv6-m\libgcc.a(gedf2.o)
                0x00004f6c                __gedf2
                0x00004f6c                __gtdf2
 .text          0x00005034       0xd4 c:/program files (x86)/cypress/psoc creator/4.3/psoc creator/import/gnu/arm/5.4.1/bin/../lib/gcc/arm-none-eabi/5.4.1/armv6-m\libgcc.a(ledf2.o)
                0x00005034                __ledf2
                0x00005034                __ltdf2
 .text          0x00005108      0x4f4 c:/program files (x86)/cypress/psoc creator/4.3/psoc creator/import/gnu/arm/5.4.1/bin/../lib/gcc/arm-none-eabi/5.4.1/armv6-m\libgcc.a(muldf3.o)
                0x00005108                __aeabi_dmul
 .text          0x000055fc      0x6a8 c:/program files (x86)/cypress/psoc creator/4.3/psoc creator/import/gnu/arm/5.4.1/bin/../lib/gcc/arm-none-eabi/5.4.1/armv6-m\libgcc.a(subdf3.o)
                0x000055fc                __aeabi_dsub
 .text          0x00005ca4       0x40 c:/program files (x86)/cypress/psoc creator/4.3/psoc creator/import/gnu/arm/5.4.1/bin/../lib/gcc/arm-none-eabi/5.4.1/armv6-m\libgcc.a(unorddf2.o)
                0x00005ca4                __aeabi_dcmpun
 .text          0x00005ce4       0x6c c:/program files (x86)/cypress/psoc creator/4.3/psoc creator/import/gnu/arm/5.4.1/bin/../lib/gcc/arm-none-eabi/5.4.1/armv6-m\libgcc.a(fixdfsi.o)
                0x00005ce4                __aeabi_d2iz
 .text          0x00005d50       0x84 c:/program files (x86)/cypress/psoc creator/4.3/psoc creator/import/gnu/arm/5.4.1/bin/../lib/gcc/arm-none-eabi/5.4.1/armv6-m\libgcc.a(floatsidf.o)
                0x00005d50                __aeabi_i2d
 .text          0x00005dd4       0x70 c:/program files (x86)/cypress/psoc creator/4.3/psoc creator/import/gnu/arm/5.4.1/bin/../lib/gcc/arm-none-eabi/5.4.1/armv6-m\libgcc.a(floatunsidf.o)
                0x00005dd4                __aeabi_ui2d
 *(.plt)
 *(.gnu.warning)
 *(.glue_7t)
 .glue_7t       0x00005e44        0x0 linker stubs
 *(.glue_7)
 .glue_7        0x00005e44        0x0 linker stubs
 *(.vfp11_veneer)
 .vfp11_veneer  0x00005e44        0x0 linker stubs
 *(.bootloader)
 *(.ARM.extab* .gnu.linkonce.armextab.*)
 *(.gcc_except_table)

.v4_bx          0x00005e44        0x0
 .v4_bx         0x00005e44        0x0 linker stubs

.iplt           0x00005e44        0x0
 .iplt          0x00005e44        0x0 c:/program files (x86)/cypress/psoc creator/4.3/psoc creator/import/gnu/arm/5.4.1/bin/../lib/gcc/arm-none-eabi/5.4.1/armv6-m/crtbegin.o

.eh_frame_hdr
 *(.eh_frame_hdr)

.eh_frame       0x00005e44        0x4
 *(.eh_frame)
 .eh_frame      0x00005e44        0x0 c:/program files (x86)/cypress/psoc creator/4.3/psoc creator/import/gnu/arm/5.4.1/bin/../lib/gcc/arm-none-eabi/5.4.1/armv6-m/crtbegin.o
 .eh_frame      0x00005e44        0x4 c:/program files (x86)/cypress/psoc creator/4.3/psoc creator/import/gnu/arm/5.4.1/bin/../lib/gcc/arm-none-eabi/5.4.1/armv6-m/crtend.o
                [!provide]                PROVIDE (__exidx_start, .)

.ARM.exidx
 *(.ARM.exidx* .gnu.linkonce.armexidx.*)
                0x00005e48                __exidx_end = .

.rodata         0x00005e48      0x570
 *(.rodata .rodata.* .gnu.linkonce.r.*)
 .rodata.str1.4
                0x00005e48      0x240 .\CortexM0p\ARM_GCC_541\Debug\main.o
                                0x241 (size before relaxing)
 .rodata        0x00006088        0xc .\CortexM0p\ARM_GCC_541\Debug\Internal_Main.a(ADC_1.o)
 .rodata        0x00006094       0x44 .\CortexM0p\ARM_GCC_541\Debug\Internal_Main.a(ADC_1_INIT.o)
                0x00006094                ADC_1_InputsPlacement
                0x000060a0                ADC_1_allConfigs
 .rodata        0x000060d8       0x48 .\CortexM0p\ARM_GCC_541\Debug\Internal_Main.a(PGA_1.o)
                0x000060d8                PGA_1_compTab
 .rodata        0x00006120       0x80 c:/program files (x86)/cypress/psoc creator/4.3/psoc creator/import/gnu/arm/5.4.1/bin/../lib/gcc/arm-none-eabi/5.4.1/armv6-m\libgcc.a(divsf3.o)
 .rodata.str1.1
                0x000061a0        0x2 c:/program files (x86)/cypress/psoc creator/4.3/psoc creator/import/gnu/arm/5.4.1/bin/../lib/gcc/arm-none-eabi/5.4.1/../../../../arm-none-eabi/lib/armv6-m\libg_nano.a(lib_a-impure.o)
 .rodata.str1.1
                0x000061a2       0x12 c:/program files (x86)/cypress/psoc creator/4.3/psoc creator/import/gnu/arm/5.4.1/bin/../lib/gcc/arm-none-eabi/5.4.1/../../../../arm-none-eabi/lib/armv6-m\libg_nano.a(lib_a-nano-vfprintf_float.o)
 .rodata.str1.1
                0x000061b4       0x22 c:/program files (x86)/cypress/psoc creator/4.3/psoc creator/import/gnu/arm/5.4.1/bin/../lib/gcc/arm-none-eabi/5.4.1/../../../../arm-none-eabi/lib/armv6-m\libg_nano.a(lib_a-nano-vfprintf_i.o)
 .rodata.str1.1
                0x000061d6        0xd c:/program files (x86)/cypress/psoc creator/4.3/psoc creator/import/gnu/arm/5.4.1/bin/../lib/gcc/arm-none-eabi/5.4.1/../../../../arm-none-eabi/lib/armv6-m\libg_nano.a(lib_a-dtoa.o)
                                  0xf (size before relaxing)
 .rodata.str1.1
                0x000061e3        0x8 c:/program files (x86)/cypress/psoc creator/4.3/psoc creator/import/gnu/arm/5.4.1/bin/../lib/gcc/arm-none-eabi/5.4.1/../../../../arm-none-eabi/lib/armv6-m\libg_nano.a(lib_a-locale.o)
                                  0xb (size before relaxing)
 *fill*         0x000061eb        0x5 
 .rodata.__mprec_tens
                0x000061f0       0xc8 c:/program files (x86)/cypress/psoc creator/4.3/psoc creator/import/gnu/arm/5.4.1/bin/../lib/gcc/arm-none-eabi/5.4.1/../../../../arm-none-eabi/lib/armv6-m\libg_nano.a(lib_a-mprec.o)
                0x000061f0                __mprec_tens
 .rodata.p05.5408
                0x000062b8        0xc c:/program files (x86)/cypress/psoc creator/4.3/psoc creator/import/gnu/arm/5.4.1/bin/../lib/gcc/arm-none-eabi/5.4.1/../../../../arm-none-eabi/lib/armv6-m\libg_nano.a(lib_a-mprec.o)
 *fill*         0x000062c4        0x4 
 .rodata.__mprec_bigtens
                0x000062c8       0x28 c:/program files (x86)/cypress/psoc creator/4.3/psoc creator/import/gnu/arm/5.4.1/bin/../lib/gcc/arm-none-eabi/5.4.1/../../../../arm-none-eabi/lib/armv6-m\libg_nano.a(lib_a-mprec.o)
                0x000062c8                __mprec_bigtens
 .rodata.str1.1
                0x000062f0       0x11 c:/program files (x86)/cypress/psoc creator/4.3/psoc creator/import/gnu/arm/5.4.1/bin/../lib/gcc/arm-none-eabi/5.4.1/../../../../arm-none-eabi/lib/armv6-m\libg_nano.a(lib_a-nano-svfprintf.o)
 *fill*         0x00006301        0x3 
 .rodata        0x00006304       0x40 c:/program files (x86)/cypress/psoc creator/4.3/psoc creator/import/gnu/arm/5.4.1/bin/../lib/gcc/arm-none-eabi/5.4.1/armv6-m\libgcc.a(divdf3.o)
 .rodata        0x00006344       0x40 c:/program files (x86)/cypress/psoc creator/4.3/psoc creator/import/gnu/arm/5.4.1/bin/../lib/gcc/arm-none-eabi/5.4.1/armv6-m\libgcc.a(muldf3.o)
                0x00006384                . = ALIGN (0x4)
 *(.init)
 .init          0x00006384        0x4 c:/program files (x86)/cypress/psoc creator/4.3/psoc creator/import/gnu/arm/5.4.1/bin/../lib/gcc/arm-none-eabi/5.4.1/armv6-m/crti.o
                0x00006384                _init
 .init          0x00006388        0x8 c:/program files (x86)/cypress/psoc creator/4.3/psoc creator/import/gnu/arm/5.4.1/bin/../lib/gcc/arm-none-eabi/5.4.1/armv6-m/crtn.o
                0x00006390                . = ALIGN (0x4)
                0x00006390                __preinit_array_start = .
 *(.preinit_array)
                0x00006390                __preinit_array_end = .
                0x00006390                . = ALIGN (0x4)
                0x00006390                __init_array_start = .
 *(SORT(.init_array.*))
 *(.init_array)
 .init_array    0x00006390        0x4 c:/program files (x86)/cypress/psoc creator/4.3/psoc creator/import/gnu/arm/5.4.1/bin/../lib/gcc/arm-none-eabi/5.4.1/armv6-m/crtbegin.o
 .init_array    0x00006394        0x4 .\CortexM0p\ARM_GCC_541\Debug\Cm0plusStart.o
                0x00006398                __init_array_end = .
                0x00006398                . = ALIGN (0x4)
 *(.fini)
 .fini          0x00006398        0x4 c:/program files (x86)/cypress/psoc creator/4.3/psoc creator/import/gnu/arm/5.4.1/bin/../lib/gcc/arm-none-eabi/5.4.1/armv6-m/crti.o
                0x00006398                _fini
 .fini          0x0000639c        0x8 c:/program files (x86)/cypress/psoc creator/4.3/psoc creator/import/gnu/arm/5.4.1/bin/../lib/gcc/arm-none-eabi/5.4.1/armv6-m/crtn.o
                0x000063a4                . = ALIGN (0x4)
                0x000063a4                __fini_array_start = .
 *(.fini_array)
 .fini_array    0x000063a4        0x4 c:/program files (x86)/cypress/psoc creator/4.3/psoc creator/import/gnu/arm/5.4.1/bin/../lib/gcc/arm-none-eabi/5.4.1/armv6-m/crtbegin.o
 *(SORT(.fini_array.*))
                0x000063a8                __fini_array_end = .
                0x000063a8                . = ALIGN (0x4)
 *crtbegin.o(.ctors)
 *(EXCLUDE_FILE(*crtend.o) .ctors)
 *(SORT(.ctors.*))
 *crtend.o(.ctors)
                0x000063a8                . = ALIGN (0x4)
 *crtbegin.o(.dtors)
 *(EXCLUDE_FILE(*crtend.o) .dtors)
 *(SORT(.dtors.*))
 *crtend.o(.dtors)
                0x000063a8                . = ALIGN (0x4)
                0x000063a8                __cy_regions = .
                0x000063a8        0x4 LONG 0x63b8 __cy_region_init_ram
                0x000063ac        0x4 LONG 0x200000a8 __cy_region_start_data
                0x000063b0        0x4 LONG 0xc0 __cy_region_init_size_ram
                0x000063b4        0x4 LONG 0xa0 __cy_region_zero_size_ram
                0x000063b8                __cy_regions_end = .
                0x000063b8                . = ALIGN (0x8)
                0x000063b8                _etext = .

.cy_checksum_exclude
                0x000063b8        0x0
 *(.cy_checksum_exclude)

.ramvectors     0x20000000       0xa4
                0x20000000                __cy_region_start_ram = .
 *(.ramvectors)
 .ramvectors    0x20000000       0xa4 .\CortexM0p\ARM_GCC_541\Debug\Cm0plusStart.o
                0x20000000                CyRamVectors

.noinit
 *(.noinit)

.data           0x200000a8       0xc0 load address 0x000063b8
                0x200000a8                __cy_region_start_data = .
 *(.jcr)
 .jcr           0x200000a8        0x0 c:/program files (x86)/cypress/psoc creator/4.3/psoc creator/import/gnu/arm/5.4.1/bin/../lib/gcc/arm-none-eabi/5.4.1/armv6-m/crtbegin.o
 .jcr           0x200000a8        0x4 c:/program files (x86)/cypress/psoc creator/4.3/psoc creator/import/gnu/arm/5.4.1/bin/../lib/gcc/arm-none-eabi/5.4.1/armv6-m/crtend.o
 *(.got.plt)
 *(.got)
 *(.shdata)
 *(.data .data.* .gnu.linkonce.d.*)
 .data          0x200000ac        0x4 .\CortexM0p\ARM_GCC_541\Debug\Cm0plusStart.o
 .data          0x200000b0        0x1 .\CortexM0p\ARM_GCC_541\Debug\Internal_Main.a(AMux_1.o)
 *fill*         0x200000b1        0x3 
 .data          0x200000b4       0x14 .\CortexM0p\ARM_GCC_541\Debug\Internal_Main.a(CyLib.o)
                0x200000b4                CySysClkPumpConfig
                0x200000b8                cydelay32kMs
                0x200000bc                cydelayFreqKhz
                0x200000c0                cydelayFreqMhz
                0x200000c4                cydelayFreqHz
 .data          0x200000c8        0x4 .\CortexM0p\ARM_GCC_541\Debug\Internal_Main.a(CyLFClk.o)
 .data.impure_data
                0x200000cc       0x60 c:/program files (x86)/cypress/psoc creator/4.3/psoc creator/import/gnu/arm/5.4.1/bin/../lib/gcc/arm-none-eabi/5.4.1/../../../../arm-none-eabi/lib/armv6-m\libg_nano.a(lib_a-impure.o)
 .data._impure_ptr
                0x2000012c        0x4 c:/program files (x86)/cypress/psoc creator/4.3/psoc creator/import/gnu/arm/5.4.1/bin/../lib/gcc/arm-none-eabi/5.4.1/../../../../arm-none-eabi/lib/armv6-m\libg_nano.a(lib_a-impure.o)
                0x2000012c                _impure_ptr
 .data.lconv    0x20000130       0x38 c:/program files (x86)/cypress/psoc creator/4.3/psoc creator/import/gnu/arm/5.4.1/bin/../lib/gcc/arm-none-eabi/5.4.1/../../../../arm-none-eabi/lib/armv6-m\libg_nano.a(lib_a-locale.o)
                0x20000168                . = ALIGN (0x8)
 *(.ram)
                0x20000168                _edata = .

.igot.plt       0x20000168        0x0 load address 0x00006478
 .igot.plt      0x20000168        0x0 c:/program files (x86)/cypress/psoc creator/4.3/psoc creator/import/gnu/arm/5.4.1/bin/../lib/gcc/arm-none-eabi/5.4.1/armv6-m/crtbegin.o

.bss            0x20000168       0xa0 load address 0x00006478
                0x20000168                PROVIDE (__bss_start__, .)
 *(.shbss)
 *(.bss .bss.* .gnu.linkonce.b.*)
 .bss           0x20000168       0x1c c:/program files (x86)/cypress/psoc creator/4.3/psoc creator/import/gnu/arm/5.4.1/bin/../lib/gcc/arm-none-eabi/5.4.1/armv6-m/crtbegin.o
 .bss           0x20000184       0x18 .\CortexM0p\ARM_GCC_541\Debug\main.o
 .bss           0x2000019c        0x6 .\CortexM0p\ARM_GCC_541\Debug\Internal_Main.a(ADC_1.o)
                0x200001a0                ADC_1_initVar
                0x200001a1                ADC_1_selected
 .bss           0x200001a2        0x1 .\CortexM0p\ARM_GCC_541\Debug\Internal_Main.a(PVref_1.o)
                0x200001a2                PVref_1_initVar
 *fill*         0x200001a3        0x1 
 .bss           0x200001a4        0x5 .\CortexM0p\ARM_GCC_541\Debug\Internal_Main.a(PGA_1.o)
                0x200001a4                PGA_1_internalGainPower
                0x200001a8                PGA_1_initVar
 *fill*         0x200001a9        0x3 
 .bss           0x200001ac        0x5 .\CortexM0p\ARM_GCC_541\Debug\Internal_Main.a(Opamp_1.o)
                0x200001b0                Opamp_1_initVar
 *fill*         0x200001b1        0x3 
 .bss           0x200001b4        0x5 .\CortexM0p\ARM_GCC_541\Debug\Internal_Main.a(Opamp_2.o)
                0x200001b8                Opamp_2_initVar
 *fill*         0x200001b9        0x3 
 .bss           0x200001bc       0x18 .\CortexM0p\ARM_GCC_541\Debug\Internal_Main.a(CyLFClk.o)
 .bss           0x200001d4        0x4 .\CortexM0p\ARM_GCC_541\Debug\Internal_Main.a(UART_1.o)
                0x200001d4                UART_1_initVar
                0x200001d6                UART_1_IntrTxMask
 .bss           0x200001d8        0x1 .\CortexM0p\ARM_GCC_541\Debug\Internal_Main.a(Timer_1.o)
                0x200001d8                Timer_1_initVar
 *fill*         0x200001d9        0x3 
 .bss           0x200001dc        0x5 .\CortexM0p\ARM_GCC_541\Debug\Internal_Main.a(Opamp_3.o)
                0x200001e0                Opamp_3_initVar
 .bss           0x200001e1        0x1 .\CortexM0p\ARM_GCC_541\Debug\Internal_Main.a(TCPWM_1.o)
                0x200001e1                TCPWM_1_initVar
 *fill*         0x200001e2        0x2 
 .bss.__malloc_sbrk_start
                0x200001e4        0x4 c:/program files (x86)/cypress/psoc creator/4.3/psoc creator/import/gnu/arm/5.4.1/bin/../lib/gcc/arm-none-eabi/5.4.1/../../../../arm-none-eabi/lib/armv6-m\libg_nano.a(lib_a-nano-mallocr.o)
                0x200001e4                __malloc_sbrk_start
 .bss.__malloc_free_list
                0x200001e8        0x4 c:/program files (x86)/cypress/psoc creator/4.3/psoc creator/import/gnu/arm/5.4.1/bin/../lib/gcc/arm-none-eabi/5.4.1/../../../../arm-none-eabi/lib/armv6-m\libg_nano.a(lib_a-nano-mallocr.o)
                0x200001e8                __malloc_free_list
 *(COMMON)
 COMMON         0x200001ec        0x4 .\CortexM0p\ARM_GCC_541\Debug\main.o
                0x200001ec                startFlag
 COMMON         0x200001f0       0x14 .\CortexM0p\ARM_GCC_541\Debug\Internal_Main.a(ADC_1.o)
                0x200001f0                ADC_1_offset
                0x200001f8                ADC_1_countsPer10Volt
 COMMON         0x20000204        0x4 c:/program files (x86)/cypress/psoc creator/4.3/psoc creator/import/gnu/arm/5.4.1/bin/../lib/gcc/arm-none-eabi/5.4.1/../../../../arm-none-eabi/lib/armv6-m\libg_nano.a(lib_a-reent.o)
                0x20000204                errno
                0x20000208                . = ALIGN (0x8)
 *(.ram.b)
                0x20000208                _end = .
                0x20000208                __end = .
                0x20000208                PROVIDE (end, .)
                0x20000208                PROVIDE (__bss_end__, .)
                0x000063b8                __cy_region_init_ram = LOADADDR (.data)
                0x000000c0                __cy_region_init_size_ram = (_edata - ADDR (.data))
                0x000000a0                __cy_region_zero_size_ram = (_end - _edata)

.heap           0x20000208      0x200 load address 0x00006478
                0x20000208                . = _end
                0x20000408                . = (. + 0x200)
 *fill*         0x20000208      0x200 
                0x20000408                __cy_heap_limit = .

.stack          0x20000c00      0x400
                0x20000c00                __cy_stack_limit = .
                0x20001000                . = (. + 0x400)
 *fill*         0x20000c00      0x400 
                0x00000001                ASSERT ((__cy_stack_limit >= __cy_heap_limit), region RAM overflowed with stack)
                0x00000000                cy_checksum_exclude_size = (CY_APPL_LOADABLE == 0x1)?SIZEOF (.cy_checksum_exclude):0x0
                0x00000001                ASSERT ((cy_checksum_exclude_size <= CY_CHECKSUM_EXCLUDE_SIZE), CY_BOOT: Section .cy_checksum_exclude size exceedes specified limit.)
                0x00007fc0                cyloadermeta_start = (cy_project_type_bootloader || cy_project_type_app_for_stack_and_copier)?(LENGTH (rom) - CY_METADATA_SIZE):0xf0000000

.cyloadermeta
 *(.cyloadermeta)
                0x00007fc0                cyloadablemeta_start = cy_project_type_app_for_stack_and_copier?((LENGTH (rom) - CY_FLASH_ROW_SIZE) - CY_METADATA_SIZE):((LENGTH (rom) - (CY_FLASH_ROW_SIZE * (CY_APPL_NUM - 0x1))) - CY_METADATA_SIZE)

.cyloadablemeta
 *(.cyloadablemeta)

.cyflashprotect
                0x90400000       0x20
 *(.cyflashprotect)
 .cyflashprotect
                0x90400000       0x20 .\CortexM0p\ARM_GCC_541\Debug\cymetadata.o
                0x90400000                cy_meta_flashprotect

.cymeta         0x90500000        0xc
 *(.cymeta)
 .cymeta        0x90500000        0xc .\CortexM0p\ARM_GCC_541\Debug\cymetadata.o
                0x90500000                cy_metadata

.cychipprotect  0x90600000        0x1
 *(.cychipprotect)
 .cychipprotect
                0x90600000        0x1 .\CortexM0p\ARM_GCC_541\Debug\cymetadata.o
                0x90600000                cy_meta_chipprotect

.rel.dyn        0x00006478        0x0 load address 0x90600004
 .rel.iplt      0x00006478        0x0 c:/program files (x86)/cypress/psoc creator/4.3/psoc creator/import/gnu/arm/5.4.1/bin/../lib/gcc/arm-none-eabi/5.4.1/armv6-m/crtbegin.o

.stab
 *(.stab)

.stabstr
 *(.stabstr)

.debug
 *(.debug)

.line
 *(.line)

.debug_srcinfo
 *(.debug_srcinfo)

.debug_sfnames
 *(.debug_sfnames)

.debug_aranges  0x00000000      0xd40
 *(.debug_aranges)
 .debug_aranges
                0x00000000       0x48 .\CortexM0p\ARM_GCC_541\Debug\main.o
 .debug_aranges
                0x00000048       0x48 .\CortexM0p\ARM_GCC_541\Debug\cyfitter_cfg.o
 .debug_aranges
                0x00000090       0x18 .\CortexM0p\ARM_GCC_541\Debug\cymetadata.o
 .debug_aranges
                0x000000a8       0x48 .\CortexM0p\ARM_GCC_541\Debug\Cm0plusStart.o
 .debug_aranges
                0x000000f0       0xf0 .\CortexM0p\ARM_GCC_541\Debug\Internal_Main.a(ADC_1.o)
 .debug_aranges
                0x000001e0       0x18 .\CortexM0p\ARM_GCC_541\Debug\Internal_Main.a(ADC_1_INIT.o)
 .debug_aranges
                0x000001f8       0x20 .\CortexM0p\ARM_GCC_541\Debug\Internal_Main.a(ADC_1_INT.o)
 .debug_aranges
                0x00000218       0x30 .\CortexM0p\ARM_GCC_541\Debug\Internal_Main.a(AMux_1.o)
 .debug_aranges
                0x00000248       0x48 .\CortexM0p\ARM_GCC_541\Debug\Internal_Main.a(PVref_1.o)
 .debug_aranges
                0x00000290       0x50 .\CortexM0p\ARM_GCC_541\Debug\Internal_Main.a(PGA_1.o)
 .debug_aranges
                0x000002e0       0x48 .\CortexM0p\ARM_GCC_541\Debug\Internal_Main.a(Opamp_1.o)
 .debug_aranges
                0x00000328       0x48 .\CortexM0p\ARM_GCC_541\Debug\Internal_Main.a(Opamp_2.o)
 .debug_aranges
                0x00000370       0x40 .\CortexM0p\ARM_GCC_541\Debug\Internal_Main.a(ADC_1_intSarClock.o)
 .debug_aranges
                0x000003b0       0x80 .\CortexM0p\ARM_GCC_541\Debug\Internal_Main.a(ADC_1_IRQ.o)
 .debug_aranges
                0x00000430      0x1f8 .\CortexM0p\ARM_GCC_541\Debug\Internal_Main.a(CyLib.o)
 .debug_aranges
                0x00000628      0x1a8 .\CortexM0p\ARM_GCC_541\Debug\Internal_Main.a(CyLFClk.o)
 .debug_aranges
                0x000007d0       0x58 .\CortexM0p\ARM_GCC_541\Debug\Internal_Main.a(UART_1.o)
 .debug_aranges
                0x00000828       0x90 .\CortexM0p\ARM_GCC_541\Debug\Internal_Main.a(UART_1_UART.o)
 .debug_aranges
                0x000008b8       0x48 .\CortexM0p\ARM_GCC_541\Debug\Internal_Main.a(BLUE_LED.o)
 .debug_aranges
                0x00000900      0x158 .\CortexM0p\ARM_GCC_541\Debug\Internal_Main.a(Timer_1.o)
 .debug_aranges
                0x00000a58       0x48 .\CortexM0p\ARM_GCC_541\Debug\Internal_Main.a(Opamp_3.o)
 .debug_aranges
                0x00000aa0      0x158 .\CortexM0p\ARM_GCC_541\Debug\Internal_Main.a(TCPWM_1.o)
 .debug_aranges
                0x00000bf8       0x80 .\CortexM0p\ARM_GCC_541\Debug\Internal_Main.a(isr_1.o)
 .debug_aranges
                0x00000c78       0x20 .\CortexM0p\ARM_GCC_541\Debug\Internal_Main.a(CyBootAsmGnu.o)
 .debug_aranges
                0x00000c98       0x48 .\CortexM0p\ARM_GCC_541\Debug\Internal_Main.a(CyFlash.o)
 .debug_aranges
                0x00000ce0       0x60 .\CortexM0p\ARM_GCC_541\Debug\Internal_Main.a(UART_1_SPI_UART.o)

.debug_pubnames
 *(.debug_pubnames)

.debug_info     0x00000000     0x68a4
 *(.debug_info .gnu.linkonce.wi.*)
 .debug_info    0x00000000      0x8cb .\CortexM0p\ARM_GCC_541\Debug\main.o
 .debug_info    0x000008cb      0x20f .\CortexM0p\ARM_GCC_541\Debug\cyfitter_cfg.o
 .debug_info    0x00000ada       0xf8 .\CortexM0p\ARM_GCC_541\Debug\cymetadata.o
 .debug_info    0x00000bd2      0x3a5 .\CortexM0p\ARM_GCC_541\Debug\Cm0plusStart.o
 .debug_info    0x00000f77      0xa83 .\CortexM0p\ARM_GCC_541\Debug\Internal_Main.a(ADC_1.o)
 .debug_info    0x000019fa      0x1bd .\CortexM0p\ARM_GCC_541\Debug\Internal_Main.a(ADC_1_INIT.o)
 .debug_info    0x00001bb7       0xcb .\CortexM0p\ARM_GCC_541\Debug\Internal_Main.a(ADC_1_INT.o)
 .debug_info    0x00001c82      0x165 .\CortexM0p\ARM_GCC_541\Debug\Internal_Main.a(AMux_1.o)
 .debug_info    0x00001de7      0x15e .\CortexM0p\ARM_GCC_541\Debug\Internal_Main.a(PVref_1.o)
 .debug_info    0x00001f45      0x209 .\CortexM0p\ARM_GCC_541\Debug\Internal_Main.a(PGA_1.o)
 .debug_info    0x0000214e      0x17c .\CortexM0p\ARM_GCC_541\Debug\Internal_Main.a(Opamp_1.o)
 .debug_info    0x000022ca      0x17c .\CortexM0p\ARM_GCC_541\Debug\Internal_Main.a(Opamp_2.o)
 .debug_info    0x00002446      0x166 .\CortexM0p\ARM_GCC_541\Debug\Internal_Main.a(ADC_1_intSarClock.o)
 .debug_info    0x000025ac      0x305 .\CortexM0p\ARM_GCC_541\Debug\Internal_Main.a(ADC_1_IRQ.o)
 .debug_info    0x000028b1      0xe0e .\CortexM0p\ARM_GCC_541\Debug\Internal_Main.a(CyLib.o)
 .debug_info    0x000036bf      0xd06 .\CortexM0p\ARM_GCC_541\Debug\Internal_Main.a(CyLFClk.o)
 .debug_info    0x000043c5      0x23a .\CortexM0p\ARM_GCC_541\Debug\Internal_Main.a(UART_1.o)
 .debug_info    0x000045ff      0x3b5 .\CortexM0p\ARM_GCC_541\Debug\Internal_Main.a(UART_1_UART.o)
 .debug_info    0x000049b4      0x19d .\CortexM0p\ARM_GCC_541\Debug\Internal_Main.a(BLUE_LED.o)
 .debug_info    0x00004b51      0x8f6 .\CortexM0p\ARM_GCC_541\Debug\Internal_Main.a(Timer_1.o)
 .debug_info    0x00005447      0x17c .\CortexM0p\ARM_GCC_541\Debug\Internal_Main.a(Opamp_3.o)
 .debug_info    0x000055c3      0x8f6 .\CortexM0p\ARM_GCC_541\Debug\Internal_Main.a(TCPWM_1.o)
 .debug_info    0x00005eb9      0x305 .\CortexM0p\ARM_GCC_541\Debug\Internal_Main.a(isr_1.o)
 .debug_info    0x000061be       0xaf .\CortexM0p\ARM_GCC_541\Debug\Internal_Main.a(CyBootAsmGnu.o)
 .debug_info    0x0000626d      0x417 .\CortexM0p\ARM_GCC_541\Debug\Internal_Main.a(CyFlash.o)
 .debug_info    0x00006684      0x220 .\CortexM0p\ARM_GCC_541\Debug\Internal_Main.a(UART_1_SPI_UART.o)

.debug_abbrev   0x00000000     0x1bd9
 *(.debug_abbrev)
 .debug_abbrev  0x00000000      0x152 .\CortexM0p\ARM_GCC_541\Debug\main.o
 .debug_abbrev  0x00000152       0xce .\CortexM0p\ARM_GCC_541\Debug\cyfitter_cfg.o
 .debug_abbrev  0x00000220       0x5d .\CortexM0p\ARM_GCC_541\Debug\cymetadata.o
 .debug_abbrev  0x0000027d      0x1d0 .\CortexM0p\ARM_GCC_541\Debug\Cm0plusStart.o
 .debug_abbrev  0x0000044d      0x202 .\CortexM0p\ARM_GCC_541\Debug\Internal_Main.a(ADC_1.o)
 .debug_abbrev  0x0000064f       0x86 .\CortexM0p\ARM_GCC_541\Debug\Internal_Main.a(ADC_1_INIT.o)
 .debug_abbrev  0x000006d5       0x65 .\CortexM0p\ARM_GCC_541\Debug\Internal_Main.a(ADC_1_INT.o)
 .debug_abbrev  0x0000073a       0xb1 .\CortexM0p\ARM_GCC_541\Debug\Internal_Main.a(AMux_1.o)
 .debug_abbrev  0x000007eb       0xaa .\CortexM0p\ARM_GCC_541\Debug\Internal_Main.a(PVref_1.o)
 .debug_abbrev  0x00000895      0x103 .\CortexM0p\ARM_GCC_541\Debug\Internal_Main.a(PGA_1.o)
 .debug_abbrev  0x00000998       0xc8 .\CortexM0p\ARM_GCC_541\Debug\Internal_Main.a(Opamp_1.o)
 .debug_abbrev  0x00000a60       0xc8 .\CortexM0p\ARM_GCC_541\Debug\Internal_Main.a(Opamp_2.o)
 .debug_abbrev  0x00000b28       0xb7 .\CortexM0p\ARM_GCC_541\Debug\Internal_Main.a(ADC_1_intSarClock.o)
 .debug_abbrev  0x00000bdf      0x19a .\CortexM0p\ARM_GCC_541\Debug\Internal_Main.a(ADC_1_IRQ.o)
 .debug_abbrev  0x00000d79      0x1f5 .\CortexM0p\ARM_GCC_541\Debug\Internal_Main.a(CyLib.o)
 .debug_abbrev  0x00000f6e      0x207 .\CortexM0p\ARM_GCC_541\Debug\Internal_Main.a(CyLFClk.o)
 .debug_abbrev  0x00001175       0xd5 .\CortexM0p\ARM_GCC_541\Debug\Internal_Main.a(UART_1.o)
 .debug_abbrev  0x0000124a      0x132 .\CortexM0p\ARM_GCC_541\Debug\Internal_Main.a(UART_1_UART.o)
 .debug_abbrev  0x0000137c       0xc8 .\CortexM0p\ARM_GCC_541\Debug\Internal_Main.a(BLUE_LED.o)
 .debug_abbrev  0x00001444      0x119 .\CortexM0p\ARM_GCC_541\Debug\Internal_Main.a(Timer_1.o)
 .debug_abbrev  0x0000155d       0xc8 .\CortexM0p\ARM_GCC_541\Debug\Internal_Main.a(Opamp_3.o)
 .debug_abbrev  0x00001625      0x119 .\CortexM0p\ARM_GCC_541\Debug\Internal_Main.a(TCPWM_1.o)
 .debug_abbrev  0x0000173e      0x19a .\CortexM0p\ARM_GCC_541\Debug\Internal_Main.a(isr_1.o)
 .debug_abbrev  0x000018d8       0x14 .\CortexM0p\ARM_GCC_541\Debug\Internal_Main.a(CyBootAsmGnu.o)
 .debug_abbrev  0x000018ec      0x19e .\CortexM0p\ARM_GCC_541\Debug\Internal_Main.a(CyFlash.o)
 .debug_abbrev  0x00001a8a      0x14f .\CortexM0p\ARM_GCC_541\Debug\Internal_Main.a(UART_1_SPI_UART.o)

.debug_line     0x00000000     0x2d12
 *(.debug_line)
 .debug_line    0x00000000      0x257 .\CortexM0p\ARM_GCC_541\Debug\main.o
 .debug_line    0x00000257      0x111 .\CortexM0p\ARM_GCC_541\Debug\cyfitter_cfg.o
 .debug_line    0x00000368      0x141 .\CortexM0p\ARM_GCC_541\Debug\cymetadata.o
 .debug_line    0x000004a9      0x247 .\CortexM0p\ARM_GCC_541\Debug\Cm0plusStart.o
 .debug_line    0x000006f0      0x3c9 .\CortexM0p\ARM_GCC_541\Debug\Internal_Main.a(ADC_1.o)
 .debug_line    0x00000ab9       0x5c .\CortexM0p\ARM_GCC_541\Debug\Internal_Main.a(ADC_1_INIT.o)
 .debug_line    0x00000b15       0x64 .\CortexM0p\ARM_GCC_541\Debug\Internal_Main.a(ADC_1_INT.o)
 .debug_line    0x00000b79       0xad .\CortexM0p\ARM_GCC_541\Debug\Internal_Main.a(AMux_1.o)
 .debug_line    0x00000c26       0xc1 .\CortexM0p\ARM_GCC_541\Debug\Internal_Main.a(PVref_1.o)
 .debug_line    0x00000ce7       0xe2 .\CortexM0p\ARM_GCC_541\Debug\Internal_Main.a(PGA_1.o)
 .debug_line    0x00000dc9       0xc3 .\CortexM0p\ARM_GCC_541\Debug\Internal_Main.a(Opamp_1.o)
 .debug_line    0x00000e8c       0xc3 .\CortexM0p\ARM_GCC_541\Debug\Internal_Main.a(Opamp_2.o)
 .debug_line    0x00000f4f       0xc4 .\CortexM0p\ARM_GCC_541\Debug\Internal_Main.a(ADC_1_intSarClock.o)
 .debug_line    0x00001013      0x155 .\CortexM0p\ARM_GCC_541\Debug\Internal_Main.a(ADC_1_IRQ.o)
 .debug_line    0x00001168      0x5df .\CortexM0p\ARM_GCC_541\Debug\Internal_Main.a(CyLib.o)
 .debug_line    0x00001747      0x5c1 .\CortexM0p\ARM_GCC_541\Debug\Internal_Main.a(CyLFClk.o)
 .debug_line    0x00001d08      0x10c .\CortexM0p\ARM_GCC_541\Debug\Internal_Main.a(UART_1.o)
 .debug_line    0x00001e14      0x1cf .\CortexM0p\ARM_GCC_541\Debug\Internal_Main.a(UART_1_UART.o)
 .debug_line    0x00001fe3       0xc0 .\CortexM0p\ARM_GCC_541\Debug\Internal_Main.a(BLUE_LED.o)
 .debug_line    0x000020a3      0x37b .\CortexM0p\ARM_GCC_541\Debug\Internal_Main.a(Timer_1.o)
 .debug_line    0x0000241e       0xc3 .\CortexM0p\ARM_GCC_541\Debug\Internal_Main.a(Opamp_3.o)
 .debug_line    0x000024e1      0x37b .\CortexM0p\ARM_GCC_541\Debug\Internal_Main.a(TCPWM_1.o)
 .debug_line    0x0000285c      0x151 .\CortexM0p\ARM_GCC_541\Debug\Internal_Main.a(isr_1.o)
 .debug_line    0x000029ad       0x68 .\CortexM0p\ARM_GCC_541\Debug\Internal_Main.a(CyBootAsmGnu.o)
 .debug_line    0x00002a15      0x1e1 .\CortexM0p\ARM_GCC_541\Debug\Internal_Main.a(CyFlash.o)
 .debug_line    0x00002bf6      0x11c .\CortexM0p\ARM_GCC_541\Debug\Internal_Main.a(UART_1_SPI_UART.o)

.debug_frame    0x00000000     0x2adc
 *(.debug_frame)
 .debug_frame   0x00000000       0xc0 .\CortexM0p\ARM_GCC_541\Debug\main.o
 .debug_frame   0x000000c0       0x94 .\CortexM0p\ARM_GCC_541\Debug\cyfitter_cfg.o
 .debug_frame   0x00000154       0xbc .\CortexM0p\ARM_GCC_541\Debug\Cm0plusStart.o
 .debug_frame   0x00000210      0x2a8 .\CortexM0p\ARM_GCC_541\Debug\Internal_Main.a(ADC_1.o)
 .debug_frame   0x000004b8       0x20 .\CortexM0p\ARM_GCC_541\Debug\Internal_Main.a(ADC_1_INT.o)
 .debug_frame   0x000004d8       0x64 .\CortexM0p\ARM_GCC_541\Debug\Internal_Main.a(AMux_1.o)
 .debug_frame   0x0000053c       0x7c .\CortexM0p\ARM_GCC_541\Debug\Internal_Main.a(PVref_1.o)
 .debug_frame   0x000005b8       0xc4 .\CortexM0p\ARM_GCC_541\Debug\Internal_Main.a(PGA_1.o)
 .debug_frame   0x0000067c       0x7c .\CortexM0p\ARM_GCC_541\Debug\Internal_Main.a(Opamp_1.o)
 .debug_frame   0x000006f8       0x7c .\CortexM0p\ARM_GCC_541\Debug\Internal_Main.a(Opamp_2.o)
 .debug_frame   0x00000774       0x6c .\CortexM0p\ARM_GCC_541\Debug\Internal_Main.a(ADC_1_intSarClock.o)
 .debug_frame   0x000007e0      0x110 .\CortexM0p\ARM_GCC_541\Debug\Internal_Main.a(ADC_1_IRQ.o)
 .debug_frame   0x000008f0      0x500 .\CortexM0p\ARM_GCC_541\Debug\Internal_Main.a(CyLib.o)
 .debug_frame   0x00000df0      0x484 .\CortexM0p\ARM_GCC_541\Debug\Internal_Main.a(CyLFClk.o)
 .debug_frame   0x00001274       0xd8 .\CortexM0p\ARM_GCC_541\Debug\Internal_Main.a(UART_1.o)
 .debug_frame   0x0000134c      0x144 .\CortexM0p\ARM_GCC_541\Debug\Internal_Main.a(UART_1_UART.o)
 .debug_frame   0x00001490       0x70 .\CortexM0p\ARM_GCC_541\Debug\Internal_Main.a(BLUE_LED.o)
 .debug_frame   0x00001500      0x3a0 .\CortexM0p\ARM_GCC_541\Debug\Internal_Main.a(Timer_1.o)
 .debug_frame   0x000018a0       0x7c .\CortexM0p\ARM_GCC_541\Debug\Internal_Main.a(Opamp_3.o)
 .debug_frame   0x0000191c      0x3a0 .\CortexM0p\ARM_GCC_541\Debug\Internal_Main.a(TCPWM_1.o)
 .debug_frame   0x00001cbc      0x110 .\CortexM0p\ARM_GCC_541\Debug\Internal_Main.a(isr_1.o)
 .debug_frame   0x00001dcc       0xa8 .\CortexM0p\ARM_GCC_541\Debug\Internal_Main.a(CyFlash.o)
 .debug_frame   0x00001e74       0xb0 .\CortexM0p\ARM_GCC_541\Debug\Internal_Main.a(UART_1_SPI_UART.o)
 .debug_frame   0x00001f24       0x20 c:/program files (x86)/cypress/psoc creator/4.3/psoc creator/import/gnu/arm/5.4.1/bin/../lib/gcc/arm-none-eabi/5.4.1/armv6-m\libgcc.a(_udivsi3.o)
 .debug_frame   0x00001f44       0x20 c:/program files (x86)/cypress/psoc creator/4.3/psoc creator/import/gnu/arm/5.4.1/bin/../lib/gcc/arm-none-eabi/5.4.1/armv6-m\libgcc.a(_divsi3.o)
 .debug_frame   0x00001f64       0x34 c:/program files (x86)/cypress/psoc creator/4.3/psoc creator/import/gnu/arm/5.4.1/bin/../lib/gcc/arm-none-eabi/5.4.1/armv6-m\libgcc.a(_muldi3.o)
 .debug_frame   0x00001f98       0x30 c:/program files (x86)/cypress/psoc creator/4.3/psoc creator/import/gnu/arm/5.4.1/bin/../lib/gcc/arm-none-eabi/5.4.1/armv6-m\libgcc.a(bpabi.o)
 .debug_frame   0x00001fc8       0x3c c:/program files (x86)/cypress/psoc creator/4.3/psoc creator/import/gnu/arm/5.4.1/bin/../lib/gcc/arm-none-eabi/5.4.1/armv6-m\libgcc.a(divsf3.o)
 .debug_frame   0x00002004       0x38 c:/program files (x86)/cypress/psoc creator/4.3/psoc creator/import/gnu/arm/5.4.1/bin/../lib/gcc/arm-none-eabi/5.4.1/armv6-m\libgcc.a(mulsf3.o)
 .debug_frame   0x0000203c       0x30 c:/program files (x86)/cypress/psoc creator/4.3/psoc creator/import/gnu/arm/5.4.1/bin/../lib/gcc/arm-none-eabi/5.4.1/armv6-m\libgcc.a(subsf3.o)
 .debug_frame   0x0000206c       0x2c c:/program files (x86)/cypress/psoc creator/4.3/psoc creator/import/gnu/arm/5.4.1/bin/../lib/gcc/arm-none-eabi/5.4.1/armv6-m\libgcc.a(floatsisf.o)
 .debug_frame   0x00002098       0x2c c:/program files (x86)/cypress/psoc creator/4.3/psoc creator/import/gnu/arm/5.4.1/bin/../lib/gcc/arm-none-eabi/5.4.1/armv6-m\libgcc.a(extendsfdf2.o)
 .debug_frame   0x000020c4       0x3c c:/program files (x86)/cypress/psoc creator/4.3/psoc creator/import/gnu/arm/5.4.1/bin/../lib/gcc/arm-none-eabi/5.4.1/armv6-m\libgcc.a(_divdi3.o)
 .debug_frame   0x00002100       0x20 c:/program files (x86)/cypress/psoc creator/4.3/psoc creator/import/gnu/arm/5.4.1/bin/../lib/gcc/arm-none-eabi/5.4.1/../../../../arm-none-eabi/lib/armv6-m\libg_nano.a(lib_a-errno.o)
 .debug_frame   0x00002120       0x28 c:/program files (x86)/cypress/psoc creator/4.3/psoc creator/import/gnu/arm/5.4.1/bin/../lib/gcc/arm-none-eabi/5.4.1/../../../../arm-none-eabi/lib/armv6-m\libg_nano.a(lib_a-exit.o)
 .debug_frame   0x00002148       0x2c c:/program files (x86)/cypress/psoc creator/4.3/psoc creator/import/gnu/arm/5.4.1/bin/../lib/gcc/arm-none-eabi/5.4.1/../../../../arm-none-eabi/lib/armv6-m\libg_nano.a(lib_a-init.o)
 .debug_frame   0x00002174       0x28 c:/program files (x86)/cypress/psoc creator/4.3/psoc creator/import/gnu/arm/5.4.1/bin/../lib/gcc/arm-none-eabi/5.4.1/../../../../arm-none-eabi/lib/armv6-m\libg_nano.a(lib_a-memcpy-stub.o)
 .debug_frame   0x0000219c       0x20 c:/program files (x86)/cypress/psoc creator/4.3/psoc creator/import/gnu/arm/5.4.1/bin/../lib/gcc/arm-none-eabi/5.4.1/../../../../arm-none-eabi/lib/armv6-m\libg_nano.a(lib_a-memset.o)
 .debug_frame   0x000021bc       0x74 c:/program files (x86)/cypress/psoc creator/4.3/psoc creator/import/gnu/arm/5.4.1/bin/../lib/gcc/arm-none-eabi/5.4.1/../../../../arm-none-eabi/lib/armv6-m\libg_nano.a(lib_a-nano-vfprintf_float.o)
 .debug_frame   0x00002230       0x54 c:/program files (x86)/cypress/psoc creator/4.3/psoc creator/import/gnu/arm/5.4.1/bin/../lib/gcc/arm-none-eabi/5.4.1/../../../../arm-none-eabi/lib/armv6-m\libg_nano.a(lib_a-nano-vfprintf_i.o)
 .debug_frame   0x00002284       0x50 c:/program files (x86)/cypress/psoc creator/4.3/psoc creator/import/gnu/arm/5.4.1/bin/../lib/gcc/arm-none-eabi/5.4.1/../../../../arm-none-eabi/lib/armv6-m\libg_nano.a(lib_a-sprintf.o)
 .debug_frame   0x000022d4       0x54 c:/program files (x86)/cypress/psoc creator/4.3/psoc creator/import/gnu/arm/5.4.1/bin/../lib/gcc/arm-none-eabi/5.4.1/../../../../arm-none-eabi/lib/armv6-m\libg_nano.a(lib_a-dtoa.o)
 .debug_frame   0x00002328       0xa4 c:/program files (x86)/cypress/psoc creator/4.3/psoc creator/import/gnu/arm/5.4.1/bin/../lib/gcc/arm-none-eabi/5.4.1/../../../../arm-none-eabi/lib/armv6-m\libg_nano.a(lib_a-locale.o)
 .debug_frame   0x000023cc       0x40 c:/program files (x86)/cypress/psoc creator/4.3/psoc creator/import/gnu/arm/5.4.1/bin/../lib/gcc/arm-none-eabi/5.4.1/../../../../arm-none-eabi/lib/armv6-m\libg_nano.a(lib_a-malloc.o)
 .debug_frame   0x0000240c       0x20 c:/program files (x86)/cypress/psoc creator/4.3/psoc creator/import/gnu/arm/5.4.1/bin/../lib/gcc/arm-none-eabi/5.4.1/../../../../arm-none-eabi/lib/armv6-m\libg_nano.a(lib_a-memchr-stub.o)
 .debug_frame   0x0000242c      0x238 c:/program files (x86)/cypress/psoc creator/4.3/psoc creator/import/gnu/arm/5.4.1/bin/../lib/gcc/arm-none-eabi/5.4.1/../../../../arm-none-eabi/lib/armv6-m\libg_nano.a(lib_a-mprec.o)
 .debug_frame   0x00002664       0x2c c:/program files (x86)/cypress/psoc creator/4.3/psoc creator/import/gnu/arm/5.4.1/bin/../lib/gcc/arm-none-eabi/5.4.1/../../../../arm-none-eabi/lib/armv6-m\libg_nano.a(lib_a-nano-callocr.o)
 .debug_frame   0x00002690       0x2c c:/program files (x86)/cypress/psoc creator/4.3/psoc creator/import/gnu/arm/5.4.1/bin/../lib/gcc/arm-none-eabi/5.4.1/../../../../arm-none-eabi/lib/armv6-m\libg_nano.a(lib_a-nano-freer.o)
 .debug_frame   0x000026bc       0x2c c:/program files (x86)/cypress/psoc creator/4.3/psoc creator/import/gnu/arm/5.4.1/bin/../lib/gcc/arm-none-eabi/5.4.1/../../../../arm-none-eabi/lib/armv6-m\libg_nano.a(lib_a-nano-mallocr.o)
 .debug_frame   0x000026e8       0x74 c:/program files (x86)/cypress/psoc creator/4.3/psoc creator/import/gnu/arm/5.4.1/bin/../lib/gcc/arm-none-eabi/5.4.1/../../../../arm-none-eabi/lib/armv6-m\libg_nano.a(lib_a-nano-svfprintf.o)
 .debug_frame   0x0000275c       0x2c c:/program files (x86)/cypress/psoc creator/4.3/psoc creator/import/gnu/arm/5.4.1/bin/../lib/gcc/arm-none-eabi/5.4.1/../../../../arm-none-eabi/lib/armv6-m\libg_nano.a(lib_a-sbrkr.o)
 .debug_frame   0x00002788       0x20 c:/program files (x86)/cypress/psoc creator/4.3/psoc creator/import/gnu/arm/5.4.1/bin/../lib/gcc/arm-none-eabi/5.4.1/../../../../arm-none-eabi/lib/armv6-m\libg_nano.a(lib_a-strcmp.o)
 .debug_frame   0x000027a8       0x28 c:/program files (x86)/cypress/psoc creator/4.3/psoc creator/import/gnu/arm/5.4.1/bin/../lib/gcc/arm-none-eabi/5.4.1/../../../../arm-none-eabi/lib/armv6-m\libg_nano.a(lib_a-memmove.o)
 .debug_frame   0x000027d0       0x30 c:/program files (x86)/cypress/psoc creator/4.3/psoc creator/import/gnu/arm/5.4.1/bin/../lib/gcc/arm-none-eabi/5.4.1/../../../../arm-none-eabi/lib/armv6-m\libg_nano.a(lib_a-mlock.o)
 .debug_frame   0x00002800       0x30 c:/program files (x86)/cypress/psoc creator/4.3/psoc creator/import/gnu/arm/5.4.1/bin/../lib/gcc/arm-none-eabi/5.4.1/../../../../arm-none-eabi/lib/armv6-m\libg_nano.a(lib_a-nano-reallocr.o)
 .debug_frame   0x00002830       0x48 c:/program files (x86)/cypress/psoc creator/4.3/psoc creator/import/gnu/arm/5.4.1/bin/../lib/gcc/arm-none-eabi/5.4.1/../../../../arm-none-eabi/lib/armv6-m\libg_nano.a(lib_a-reent.o)
 .debug_frame   0x00002878       0x20 c:/program files (x86)/cypress/psoc creator/4.3/psoc creator/import/gnu/arm/5.4.1/bin/../lib/gcc/arm-none-eabi/5.4.1/../../../../arm-none-eabi/lib/armv6-m\libg_nano.a(lib_a-nano-msizer.o)
 .debug_frame   0x00002898       0x3c c:/program files (x86)/cypress/psoc creator/4.3/psoc creator/import/gnu/arm/5.4.1/bin/../lib/gcc/arm-none-eabi/5.4.1/armv6-m\libgcc.a(adddf3.o)
 .debug_frame   0x000028d4       0x3c c:/program files (x86)/cypress/psoc creator/4.3/psoc creator/import/gnu/arm/5.4.1/bin/../lib/gcc/arm-none-eabi/5.4.1/armv6-m\libgcc.a(divdf3.o)
 .debug_frame   0x00002910       0x38 c:/program files (x86)/cypress/psoc creator/4.3/psoc creator/import/gnu/arm/5.4.1/bin/../lib/gcc/arm-none-eabi/5.4.1/armv6-m\libgcc.a(eqdf2.o)
 .debug_frame   0x00002948       0x38 c:/program files (x86)/cypress/psoc creator/4.3/psoc creator/import/gnu/arm/5.4.1/bin/../lib/gcc/arm-none-eabi/5.4.1/armv6-m\libgcc.a(gedf2.o)
 .debug_frame   0x00002980       0x38 c:/program files (x86)/cypress/psoc creator/4.3/psoc creator/import/gnu/arm/5.4.1/bin/../lib/gcc/arm-none-eabi/5.4.1/armv6-m\libgcc.a(ledf2.o)
 .debug_frame   0x000029b8       0x3c c:/program files (x86)/cypress/psoc creator/4.3/psoc creator/import/gnu/arm/5.4.1/bin/../lib/gcc/arm-none-eabi/5.4.1/armv6-m\libgcc.a(muldf3.o)
 .debug_frame   0x000029f4       0x38 c:/program files (x86)/cypress/psoc creator/4.3/psoc creator/import/gnu/arm/5.4.1/bin/../lib/gcc/arm-none-eabi/5.4.1/armv6-m\libgcc.a(subdf3.o)
 .debug_frame   0x00002a2c       0x2c c:/program files (x86)/cypress/psoc creator/4.3/psoc creator/import/gnu/arm/5.4.1/bin/../lib/gcc/arm-none-eabi/5.4.1/armv6-m\libgcc.a(unorddf2.o)
 .debug_frame   0x00002a58       0x2c c:/program files (x86)/cypress/psoc creator/4.3/psoc creator/import/gnu/arm/5.4.1/bin/../lib/gcc/arm-none-eabi/5.4.1/armv6-m\libgcc.a(fixdfsi.o)
 .debug_frame   0x00002a84       0x2c c:/program files (x86)/cypress/psoc creator/4.3/psoc creator/import/gnu/arm/5.4.1/bin/../lib/gcc/arm-none-eabi/5.4.1/armv6-m\libgcc.a(floatsidf.o)
 .debug_frame   0x00002ab0       0x2c c:/program files (x86)/cypress/psoc creator/4.3/psoc creator/import/gnu/arm/5.4.1/bin/../lib/gcc/arm-none-eabi/5.4.1/armv6-m\libgcc.a(floatunsidf.o)

.debug_str      0x00000000     0x2b86
 *(.debug_str)
 .debug_str     0x00000000      0x430 .\CortexM0p\ARM_GCC_541\Debug\main.o
                                0x47b (size before relaxing)
 .debug_str     0x00000430       0xdb .\CortexM0p\ARM_GCC_541\Debug\cyfitter_cfg.o
                                0x28e (size before relaxing)
 .debug_str     0x0000050b       0x63 .\CortexM0p\ARM_GCC_541\Debug\cymetadata.o
                                0x1eb (size before relaxing)
 .debug_str     0x0000056e      0x15b .\CortexM0p\ARM_GCC_541\Debug\Cm0plusStart.o
                                0x332 (size before relaxing)
 .debug_str     0x000006c9      0x4a8 .\CortexM0p\ARM_GCC_541\Debug\Internal_Main.a(ADC_1.o)
                                0x6f4 (size before relaxing)
 .debug_str     0x00000b71       0x24 .\CortexM0p\ARM_GCC_541\Debug\Internal_Main.a(ADC_1_INIT.o)
                                0x2a9 (size before relaxing)
 .debug_str     0x00000b95       0x39 .\CortexM0p\ARM_GCC_541\Debug\Internal_Main.a(ADC_1_INT.o)
                                0x1e4 (size before relaxing)
 .debug_str     0x00000bce       0x45 .\CortexM0p\ARM_GCC_541\Debug\Internal_Main.a(AMux_1.o)
                                0x214 (size before relaxing)
 .debug_str     0x00000c13       0x82 .\CortexM0p\ARM_GCC_541\Debug\Internal_Main.a(PVref_1.o)
                                0x23b (size before relaxing)
 .debug_str     0x00000c95       0xc7 .\CortexM0p\ARM_GCC_541\Debug\Internal_Main.a(PGA_1.o)
                                0x278 (size before relaxing)
 .debug_str     0x00000d5c       0x9b .\CortexM0p\ARM_GCC_541\Debug\Internal_Main.a(Opamp_1.o)
                                0x24b (size before relaxing)
 .debug_str     0x00000df7       0x95 .\CortexM0p\ARM_GCC_541\Debug\Internal_Main.a(Opamp_2.o)
                                0x24b (size before relaxing)
 .debug_str     0x00000e8c       0xa8 .\CortexM0p\ARM_GCC_541\Debug\Internal_Main.a(ADC_1_intSarClock.o)
                                0x2b6 (size before relaxing)
 .debug_str     0x00000f34      0x160 .\CortexM0p\ARM_GCC_541\Debug\Internal_Main.a(ADC_1_IRQ.o)
                                0x345 (size before relaxing)
 .debug_str     0x00001094      0x650 .\CortexM0p\ARM_GCC_541\Debug\Internal_Main.a(CyLib.o)
                                0x8d8 (size before relaxing)
 .debug_str     0x000016e4      0x63d .\CortexM0p\ARM_GCC_541\Debug\Internal_Main.a(CyLFClk.o)
                                0x8bc (size before relaxing)
 .debug_str     0x00001d21      0x111 .\CortexM0p\ARM_GCC_541\Debug\Internal_Main.a(UART_1.o)
                                0x2d6 (size before relaxing)
 .debug_str     0x00001e32      0x1dc .\CortexM0p\ARM_GCC_541\Debug\Internal_Main.a(UART_1_UART.o)
                                0x413 (size before relaxing)
 .debug_str     0x0000200e       0xb1 .\CortexM0p\ARM_GCC_541\Debug\Internal_Main.a(BLUE_LED.o)
                                0x26e (size before relaxing)
 .debug_str     0x000020bf      0x3f6 .\CortexM0p\ARM_GCC_541\Debug\Internal_Main.a(Timer_1.o)
                                0x628 (size before relaxing)
 .debug_str     0x000024b5       0x95 .\CortexM0p\ARM_GCC_541\Debug\Internal_Main.a(Opamp_3.o)
                                0x24b (size before relaxing)
 .debug_str     0x0000254a      0x356 .\CortexM0p\ARM_GCC_541\Debug\Internal_Main.a(TCPWM_1.o)
                                0x628 (size before relaxing)
 .debug_str     0x000028a0       0xd8 .\CortexM0p\ARM_GCC_541\Debug\Internal_Main.a(isr_1.o)
                                0x30d (size before relaxing)
 .debug_str     0x00002978      0x11d .\CortexM0p\ARM_GCC_541\Debug\Internal_Main.a(CyFlash.o)
                                0x345 (size before relaxing)
 .debug_str     0x00002a95       0xf1 .\CortexM0p\ARM_GCC_541\Debug\Internal_Main.a(UART_1_SPI_UART.o)
                                0x305 (size before relaxing)

.debug_loc      0x00000000     0x332e
 *(.debug_loc)
 .debug_loc     0x00000000      0x349 .\CortexM0p\ARM_GCC_541\Debug\main.o
 .debug_loc     0x00000349       0x1e .\CortexM0p\ARM_GCC_541\Debug\cyfitter_cfg.o
 .debug_loc     0x00000367      0x14f .\CortexM0p\ARM_GCC_541\Debug\Cm0plusStart.o
 .debug_loc     0x000004b6      0x871 .\CortexM0p\ARM_GCC_541\Debug\Internal_Main.a(ADC_1.o)
 .debug_loc     0x00000d27       0x6c .\CortexM0p\ARM_GCC_541\Debug\Internal_Main.a(AMux_1.o)
 .debug_loc     0x00000d93       0x2e .\CortexM0p\ARM_GCC_541\Debug\Internal_Main.a(PVref_1.o)
 .debug_loc     0x00000dc1       0x7c .\CortexM0p\ARM_GCC_541\Debug\Internal_Main.a(PGA_1.o)
 .debug_loc     0x00000e3d       0x21 .\CortexM0p\ARM_GCC_541\Debug\Internal_Main.a(Opamp_1.o)
 .debug_loc     0x00000e5e       0x21 .\CortexM0p\ARM_GCC_541\Debug\Internal_Main.a(Opamp_2.o)
 .debug_loc     0x00000e7f       0x76 .\CortexM0p\ARM_GCC_541\Debug\Internal_Main.a(ADC_1_intSarClock.o)
 .debug_loc     0x00000ef5       0x82 .\CortexM0p\ARM_GCC_541\Debug\Internal_Main.a(ADC_1_IRQ.o)
 .debug_loc     0x00000f77      0x868 .\CortexM0p\ARM_GCC_541\Debug\Internal_Main.a(CyLib.o)
 .debug_loc     0x000017df      0xa88 .\CortexM0p\ARM_GCC_541\Debug\Internal_Main.a(CyLFClk.o)
 .debug_loc     0x00002267       0x7e .\CortexM0p\ARM_GCC_541\Debug\Internal_Main.a(UART_1.o)
 .debug_loc     0x000022e5      0x223 .\CortexM0p\ARM_GCC_541\Debug\Internal_Main.a(UART_1_UART.o)
 .debug_loc     0x00002508       0xa2 .\CortexM0p\ARM_GCC_541\Debug\Internal_Main.a(BLUE_LED.o)
 .debug_loc     0x000025aa      0x547 .\CortexM0p\ARM_GCC_541\Debug\Internal_Main.a(Timer_1.o)
 .debug_loc     0x00002af1       0x21 .\CortexM0p\ARM_GCC_541\Debug\Internal_Main.a(Opamp_3.o)
 .debug_loc     0x00002b12      0x547 .\CortexM0p\ARM_GCC_541\Debug\Internal_Main.a(TCPWM_1.o)
 .debug_loc     0x00003059       0x82 .\CortexM0p\ARM_GCC_541\Debug\Internal_Main.a(isr_1.o)
 .debug_loc     0x000030db      0x1bd .\CortexM0p\ARM_GCC_541\Debug\Internal_Main.a(CyFlash.o)
 .debug_loc     0x00003298       0x96 .\CortexM0p\ARM_GCC_541\Debug\Internal_Main.a(UART_1_SPI_UART.o)

.debug_macinfo
 *(.debug_macinfo)

.debug_ranges   0x00000000      0xb80
 *(.debug_ranges)
 .debug_ranges  0x00000000       0x38 .\CortexM0p\ARM_GCC_541\Debug\main.o
 .debug_ranges  0x00000038       0x38 .\CortexM0p\ARM_GCC_541\Debug\cyfitter_cfg.o
 .debug_ranges  0x00000070       0x38 .\CortexM0p\ARM_GCC_541\Debug\Cm0plusStart.o
 .debug_ranges  0x000000a8       0xe0 .\CortexM0p\ARM_GCC_541\Debug\Internal_Main.a(ADC_1.o)
 .debug_ranges  0x00000188       0x10 .\CortexM0p\ARM_GCC_541\Debug\Internal_Main.a(ADC_1_INT.o)
 .debug_ranges  0x00000198       0x20 .\CortexM0p\ARM_GCC_541\Debug\Internal_Main.a(AMux_1.o)
 .debug_ranges  0x000001b8       0x38 .\CortexM0p\ARM_GCC_541\Debug\Internal_Main.a(PVref_1.o)
 .debug_ranges  0x000001f0       0x40 .\CortexM0p\ARM_GCC_541\Debug\Internal_Main.a(PGA_1.o)
 .debug_ranges  0x00000230       0x38 .\CortexM0p\ARM_GCC_541\Debug\Internal_Main.a(Opamp_1.o)
 .debug_ranges  0x00000268       0x38 .\CortexM0p\ARM_GCC_541\Debug\Internal_Main.a(Opamp_2.o)
 .debug_ranges  0x000002a0       0x30 .\CortexM0p\ARM_GCC_541\Debug\Internal_Main.a(ADC_1_intSarClock.o)
 .debug_ranges  0x000002d0       0x70 .\CortexM0p\ARM_GCC_541\Debug\Internal_Main.a(ADC_1_IRQ.o)
 .debug_ranges  0x00000340      0x1e8 .\CortexM0p\ARM_GCC_541\Debug\Internal_Main.a(CyLib.o)
 .debug_ranges  0x00000528      0x198 .\CortexM0p\ARM_GCC_541\Debug\Internal_Main.a(CyLFClk.o)
 .debug_ranges  0x000006c0       0x48 .\CortexM0p\ARM_GCC_541\Debug\Internal_Main.a(UART_1.o)
 .debug_ranges  0x00000708       0x80 .\CortexM0p\ARM_GCC_541\Debug\Internal_Main.a(UART_1_UART.o)
 .debug_ranges  0x00000788       0x38 .\CortexM0p\ARM_GCC_541\Debug\Internal_Main.a(BLUE_LED.o)
 .debug_ranges  0x000007c0      0x148 .\CortexM0p\ARM_GCC_541\Debug\Internal_Main.a(Timer_1.o)
 .debug_ranges  0x00000908       0x38 .\CortexM0p\ARM_GCC_541\Debug\Internal_Main.a(Opamp_3.o)
 .debug_ranges  0x00000940      0x148 .\CortexM0p\ARM_GCC_541\Debug\Internal_Main.a(TCPWM_1.o)
 .debug_ranges  0x00000a88       0x70 .\CortexM0p\ARM_GCC_541\Debug\Internal_Main.a(isr_1.o)
 .debug_ranges  0x00000af8       0x38 .\CortexM0p\ARM_GCC_541\Debug\Internal_Main.a(CyFlash.o)
 .debug_ranges  0x00000b30       0x50 .\CortexM0p\ARM_GCC_541\Debug\Internal_Main.a(UART_1_SPI_UART.o)

.comment        0x00000000       0x6e
 .comment       0x00000000       0x6e .\CortexM0p\ARM_GCC_541\Debug\main.o
                                 0x6f (size before relaxing)
 .comment       0x0000006e       0x6f .\CortexM0p\ARM_GCC_541\Debug\cyfitter_cfg.o
 .comment       0x0000006e       0x6f .\CortexM0p\ARM_GCC_541\Debug\cymetadata.o
 .comment       0x0000006e       0x6f .\CortexM0p\ARM_GCC_541\Debug\Cm0plusStart.o
 .comment       0x0000006e       0x6f .\CortexM0p\ARM_GCC_541\Debug\Internal_Main.a(ADC_1.o)
 .comment       0x0000006e       0x6f .\CortexM0p\ARM_GCC_541\Debug\Internal_Main.a(ADC_1_INIT.o)
 .comment       0x0000006e       0x6f .\CortexM0p\ARM_GCC_541\Debug\Internal_Main.a(ADC_1_INT.o)
 .comment       0x0000006e       0x6f .\CortexM0p\ARM_GCC_541\Debug\Internal_Main.a(AMux_1.o)
 .comment       0x0000006e       0x6f .\CortexM0p\ARM_GCC_541\Debug\Internal_Main.a(PVref_1.o)
 .comment       0x0000006e       0x6f .\CortexM0p\ARM_GCC_541\Debug\Internal_Main.a(PGA_1.o)
 .comment       0x0000006e       0x6f .\CortexM0p\ARM_GCC_541\Debug\Internal_Main.a(Opamp_1.o)
 .comment       0x0000006e       0x6f .\CortexM0p\ARM_GCC_541\Debug\Internal_Main.a(Opamp_2.o)
 .comment       0x0000006e       0x6f .\CortexM0p\ARM_GCC_541\Debug\Internal_Main.a(ADC_1_intSarClock.o)
 .comment       0x0000006e       0x6f .\CortexM0p\ARM_GCC_541\Debug\Internal_Main.a(ADC_1_IRQ.o)
 .comment       0x0000006e       0x6f .\CortexM0p\ARM_GCC_541\Debug\Internal_Main.a(CyLib.o)
 .comment       0x0000006e       0x6f .\CortexM0p\ARM_GCC_541\Debug\Internal_Main.a(CyLFClk.o)
 .comment       0x0000006e       0x6f .\CortexM0p\ARM_GCC_541\Debug\Internal_Main.a(UART_1.o)
 .comment       0x0000006e       0x6f .\CortexM0p\ARM_GCC_541\Debug\Internal_Main.a(UART_1_UART.o)
 .comment       0x0000006e       0x6f .\CortexM0p\ARM_GCC_541\Debug\Internal_Main.a(BLUE_LED.o)
 .comment       0x0000006e       0x6f .\CortexM0p\ARM_GCC_541\Debug\Internal_Main.a(Timer_1.o)
 .comment       0x0000006e       0x6f .\CortexM0p\ARM_GCC_541\Debug\Internal_Main.a(Opamp_3.o)
 .comment       0x0000006e       0x6f .\CortexM0p\ARM_GCC_541\Debug\Internal_Main.a(TCPWM_1.o)
 .comment       0x0000006e       0x6f .\CortexM0p\ARM_GCC_541\Debug\Internal_Main.a(isr_1.o)
 .comment       0x0000006e       0x6f .\CortexM0p\ARM_GCC_541\Debug\Internal_Main.a(CyFlash.o)
 .comment       0x0000006e       0x6f .\CortexM0p\ARM_GCC_541\Debug\Internal_Main.a(UART_1_SPI_UART.o)

.debug_weaknames
 *(.debug_weaknames)

.debug_funcnames
 *(.debug_funcnames)

.debug_typenames
 *(.debug_typenames)

.debug_varnames
 *(.debug_varnames)

.note.gnu.arm.ident
 *(.note.gnu.arm.ident)

.ARM.attributes
                0x00000000       0x28
 *(.ARM.attributes)
 .ARM.attributes
                0x00000000       0x1e c:/program files (x86)/cypress/psoc creator/4.3/psoc creator/import/gnu/arm/5.4.1/bin/../lib/gcc/arm-none-eabi/5.4.1/armv6-m/crti.o
 .ARM.attributes
                0x0000001e       0x2c c:/program files (x86)/cypress/psoc creator/4.3/psoc creator/import/gnu/arm/5.4.1/bin/../lib/gcc/arm-none-eabi/5.4.1/armv6-m/crtbegin.o
 .ARM.attributes
                0x0000004a       0x1b c:/program files (x86)/cypress/psoc creator/4.3/psoc creator/import/gnu/arm/5.4.1/bin/../lib/gcc/arm-none-eabi/5.4.1/../../../../arm-none-eabi/lib/armv6-m/crt0.o
 .ARM.attributes
                0x00000065       0x32 .\CortexM0p\ARM_GCC_541\Debug\main.o
 .ARM.attributes
                0x00000097       0x32 .\CortexM0p\ARM_GCC_541\Debug\cyfitter_cfg.o
 .ARM.attributes
                0x000000c9       0x32 .\CortexM0p\ARM_GCC_541\Debug\cymetadata.o
 .ARM.attributes
                0x000000fb       0x32 .\CortexM0p\ARM_GCC_541\Debug\Cm0plusStart.o
 .ARM.attributes
                0x0000012d       0x32 .\CortexM0p\ARM_GCC_541\Debug\Internal_Main.a(ADC_1.o)
 .ARM.attributes
                0x0000015f       0x32 .\CortexM0p\ARM_GCC_541\Debug\Internal_Main.a(ADC_1_INIT.o)
 .ARM.attributes
                0x00000191       0x32 .\CortexM0p\ARM_GCC_541\Debug\Internal_Main.a(ADC_1_INT.o)
 .ARM.attributes
                0x000001c3       0x32 .\CortexM0p\ARM_GCC_541\Debug\Internal_Main.a(AMux_1.o)
 .ARM.attributes
                0x000001f5       0x32 .\CortexM0p\ARM_GCC_541\Debug\Internal_Main.a(PVref_1.o)
 .ARM.attributes
                0x00000227       0x32 .\CortexM0p\ARM_GCC_541\Debug\Internal_Main.a(PGA_1.o)
 .ARM.attributes
                0x00000259       0x32 .\CortexM0p\ARM_GCC_541\Debug\Internal_Main.a(Opamp_1.o)
 .ARM.attributes
                0x0000028b       0x32 .\CortexM0p\ARM_GCC_541\Debug\Internal_Main.a(Opamp_2.o)
 .ARM.attributes
                0x000002bd       0x32 .\CortexM0p\ARM_GCC_541\Debug\Internal_Main.a(ADC_1_intSarClock.o)
 .ARM.attributes
                0x000002ef       0x32 .\CortexM0p\ARM_GCC_541\Debug\Internal_Main.a(ADC_1_IRQ.o)
 .ARM.attributes
                0x00000321       0x32 .\CortexM0p\ARM_GCC_541\Debug\Internal_Main.a(CyLib.o)
 .ARM.attributes
                0x00000353       0x32 .\CortexM0p\ARM_GCC_541\Debug\Internal_Main.a(CyLFClk.o)
 .ARM.attributes
                0x00000385       0x32 .\CortexM0p\ARM_GCC_541\Debug\Internal_Main.a(UART_1.o)
 .ARM.attributes
                0x000003b7       0x32 .\CortexM0p\ARM_GCC_541\Debug\Internal_Main.a(UART_1_UART.o)
 .ARM.attributes
                0x000003e9       0x32 .\CortexM0p\ARM_GCC_541\Debug\Internal_Main.a(BLUE_LED.o)
 .ARM.attributes
                0x0000041b       0x32 .\CortexM0p\ARM_GCC_541\Debug\Internal_Main.a(Timer_1.o)
 .ARM.attributes
                0x0000044d       0x32 .\CortexM0p\ARM_GCC_541\Debug\Internal_Main.a(Opamp_3.o)
 .ARM.attributes
                0x0000047f       0x32 .\CortexM0p\ARM_GCC_541\Debug\Internal_Main.a(TCPWM_1.o)
 .ARM.attributes
                0x000004b1       0x32 .\CortexM0p\ARM_GCC_541\Debug\Internal_Main.a(isr_1.o)
 .ARM.attributes
                0x000004e3       0x22 .\CortexM0p\ARM_GCC_541\Debug\Internal_Main.a(CyBootAsmGnu.o)
 .ARM.attributes
                0x00000505       0x32 .\CortexM0p\ARM_GCC_541\Debug\Internal_Main.a(CyFlash.o)
 .ARM.attributes
                0x00000537       0x32 .\CortexM0p\ARM_GCC_541\Debug\Internal_Main.a(UART_1_SPI_UART.o)
 .ARM.attributes
                0x00000569       0x1e c:/program files (x86)/cypress/psoc creator/4.3/psoc creator/import/gnu/arm/5.4.1/bin/../lib/gcc/arm-none-eabi/5.4.1/armv6-m\libgcc.a(_udivsi3.o)
 .ARM.attributes
                0x00000587       0x1e c:/program files (x86)/cypress/psoc creator/4.3/psoc creator/import/gnu/arm/5.4.1/bin/../lib/gcc/arm-none-eabi/5.4.1/armv6-m\libgcc.a(_divsi3.o)
 .ARM.attributes
                0x000005a5       0x1e c:/program files (x86)/cypress/psoc creator/4.3/psoc creator/import/gnu/arm/5.4.1/bin/../lib/gcc/arm-none-eabi/5.4.1/armv6-m\libgcc.a(_dvmd_tls.o)
 .ARM.attributes
                0x000005c3       0x1e c:/program files (x86)/cypress/psoc creator/4.3/psoc creator/import/gnu/arm/5.4.1/bin/../lib/gcc/arm-none-eabi/5.4.1/armv6-m\libgcc.a(_aeabi_ldivmod.o)
 .ARM.attributes
                0x000005e1       0x2c c:/program files (x86)/cypress/psoc creator/4.3/psoc creator/import/gnu/arm/5.4.1/bin/../lib/gcc/arm-none-eabi/5.4.1/armv6-m\libgcc.a(_muldi3.o)
 .ARM.attributes
                0x0000060d       0x2c c:/program files (x86)/cypress/psoc creator/4.3/psoc creator/import/gnu/arm/5.4.1/bin/../lib/gcc/arm-none-eabi/5.4.1/armv6-m\libgcc.a(bpabi.o)
 .ARM.attributes
                0x00000639       0x2c c:/program files (x86)/cypress/psoc creator/4.3/psoc creator/import/gnu/arm/5.4.1/bin/../lib/gcc/arm-none-eabi/5.4.1/armv6-m\libgcc.a(divsf3.o)
 .ARM.attributes
                0x00000665       0x2c c:/program files (x86)/cypress/psoc creator/4.3/psoc creator/import/gnu/arm/5.4.1/bin/../lib/gcc/arm-none-eabi/5.4.1/armv6-m\libgcc.a(mulsf3.o)
 .ARM.attributes
                0x00000691       0x2c c:/program files (x86)/cypress/psoc creator/4.3/psoc creator/import/gnu/arm/5.4.1/bin/../lib/gcc/arm-none-eabi/5.4.1/armv6-m\libgcc.a(subsf3.o)
 .ARM.attributes
                0x000006bd       0x2c c:/program files (x86)/cypress/psoc creator/4.3/psoc creator/import/gnu/arm/5.4.1/bin/../lib/gcc/arm-none-eabi/5.4.1/armv6-m\libgcc.a(floatsisf.o)
 .ARM.attributes