Archive member included to satisfy reference by file (symbol)

.\CortexM0p\ARM_GCC_541\Debug\Internal_Main.a(ADC_1.o)
                              .\CortexM0p\ARM_GCC_541\Debug\main.o (ADC_1_StartConvert)
.\CortexM0p\ARM_GCC_541\Debug\Internal_Main.a(ADC_1_INIT.o)
                              .\CortexM0p\ARM_GCC_541\Debug\Internal_Main.a(ADC_1.o) (ADC_1_allConfigs)
.\CortexM0p\ARM_GCC_541\Debug\Internal_Main.a(ADC_1_INT.o)
                              .\CortexM0p\ARM_GCC_541\Debug\Internal_Main.a(ADC_1.o) (ADC_1_ISR)
.\CortexM0p\ARM_GCC_541\Debug\Internal_Main.a(AMux_1.o)
                              .\CortexM0p\ARM_GCC_541\Debug\main.o (AMux_1_Start)
.\CortexM0p\ARM_GCC_541\Debug\Internal_Main.a(PVref_1.o)
                              .\CortexM0p\ARM_GCC_541\Debug\main.o (PVref_1_Enable)
.\CortexM0p\ARM_GCC_541\Debug\Internal_Main.a(PGA_1.o)
                              .\CortexM0p\ARM_GCC_541\Debug\main.o (PGA_1_Start)
.\CortexM0p\ARM_GCC_541\Debug\Internal_Main.a(Opamp_1.o)
                              .\CortexM0p\ARM_GCC_541\Debug\main.o (Opamp_1_Start)
.\CortexM0p\ARM_GCC_541\Debug\Internal_Main.a(ADC_1_intSarClock.o)
                              .\CortexM0p\ARM_GCC_541\Debug\Internal_Main.a(ADC_1.o) (ADC_1_intSarClock_StartEx)
.\CortexM0p\ARM_GCC_541\Debug\Internal_Main.a(ADC_1_IRQ.o)
                              .\CortexM0p\ARM_GCC_541\Debug\Internal_Main.a(ADC_1.o) (ADC_1_IRQ_StartEx)
.\CortexM0p\ARM_GCC_541\Debug\Internal_Main.a(CyLib.o)
                              .\CortexM0p\ARM_GCC_541\Debug\cyfitter_cfg.o (CyIntEnable)
.\CortexM0p\ARM_GCC_541\Debug\Internal_Main.a(CyLFClk.o)
                              .\CortexM0p\ARM_GCC_541\Debug\Internal_Main.a(CyLib.o) (CySysClkWcoEnabled)
.\CortexM0p\ARM_GCC_541\Debug\Internal_Main.a(UART_1.o)
                              .\CortexM0p\ARM_GCC_541\Debug\main.o (UART_1_Start)
.\CortexM0p\ARM_GCC_541\Debug\Internal_Main.a(UART_1_UART.o)
                              .\CortexM0p\ARM_GCC_541\Debug\Internal_Main.a(UART_1.o) (UART_1_UartInit)
.\CortexM0p\ARM_GCC_541\Debug\Internal_Main.a(I2C_1.o)
                              .\CortexM0p\ARM_GCC_541\Debug\main.o (I2C_1_Start)
.\CortexM0p\ARM_GCC_541\Debug\Internal_Main.a(I2C_1_I2C.o)
                              .\CortexM0p\ARM_GCC_541\Debug\Internal_Main.a(I2C_1.o) (I2C_1_I2CInit)
.\CortexM0p\ARM_GCC_541\Debug\Internal_Main.a(I2C_1_I2C_MASTER.o)
                              .\CortexM0p\ARM_GCC_541\Debug\Internal_Main.a(I2C_1_I2C.o) (I2C_1_mstrRdBufIndex)
.\CortexM0p\ARM_GCC_541\Debug\Internal_Main.a(BLUE_LED.o)
                              .\CortexM0p\ARM_GCC_541\Debug\main.o (BLUE_LED_Write)
.\CortexM0p\ARM_GCC_541\Debug\Internal_Main.a(RELAY_EN.o)
                              .\CortexM0p\ARM_GCC_541\Debug\main.o (RELAY_EN_Write)
.\CortexM0p\ARM_GCC_541\Debug\Internal_Main.a(Timer_1.o)
                              .\CortexM0p\ARM_GCC_541\Debug\main.o (Timer_1_Stop)
.\CortexM0p\ARM_GCC_541\Debug\Internal_Main.a(TCPWM_1.o)
                              .\CortexM0p\ARM_GCC_541\Debug\main.o (TCPWM_1_Stop)
.\CortexM0p\ARM_GCC_541\Debug\Internal_Main.a(isr_1.o)
                              .\CortexM0p\ARM_GCC_541\Debug\main.o (isr_1_StartEx)
.\CortexM0p\ARM_GCC_541\Debug\Internal_Main.a(CyBootAsmGnu.o)
                              .\CortexM0p\ARM_GCC_541\Debug\Internal_Main.a(CyLib.o) (CyDelayCycles)
.\CortexM0p\ARM_GCC_541\Debug\Internal_Main.a(CyFlash.o)
                              .\CortexM0p\ARM_GCC_541\Debug\Internal_Main.a(CyLib.o) (CySysFlashSetWaitCycles)
.\CortexM0p\ARM_GCC_541\Debug\Internal_Main.a(UART_1_SPI_UART.o)
                              .\CortexM0p\ARM_GCC_541\Debug\Internal_Main.a(UART_1_UART.o) (UART_1_SpiUartReadRxData)
.\CortexM0p\ARM_GCC_541\Debug\Internal_Main.a(I2C_1_I2C_INT.o)
                              .\CortexM0p\ARM_GCC_541\Debug\Internal_Main.a(I2C_1_I2C.o) (I2C_1_I2C_ISR)
c:/program files (x86)/cypress/psoc creator/4.3/psoc creator/import/gnu/arm/5.4.1/bin/../lib/gcc/arm-none-eabi/5.4.1/armv6-m\libgcc.a(_udivsi3.o)
                              .\CortexM0p\ARM_GCC_541\Debug\Internal_Main.a(ADC_1.o) (__aeabi_uidiv)
c:/program files (x86)/cypress/psoc creator/4.3/psoc creator/import/gnu/arm/5.4.1/bin/../lib/gcc/arm-none-eabi/5.4.1/armv6-m\libgcc.a(_divsi3.o)
                              .\CortexM0p\ARM_GCC_541\Debug\Internal_Main.a(ADC_1.o) (__aeabi_idiv)
c:/program files (x86)/cypress/psoc creator/4.3/psoc creator/import/gnu/arm/5.4.1/bin/../lib/gcc/arm-none-eabi/5.4.1/armv6-m\libgcc.a(_dvmd_tls.o)
                              c:/program files (x86)/cypress/psoc creator/4.3/psoc creator/import/gnu/arm/5.4.1/bin/../lib/gcc/arm-none-eabi/5.4.1/armv6-m\libgcc.a(_udivsi3.o) (__aeabi_idiv0)
c:/program files (x86)/cypress/psoc creator/4.3/psoc creator/import/gnu/arm/5.4.1/bin/../lib/gcc/arm-none-eabi/5.4.1/armv6-m\libgcc.a(_arm_cmpsf2.o)
                              .\CortexM0p\ARM_GCC_541\Debug\main.o (__aeabi_fcmplt)
[...]
Memory Configuration

Name             Origin             Length             Attributes
rom              0x00000000         0x00008000         xr
ram              0x20000000         0x00001000         xrw
*default*        0x00000000         0xffffffff

Linker script and memory map

LOAD c:/program files (x86)/cypress/psoc creator/4.3/psoc creator/import/gnu/arm/5.4.1/bin/../lib/gcc/arm-none-eabi/5.4.1/armv6-m/crti.o
LOAD c:/program files (x86)/cypress/psoc creator/4.3/psoc creator/import/gnu/arm/5.4.1/bin/../lib/gcc/arm-none-eabi/5.4.1/armv6-m/crtbegin.o
LOAD c:/program files (x86)/cypress/psoc creator/4.3/psoc creator/import/gnu/arm/5.4.1/bin/../lib/gcc/arm-none-eabi/5.4.1/../../../../arm-none-eabi/lib/armv6-m/crt0.o
START GROUP
LOAD .\CortexM0p\ARM_GCC_541\Debug\main.o
LOAD .\CortexM0p\ARM_GCC_541\Debug\cyfitter_cfg.o
LOAD .\CortexM0p\ARM_GCC_541\Debug\cymetadata.o
LOAD .\CortexM0p\ARM_GCC_541\Debug\Cm0plusStart.o
LOAD .\CortexM0p\ARM_GCC_541\Debug\Internal_Main.a
END GROUP
START GROUP
LOAD c:/program files (x86)/cypress/psoc creator/4.3/psoc creator/import/gnu/arm/5.4.1/bin/../lib/gcc/arm-none-eabi/5.4.1/armv6-m\libgcc.a
LOAD c:/program files (x86)/cypress/psoc creator/4.3/psoc creator/import/gnu/arm/5.4.1/bin/../lib/gcc/arm-none-eabi/5.4.1/../../../../arm-none-eabi/lib/armv6-m\libg_nano.a
LOAD c:/program files (x86)/cypress/psoc creator/4.3/psoc creator/import/gnu/arm/5.4.1/bin/../lib/gcc/arm-none-eabi/5.4.1/../../../../arm-none-eabi/lib/armv6-m\libc_nano.a
END GROUP
START GROUP
LOAD c:/program files (x86)/cypress/psoc creator/4.3/psoc creator/import/gnu/arm/5.4.1/bin/../lib/gcc/arm-none-eabi/5.4.1/armv6-m\libgcc.a
LOAD c:/program files (x86)/cypress/psoc creator/4.3/psoc creator/import/gnu/arm/5.4.1/bin/../lib/gcc/arm-none-eabi/5.4.1/../../../../arm-none-eabi/lib/armv6-m\libc_nano.a
END GROUP
LOAD c:/program files (x86)/cypress/psoc creator/4.3/psoc creator/import/gnu/arm/5.4.1/bin/../lib/gcc/arm-none-eabi/5.4.1/armv6-m/crtend.o
LOAD c:/program files (x86)/cypress/psoc creator/4.3/psoc creator/import/gnu/arm/5.4.1/bin/../lib/gcc/arm-none-eabi/5.4.1/armv6-m/crtn.o
START GROUP
LOAD c:/program files (x86)/cypress/psoc creator/4.3/psoc creator/import/gnu/arm/5.4.1/bin/../lib/gcc/arm-none-eabi/5.4.1/armv6-m\libgcc.a
LOAD c:/program files (x86)/cypress/psoc creator/4.3/psoc creator/import/gnu/arm/5.4.1/bin/../lib/gcc/arm-none-eabi/5.4.1/../../../../arm-none-eabi/lib/armv6-m\libc.a
LOAD c:/program files (x86)/cypress/psoc creator/4.3/psoc creator/import/gnu/arm/5.4.1/bin/../lib/gcc/arm-none-eabi/5.4.1/../../../../arm-none-eabi/lib/armv6-m\libnosys.a
END GROUP
                0x00000000                CY_APPL_ORIGIN = 0x0
                0x00000080                CY_FLASH_ROW_SIZE = 0x80
                0x00000001                CY_APPL_NUM = 0x1
                0x00000001                CY_APPL_MAX = 0x1
                0x00000040                CY_METADATA_SIZE = 0x40
                0x00000000                CY_APPL_LOADABLE = 0x0
                0x00000000                CY_CHECKSUM_EXCLUDE_SIZE = ALIGN (0x0, CY_FLASH_ROW_SIZE)
                0x00000000                CY_APP_FOR_STACK_AND_COPIER = 0x0
                [!provide]                PROVIDE (__cy_heap_start, _end)
                0x00000001                PROVIDE (__cy_region_num, ((__cy_regions_end - __cy_regions) / 0x10))
                0x20001000                PROVIDE (__cy_stack, (ORIGIN (ram) + LENGTH (ram)))
                [!provide]                PROVIDE (__cy_heap_end, (__cy_stack - 0x400))

.cybootloader   0x00000000        0x0
 *(.cybootloader)
                0x00000000                appl1_start = CY_APPL_ORIGIN?CY_APPL_ORIGIN:ALIGN (CY_FLASH_ROW_SIZE)
                0x00003f80                appl2_start = (appl1_start + ALIGN ((((LENGTH (rom) - appl1_start) - (0x2 * CY_FLASH_ROW_SIZE)) / 0x2), CY_FLASH_ROW_SIZE))
                0x00000000                appl_start = (CY_APPL_NUM == 0x1)?appl1_start:appl2_start
                0x00000001                cy_project_type_bootloader = (appl_start == 0x0)?0x1:0x0
                0x00000000                cy_project_type_app_for_stack_and_copier = (CY_APP_FOR_STACK_AND_COPIER == 0x1)?0x1:0x0

.text           0x00000000     0x6888
 CREATE_OBJECT_SYMBOLS
                0x00000000                PROVIDE (__cy_interrupt_vector, RomVectors)
 *(.romvectors)
 .romvectors    0x00000000       0x10 .\CortexM0p\ARM_GCC_541\Debug\Cm0plusStart.o
                0x00000000                RomVectors
                0x00000001                ASSERT ((. != __cy_interrupt_vector), No interrupt vector)
                0x00000001                ASSERT (CY_APPL_ORIGIN?(SIZEOF (.cybootloader) <= CY_APPL_ORIGIN):0x1, Wrong image location)
                0x00000010                PROVIDE (__cy_reset, Reset)
 *(.text.Reset)
 .text.Reset    0x00000010        0xc .\CortexM0p\ARM_GCC_541\Debug\Cm0plusStart.o
                0x00000010                Reset
                0x00000001                ASSERT ((. != __cy_reset), No reset code)
 *(.psocinit)
 .psocinit      0x0000001c      0x178 .\CortexM0p\ARM_GCC_541\Debug\cyfitter_cfg.o
                0x00000110                cyfitter_cfg
                0x00000194                . = MAX (., 0x100)
 *(.text .text.* .gnu.linkonce.t.*)
 .text          0x00000194       0x60 c:/program files (x86)/cypress/psoc creator/4.3/psoc creator/import/gnu/arm/5.4.1/bin/../lib/gcc/arm-none-eabi/5.4.1/armv6-m/crtbegin.o
 .text.MyCustomISR
                0x000001f4       0x14 .\CortexM0p\ARM_GCC_541\Debug\main.o
                0x000001f4                MyCustomISR
 .text.Print_Headers
                0x00000208       0x90 .\CortexM0p\ARM_GCC_541\Debug\main.o
                0x00000208                Print_Headers
 .text.CellTestStart
                0x00000298       0x30 .\CortexM0p\ARM_GCC_541\Debug\main.o
                0x00000298                CellTestStart
 .text.HaltTest
                0x000002c8       0x98 .\CortexM0p\ARM_GCC_541\Debug\main.o
                0x000002c8                HaltTest
 .text.FilterSignal
                0x00000360       0x48 .\CortexM0p\ARM_GCC_541\Debug\main.o
                0x00000360                FilterSignal
 .text.main     0x000003a8      0x360 .\CortexM0p\ARM_GCC_541\Debug\main.o
                0x000003a8                main
 .text.SetAnalogRoutingPumps
                0x00000708       0x20 .\CortexM0p\ARM_GCC_541\Debug\cyfitter_cfg.o
                0x00000708                SetAnalogRoutingPumps
 .text.AnalogSetDefault
                0x00000728       0xb4 .\CortexM0p\ARM_GCC_541\Debug\cyfitter_cfg.o
 .text.AMux_1_Set
                0x000007dc       0x44 .\CortexM0p\ARM_GCC_541\Debug\cyfitter_cfg.o
                0x000007dc                AMux_1_Set
 .text.AMux_1_Unset
                0x00000820       0x44 .\CortexM0p\ARM_GCC_541\Debug\cyfitter_cfg.o
                0x00000820                AMux_1_Unset
 .text.IntDefaultHandler
                0x00000864       0x10 .\CortexM0p\ARM_GCC_541\Debug\Cm0plusStart.o
                0x00000864                IntDefaultHandler
 .text._sbrk    0x00000874       0x34 .\CortexM0p\ARM_GCC_541\Debug\Cm0plusStart.o
                0x00000874                _sbrk
 .text.Start_c  0x000008a8       0x48 .\CortexM0p\ARM_GCC_541\Debug\Cm0plusStart.o
                0x000008a8                Start_c
 .text.initialize_psoc
                0x000008f0       0x40 .\CortexM0p\ARM_GCC_541\Debug\Cm0plusStart.o
                0x000008f0                initialize_psoc
 .text.ADC_1_SetDFTControl
                0x00000930       0x34 .\CortexM0p\ARM_GCC_541\Debug\Internal_Main.a(ADC_1.o)
 .text.ADC_1_IsChannelSigned
                0x00000964       0x58 .\CortexM0p\ARM_GCC_541\Debug\Internal_Main.a(ADC_1.o)
 .text.ADC_1_InitConfig
                0x000009bc       0xd0 .\CortexM0p\ARM_GCC_541\Debug\Internal_Main.a(ADC_1.o)
                0x000009bc                ADC_1_InitConfig
 .text.ADC_1_StartConvert
                0x00000a8c       0x28 .\CortexM0p\ARM_GCC_541\Debug\Internal_Main.a(ADC_1.o)
                0x00000a8c                ADC_1_StartConvert
 .text.ADC_1_IsEndConversion
                0x00000ab4       0x38 .\CortexM0p\ARM_GCC_541\Debug\Internal_Main.a(ADC_1.o)
                0x00000ab4                ADC_1_IsEndConversion
 .text.ADC_1_GetResult32
                0x00000aec       0x64 .\CortexM0p\ARM_GCC_541\Debug\Internal_Main.a(ADC_1.o)
                0x00000aec                ADC_1_GetResult32
 .text.ADC_1_RawCounts2Counts
                0x00000b50       0x88 .\CortexM0p\ARM_GCC_541\Debug\Internal_Main.a(ADC_1.o)
                0x00000b50                ADC_1_RawCounts2Counts
 .text.ADC_1_CountsTo_mVolts
                0x00000bd8       0x68 .\CortexM0p\ARM_GCC_541\Debug\Internal_Main.a(ADC_1.o)
                0x00000bd8                ADC_1_CountsTo_mVolts
 .text.ADC_1_Init
                0x00000c40       0xdc .\CortexM0p\ARM_GCC_541\Debug\Internal_Main.a(ADC_1.o)
                0x00000c40                ADC_1_Init
 .text.ADC_1_Enable
                0x00000d1c       0x48 .\CortexM0p\ARM_GCC_541\Debug\Internal_Main.a(ADC_1.o)
                0x00000d1c                ADC_1_Enable
 .text.ADC_1_Start
                0x00000d64       0x24 .\CortexM0p\ARM_GCC_541\Debug\Internal_Main.a(ADC_1.o)
                0x00000d64                ADC_1_Start
 .text.ADC_1_ISR
                0x00000d88        0xc .\CortexM0p\ARM_GCC_541\Debug\Internal_Main.a(ADC_1_INT.o)
                0x00000d88                ADC_1_ISR
 .text.AMux_1_Start
                0x00000d94       0x20 .\CortexM0p\ARM_GCC_541\Debug\Internal_Main.a(AMux_1.o)
                0x00000d94                AMux_1_Start
 .text.AMux_1_Select
                0x00000db4       0x18 .\CortexM0p\ARM_GCC_541\Debug\Internal_Main.a(AMux_1.o)
                0x00000db4                AMux_1_Select
 .text.PVref_1_Init
                0x00000dcc       0x1c .\CortexM0p\ARM_GCC_541\Debug\Internal_Main.a(PVref_1.o)
                0x00000dcc                PVref_1_Init
 .text.PVref_1_Enable
                0x00000de8       0x10 .\CortexM0p\ARM_GCC_541\Debug\Internal_Main.a(PVref_1.o)
                0x00000de8                PVref_1_Enable
 .text.PVref_1_Start
                0x00000df8       0x20 .\CortexM0p\ARM_GCC_541\Debug\Internal_Main.a(PVref_1.o)
                0x00000df8                PVref_1_Start
 .text.PGA_1_Enable
                0x00000e18       0x1c .\CortexM0p\ARM_GCC_541\Debug\Internal_Main.a(PGA_1.o)
                0x00000e18                PGA_1_Enable
 .text.PGA_1_SetGain
                0x00000e34       0x7c .\CortexM0p\ARM_GCC_541\Debug\Internal_Main.a(PGA_1.o)
                0x00000e34                PGA_1_SetGain
 .text.PGA_1_Init
                0x00000eb0       0x50 .\CortexM0p\ARM_GCC_541\Debug\Internal_Main.a(PGA_1.o)
                0x00000eb0                PGA_1_Init
 .text.PGA_1_Start
                0x00000f00       0x20 .\CortexM0p\ARM_GCC_541\Debug\Internal_Main.a(PGA_1.o)
                0x00000f00                PGA_1_Start
 .text.Opamp_1_Init
                0x00000f20       0x2c .\CortexM0p\ARM_GCC_541\Debug\Internal_Main.a(Opamp_1.o)
                0x00000f20                Opamp_1_Init
 .text.Opamp_1_Enable
                0x00000f4c       0x1c .\CortexM0p\ARM_GCC_541\Debug\Internal_Main.a(Opamp_1.o)
                0x00000f4c                Opamp_1_Enable
 .text.Opamp_1_Start
                0x00000f68       0x20 .\CortexM0p\ARM_GCC_541\Debug\Internal_Main.a(Opamp_1.o)
                0x00000f68                Opamp_1_Start
 .text.ADC_1_intSarClock_StartEx
                0x00000f88       0x1c .\CortexM0p\ARM_GCC_541\Debug\Internal_Main.a(ADC_1_intSarClock.o)
                0x00000f88                ADC_1_intSarClock_StartEx
 .text.ADC_1_intSarClock_Stop
                0x00000fa4       0x18 .\CortexM0p\ARM_GCC_541\Debug\Internal_Main.a(ADC_1_intSarClock.o)
                0x00000fa4                ADC_1_intSarClock_Stop
 .text.ADC_1_intSarClock_SetFractionalDividerRegister
                0x00000fbc       0x20 .\CortexM0p\ARM_GCC_541\Debug\Internal_Main.a(ADC_1_intSarClock.o)
                0x00000fbc                ADC_1_intSarClock_SetFractionalDividerRegister
 .text.CySysClkImoDisableWcoLock
                0x00000fdc       0x4c .\CortexM0p\ARM_GCC_541\Debug\Internal_Main.a(CyLib.o)
                0x00000fdc                CySysClkImoDisableWcoLock
 .text.CySysClkImoGetWcoLock
                0x00001028       0x14 .\CortexM0p\ARM_GCC_541\Debug\Internal_Main.a(CyLib.o)
                0x00001028                CySysClkImoGetWcoLock
 .text.CyIntEnable
                0x0000103c       0x14 .\CortexM0p\ARM_GCC_541\Debug\Internal_Main.a(CyLib.o)
                0x0000103c                CyIntEnable
 .text.CyIntDisable
                0x00001050       0x14 .\CortexM0p\ARM_GCC_541\Debug\Internal_Main.a(CyLib.o)
                0x00001050                CyIntDisable
 .text.CyHalt   0x00001064        0x4 .\CortexM0p\ARM_GCC_541\Debug\Internal_Main.a(CyLib.o)
                0x00001064                CyHalt
 .text.CyIntSetVector
                0x00001068       0x24 .\CortexM0p\ARM_GCC_541\Debug\Internal_Main.a(CyLib.o)
                0x00001068                CyIntSetVector
 .text.CyIntSetPriority
                0x0000108c       0x4c .\CortexM0p\ARM_GCC_541\Debug\Internal_Main.a(CyLib.o)
                0x0000108c                CyIntSetPriority
 .text.CyDelay  0x000010d8       0x30 .\CortexM0p\ARM_GCC_541\Debug\Internal_Main.a(CyLib.o)
                0x000010d8                CyDelay
 .text.CySysClkImoEnableWcoLock
                0x00001108       0xd0 .\CortexM0p\ARM_GCC_541\Debug\Internal_Main.a(CyLib.o)
                0x00001108                CySysClkImoEnableWcoLock
 .text.CySysClkWriteImoFreq
                0x000011d8       0xd8 .\CortexM0p\ARM_GCC_541\Debug\Internal_Main.a(CyLib.o)
                0x000011d8                CySysClkWriteImoFreq
 .text.CyDelayUs
                0x000012b0       0x14 .\CortexM0p\ARM_GCC_541\Debug\Internal_Main.a(CyLib.o)
                0x000012b0                CyDelayUs
 .text.CySysClkGetTimerSource
                0x000012c4       0x10 .\CortexM0p\ARM_GCC_541\Debug\Internal_Main.a(CyLFClk.o)
 .text.CySysClkWcoEnabled
                0x000012d4       0x14 .\CortexM0p\ARM_GCC_541\Debug\Internal_Main.a(CyLFClk.o)
                0x000012d4                CySysClkWcoEnabled
 .text.CySysWdtDisable
                0x000012e8       0x10 .\CortexM0p\ARM_GCC_541\Debug\Internal_Main.a(CyLFClk.o)
                0x000012e8                CySysWdtDisable
 .text.CySysClkSetTimerSource
                0x000012f8       0x68 .\CortexM0p\ARM_GCC_541\Debug\Internal_Main.a(CyLFClk.o)
                0x000012f8                CySysClkSetTimerSource
 .text.CySysTimerClearInterrupt
                0x00001360       0x2c .\CortexM0p\ARM_GCC_541\Debug\Internal_Main.a(CyLFClk.o)
                0x00001360                CySysTimerClearInterrupt
 .text.CySysTimerIsr
                0x0000138c       0xa4 .\CortexM0p\ARM_GCC_541\Debug\Internal_Main.a(CyLFClk.o)
                0x0000138c                CySysTimerIsr
 .text.UART_1_ScbModePostEnable
                0x00001430        0x8 .\CortexM0p\ARM_GCC_541\Debug\Internal_Main.a(UART_1.o)
 .text.UART_1_Init
                0x00001438        0x8 .\CortexM0p\ARM_GCC_541\Debug\Internal_Main.a(UART_1.o)
                0x00001438                UART_1_Init
 .text.UART_1_Enable
                0x00001440       0x18 .\CortexM0p\ARM_GCC_541\Debug\Internal_Main.a(UART_1.o)
                0x00001440                UART_1_Enable
 .text.UART_1_Start
                0x00001458       0x20 .\CortexM0p\ARM_GCC_541\Debug\Internal_Main.a(UART_1.o)
                0x00001458                UART_1_Start
 .text.UART_1_UartInit
                0x00001478       0xa8 .\CortexM0p\ARM_GCC_541\Debug\Internal_Main.a(UART_1_UART.o)
                0x00001478                UART_1_UartInit
 .text.UART_1_UartPostEnable
                0x00001520       0x14 .\CortexM0p\ARM_GCC_541\Debug\Internal_Main.a(UART_1_UART.o)
                0x00001520                UART_1_UartPostEnable
 .text.UART_1_UartGetChar
                0x00001534       0x2c .\CortexM0p\ARM_GCC_541\Debug\Internal_Main.a(UART_1_UART.o)
                0x00001534                UART_1_UartGetChar
 .text.UART_1_UartPutString
                0x00001560       0x18 .\CortexM0p\ARM_GCC_541\Debug\Internal_Main.a(UART_1_UART.o)
                0x00001560                UART_1_UartPutString
 .text.I2C_1_ScbEnableIntr
                0x00001578        0xc .\CortexM0p\ARM_GCC_541\Debug\Internal_Main.a(I2C_1.o)
 .text.I2C_1_Init
                0x00001584        0x8 .\CortexM0p\ARM_GCC_541\Debug\Internal_Main.a(I2C_1.o)
                0x00001584                I2C_1_Init
 .text.I2C_1_Enable
                0x0000158c       0x18 .\CortexM0p\ARM_GCC_541\Debug\Internal_Main.a(I2C_1.o)
                0x0000158c                I2C_1_Enable
 .text.I2C_1_Start
                0x000015a4       0x20 .\CortexM0p\ARM_GCC_541\Debug\Internal_Main.a(I2C_1.o)
                0x000015a4                I2C_1_Start
 .text.I2C_1_I2CInit
                0x000015c4       0xb8 .\CortexM0p\ARM_GCC_541\Debug\Internal_Main.a(I2C_1_I2C.o)
                0x000015c4                I2C_1_I2CInit
 .text.I2C_1_I2CFwBlockReset
                0x0000167c       0x5c .\CortexM0p\ARM_GCC_541\Debug\Internal_Main.a(I2C_1_I2C.o)
                0x0000167c                I2C_1_I2CFwBlockReset
 .text.I2C_1_I2CReStartGeneration
                0x000016d8       0x20 .\CortexM0p\ARM_GCC_541\Debug\Internal_Main.a(I2C_1_I2C_MASTER.o)
                0x000016d8                I2C_1_I2CReStartGeneration
 .text.I2C_1_I2CMasterReadBuf
                0x000016f8      0x108 .\CortexM0p\ARM_GCC_541\Debug\Internal_Main.a(I2C_1_I2C_MASTER.o)
                0x000016f8                I2C_1_I2CMasterReadBuf
 .text.BLUE_LED_Write
                0x00001800       0x18 .\CortexM0p\ARM_GCC_541\Debug\Internal_Main.a(BLUE_LED.o)
                0x00001800                BLUE_LED_Write
 .text.RELAY_EN_Write
                0x00001818       0x18 .\CortexM0p\ARM_GCC_541\Debug\Internal_Main.a(RELAY_EN.o)
                0x00001818                RELAY_EN_Write
 .text.Timer_1_Stop
                0x00001830       0x1c .\CortexM0p\ARM_GCC_541\Debug\Internal_Main.a(Timer_1.o)
                0x00001830                Timer_1_Stop
 .text.Timer_1_WriteCounter
                0x0000184c       0x10 .\CortexM0p\ARM_GCC_541\Debug\Internal_Main.a(Timer_1.o)
                0x0000184c                Timer_1_WriteCounter
 .text.Timer_1_ReadCounter
                0x0000185c       0x10 .\CortexM0p\ARM_GCC_541\Debug\Internal_Main.a(Timer_1.o)
                0x0000185c                Timer_1_ReadCounter
 .text.Timer_1_WritePeriod
                0x0000186c       0x10 .\CortexM0p\ARM_GCC_541\Debug\Internal_Main.a(Timer_1.o)
                0x0000186c                Timer_1_WritePeriod
 .text.Timer_1_TriggerCommand
                0x0000187c       0x1c .\CortexM0p\ARM_GCC_541\Debug\Internal_Main.a(Timer_1.o)
                0x0000187c                Timer_1_TriggerCommand
 .text.Timer_1_Enable
                0x00001898       0x24 .\CortexM0p\ARM_GCC_541\Debug\Internal_Main.a(Timer_1.o)
                0x00001898                Timer_1_Enable
 .text.Timer_1_SetInterruptMode
                0x000018bc        0xc .\CortexM0p\ARM_GCC_541\Debug\Internal_Main.a(Timer_1.o)
                0x000018bc                Timer_1_SetInterruptMode
 .text.Timer_1_Init
                0x000018c8       0x2c .\CortexM0p\ARM_GCC_541\Debug\Internal_Main.a(Timer_1.o)
                0x000018c8                Timer_1_Init
 .text.Timer_1_Start
                0x000018f4       0x20 .\CortexM0p\ARM_GCC_541\Debug\Internal_Main.a(Timer_1.o)
                0x000018f4                Timer_1_Start
 .text.TCPWM_1_Stop
                0x00001914       0x1c .\CortexM0p\ARM_GCC_541\Debug\Internal_Main.a(TCPWM_1.o)
                0x00001914                TCPWM_1_Stop
 .text.TCPWM_1_WriteCounter
                0x00001930       0x10 .\CortexM0p\ARM_GCC_541\Debug\Internal_Main.a(TCPWM_1.o)
                0x00001930                TCPWM_1_WriteCounter
 .text.TCPWM_1_WritePeriod
                0x00001940       0x10 .\CortexM0p\ARM_GCC_541\Debug\Internal_Main.a(TCPWM_1.o)
                0x00001940                TCPWM_1_WritePeriod
 .text.TCPWM_1_TriggerCommand
                0x00001950       0x1c .\CortexM0p\ARM_GCC_541\Debug\Internal_Main.a(TCPWM_1.o)
                0x00001950                TCPWM_1_TriggerCommand
 .text.TCPWM_1_Enable
                0x0000196c       0x24 .\CortexM0p\ARM_GCC_541\Debug\Internal_Main.a(TCPWM_1.o)
                0x0000196c                TCPWM_1_Enable
 .text.TCPWM_1_SetInterruptMode
                0x00001990        0xc .\CortexM0p\ARM_GCC_541\Debug\Internal_Main.a(TCPWM_1.o)
                0x00001990                TCPWM_1_SetInterruptMode
 .text.TCPWM_1_Init
                0x0000199c       0x2c .\CortexM0p\ARM_GCC_541\Debug\Internal_Main.a(TCPWM_1.o)
                0x0000199c                TCPWM_1_Init
 .text.TCPWM_1_Start
                0x000019c8       0x20 .\CortexM0p\ARM_GCC_541\Debug\Internal_Main.a(TCPWM_1.o)
                0x000019c8                TCPWM_1_Start
 .text.TCPWM_1_ClearInterrupt
                0x000019e8        0xc .\CortexM0p\ARM_GCC_541\Debug\Internal_Main.a(TCPWM_1.o)
                0x000019e8                TCPWM_1_ClearInterrupt
 .text.isr_1_SetVector
                0x000019f4        0xc .\CortexM0p\ARM_GCC_541\Debug\Internal_Main.a(isr_1.o)
                0x000019f4                isr_1_SetVector
 .text.isr_1_SetPriority
                0x00001a00       0x24 .\CortexM0p\ARM_GCC_541\Debug\Internal_Main.a(isr_1.o)
                0x00001a00                isr_1_SetPriority
 .text.isr_1_Enable
                0x00001a24       0x10 .\CortexM0p\ARM_GCC_541\Debug\Internal_Main.a(isr_1.o)
                0x00001a24                isr_1_Enable
 .text.isr_1_Disable
                0x00001a34       0x10 .\CortexM0p\ARM_GCC_541\Debug\Internal_Main.a(isr_1.o)
                0x00001a34                isr_1_Disable
 .text.isr_1_StartEx
                0x00001a44       0x1c .\CortexM0p\ARM_GCC_541\Debug\Internal_Main.a(isr_1.o)
                0x00001a44                isr_1_StartEx
 .text          0x00001a60       0x20 .\CortexM0p\ARM_GCC_541\Debug\Internal_Main.a(CyBootAsmGnu.o)
                0x00001a60                CyDelayCycles
                0x00001a72                CyEnterCriticalSection
                0x00001a7a                CyExitCriticalSection
 .text.CySysFlashSetWaitCycles
                0x00001a80       0x54 .\CortexM0p\ARM_GCC_541\Debug\Internal_Main.a(CyFlash.o)
                0x00001a80                CySysFlashSetWaitCycles
 .text.UART_1_SpiUartReadRxData
                0x00001ad4        0xc .\CortexM0p\ARM_GCC_541\Debug\Internal_Main.a(UART_1_SPI_UART.o)
                0x00001ad4                UART_1_SpiUartReadRxData
 .text.UART_1_SpiUartGetRxBufferSize
                0x00001ae0       0x10 .\CortexM0p\ARM_GCC_541\Debug\Internal_Main.a(UART_1_SPI_UART.o)
                0x00001ae0                UART_1_SpiUartGetRxBufferSize
 .text.UART_1_SpiUartWriteTxData
                0x00001af0       0x1c .\CortexM0p\ARM_GCC_541\Debug\Internal_Main.a(UART_1_SPI_UART.o)
                0x00001af0                UART_1_SpiUartWriteTxData
 .text.I2C_1_I2C_ISR
                0x00001b0c      0x340 .\CortexM0p\ARM_GCC_541\Debug\Internal_Main.a(I2C_1_I2C_INT.o)
                0x00001b0c                I2C_1_I2C_ISR
 .text          0x00001e4c      0x114 c:/program files (x86)/cypress/psoc creator/4.3/psoc creator/import/gnu/arm/5.4.1/bin/../lib/gcc/arm-none-eabi/5.4.1/armv6-m\libgcc.a(_udivsi3.o)
                0x00001e4c                __aeabi_uidiv
                0x00001e4c                __udivsi3
                0x00001f58                __aeabi_uidivmod
 .text          0x00001f60      0x1d4 c:/program files (x86)/cypress/psoc creator/4.3/psoc creator/import/gnu/arm/5.4.1/bin/../lib/gcc/arm-none-eabi/5.4.1/armv6-m\libgcc.a(_divsi3.o)
                0x00001f60                __divsi3
                0x00001f60                __aeabi_idiv
                0x0000212c                __aeabi_idivmod
 .text          0x00002134        0x4 c:/program files (x86)/cypress/psoc creator/4.3/psoc creator/import/gnu/arm/5.4.1/bin/../lib/gcc/arm-none-eabi/5.4.1/armv6-m\libgcc.a(_dvmd_tls.o)
                0x00002134                __aeabi_idiv0
                0x00002134                __aeabi_ldiv0
 .text          0x00002138       0x74 c:/program files (x86)/cypress/psoc creator/4.3/psoc creator/import/gnu/arm/5.4.1/bin/../lib/gcc/arm-none-eabi/5.4.1/armv6-m\libgcc.a(_arm_cmpsf2.o)
                0x00002138                __aeabi_cfrcmple
                0x00002140                __aeabi_cfcmpeq
                0x00002140                __aeabi_cfcmple
                0x00002150                __aeabi_fcmpeq
                0x0000215c                __aeabi_fcmplt
                0x00002170                __aeabi_fcmple
                0x00002184                __aeabi_fcmpgt
                0x00002198                __aeabi_fcmpge
 .text          0x000021ac      0x234 c:/program files (x86)/cypress/psoc creator/4.3/psoc creator/import/gnu/arm/5.4.1/bin/../lib/gcc/arm-none-eabi/5.4.1/armv6-m\libgcc.a(divsf3.o)
                0x000021ac                __aeabi_fdiv
 .text          0x000023e0       0x50 c:/program files (x86)/cypress/psoc creator/4.3/psoc creator/import/gnu/arm/5.4.1/bin/../lib/gcc/arm-none-eabi/5.4.1/armv6-m\libgcc.a(eqsf2.o)
                0x000023e0                __eqsf2
                0x000023e0                __nesf2
 .text          0x00002430       0x88 c:/program files (x86)/cypress/psoc creator/4.3/psoc creator/import/gnu/arm/5.4.1/bin/../lib/gcc/arm-none-eabi/5.4.1/armv6-m\libgcc.a(gesf2.o)
                0x00002430                __gesf2
                0x00002430                __gtsf2
 .text          0x000024b8       0x88 c:/program files (x86)/cypress/psoc creator/4.3/psoc creator/import/gnu/arm/5.4.1/bin/../lib/gcc/arm-none-eabi/5.4.1/armv6-m\libgcc.a(lesf2.o)
                0x000024b8                __ltsf2
                0x000024b8                __lesf2
 .text          0x00002540      0x30c c:/program files (x86)/cypress/psoc creator/4.3/psoc creator/import/gnu/arm/5.4.1/bin/../lib/gcc/arm-none-eabi/5.4.1/armv6-m\libgcc.a(subsf3.o)
                0x00002540                __aeabi_fsub
 .text          0x0000284c       0x90 c:/program files (x86)/cypress/psoc creator/4.3/psoc creator/import/gnu/arm/5.4.1/bin/../lib/gcc/arm-none-eabi/5.4.1/armv6-m\libgcc.a(floatsisf.o)
                0x0000284c                __aeabi_i2f
 .text          0x000028dc      0x62c c:/program files (x86)/cypress/psoc creator/4.3/psoc creator/import/gnu/arm/5.4.1/bin/../lib/gcc/arm-none-eabi/5.4.1/armv6-m\libgcc.a(divdf3.o)
                0x000028dc                __aeabi_ddiv
 .text          0x00002f08      0x4f4 c:/program files (x86)/cypress/psoc creator/4.3/psoc creator/import/gnu/arm/5.4.1/bin/../lib/gcc/arm-none-eabi/5.4.1/armv6-m\libgcc.a(muldf3.o)
                0x00002f08                __aeabi_dmul
 .text          0x000033fc       0x70 c:/program files (x86)/cypress/psoc creator/4.3/psoc creator/import/gnu/arm/5.4.1/bin/../lib/gcc/arm-none-eabi/5.4.1/armv6-m\libgcc.a(floatunsidf.o)
                0x000033fc                __aeabi_ui2d
 .text          0x0000346c       0xa8 c:/program files (x86)/cypress/psoc creator/4.3/psoc creator/import/gnu/arm/5.4.1/bin/../lib/gcc/arm-none-eabi/5.4.1/armv6-m\libgcc.a(extendsfdf2.o)
                0x0000346c                __aeabi_f2d
 .text          0x00003514      0x118 c:/program files (x86)/cypress/psoc creator/4.3/psoc creator/import/gnu/arm/5.4.1/bin/../lib/gcc/arm-none-eabi/5.4.1/armv6-m\libgcc.a(truncdfsf2.o)
                0x00003514                __aeabi_d2f
 .text          0x0000362c       0x3c c:/program files (x86)/cypress/psoc creator/4.3/psoc creator/import/gnu/arm/5.4.1/bin/../lib/gcc/arm-none-eabi/5.4.1/armv6-m\libgcc.a(_clzsi2.o)
                0x0000362c                __clzsi2
 .text.__errno  0x00003668        0xc c:/program files (x86)/cypress/psoc creator/4.3/psoc creator/import/gnu/arm/5.4.1/bin/../lib/gcc/arm-none-eabi/5.4.1/../../../../arm-none-eabi/lib/armv6-m\libg_nano.a(lib_a-errno.o)
                0x00003668                __errno
 .text.__libc_init_array
                0x00003674       0x4c c:/program files (x86)/cypress/psoc creator/4.3/psoc creator/import/gnu/arm/5.4.1/bin/../lib/gcc/arm-none-eabi/5.4.1/../../../../arm-none-eabi/lib/armv6-m\libg_nano.a(lib_a-init.o)
                0x00003674                __libc_init_array
 .text.memcpy   0x000036c0       0x12 c:/program files (x86)/cypress/psoc creator/4.3/psoc creator/import/gnu/arm/5.4.1/bin/../lib/gcc/arm-none-eabi/5.4.1/../../../../arm-none-eabi/lib/armv6-m\libg_nano.a(lib_a-memcpy-stub.o)
                0x000036c0                memcpy
 .text.memset   0x000036d2       0x10 c:/program files (x86)/cypress/psoc creator/4.3/psoc creator/import/gnu/arm/5.4.1/bin/../lib/gcc/arm-none-eabi/5.4.1/../../../../arm-none-eabi/lib/armv6-m\libg_nano.a(lib_a-memset.o)
                0x000036d2                memset
 .text.__cvt    0x000036e2       0xca c:/program files (x86)/cypress/psoc creator/4.3/psoc creator/import/gnu/arm/5.4.1/bin/../lib/gcc/arm-none-eabi/5.4.1/../../../../arm-none-eabi/lib/armv6-m\libg_nano.a(lib_a-nano-vfprintf_float.o)
                0x000036e2                __cvt
 .text.__exponent
                0x000037ac       0x62 c:/program files (x86)/cypress/psoc creator/4.3/psoc creator/import/gnu/arm/5.4.1/bin/../lib/gcc/arm-none-eabi/5.4.1/../../../../arm-none-eabi/lib/armv6-m\libg_nano.a(lib_a-nano-vfprintf_float.o)
                0x000037ac                __exponent
 *fill*         0x0000380e        0x2 
 .text._printf_float
                0x00003810      0x4a0 c:/program files (x86)/cypress/psoc creator/4.3/psoc creator/import/gnu/arm/5.4.1/bin/../lib/gcc/arm-none-eabi/5.4.1/../../../../arm-none-eabi/lib/armv6-m\libg_nano.a(lib_a-nano-vfprintf_float.o)
                0x00003810                _printf_float
 .text._printf_common
                0x00003cb0       0xdc c:/program files (x86)/cypress/psoc creator/4.3/psoc creator/import/gnu/arm/5.4.1/bin/../lib/gcc/arm-none-eabi/5.4.1/../../../../arm-none-eabi/lib/armv6-m\libg_nano.a(lib_a-nano-vfprintf_i.o)
                0x00003cb0                _printf_common
 .text._printf_i
                0x00003d8c      0x244 c:/program files (x86)/cypress/psoc creator/4.3/psoc creator/import/gnu/arm/5.4.1/bin/../lib/gcc/arm-none-eabi/5.4.1/../../../../arm-none-eabi/lib/armv6-m\libg_nano.a(lib_a-nano-vfprintf_i.o)
                0x00003d8c                _printf_i
 .text.sprintf  0x00003fd0       0x44 c:/program files (x86)/cypress/psoc creator/4.3/psoc creator/import/gnu/arm/5.4.1/bin/../lib/gcc/arm-none-eabi/5.4.1/../../../../arm-none-eabi/lib/armv6-m\libg_nano.a(lib_a-sprintf.o)
                0x00003fd0                siprintf
                0x00003fd0                sprintf
 .text          0x00004014        0xe c:/program files (x86)/cypress/psoc creator/4.3/psoc creator/import/gnu/arm/5.4.1/bin/../lib/gcc/arm-none-eabi/5.4.1/../../../../arm-none-eabi/lib/armv6-m\libg_nano.a(lib_a-strlen.o)
                0x00004014                strlen
 .text.quorem   0x00004022      0x10c c:/program files (x86)/cypress/psoc creator/4.3/psoc creator/import/gnu/arm/5.4.1/bin/../lib/gcc/arm-none-eabi/5.4.1/../../../../arm-none-eabi/lib/armv6-m\libg_nano.a(lib_a-dtoa.o)
 *fill*         0x0000412e        0x2 
 .text._dtoa_r  0x00004130      0xb8c c:/program files (x86)/cypress/psoc creator/4.3/psoc creator/import/gnu/arm/5.4.1/bin/../lib/gcc/arm-none-eabi/5.4.1/../../../../arm-none-eabi/lib/armv6-m\libg_nano.a(lib_a-dtoa.o)
                0x00004130                _dtoa_r
 .text._localeconv_r
                0x00004cbc        0x8 c:/program files (x86)/cypress/psoc creator/4.3/psoc creator/import/gnu/arm/5.4.1/bin/../lib/gcc/arm-none-eabi/5.4.1/../../../../arm-none-eabi/lib/armv6-m\libg_nano.a(lib_a-locale.o)
                0x00004cbc                _localeconv_r
 .text.malloc   0x00004cc4       0x14 c:/program files (x86)/cypress/psoc creator/4.3/psoc creator/import/gnu/arm/5.4.1/bin/../lib/gcc/arm-none-eabi/5.4.1/../../../../arm-none-eabi/lib/armv6-m\libg_nano.a(lib_a-malloc.o)
                0x00004cc4                malloc
 .text.memchr   0x00004cd8       0x16 c:/program files (x86)/cypress/psoc creator/4.3/psoc creator/import/gnu/arm/5.4.1/bin/../lib/gcc/arm-none-eabi/5.4.1/../../../../arm-none-eabi/lib/armv6-m\libg_nano.a(lib_a-memchr-stub.o)
                0x00004cd8                memchr
 .text._Balloc  0x00004cee       0x70 c:/program files (x86)/cypress/psoc creator/4.3/psoc creator/import/gnu/arm/5.4.1/bin/../lib/gcc/arm-none-eabi/5.4.1/../../../../arm-none-eabi/lib/armv6-m\libg_nano.a(lib_a-mprec.o)
                0x00004cee                _Balloc
 .text._Bfree   0x00004d5e       0x32 c:/program files (x86)/cypress/psoc creator/4.3/psoc creator/import/gnu/arm/5.4.1/bin/../lib/gcc/arm-none-eabi/5.4.1/../../../../arm-none-eabi/lib/armv6-m\libg_nano.a(lib_a-mprec.o)
                0x00004d5e                _Bfree
 .text.__multadd
                0x00004d90       0x7a c:/program files (x86)/cypress/psoc creator/4.3/psoc creator/import/gnu/arm/5.4.1/bin/../lib/gcc/arm-none-eabi/5.4.1/../../../../arm-none-eabi/lib/armv6-m\libg_nano.a(lib_a-mprec.o)
                0x00004d90                __multadd
 .text.__hi0bits
                0x00004e0a       0x36 c:/program files (x86)/cypress/psoc creator/4.3/psoc creator/import/gnu/arm/5.4.1/bin/../lib/gcc/arm-none-eabi/5.4.1/../../../../arm-none-eabi/lib/armv6-m\libg_nano.a(lib_a-mprec.o)
                0x00004e0a                __hi0bits
 .text.__lo0bits
                0x00004e40       0x5e c:/program files (x86)/cypress/psoc creator/4.3/psoc creator/import/gnu/arm/5.4.1/bin/../lib/gcc/arm-none-eabi/5.4.1/../../../../arm-none-eabi/lib/armv6-m\libg_nano.a(lib_a-mprec.o)
                0x00004e40                __lo0bits
 .text.__i2b    0x00004e9e       0x12 c:/program files (x86)/cypress/psoc creator/4.3/psoc creator/import/gnu/arm/5.4.1/bin/../lib/gcc/arm-none-eabi/5.4.1/../../../../arm-none-eabi/lib/armv6-m\libg_nano.a(lib_a-mprec.o)
                0x00004e9e                __i2b
 .text.__multiply
                0x00004eb0      0x112 c:/program files (x86)/cypress/psoc creator/4.3/psoc creator/import/gnu/arm/5.4.1/bin/../lib/gcc/arm-none-eabi/5.4.1/../../../../arm-none-eabi/lib/armv6-m\libg_nano.a(lib_a-mprec.o)
                0x00004eb0                __multiply
 *fill*         0x00004fc2        0x2 
 .text.__pow5mult
                0x00004fc4       0xa8 c:/program files (x86)/cypress/psoc creator/4.3/psoc creator/import/gnu/arm/5.4.1/bin/../lib/gcc/arm-none-eabi/5.4.1/../../../../arm-none-eabi/lib/armv6-m\libg_nano.a(lib_a-mprec.o)
                0x00004fc4                __pow5mult
 .text.__lshift
                0x0000506c       0xa4 c:/program files (x86)/cypress/psoc creator/4.3/psoc creator/import/gnu/arm/5.4.1/bin/../lib/gcc/arm-none-eabi/5.4.1/../../../../arm-none-eabi/lib/armv6-m\libg_nano.a(lib_a-mprec.o)
                0x0000506c                __lshift
 .text.__mcmp   0x00005110       0x36 c:/program files (x86)/cypress/psoc creator/4.3/psoc creator/import/gnu/arm/5.4.1/bin/../lib/gcc/arm-none-eabi/5.4.1/../../../../arm-none-eabi/lib/armv6-m\libg_nano.a(lib_a-mprec.o)
                0x00005110                __mcmp
 .text.__mdiff  0x00005146       0xd6 c:/program files (x86)/cypress/psoc creator/4.3/psoc creator/import/gnu/arm/5.4.1/bin/../lib/gcc/arm-none-eabi/5.4.1/../../../../arm-none-eabi/lib/armv6-m\libg_nano.a(lib_a-mprec.o)
                0x00005146                __mdiff
 .text.__d2b    0x0000521c       0xa8 c:/program files (x86)/cypress/psoc creator/4.3/psoc creator/import/gnu/arm/5.4.1/bin/../lib/gcc/arm-none-eabi/5.4.1/../../../../arm-none-eabi/lib/armv6-m\libg_nano.a(lib_a-mprec.o)
                0x0000521c                __d2b
 .text._calloc_r
                0x000052c4       0x1c c:/program files (x86)/cypress/psoc creator/4.3/psoc creator/import/gnu/arm/5.4.1/bin/../lib/gcc/arm-none-eabi/5.4.1/../../../../arm-none-eabi/lib/armv6-m\libg_nano.a(lib_a-nano-callocr.o)
                0x000052c4                _calloc_r
 .text._free_r  0x000052e0       0x98 c:/program files (x86)/cypress/psoc creator/4.3/psoc creator/import/gnu/arm/5.4.1/bin/../lib/gcc/arm-none-eabi/5.4.1/../../../../arm-none-eabi/lib/armv6-m\libg_nano.a(lib_a-nano-freer.o)
                0x000052e0                _free_r
 .text._malloc_r
                0x00005378       0xc0 c:/program files (x86)/cypress/psoc creator/4.3/psoc creator/import/gnu/arm/5.4.1/bin/../lib/gcc/arm-none-eabi/5.4.1/../../../../arm-none-eabi/lib/armv6-m\libg_nano.a(lib_a-nano-mallocr.o)
                0x00005378                _malloc_r
 .text.__ssputs_r
                0x00005438       0xc4 c:/program files (x86)/cypress/psoc creator/4.3/psoc creator/import/gnu/arm/5.4.1/bin/../lib/gcc/arm-none-eabi/5.4.1/../../../../arm-none-eabi/lib/armv6-m\libg_nano.a(lib_a-nano-svfprintf.o)
                0x00005438                __ssputs_r
 .text._svfprintf_r
                0x000054fc      0x1fc c:/program files (x86)/cypress/psoc creator/4.3/psoc creator/import/gnu/arm/5.4.1/bin/../lib/gcc/arm-none-eabi/5.4.1/../../../../arm-none-eabi/lib/armv6-m\libg_nano.a(lib_a-nano-svfprintf.o)
                0x000054fc                _svfiprintf_r
                0x000054fc                _svfprintf_r
 .text._sbrk_r  0x000056f8       0x24 c:/program files (x86)/cypress/psoc creator/4.3/psoc creator/import/gnu/arm/5.4.1/bin/../lib/gcc/arm-none-eabi/5.4.1/../../../../arm-none-eabi/lib/armv6-m\libg_nano.a(lib_a-sbrkr.o)
                0x000056f8                _sbrk_r
 .text.memmove  0x0000571c       0x2a c:/program files (x86)/cypress/psoc creator/4.3/psoc creator/import/gnu/arm/5.4.1/bin/../lib/gcc/arm-none-eabi/5.4.1/../../../../arm-none-eabi/lib/armv6-m\libg_nano.a(lib_a-memmove.o)
                0x0000571c                memmove
 .text.__malloc_lock
                0x00005746        0x2 c:/program files (x86)/cypress/psoc creator/4.3/psoc creator/import/gnu/arm/5.4.1/bin/../lib/gcc/arm-none-eabi/5.4.1/../../../../arm-none-eabi/lib/armv6-m\libg_nano.a(lib_a-mlock.o)
                0x00005746                __malloc_lock
 .text.__malloc_unlock
                0x00005748        0x2 c:/program files (x86)/cypress/psoc creator/4.3/psoc creator/import/gnu/arm/5.4.1/bin/../lib/gcc/arm-none-eabi/5.4.1/../../../../arm-none-eabi/lib/armv6-m\libg_nano.a(lib_a-mlock.o)
                0x00005748                __malloc_unlock
 .text._realloc_r
                0x0000574a       0x4c c:/program files (x86)/cypress/psoc creator/4.3/psoc creator/import/gnu/arm/5.4.1/bin/../lib/gcc/arm-none-eabi/5.4.1/../../../../arm-none-eabi/lib/armv6-m\libg_nano.a(lib_a-nano-reallocr.o)
                0x0000574a                _realloc_r
 .text._malloc_usable_size_r
                0x00005796       0x16 c:/program files (x86)/cypress/psoc creator/4.3/psoc creator/import/gnu/arm/5.4.1/bin/../lib/gcc/arm-none-eabi/5.4.1/../../../../arm-none-eabi/lib/armv6-m\libg_nano.a(lib_a-nano-msizer.o)
                0x00005796                _malloc_usable_size_r
 .text          0x000057ac       0x14 c:/program files (x86)/cypress/psoc creator/4.3/psoc creator/import/gnu/arm/5.4.1/bin/../lib/gcc/arm-none-eabi/5.4.1/armv6-m\libgcc.a(_thumb1_case_uqi.o)
                0x000057ac                __gnu_thumb1_case_uqi
 .text          0x000057c0       0x7c c:/program files (x86)/cypress/psoc creator/4.3/psoc creator/import/gnu/arm/5.4.1/bin/../lib/gcc/arm-none-eabi/5.4.1/armv6-m\libgcc.a(_arm_cmpdf2.o)
                0x000057c0                __aeabi_cdrcmple
                0x000057d0                __aeabi_cdcmple
                0x000057d0                __aeabi_cdcmpeq
                0x000057e0                __aeabi_dcmpeq
                0x000057ec                __aeabi_dcmplt
                0x00005800                __aeabi_dcmple
                0x00005814                __aeabi_dcmpgt
                0x00005828                __aeabi_dcmpge
 .text          0x0000583c      0x658 c:/program files (x86)/cypress/psoc creator/4.3/psoc creator/import/gnu/arm/5.4.1/bin/../lib/gcc/arm-none-eabi/5.4.1/armv6-m\libgcc.a(adddf3.o)
                0x0000583c                __aeabi_dadd
 .text          0x00005e94       0x80 c:/program files (x86)/cypress/psoc creator/4.3/psoc creator/import/gnu/arm/5.4.1/bin/../lib/gcc/arm-none-eabi/5.4.1/armv6-m\libgcc.a(eqdf2.o)
                0x00005e94                __nedf2
                0x00005e94                __eqdf2
 .text          0x00005f14       0xc8 c:/program files (x86)/cypress/psoc creator/4.3/psoc creator/import/gnu/arm/5.4.1/bin/../lib/gcc/arm-none-eabi/5.4.1/armv6-m\libgcc.a(gedf2.o)
                0x00005f14                __gedf2
                0x00005f14                __gtdf2
 .text          0x00005fdc       0xd4 c:/program files (x86)/cypress/psoc creator/4.3/psoc creator/import/gnu/arm/5.4.1/bin/../lib/gcc/arm-none-eabi/5.4.1/armv6-m\libgcc.a(ledf2.o)
                0x00005fdc                __ledf2
                0x00005fdc                __ltdf2
 .text          0x000060b0      0x6a8 c:/program files (x86)/cypress/psoc creator/4.3/psoc creator/import/gnu/arm/5.4.1/bin/../lib/gcc/arm-none-eabi/5.4.1/armv6-m\libgcc.a(subdf3.o)
                0x000060b0                __aeabi_dsub
 .text          0x00006758       0x40 c:/program files (x86)/cypress/psoc creator/4.3/psoc creator/import/gnu/arm/5.4.1/bin/../lib/gcc/arm-none-eabi/5.4.1/armv6-m\libgcc.a(unorddf2.o)
                0x00006758                __aeabi_dcmpun
 .text          0x00006798       0x6c c:/program files (x86)/cypress/psoc creator/4.3/psoc creator/import/gnu/arm/5.4.1/bin/../lib/gcc/arm-none-eabi/5.4.1/armv6-m\libgcc.a(fixdfsi.o)
                0x00006798                __aeabi_d2iz
 .text          0x00006804       0x84 c:/program files (x86)/cypress/psoc creator/4.3/psoc creator/import/gnu/arm/5.4.1/bin/../lib/gcc/arm-none-eabi/5.4.1/armv6-m\libgcc.a(floatsidf.o)
                0x00006804                __aeabi_i2d
 *(.plt)
 *(.gnu.warning)
 *(.glue_7t)
 .glue_7t       0x00006888        0x0 linker stubs
 *(.glue_7)
 .glue_7        0x00006888        0x0 linker stubs
 *(.vfp11_veneer)
 .vfp11_veneer  0x00006888        0x0 linker stubs
 *(.bootloader)
 *(.ARM.extab* .gnu.linkonce.armextab.*)
 *(.gcc_except_table)

.v4_bx          0x00006888        0x0
 .v4_bx         0x00006888        0x0 linker stubs

.iplt           0x00006888        0x0
 .iplt          0x00006888        0x0 c:/program files (x86)/cypress/psoc creator/4.3/psoc creator/import/gnu/arm/5.4.1/bin/../lib/gcc/arm-none-eabi/5.4.1/armv6-m/crtbegin.o

.eh_frame_hdr
 *(.eh_frame_hdr)

.eh_frame       0x00006888        0x4
 *(.eh_frame)
 .eh_frame      0x00006888        0x0 c:/program files (x86)/cypress/psoc creator/4.3/psoc creator/import/gnu/arm/5.4.1/bin/../lib/gcc/arm-none-eabi/5.4.1/armv6-m/crtbegin.o
 .eh_frame      0x00006888        0x4 c:/program files (x86)/cypress/psoc creator/4.3/psoc creator/import/gnu/arm/5.4.1/bin/../lib/gcc/arm-none-eabi/5.4.1/armv6-m/crtend.o
                [!provide]                PROVIDE (__exidx_start, .)

.ARM.exidx
 *(.ARM.exidx* .gnu.linkonce.armexidx.*)
                0x0000688c                __exidx_end = .

.rodata         0x00006890      0x588
 *(.rodata .rodata.* .gnu.linkonce.r.*)
 .rodata.str1.4
                0x00006890      0x24c .\CortexM0p\ARM_GCC_541\Debug\main.o
                                0x254 (size before relaxing)
 .rodata        0x00006adc       0x28 .\CortexM0p\ARM_GCC_541\Debug\cyfitter_cfg.o
 .rodata        0x00006b04       0x38 .\CortexM0p\ARM_GCC_541\Debug\Internal_Main.a(ADC_1_INIT.o)
                0x00006b04                ADC_1_allConfigs
 .rodata        0x00006b3c       0x48 .\CortexM0p\ARM_GCC_541\Debug\Internal_Main.a(PGA_1.o)
                0x00006b3c                PGA_1_compTab
 .rodata        0x00006b84       0x80 c:/program files (x86)/cypress/psoc creator/4.3/psoc creator/import/gnu/arm/5.4.1/bin/../lib/gcc/arm-none-eabi/5.4.1/armv6-m\libgcc.a(divsf3.o)
 .rodata        0x00006c04       0x40 c:/program files (x86)/cypress/psoc creator/4.3/psoc creator/import/gnu/arm/5.4.1/bin/../lib/gcc/arm-none-eabi/5.4.1/armv6-m\libgcc.a(divdf3.o)
 .rodata        0x00006c44       0x40 c:/program files (x86)/cypress/psoc creator/4.3/psoc creator/import/gnu/arm/5.4.1/bin/../lib/gcc/arm-none-eabi/5.4.1/armv6-m\libgcc.a(muldf3.o)
 .rodata.str1.1
                0x00006c84        0x2 c:/program files (x86)/cypress/psoc creator/4.3/psoc creator/import/gnu/arm/5.4.1/bin/../lib/gcc/arm-none-eabi/5.4.1/../../../../arm-none-eabi/lib/armv6-m\libg_nano.a(lib_a-impure.o)
 .rodata.str1.1
                0x00006c86       0x12 c:/program files (x86)/cypress/psoc creator/4.3/psoc creator/import/gnu/arm/5.4.1/bin/../lib/gcc/arm-none-eabi/5.4.1/../../../../arm-none-eabi/lib/armv6-m\libg_nano.a(lib_a-nano-vfprintf_float.o)
 .rodata.str1.1
                0x00006c98       0x22 c:/program files (x86)/cypress/psoc creator/4.3/psoc creator/import/gnu/arm/5.4.1/bin/../lib/gcc/arm-none-eabi/5.4.1/../../../../arm-none-eabi/lib/armv6-m\libg_nano.a(lib_a-nano-vfprintf_i.o)
 .rodata.str1.1
                0x00006cba        0xd c:/program files (x86)/cypress/psoc creator/4.3/psoc creator/import/gnu/arm/5.4.1/bin/../lib/gcc/arm-none-eabi/5.4.1/../../../../arm-none-eabi/lib/armv6-m\libg_nano.a(lib_a-dtoa.o)
                                  0xf (size before relaxing)
 .rodata.str1.1
                0x00006cc7        0x8 c:/program files (x86)/cypress/psoc creator/4.3/psoc creator/import/gnu/arm/5.4.1/bin/../lib/gcc/arm-none-eabi/5.4.1/../../../../arm-none-eabi/lib/armv6-m\libg_nano.a(lib_a-locale.o)
                                  0xb (size before relaxing)
 *fill*         0x00006ccf        0x1 
 .rodata.__mprec_tens
                0x00006cd0       0xc8 c:/program files (x86)/cypress/psoc creator/4.3/psoc creator/import/gnu/arm/5.4.1/bin/../lib/gcc/arm-none-eabi/5.4.1/../../../../arm-none-eabi/lib/armv6-m\libg_nano.a(lib_a-mprec.o)
                0x00006cd0                __mprec_tens
 .rodata.p05.5408
                0x00006d98        0xc c:/program files (x86)/cypress/psoc creator/4.3/psoc creator/import/gnu/arm/5.4.1/bin/../lib/gcc/arm-none-eabi/5.4.1/../../../../arm-none-eabi/lib/armv6-m\libg_nano.a(lib_a-mprec.o)
 *fill*         0x00006da4        0x4 
 .rodata.__mprec_bigtens
                0x00006da8       0x28 c:/program files (x86)/cypress/psoc creator/4.3/psoc creator/import/gnu/arm/5.4.1/bin/../lib/gcc/arm-none-eabi/5.4.1/../../../../arm-none-eabi/lib/armv6-m\libg_nano.a(lib_a-mprec.o)
                0x00006da8                __mprec_bigtens
 .rodata.str1.1
                0x00006dd0       0x11 c:/program files (x86)/cypress/psoc creator/4.3/psoc creator/import/gnu/arm/5.4.1/bin/../lib/gcc/arm-none-eabi/5.4.1/../../../../arm-none-eabi/lib/armv6-m\libg_nano.a(lib_a-nano-svfprintf.o)
                0x00006de4                . = ALIGN (0x4)
 *fill*         0x00006de1        0x3 
 *(.init)
 .init          0x00006de4        0x4 c:/program files (x86)/cypress/psoc creator/4.3/psoc creator/import/gnu/arm/5.4.1/bin/../lib/gcc/arm-none-eabi/5.4.1/armv6-m/crti.o
                0x00006de4                _init
 .init          0x00006de8        0x8 c:/program files (x86)/cypress/psoc creator/4.3/psoc creator/import/gnu/arm/5.4.1/bin/../lib/gcc/arm-none-eabi/5.4.1/armv6-m/crtn.o
                0x00006df0                . = ALIGN (0x4)
                0x00006df0                __preinit_array_start = .
 *(.preinit_array)
                0x00006df0                __preinit_array_end = .
                0x00006df0                . = ALIGN (0x4)
                0x00006df0                __init_array_start = .
 *(SORT(.init_array.*))
 *(.init_array)
 .init_array    0x00006df0        0x4 c:/program files (x86)/cypress/psoc creator/4.3/psoc creator/import/gnu/arm/5.4.1/bin/../lib/gcc/arm-none-eabi/5.4.1/armv6-m/crtbegin.o
 .init_array    0x00006df4        0x4 .\CortexM0p\ARM_GCC_541\Debug\Cm0plusStart.o
                0x00006df8                __init_array_end = .
                0x00006df8                . = ALIGN (0x4)
 *(.fini)
 .fini          0x00006df8        0x4 c:/program files (x86)/cypress/psoc creator/4.3/psoc creator/import/gnu/arm/5.4.1/bin/../lib/gcc/arm-none-eabi/5.4.1/armv6-m/crti.o
                0x00006df8                _fini
 .fini          0x00006dfc        0x8 c:/program files (x86)/cypress/psoc creator/4.3/psoc creator/import/gnu/arm/5.4.1/bin/../lib/gcc/arm-none-eabi/5.4.1/armv6-m/crtn.o
                0x00006e04                . = ALIGN (0x4)
                0x00006e04                __fini_array_start = .
 *(.fini_array)
 .fini_array    0x00006e04        0x4 c:/program files (x86)/cypress/psoc creator/4.3/psoc creator/import/gnu/arm/5.4.1/bin/../lib/gcc/arm-none-eabi/5.4.1/armv6-m/crtbegin.o
 *(SORT(.fini_array.*))
                0x00006e08                __fini_array_end = .
                0x00006e08                . = ALIGN (0x4)
 *crtbegin.o(.ctors)
 *(EXCLUDE_FILE(*crtend.o) .ctors)
 *(SORT(.ctors.*))
 *crtend.o(.ctors)
                0x00006e08                . = ALIGN (0x4)
 *crtbegin.o(.dtors)
 *(EXCLUDE_FILE(*crtend.o) .dtors)
 *(SORT(.dtors.*))
 *crtend.o(.dtors)
                0x00006e08                . = ALIGN (0x4)
                0x00006e08                __cy_regions = .
                0x00006e08        0x4 LONG 0x6e18 __cy_region_init_ram
                0x00006e0c        0x4 LONG 0x200000a8 __cy_region_start_data
                0x00006e10        0x4 LONG 0xc0 __cy_region_init_size_ram
                0x00006e14        0x4 LONG 0xb0 __cy_region_zero_size_ram
                0x00006e18                __cy_regions_end = .
                0x00006e18                . = ALIGN (0x8)
                0x00006e18                _etext = .

.cy_checksum_exclude
                0x00006e18        0x0
 *(.cy_checksum_exclude)

.ramvectors     0x20000000       0xa4
                0x20000000                __cy_region_start_ram = .
 *(.ramvectors)
 .ramvectors    0x20000000       0xa4 .\CortexM0p\ARM_GCC_541\Debug\Cm0plusStart.o
                0x20000000                CyRamVectors

.noinit
 *(.noinit)

.data           0x200000a8       0xc0 load address 0x00006e18
                0x200000a8                __cy_region_start_data = .
 *(.jcr)
 .jcr           0x200000a8        0x0 c:/program files (x86)/cypress/psoc creator/4.3/psoc creator/import/gnu/arm/5.4.1/bin/../lib/gcc/arm-none-eabi/5.4.1/armv6-m/crtbegin.o
 .jcr           0x200000a8        0x4 c:/program files (x86)/cypress/psoc creator/4.3/psoc creator/import/gnu/arm/5.4.1/bin/../lib/gcc/arm-none-eabi/5.4.1/armv6-m/crtend.o
 *(.got.plt)
 *(.got)
 *(.shdata)
 *(.data .data.* .gnu.linkonce.d.*)
 .data          0x200000ac        0x4 .\CortexM0p\ARM_GCC_541\Debug\Cm0plusStart.o
 .data          0x200000b0        0x1 .\CortexM0p\ARM_GCC_541\Debug\Internal_Main.a(AMux_1.o)
 *fill*         0x200000b1        0x3 
 .data          0x200000b4       0x14 .\CortexM0p\ARM_GCC_541\Debug\Internal_Main.a(CyLib.o)
                0x200000b4                CySysClkPumpConfig
                0x200000b8                cydelay32kMs
                0x200000bc                cydelayFreqKhz
                0x200000c0                cydelayFreqMhz
                0x200000c4                cydelayFreqHz
 .data          0x200000c8        0x4 .\CortexM0p\ARM_GCC_541\Debug\Internal_Main.a(CyLFClk.o)
 .data.impure_data
                0x200000cc       0x60 c:/program files (x86)/cypress/psoc creator/4.3/psoc creator/import/gnu/arm/5.4.1/bin/../lib/gcc/arm-none-eabi/5.4.1/../../../../arm-none-eabi/lib/armv6-m\libg_nano.a(lib_a-impure.o)
 .data._impure_ptr
                0x2000012c        0x4 c:/program files (x86)/cypress/psoc creator/4.3/psoc creator/import/gnu/arm/5.4.1/bin/../lib/gcc/arm-none-eabi/5.4.1/../../../../arm-none-eabi/lib/armv6-m\libg_nano.a(lib_a-impure.o)
                0x2000012c                _impure_ptr
 .data.lconv    0x20000130       0x38 c:/program files (x86)/cypress/psoc creator/4.3/psoc creator/import/gnu/arm/5.4.1/bin/../lib/gcc/arm-none-eabi/5.4.1/../../../../arm-none-eabi/lib/armv6-m\libg_nano.a(lib_a-locale.o)
                0x20000168                . = ALIGN (0x8)
 *(.ram)
                0x20000168                _edata = .

.igot.plt       0x20000168        0x0 load address 0x00006ed8
 .igot.plt      0x20000168        0x0 c:/program files (x86)/cypress/psoc creator/4.3/psoc creator/import/gnu/arm/5.4.1/bin/../lib/gcc/arm-none-eabi/5.4.1/armv6-m/crtbegin.o

.bss            0x20000168       0xb0 load address 0x00006ed8
                0x20000168                PROVIDE (__bss_start__, .)
 *(.shbss)
 *(.bss .bss.* .gnu.linkonce.b.*)
 .bss           0x20000168       0x1c c:/program files (x86)/cypress/psoc creator/4.3/psoc creator/import/gnu/arm/5.4.1/bin/../lib/gcc/arm-none-eabi/5.4.1/armv6-m/crtbegin.o
 .bss           0x20000184       0x14 .\CortexM0p\ARM_GCC_541\Debug\main.o
 .bss           0x20000198        0x6 .\CortexM0p\ARM_GCC_541\Debug\Internal_Main.a(ADC_1.o)
                0x2000019c                ADC_1_initVar
                0x2000019d                ADC_1_selected
 .bss           0x2000019e        0x1 .\CortexM0p\ARM_GCC_541\Debug\Internal_Main.a(PVref_1.o)
                0x2000019e                PVref_1_initVar
 *fill*         0x2000019f        0x1 
 .bss           0x200001a0        0x5 .\CortexM0p\ARM_GCC_541\Debug\Internal_Main.a(PGA_1.o)
                0x200001a0                PGA_1_internalGainPower
                0x200001a4                PGA_1_initVar
 *fill*         0x200001a5        0x3 
 .bss           0x200001a8        0x5 .\CortexM0p\ARM_GCC_541\Debug\Internal_Main.a(Opamp_1.o)
                0x200001ac                Opamp_1_initVar
 *fill*         0x200001ad        0x3 
 .bss           0x200001b0       0x18 .\CortexM0p\ARM_GCC_541\Debug\Internal_Main.a(CyLFClk.o)
 .bss           0x200001c8        0x4 .\CortexM0p\ARM_GCC_541\Debug\Internal_Main.a(UART_1.o)
                0x200001c8                UART_1_initVar
                0x200001ca                UART_1_IntrTxMask
 .bss           0x200001cc        0x8 .\CortexM0p\ARM_GCC_541\Debug\Internal_Main.a(I2C_1.o)
                0x200001cc                I2C_1_initVar
                0x200001d0                I2C_1_customIntrHandler
 .bss           0x200001d4        0x1 .\CortexM0p\ARM_GCC_541\Debug\Internal_Main.a(Timer_1.o)
                0x200001d4                Timer_1_initVar
 .bss           0x200001d5        0x1 .\CortexM0p\ARM_GCC_541\Debug\Internal_Main.a(TCPWM_1.o)
                0x200001d5                TCPWM_1_initVar
 *fill*         0x200001d6        0x2 
 .bss.__malloc_sbrk_start
                0x200001d8        0x4 c:/program files (x86)/cypress/psoc creator/4.3/psoc creator/import/gnu/arm/5.4.1/bin/../lib/gcc/arm-none-eabi/5.4.1/../../../../arm-none-eabi/lib/armv6-m\libg_nano.a(lib_a-nano-mallocr.o)
                0x200001d8                __malloc_sbrk_start
 .bss.__malloc_free_list
                0x200001dc        0x4 c:/program files (x86)/cypress/psoc creator/4.3/psoc creator/import/gnu/arm/5.4.1/bin/../lib/gcc/arm-none-eabi/5.4.1/../../../../arm-none-eabi/lib/armv6-m\libg_nano.a(lib_a-nano-mallocr.o)
                0x200001dc                __malloc_free_list
 *(COMMON)
 COMMON         0x200001e0        0x8 .\CortexM0p\ARM_GCC_541\Debug\main.o
                0x200001e0                startFlag
                0x200001e4                printFlag
 COMMON         0x200001e8        0x8 .\CortexM0p\ARM_GCC_541\Debug\Internal_Main.a(ADC_1.o)
                0x200001e8                ADC_1_offset
                0x200001ec                ADC_1_countsPer10Volt
 COMMON         0x200001f0        0x1 .\CortexM0p\ARM_GCC_541\Debug\Internal_Main.a(I2C_1_I2C.o)
                0x200001f0                I2C_1_state
 *fill*         0x200001f1        0x3 
 COMMON         0x200001f4       0x20 .\CortexM0p\ARM_GCC_541\Debug\Internal_Main.a(I2C_1_I2C_MASTER.o)
                0x200001f4                I2C_1_mstrWrBufIndexTmp
                0x200001f8                I2C_1_mstrWrBufIndex
                0x200001fc                I2C_1_mstrControl
                0x200001fe                I2C_1_mstrStatus
                0x20000200                I2C_1_mstrWrBufSize
                0x20000204                I2C_1_mstrRdBufIndex
                0x20000208                I2C_1_mstrWrBufPtr
                0x2000020c                I2C_1_mstrRdBufPtr
                0x20000210                I2C_1_mstrRdBufSize
 COMMON         0x20000214        0x4 c:/program files (x86)/cypress/psoc creator/4.3/psoc creator/import/gnu/arm/5.4.1/bin/../lib/gcc/arm-none-eabi/5.4.1/../../../../arm-none-eabi/lib/armv6-m\libg_nano.a(lib_a-reent.o)
                0x20000214                errno
                0x20000218                . = ALIGN (0x8)
 *(.ram.b)
                0x20000218                _end = .
                0x20000218                __end = .
                0x20000218                PROVIDE (end, .)
                0x20000218                PROVIDE (__bss_end__, .)
                0x00006e18                __cy_region_init_ram = LOADADDR (.data)
                0x000000c0                __cy_region_init_size_ram = (_edata - ADDR (.data))
                0x000000b0                __cy_region_zero_size_ram = (_end - _edata)

.heap           0x20000218      0x200 load address 0x00006ed8
                0x20000218                . = _end
                0x20000418                . = (. + 0x200)
 *fill*         0x20000218      0x200 
                0x20000418                __cy_heap_limit = .

.stack          0x20000c00      0x400
                0x20000c00                __cy_stack_limit = .
                0x20001000                . = (. + 0x400)
 *fill*         0x20000c00      0x400 
                0x00000001                ASSERT ((__cy_stack_limit >= __cy_heap_limit), region RAM overflowed with stack)
                0x00000000                cy_checksum_exclude_size = (CY_APPL_LOADABLE == 0x1)?SIZEOF (.cy_checksum_exclude):0x0
                0x00000001                ASSERT ((cy_checksum_exclude_size <= CY_CHECKSUM_EXCLUDE_SIZE), CY_BOOT: Section .cy_checksum_exclude size exceedes specified limit.)
                0x00007fc0                cyloadermeta_start = (cy_project_type_bootloader || cy_project_type_app_for_stack_and_copier)?(LENGTH (rom) - CY_METADATA_SIZE):0xf0000000

.cyloadermeta
 *(.cyloadermeta)
                0x00007fc0                cyloadablemeta_start = cy_project_type_app_for_stack_and_copier?((LENGTH (rom) - CY_FLASH_ROW_SIZE) - CY_METADATA_SIZE):((LENGTH (rom) - (CY_FLASH_ROW_SIZE * (CY_APPL_NUM - 0x1))) - CY_METADATA_SIZE)

.cyloadablemeta
 *(.cyloadablemeta)

.cyflashprotect
                0x90400000       0x20
 *(.cyflashprotect)
 .cyflashprotect
                0x90400000       0x20 .\CortexM0p\ARM_GCC_541\Debug\cymetadata.o
                0x90400000                cy_meta_flashprotect

.cymeta         0x90500000        0xc
 *(.cymeta)
 .cymeta        0x90500000        0xc .\CortexM0p\ARM_GCC_541\Debug\cymetadata.o
                0x90500000                cy_metadata

.cychipprotect  0x90600000        0x1
 *(.cychipprotect)
 .cychipprotect
                0x90600000        0x1 .\CortexM0p\ARM_GCC_541\Debug\cymetadata.o
                0x90600000                cy_meta_chipprotect

.rel.dyn        0x00006ed8        0x0 load address 0x90600004
 .rel.iplt      0x00006ed8        0x0 c:/program files (x86)/cypress/psoc creator/4.3/psoc creator/import/gnu/arm/5.4.1/bin/../lib/gcc/arm-none-eabi/5.4.1/armv6-m/crtbegin.o

.stab
 *(.stab)

.stabstr
 *(.stabstr)

.debug
 *(.debug)

.line
 *(.line)

.debug_srcinfo
 *(.debug_srcinfo)

.debug_sfnames
 *(.debug_sfnames)

.debug_aranges  0x00000000      0xe40
 *(.debug_aranges)
 .debug_aranges
                0x00000000       0x48 .\CortexM0p\ARM_GCC_541\Debug\main.o
 .debug_aranges
                0x00000048       0x48 .\CortexM0p\ARM_GCC_541\Debug\cyfitter_cfg.o
 .debug_aranges
                0x00000090       0x18 .\CortexM0p\ARM_GCC_541\Debug\cymetadata.o
 .debug_aranges
                0x000000a8       0x48 .\CortexM0p\ARM_GCC_541\Debug\Cm0plusStart.o
 .debug_aranges
                0x000000f0       0xf0 .\CortexM0p\ARM_GCC_541\Debug\Internal_Main.a(ADC_1.o)
 .debug_aranges
                0x000001e0       0x18 .\CortexM0p\ARM_GCC_541\Debug\Internal_Main.a(ADC_1_INIT.o)
 .debug_aranges
                0x000001f8       0x20 .\CortexM0p\ARM_GCC_541\Debug\Internal_Main.a(ADC_1_INT.o)
 .debug_aranges
                0x00000218       0x30 .\CortexM0p\ARM_GCC_541\Debug\Internal_Main.a(AMux_1.o)
 .debug_aranges
                0x00000248       0x48 .\CortexM0p\ARM_GCC_541\Debug\Internal_Main.a(PVref_1.o)
 .debug_aranges
                0x00000290       0x50 .\CortexM0p\ARM_GCC_541\Debug\Internal_Main.a(PGA_1.o)
 .debug_aranges
                0x000002e0       0x48 .\CortexM0p\ARM_GCC_541\Debug\Internal_Main.a(Opamp_1.o)
 .debug_aranges
                0x00000328       0x40 .\CortexM0p\ARM_GCC_541\Debug\Internal_Main.a(ADC_1_intSarClock.o)
 .debug_aranges
                0x00000368       0x80 .\CortexM0p\ARM_GCC_541\Debug\Internal_Main.a(ADC_1_IRQ.o)
 .debug_aranges
                0x000003e8      0x1f8 .\CortexM0p\ARM_GCC_541\Debug\Internal_Main.a(CyLib.o)
 .debug_aranges
                0x000005e0      0x1a8 .\CortexM0p\ARM_GCC_541\Debug\Internal_Main.a(CyLFClk.o)
 .debug_aranges
                0x00000788       0x58 .\CortexM0p\ARM_GCC_541\Debug\Internal_Main.a(UART_1.o)
 .debug_aranges
                0x000007e0       0x90 .\CortexM0p\ARM_GCC_541\Debug\Internal_Main.a(UART_1_UART.o)
 .debug_aranges
                0x00000870       0x60 .\CortexM0p\ARM_GCC_541\Debug\Internal_Main.a(I2C_1.o)
 .debug_aranges
                0x000008d0       0x30 .\CortexM0p\ARM_GCC_541\Debug\Internal_Main.a(I2C_1_I2C.o)
 .debug_aranges
                0x00000900       0x98 .\CortexM0p\ARM_GCC_541\Debug\Internal_Main.a(I2C_1_I2C_MASTER.o)
 .debug_aranges
                0x00000998       0x48 .\CortexM0p\ARM_GCC_541\Debug\Internal_Main.a(BLUE_LED.o)
 .debug_aranges
                0x000009e0       0x48 .\CortexM0p\ARM_GCC_541\Debug\Internal_Main.a(RELAY_EN.o)
 .debug_aranges
                0x00000a28      0x158 .\CortexM0p\ARM_GCC_541\Debug\Internal_Main.a(Timer_1.o)
 .debug_aranges
                0x00000b80      0x158 .\CortexM0p\ARM_GCC_541\Debug\Internal_Main.a(TCPWM_1.o)
 .debug_aranges
                0x00000cd8       0x80 .\CortexM0p\ARM_GCC_541\Debug\Internal_Main.a(isr_1.o)
 .debug_aranges
                0x00000d58       0x20 .\CortexM0p\ARM_GCC_541\Debug\Internal_Main.a(CyBootAsmGnu.o)
 .debug_aranges
                0x00000d78       0x48 .\CortexM0p\ARM_GCC_541\Debug\Internal_Main.a(CyFlash.o)
 .debug_aranges
                0x00000dc0       0x60 .\CortexM0p\ARM_GCC_541\Debug\Internal_Main.a(UART_1_SPI_UART.o)
 .debug_aranges
                0x00000e20       0x20 .\CortexM0p\ARM_GCC_541\Debug\Internal_Main.a(I2C_1_I2C_INT.o)

.debug_pubnames
 *(.debug_pubnames)

.debug_info     0x00000000     0x78bc
 *(.debug_info .gnu.linkonce.wi.*)
 .debug_info    0x00000000      0xc93 .\CortexM0p\ARM_GCC_541\Debug\main.o
 .debug_info    0x00000c93      0x213 .\CortexM0p\ARM_GCC_541\Debug\cyfitter_cfg.o
 .debug_info    0x00000ea6       0xf8 .\CortexM0p\ARM_GCC_541\Debug\cymetadata.o
 .debug_info    0x00000f9e      0x3a5 .\CortexM0p\ARM_GCC_541\Debug\Cm0plusStart.o
 .debug_info    0x00001343      0xa71 .\CortexM0p\ARM_GCC_541\Debug\Internal_Main.a(ADC_1.o)
 .debug_info    0x00001db4      0x192 .\CortexM0p\ARM_GCC_541\Debug\Internal_Main.a(ADC_1_INIT.o)
 .debug_info    0x00001f46       0xcb .\CortexM0p\ARM_GCC_541\Debug\Internal_Main.a(ADC_1_INT.o)
 .debug_info    0x00002011      0x165 .\CortexM0p\ARM_GCC_541\Debug\Internal_Main.a(AMux_1.o)
 .debug_info    0x00002176      0x15e .\CortexM0p\ARM_GCC_541\Debug\Internal_Main.a(PVref_1.o)
 .debug_info    0x000022d4      0x209 .\CortexM0p\ARM_GCC_541\Debug\Internal_Main.a(PGA_1.o)
 .debug_info    0x000024dd      0x17c .\CortexM0p\ARM_GCC_541\Debug\Internal_Main.a(Opamp_1.o)
 .debug_info    0x00002659      0x166 .\CortexM0p\ARM_GCC_541\Debug\Internal_Main.a(ADC_1_intSarClock.o)
 .debug_info    0x000027bf      0x305 .\CortexM0p\ARM_GCC_541\Debug\Internal_Main.a(ADC_1_IRQ.o)
 .debug_info    0x00002ac4      0xe0e .\CortexM0p\ARM_GCC_541\Debug\Internal_Main.a(CyLib.o)
 .debug_info    0x000038d2      0xd06 .\CortexM0p\ARM_GCC_541\Debug\Internal_Main.a(CyLFClk.o)
 .debug_info    0x000045d8      0x23a .\CortexM0p\ARM_GCC_541\Debug\Internal_Main.a(UART_1.o)
 .debug_info    0x00004812      0x3b5 .\CortexM0p\ARM_GCC_541\Debug\Internal_Main.a(UART_1_UART.o)
 .debug_info    0x00004bc7      0x298 .\CortexM0p\ARM_GCC_541\Debug\Internal_Main.a(I2C_1.o)
 .debug_info    0x00004e5f      0x195 .\CortexM0p\ARM_GCC_541\Debug\Internal_Main.a(I2C_1_I2C.o)
 .debug_info    0x00004ff4      0x813 .\CortexM0p\ARM_GCC_541\Debug\Internal_Main.a(I2C_1_I2C_MASTER.o)
 .debug_info    0x00005807      0x19d .\CortexM0p\ARM_GCC_541\Debug\Internal_Main.a(BLUE_LED.o)
 .debug_info    0x000059a4      0x19d .\CortexM0p\ARM_GCC_541\Debug\Internal_Main.a(RELAY_EN.o)
 .debug_info    0x00005b41      0x8f4 .\CortexM0p\ARM_GCC_541\Debug\Internal_Main.a(Timer_1.o)
 .debug_info    0x00006435      0x8f4 .\CortexM0p\ARM_GCC_541\Debug\Internal_Main.a(TCPWM_1.o)
 .debug_info    0x00006d29      0x305 .\CortexM0p\ARM_GCC_541\Debug\Internal_Main.a(isr_1.o)
 .debug_info    0x0000702e       0xaf .\CortexM0p\ARM_GCC_541\Debug\Internal_Main.a(CyBootAsmGnu.o)
 .debug_info    0x000070dd      0x417 .\CortexM0p\ARM_GCC_541\Debug\Internal_Main.a(CyFlash.o)
 .debug_info    0x000074f4      0x220 .\CortexM0p\ARM_GCC_541\Debug\Internal_Main.a(UART_1_SPI_UART.o)
 .debug_info    0x00007714      0x1a8 .\CortexM0p\ARM_GCC_541\Debug\Internal_Main.a(I2C_1_I2C_INT.o)

.debug_abbrev   0x00000000     0x1fed
 *(.debug_abbrev)
 .debug_abbrev  0x00000000      0x1cb .\CortexM0p\ARM_GCC_541\Debug\main.o
 .debug_abbrev  0x000001cb       0xdd .\CortexM0p\ARM_GCC_541\Debug\cyfitter_cfg.o
 .debug_abbrev  0x000002a8       0x5d .\CortexM0p\ARM_GCC_541\Debug\cymetadata.o
 .debug_abbrev  0x00000305      0x1d0 .\CortexM0p\ARM_GCC_541\Debug\Cm0plusStart.o
 .debug_abbrev  0x000004d5      0x211 .\CortexM0p\ARM_GCC_541\Debug\Internal_Main.a(ADC_1.o)
 .debug_abbrev  0x000006e6       0x86 .\CortexM0p\ARM_GCC_541\Debug\Internal_Main.a(ADC_1_INIT.o)
 .debug_abbrev  0x0000076c       0x65 .\CortexM0p\ARM_GCC_541\Debug\Internal_Main.a(ADC_1_INT.o)
 .debug_abbrev  0x000007d1       0xb1 .\CortexM0p\ARM_GCC_541\Debug\Internal_Main.a(AMux_1.o)
 .debug_abbrev  0x00000882       0xaa .\CortexM0p\ARM_GCC_541\Debug\Internal_Main.a(PVref_1.o)
 .debug_abbrev  0x0000092c      0x103 .\CortexM0p\ARM_GCC_541\Debug\Internal_Main.a(PGA_1.o)
 .debug_abbrev  0x00000a2f       0xc8 .\CortexM0p\ARM_GCC_541\Debug\Internal_Main.a(Opamp_1.o)
 .debug_abbrev  0x00000af7       0xb7 .\CortexM0p\ARM_GCC_541\Debug\Internal_Main.a(ADC_1_intSarClock.o)
 .debug_abbrev  0x00000bae      0x19a .\CortexM0p\ARM_GCC_541\Debug\Internal_Main.a(ADC_1_IRQ.o)
 .debug_abbrev  0x00000d48      0x1f5 .\CortexM0p\ARM_GCC_541\Debug\Internal_Main.a(CyLib.o)
 .debug_abbrev  0x00000f3d      0x207 .\CortexM0p\ARM_GCC_541\Debug\Internal_Main.a(CyLFClk.o)
 .debug_abbrev  0x00001144       0xd5 .\CortexM0p\ARM_GCC_541\Debug\Internal_Main.a(UART_1.o)
 .debug_abbrev  0x00001219      0x132 .\CortexM0p\ARM_GCC_541\Debug\Internal_Main.a(UART_1_UART.o)
 .debug_abbrev  0x0000134b      0x118 .\CortexM0p\ARM_GCC_541\Debug\Internal_Main.a(I2C_1.o)
 .debug_abbrev  0x00001463       0xc7 .\CortexM0p\ARM_GCC_541\Debug\Internal_Main.a(I2C_1_I2C.o)
 .debug_abbrev  0x0000152a      0x1c2 .\CortexM0p\ARM_GCC_541\Debug\Internal_Main.a(I2C_1_I2C_MASTER.o)
 .debug_abbrev  0x000016ec       0xc8 .\CortexM0p\ARM_GCC_541\Debug\Internal_Main.a(BLUE_LED.o)
 .debug_abbrev  0x000017b4       0xc8 .\CortexM0p\ARM_GCC_541\Debug\Internal_Main.a(RELAY_EN.o)
 .debug_abbrev  0x0000187c      0x119 .\CortexM0p\ARM_GCC_541\Debug\Internal_Main.a(Timer_1.o)
 .debug_abbrev  0x00001995      0x119 .\CortexM0p\ARM_GCC_541\Debug\Internal_Main.a(TCPWM_1.o)
 .debug_abbrev  0x00001aae      0x19a .\CortexM0p\ARM_GCC_541\Debug\Internal_Main.a(isr_1.o)
 .debug_abbrev  0x00001c48       0x14 .\CortexM0p\ARM_GCC_541\Debug\Internal_Main.a(CyBootAsmGnu.o)
 .debug_abbrev  0x00001c5c      0x19e .\CortexM0p\ARM_GCC_541\Debug\Internal_Main.a(CyFlash.o)
 .debug_abbrev  0x00001dfa      0x14f .\CortexM0p\ARM_GCC_541\Debug\Internal_Main.a(UART_1_SPI_UART.o)
 .debug_abbrev  0x00001f49       0xa4 .\CortexM0p\ARM_GCC_541\Debug\Internal_Main.a(I2C_1_I2C_INT.o)

.debug_line     0x00000000     0x3395
 *(.debug_line)
 .debug_line    0x00000000      0x362 .\CortexM0p\ARM_GCC_541\Debug\main.o
 .debug_line    0x00000362      0x117 .\CortexM0p\ARM_GCC_541\Debug\cyfitter_cfg.o
 .debug_line    0x00000479      0x141 .\CortexM0p\ARM_GCC_541\Debug\cymetadata.o
 .debug_line    0x000005ba      0x247 .\CortexM0p\ARM_GCC_541\Debug\Cm0plusStart.o
 .debug_line    0x00000801      0x3b1 .\CortexM0p\ARM_GCC_541\Debug\Internal_Main.a(ADC_1.o)
 .debug_line    0x00000bb2       0x5c .\CortexM0p\ARM_GCC_541\Debug\Internal_Main.a(ADC_1_INIT.o)
 .debug_line    0x00000c0e       0x64 .\CortexM0p\ARM_GCC_541\Debug\Internal_Main.a(ADC_1_INT.o)
 .debug_line    0x00000c72       0xad .\CortexM0p\ARM_GCC_541\Debug\Internal_Main.a(AMux_1.o)
 .debug_line    0x00000d1f       0xc1 .\CortexM0p\ARM_GCC_541\Debug\Internal_Main.a(PVref_1.o)
 .debug_line    0x00000de0       0xe2 .\CortexM0p\ARM_GCC_541\Debug\Internal_Main.a(PGA_1.o)
 .debug_line    0x00000ec2       0xc3 .\CortexM0p\ARM_GCC_541\Debug\Internal_Main.a(Opamp_1.o)
 .debug_line    0x00000f85       0xc4 .\CortexM0p\ARM_GCC_541\Debug\Internal_Main.a(ADC_1_intSarClock.o)
 .debug_line    0x00001049      0x155 .\CortexM0p\ARM_GCC_541\Debug\Internal_Main.a(ADC_1_IRQ.o)
 .debug_line    0x0000119e      0x5df .\CortexM0p\ARM_GCC_541\Debug\Internal_Main.a(CyLib.o)
 .debug_line    0x0000177d      0x5c1 .\CortexM0p\ARM_GCC_541\Debug\Internal_Main.a(CyLFClk.o)
 .debug_line    0x00001d3e      0x10c .\CortexM0p\ARM_GCC_541\Debug\Internal_Main.a(UART_1.o)
 .debug_line    0x00001e4a      0x1cf .\CortexM0p\ARM_GCC_541\Debug\Internal_Main.a(UART_1_UART.o)
 .debug_line    0x00002019      0x128 .\CortexM0p\ARM_GCC_541\Debug\Internal_Main.a(I2C_1.o)
 .debug_line    0x00002141       0xc6 .\CortexM0p\ARM_GCC_541\Debug\Internal_Main.a(I2C_1_I2C.o)
 .debug_line    0x00002207      0x300 .\CortexM0p\ARM_GCC_541\Debug\Internal_Main.a(I2C_1_I2C_MASTER.o)
 .debug_line    0x00002507       0xc0 .\CortexM0p\ARM_GCC_541\Debug\Internal_Main.a(BLUE_LED.o)
 .debug_line    0x000025c7       0xc0 .\CortexM0p\ARM_GCC_541\Debug\Internal_Main.a(RELAY_EN.o)
 .debug_line    0x00002687      0x37b .\CortexM0p\ARM_GCC_541\Debug\Internal_Main.a(Timer_1.o)
 .debug_line    0x00002a02      0x37b .\CortexM0p\ARM_GCC_541\Debug\Internal_Main.a(TCPWM_1.o)
 .debug_line    0x00002d7d      0x151 .\CortexM0p\ARM_GCC_541\Debug\Internal_Main.a(isr_1.o)
 .debug_line    0x00002ece       0x68 .\CortexM0p\ARM_GCC_541\Debug\Internal_Main.a(CyBootAsmGnu.o)
 .debug_line    0x00002f36      0x1e1 .\CortexM0p\ARM_GCC_541\Debug\Internal_Main.a(CyFlash.o)
 .debug_line    0x00003117      0x11c .\CortexM0p\ARM_GCC_541\Debug\Internal_Main.a(UART_1_SPI_UART.o)
 .debug_line    0x00003233      0x162 .\CortexM0p\ARM_GCC_541\Debug\Internal_Main.a(I2C_1_I2C_INT.o)

.debug_frame    0x00000000     0x2e50
 *(.debug_frame)
 .debug_frame   0x00000000       0xc0 .\CortexM0p\ARM_GCC_541\Debug\main.o
 .debug_frame   0x000000c0       0x94 .\CortexM0p\ARM_GCC_541\Debug\cyfitter_cfg.o
 .debug_frame   0x00000154       0xbc .\CortexM0p\ARM_GCC_541\Debug\Cm0plusStart.o
 .debug_frame   0x00000210      0x2a8 .\CortexM0p\ARM_GCC_541\Debug\Internal_Main.a(ADC_1.o)
 .debug_frame   0x000004b8       0x20 .\CortexM0p\ARM_GCC_541\Debug\Internal_Main.a(ADC_1_INT.o)
 .debug_frame   0x000004d8       0x64 .\CortexM0p\ARM_GCC_541\Debug\Internal_Main.a(AMux_1.o)
 .debug_frame   0x0000053c       0x7c .\CortexM0p\ARM_GCC_541\Debug\Internal_Main.a(PVref_1.o)
 .debug_frame   0x000005b8       0xc4 .\CortexM0p\ARM_GCC_541\Debug\Internal_Main.a(PGA_1.o)
 .debug_frame   0x0000067c       0x7c .\CortexM0p\ARM_GCC_541\Debug\Internal_Main.a(Opamp_1.o)
 .debug_frame   0x000006f8       0x6c .\CortexM0p\ARM_GCC_541\Debug\Internal_Main.a(ADC_1_intSarClock.o)
 .debug_frame   0x00000764      0x110 .\CortexM0p\ARM_GCC_541\Debug\Internal_Main.a(ADC_1_IRQ.o)
 .debug_frame   0x00000874      0x500 .\CortexM0p\ARM_GCC_541\Debug\Internal_Main.a(CyLib.o)
 .debug_frame   0x00000d74      0x484 .\CortexM0p\ARM_GCC_541\Debug\Internal_Main.a(CyLFClk.o)
 .debug_frame   0x000011f8       0xd8 .\CortexM0p\ARM_GCC_541\Debug\Internal_Main.a(UART_1.o)
 .debug_frame   0x000012d0      0x144 .\CortexM0p\ARM_GCC_541\Debug\Internal_Main.a(UART_1_UART.o)
 .debug_frame   0x00001414       0xe8 .\CortexM0p\ARM_GCC_541\Debug\Internal_Main.a(I2C_1.o)
 .debug_frame   0x000014fc       0x58 .\CortexM0p\ARM_GCC_541\Debug\Internal_Main.a(I2C_1_I2C.o)
 .debug_frame   0x00001554      0x1d8 .\CortexM0p\ARM_GCC_541\Debug\Internal_Main.a(I2C_1_I2C_MASTER.o)
 .debug_frame   0x0000172c       0x70 .\CortexM0p\ARM_GCC_541\Debug\Internal_Main.a(BLUE_LED.o)
 .debug_frame   0x0000179c       0x70 .\CortexM0p\ARM_GCC_541\Debug\Internal_Main.a(RELAY_EN.o)
 .debug_frame   0x0000180c      0x3a0 .\CortexM0p\ARM_GCC_541\Debug\Internal_Main.a(Timer_1.o)
 .debug_frame   0x00001bac      0x3a0 .\CortexM0p\ARM_GCC_541\Debug\Internal_Main.a(TCPWM_1.o)
 .debug_frame   0x00001f4c      0x110 .\CortexM0p\ARM_GCC_541\Debug\Internal_Main.a(isr_1.o)
 .debug_frame   0x0000205c       0xa8 .\CortexM0p\ARM_GCC_541\Debug\Internal_Main.a(CyFlash.o)
 .debug_frame   0x00002104       0xb0 .\CortexM0p\ARM_GCC_541\Debug\Internal_Main.a(UART_1_SPI_UART.o)
 .debug_frame   0x000021b4       0x2c .\CortexM0p\ARM_GCC_541\Debug\Internal_Main.a(I2C_1_I2C_INT.o)
 .debug_frame   0x000021e0       0x20 c:/program files (x86)/cypress/psoc creator/4.3/psoc creator/import/gnu/arm/5.4.1/bin/../lib/gcc/arm-none-eabi/5.4.1/armv6-m\libgcc.a(_udivsi3.o)
 .debug_frame   0x00002200       0x20 c:/program files (x86)/cypress/psoc creator/4.3/psoc creator/import/gnu/arm/5.4.1/bin/../lib/gcc/arm-none-eabi/5.4.1/armv6-m\libgcc.a(_divsi3.o)
 .debug_frame   0x00002220       0x34 c:/program files (x86)/cypress/psoc creator/4.3/psoc creator/import/gnu/arm/5.4.1/bin/../lib/gcc/arm-none-eabi/5.4.1/armv6-m\libgcc.a(_muldi3.o)
 .debug_frame   0x00002254       0x30 c:/program files (x86)/cypress/psoc creator/4.3/psoc creator/import/gnu/arm/5.4.1/bin/../lib/gcc/arm-none-eabi/5.4.1/armv6-m\libgcc.a(bpabi.o)
 .debug_frame   0x00002284       0x3c c:/program files (x86)/cypress/psoc creator/4.3/psoc creator/import/gnu/arm/5.4.1/bin/../lib/gcc/arm-none-eabi/5.4.1/armv6-m\libgcc.a(divsf3.o)
 .debug_frame   0x000022c0       0x2c c:/program files (x86)/cypress/psoc creator/4.3/psoc creator/import/gnu/arm/5.4.1/bin/../lib/gcc/arm-none-eabi/5.4.1/armv6-m\libgcc.a(eqsf2.o)
 .debug_frame   0x000022ec       0x30 c:/program files (x86)/cypress/psoc creator/4.3/psoc creator/import/gnu/arm/5.4.1/bin/../lib/gcc/arm-none-eabi/5.4.1/armv6-m\libgcc.a(gesf2.o)
 .debug_frame   0x0000231c       0x30 c:/program files (x86)/cypress/psoc creator/4.3/psoc creator/import/gnu/arm/5.4.1/bin/../lib/gcc/arm-none-eabi/5.4.1/armv6-m\libgcc.a(lesf2.o)
 .debug_frame   0x0000234c       0x38 c:/program files (x86)/cypress/psoc creator/4.3/psoc creator/import/gnu/arm/5.4.1/bin/../lib/gcc/arm-none-eabi/5.4.1/armv6-m\libgcc.a(mulsf3.o)
 .debug_frame   0x00002384       0x30 c:/program files (x86)/cypress/psoc creator/4.3/psoc creator/import/gnu/arm/5.4.1/bin/../lib/gcc/arm-none-eabi/5.4.1/armv6-m\libgcc.a(subsf3.o)
 .debug_frame   0x000023b4       0x2c c:/program files (x86)/cypress/psoc creator/4.3/psoc creator/import/gnu/arm/5.4.1/bin/../lib/gcc/arm-none-eabi/5.4.1/armv6-m\libgcc.a(floatsisf.o)
 .debug_frame   0x000023e0       0x3c c:/program files (x86)/cypress/psoc creator/4.3/psoc creator/import/gnu/arm/5.4.1/bin/../lib/gcc/arm-none-eabi/5.4.1/armv6-m\libgcc.a(divdf3.o)
 .debug_frame   0x0000241c       0x3c c:/program files (x86)/cypress/psoc creator/4.3/psoc creator/import/gnu/arm/5.4.1/bin/../lib/gcc/arm-none-eabi/5.4.1/armv6-m\libgcc.a(muldf3.o)
 .debug_frame   0x00002458       0x2c c:/program files (x86)/cypress/psoc creator/4.3/psoc creator/import/gnu/arm/5.4.1/bin/../lib/gcc/arm-none-eabi/5.4.1/armv6-m\libgcc.a(floatunsidf.o)
 .debug_frame   0x00002484       0x2c c:/program files (x86)/cypress/psoc creator/4.3/psoc creator/import/gnu/arm/5.4.1/bin/../lib/gcc/arm-none-eabi/5.4.1/armv6-m\libgcc.a(extendsfdf2.o)
 .debug_frame   0x000024b0       0x2c c:/program files (x86)/cypress/psoc creator/4.3/psoc creator/import/gnu/arm/5.4.1/bin/../lib/gcc/arm-none-eabi/5.4.1/armv6-m\libgcc.a(truncdfsf2.o)
 .debug_frame   0x000024dc       0x3c c:/program files (x86)/cypress/psoc creator/4.3/psoc creator/import/gnu/arm/5.4.1/bin/../lib/gcc/arm-none-eabi/5.4.1/armv6-m\libgcc.a(_divdi3.o)
 .debug_frame   0x00002518       0x20 c:/program files (x86)/cypress/psoc creator/4.3/psoc creator/import/gnu/arm/5.4.1/bin/../lib/gcc/arm-none-eabi/5.4.1/../../../../arm-none-eabi/lib/armv6-m\libg_nano.a(lib_a-errno.o)
 .debug_frame   0x00002538       0x28 c:/program files (x86)/cypress/psoc creator/4.3/psoc creator/import/gnu/arm/5.4.1/bin/../lib/gcc/arm-none-eabi/5.4.1/../../../../arm-none-eabi/lib/armv6-m\libg_nano.a(lib_a-exit.o)
 .debug_frame   0x00002560       0x2c c:/program files (x86)/cypress/psoc creator/4.3/psoc creator/import/gnu/arm/5.4.1/bin/../lib/gcc/arm-none-eabi/5.4.1/../../../../arm-none-eabi/lib/armv6-m\libg_nano.a(lib_a-init.o)
 .debug_frame   0x0000258c       0x28 c:/program files (x86)/cypress/psoc creator/4.3/psoc creator/import/gnu/arm/5.4.1/bin/../lib/gcc/arm-none-eabi/5.4.1/../../../../arm-none-eabi/lib/armv6-m\libg_nano.a(lib_a-memcpy-stub.o)
 .debug_frame   0x000025b4       0x20 c:/program files (x86)/cypress/psoc creator/4.3/psoc creator/import/gnu/arm/5.4.1/bin/../lib/gcc/arm-none-eabi/5.4.1/../../../../arm-none-eabi/lib/armv6-m\libg_nano.a(lib_a-memset.o)
 .debug_frame   0x000025d4       0x74 c:/program files (x86)/cypress/psoc creator/4.3/psoc creator/import/gnu/arm/5.4.1/bin/../lib/gcc/arm-none-eabi/5.4.1/../../../../arm-none-eabi/lib/armv6-m\libg_nano.a(lib_a-nano-vfprintf_float.o)
 .debug_frame   0x00002648       0x54 c:/program files (x86)/cypress/psoc creator/4.3/psoc creator/import/gnu/arm/5.4.1/bin/../lib/gcc/arm-none-eabi/5.4.1/../../../../arm-none-eabi/lib/armv6-m\libg_nano.a(lib_a-nano-vfprintf_i.o)
 .debug_frame   0x0000269c       0x50 c:/program files (x86)/cypress/psoc creator/4.3/psoc creator/import/gnu/arm/5.4.1/bin/../lib/gcc/arm-none-eabi/5.4.1/../../../../arm-none-eabi/lib/armv6-m\libg_nano.a(lib_a-sprintf.o)
 .debug_frame   0x000026ec       0x54 c:/program files (x86)/cypress/psoc creator/4.3/psoc creator/import/gnu/arm/5.4.1/bin/../lib/gcc/arm-none-eabi/5.4.1/../../../../arm-none-eabi/lib/armv6-m\libg_nano.a(lib_a-dtoa.o)
 .debug_frame   0x00002740       0xa4 c:/program files (x86)/cypress/psoc creator/4.3/psoc creator/import/gnu/arm/5.4.1/bin/../lib/gcc/arm-none-eabi/5.4.1/../../../../arm-none-eabi/lib/armv6-m\libg_nano.a(lib_a-locale.o)
 .debug_frame   0x000027e4       0x40 c:/program files (x86)/cypress/psoc creator/4.3/psoc creator/import/gnu/arm/5.4.1/bin/../lib/gcc/arm-none-eabi/5.4.1/../../../../arm-none-eabi/lib/armv6-m\libg_nano.a(lib_a-malloc.o)
 .debug_frame   0x00002824       0x20 c:/program files (x86)/cypress/psoc creator/4.3/psoc creator/import/gnu/arm/5.4.1/bin/../lib/gcc/arm-none-eabi/5.4.1/../../../../arm-none-eabi/lib/armv6-m\libg_nano.a(lib_a-memchr-stub.o)
 .debug_frame   0x00002844      0x238 c:/program files (x86)/cypress/psoc creator/4.3/psoc creator/import/gnu/arm/5.4.1/bin/../lib/gcc/arm-none-eabi/5.4.1/../../../../arm-none-eabi/lib/armv6-m\libg_nano.a(lib_a-mprec.o)
 .debug_frame   0x00002a7c       0x2c c:/program files (x86)/cypress/psoc creator/4.3/psoc creator/import/gnu/arm/5.4.1/bin/../lib/gcc/arm-none-eabi/5.4.1/../../../../arm-none-eabi/lib/armv6-m\libg_nano.a(lib_a-nano-callocr.o)
 .debug_frame   0x00002aa8       0x2c c:/program files (x86)/cypress/psoc creator/4.3/psoc creator/import/gnu/arm/5.4.1/bin/../lib/gcc/arm-none-eabi/5.4.1/../../../../arm-none-eabi/lib/armv6-m\libg_nano.a(lib_a-nano-freer.o)
 .debug_frame   0x00002ad4       0x2c c:/program files (x86)/cypress/psoc creator/4.3/psoc creator/import/gnu/arm/5.4.1/bin/../lib/gcc/arm-none-eabi/5.4.1/../../../../arm-none-eabi/lib/armv6-m\libg_nano.a(lib_a-nano-mallocr.o)
 .debug_frame   0x00002b00       0x74 c:/program files (x86)/cypress/psoc creator/4.3/psoc creator/import/gnu/arm/5.4.1/bin/../lib/gcc/arm-none-eabi/5.4.1/../../../../arm-none-eabi/lib/armv6-m\libg_nano.a(lib_a-nano-svfprintf.o)
 .debug_frame   0x00002b74       0x2c c:/program files (x86)/cypress/psoc creator/4.3/psoc creator/import/gnu/arm/5.4.1/bin/../lib/gcc/arm-none-eabi/5.4.1/../../../../arm-none-eabi/lib/armv6-m\libg_nano.a(lib_a-sbrkr.o)
 .debug_frame   0x00002ba0       0x20 c:/program files (x86)/cypress/psoc creator/4.3/psoc creator/import/gnu/arm/5.4.1/bin/../lib/gcc/arm-none-eabi/5.4.1/../../../../arm-none-eabi/lib/armv6-m\libg_nano.a(lib_a-strcmp.o)
 .debug_frame   0x00002bc0       0x28 c:/program files (x86)/cypress/psoc creator/4.3/psoc creator/import/gnu/arm/5.4.1/bin/../lib/gcc/arm-none-eabi/5.4.1/../../../../arm-none-eabi/lib/armv6-m\libg_nano.a(lib_a-memmove.o)
 .debug_frame   0x00002be8       0x30 c:/program files (x86)/cypress/psoc creator/4.3/psoc creator/import/gnu/arm/5.4.1/bin/../lib/gcc/arm-none-eabi/5.4.1/../../../../arm-none-eabi/lib/armv6-m\libg_nano.a(lib_a-mlock.o)
 .debug_frame   0x00002c18       0x30 c:/program files (x86)/cypress/psoc creator/4.3/psoc creator/import/gnu/arm/5.4.1/bin/../lib/gcc/arm-none-eabi/5.4.1/../../../../arm-none-eabi/lib/armv6-m\libg_nano.a(lib_a-nano-reallocr.o)
 .debug_frame   0x00002c48       0x48 c:/program files (x86)/cypress/psoc creator/4.3/psoc creator/import/gnu/arm/5.4.1/bin/../lib/gcc/arm-none-eabi/5.4.1/../../../../arm-none-eabi/lib/armv6-m\libg_nano.a(lib_a-reent.o)
 .debug_frame   0x00002c90       0x20 c:/program files (x86)/cypress/psoc creator/4.3/psoc creator/import/gnu/arm/5.4.1/bin/../lib/gcc/arm-none-eabi/5.4.1/../../../../arm-none-eabi/lib/armv6-m\libg_nano.a(lib_a-nano-msizer.o)
 .debug_frame   0x00002cb0       0x3c c:/program files (x86)/cypress/psoc creator/4.3/psoc creator/import/gnu/arm/5.4.1/bin/../lib/gcc/arm-none-eabi/5.4.1/armv6-m\libgcc.a(adddf3.o)
 .debug_frame   0x00002cec       0x38 c:/program files (x86)/cypress/psoc creator/4.3/psoc creator/import/gnu/arm/5.4.1/bin/../lib/gcc/arm-none-eabi/5.4.1/armv6-m\libgcc.a(eqdf2.o)
 .debug_frame   0x00002d24       0x38 c:/program files (x86)/cypress/psoc creator/4.3/psoc creator/import/gnu/arm/5.4.1/bin/../lib/gcc/arm-none-eabi/5.4.1/armv6-m\libgcc.a(gedf2.o)
 .debug_frame   0x00002d5c       0x38 c:/program files (x86)/cypress/psoc creator/4.3/psoc creator/import/gnu/arm/5.4.1/bin/../lib/gcc/arm-none-eabi/5.4.1/armv6-m\libgcc.a(ledf2.o)
 .debug_frame   0x00002d94       0x38 c:/program files (x86)/cypress/psoc creator/4.3/psoc creator/import/gnu/arm/5.4.1/bin/../lib/gcc/arm-none-eabi/5.4.1/armv6-m\libgcc.a(subdf3.o)
 .debug_frame   0x00002dcc       0x2c c:/program files (x86)/cypress/psoc creator/4.3/psoc creator/import/gnu/arm/5.4.1/bin/../lib/gcc/arm-none-eabi/5.4.1/armv6-m\libgcc.a(unorddf2.o)
 .debug_frame   0x00002df8       0x2c c:/program files (x86)/cypress/psoc creator/4.3/psoc creator/import/gnu/arm/5.4.1/bin/../lib/gcc/arm-none-eabi/5.4.1/armv6-m\libgcc.a(fixdfsi.o)
 .debug_frame   0x00002e24       0x2c c:/program files (x86)/cypress/psoc creator/4.3/psoc creator/import/gnu/arm/5.4.1/bin/../lib/gcc/arm-none-eabi/5.4.1/armv6-m\libgcc.a(floatsidf.o)

.debug_str      0x00000000     0x2fe7
 *(.debug_str)
 .debug_str     0x00000000      0x4c9 .\CortexM0p\ARM_GCC_541\Debug\main.o
                                0x514 (size before relaxing)
 .debug_str     0x000004c9       0xdb .\CortexM0p\ARM_GCC_541\Debug\cyfitter_cfg.o
                                0x28e (size before relaxing)
 .debug_str     0x000005a4       0x63 .\CortexM0p\ARM_GCC_541\Debug\cymetadata.o
                                0x1eb (size before relaxing)
 .debug_str     0x00000607      0x15b .\CortexM0p\ARM_GCC_541\Debug\Cm0plusStart.o
                                0x332 (size before relaxing)
 .debug_str     0x00000762      0x492 .\CortexM0p\ARM_GCC_541\Debug\Internal_Main.a(ADC_1.o)
                                0x6de (size before relaxing)
 .debug_str     0x00000bf4       0x24 .\CortexM0p\ARM_GCC_541\Debug\Internal_Main.a(ADC_1_INIT.o)
                                0x293 (size before relaxing)
 .debug_str     0x00000c18       0x39 .\CortexM0p\ARM_GCC_541\Debug\Internal_Main.a(ADC_1_INT.o)
                                0x1e4 (size before relaxing)
 .debug_str     0x00000c51       0x45 .\CortexM0p\ARM_GCC_541\Debug\Internal_Main.a(AMux_1.o)
                                0x214 (size before relaxing)
 .debug_str     0x00000c96       0x82 .\CortexM0p\ARM_GCC_541\Debug\Internal_Main.a(PVref_1.o)
                                0x23b (size before relaxing)
 .debug_str     0x00000d18       0xc7 .\CortexM0p\ARM_GCC_541\Debug\Internal_Main.a(PGA_1.o)
                                0x278 (size before relaxing)
 .debug_str     0x00000ddf       0x9b .\CortexM0p\ARM_GCC_541\Debug\Internal_Main.a(Opamp_1.o)
                                0x24b (size before relaxing)
 .debug_str     0x00000e7a       0xa8 .\CortexM0p\ARM_GCC_541\Debug\Internal_Main.a(ADC_1_intSarClock.o)
                                0x2b6 (size before relaxing)
 .debug_str     0x00000f22      0x160 .\CortexM0p\ARM_GCC_541\Debug\Internal_Main.a(ADC_1_IRQ.o)
                                0x345 (size before relaxing)
 .debug_str     0x00001082      0x650 .\CortexM0p\ARM_GCC_541\Debug\Internal_Main.a(CyLib.o)
                                0x8d8 (size before relaxing)
 .debug_str     0x000016d2      0x63d .\CortexM0p\ARM_GCC_541\Debug\Internal_Main.a(CyLFClk.o)
                                0x8bc (size before relaxing)
 .debug_str     0x00001d0f      0x111 .\CortexM0p\ARM_GCC_541\Debug\Internal_Main.a(UART_1.o)
                                0x2d6 (size before relaxing)
 .debug_str     0x00001e20      0x1d5 .\CortexM0p\ARM_GCC_541\Debug\Internal_Main.a(UART_1_UART.o)
                                0x413 (size before relaxing)
 .debug_str     0x00001ff5       0xf9 .\CortexM0p\ARM_GCC_541\Debug\Internal_Main.a(I2C_1.o)
                                0x2fd (size before relaxing)
 .debug_str     0x000020ee       0x80 .\CortexM0p\ARM_GCC_541\Debug\Internal_Main.a(I2C_1_I2C.o)
                                0x281 (size before relaxing)
 .debug_str     0x0000216e      0x2b6 .\CortexM0p\ARM_GCC_541\Debug\Internal_Main.a(I2C_1_I2C_MASTER.o)
                                0x511 (size before relaxing)
 .debug_str     0x00002424       0xb1 .\CortexM0p\ARM_GCC_541\Debug\Internal_Main.a(BLUE_LED.o)
                                0x26e (size before relaxing)
 .debug_str     0x000024d5       0x8d .\CortexM0p\ARM_GCC_541\Debug\Internal_Main.a(RELAY_EN.o)
                                0x26e (size before relaxing)
 .debug_str     0x00002562      0x40b .\CortexM0p\ARM_GCC_541\Debug\Internal_Main.a(Timer_1.o)
                                0x628 (size before relaxing)
 .debug_str     0x0000296d      0x349 .\CortexM0p\ARM_GCC_541\Debug\Internal_Main.a(TCPWM_1.o)
                                0x628 (size before relaxing)
 .debug_str     0x00002cb6       0xd8 .\CortexM0p\ARM_GCC_541\Debug\Internal_Main.a(isr_1.o)
                                0x30d (size before relaxing)
 .debug_str     0x00002d8e      0x11d .\CortexM0p\ARM_GCC_541\Debug\Internal_Main.a(CyFlash.o)
                                0x345 (size before relaxing)
 .debug_str     0x00002eab       0xf1 .\CortexM0p\ARM_GCC_541\Debug\Internal_Main.a(UART_1_SPI_UART.o)
                                0x305 (size before relaxing)
 .debug_str     0x00002f9c       0x4b .\CortexM0p\ARM_GCC_541\Debug\Internal_Main.a(I2C_1_I2C_INT.o)
                                0x2fd (size before relaxing)

.debug_loc      0x00000000     0x415d
 *(.debug_loc)
 .debug_loc     0x00000000      0x4fd .\CortexM0p\ARM_GCC_541\Debug\main.o
 .debug_loc     0x000004fd       0x60 .\CortexM0p\ARM_GCC_541\Debug\cyfitter_cfg.o
 .debug_loc     0x0000055d      0x14f .\CortexM0p\ARM_GCC_541\Debug\Cm0plusStart.o
 .debug_loc     0x000006ac      0x877 .\CortexM0p\ARM_GCC_541\Debug\Internal_Main.a(ADC_1.o)
 .debug_loc     0x00000f23       0x6c .\CortexM0p\ARM_GCC_541\Debug\Internal_Main.a(AMux_1.o)
 .debug_loc     0x00000f8f       0x2e .\CortexM0p\ARM_GCC_541\Debug\Internal_Main.a(PVref_1.o)
 .debug_loc     0x00000fbd       0x7c .\CortexM0p\ARM_GCC_541\Debug\Internal_Main.a(PGA_1.o)
 .debug_loc     0x00001039       0x21 .\CortexM0p\ARM_GCC_541\Debug\Internal_Main.a(Opamp_1.o)
 .debug_loc     0x0000105a       0x76 .\CortexM0p\ARM_GCC_541\Debug\Internal_Main.a(ADC_1_intSarClock.o)
 .debug_loc     0x000010d0       0x82 .\CortexM0p\ARM_GCC_541\Debug\Internal_Main.a(ADC_1_IRQ.o)
 .debug_loc     0x00001152      0x868 .\CortexM0p\ARM_GCC_541\Debug\Internal_Main.a(CyLib.o)
 .debug_loc     0x000019ba      0xa88 .\CortexM0p\ARM_GCC_541\Debug\Internal_Main.a(CyLFClk.o)
 .debug_loc     0x00002442       0x7e .\CortexM0p\ARM_GCC_541\Debug\Internal_Main.a(UART_1.o)
 .debug_loc     0x000024c0      0x223 .\CortexM0p\ARM_GCC_541\Debug\Internal_Main.a(UART_1_UART.o)
 .debug_loc     0x000026e3       0x7e .\CortexM0p\ARM_GCC_541\Debug\Internal_Main.a(I2C_1.o)
 .debug_loc     0x00002761      0xa49 .\CortexM0p\ARM_GCC_541\Debug\Internal_Main.a(I2C_1_I2C_MASTER.o)
 .debug_loc     0x000031aa       0xa2 .\CortexM0p\ARM_GCC_541\Debug\Internal_Main.a(BLUE_LED.o)
 .debug_loc     0x0000324c       0xa2 .\CortexM0p\ARM_GCC_541\Debug\Internal_Main.a(RELAY_EN.o)
 .debug_loc     0x000032ee      0x547 .\CortexM0p\ARM_GCC_541\Debug\Internal_Main.a(Timer_1.o)
 .debug_loc     0x00003835      0x547 .\CortexM0p\ARM_GCC_541\Debug\Internal_Main.a(TCPWM_1.o)
 .debug_loc     0x00003d7c       0x82 .\CortexM0p\ARM_GCC_541\Debug\Internal_Main.a(isr_1.o)
 .debug_loc     0x00003dfe      0x1bd .\CortexM0p\ARM_GCC_541\Debug\Internal_Main.a(CyFlash.o)
 .debug_loc     0x00003fbb       0x96 .\CortexM0p\ARM_GCC_541\Debug\Internal_Main.a(UART_1_SPI_UART.o)
 .debug_loc     0x00004051      0x10c .\CortexM0p\ARM_GCC_541\Debug\Internal_Main.a(I2C_1_I2C_INT.o)

.debug_macinfo
 *(.debug_macinfo)

.debug_ranges   0x00000000      0xc50
 *(.debug_ranges)
 .debug_ranges  0x00000000       0x38 .\CortexM0p\ARM_GCC_541\Debug\main.o
 .debug_ranges  0x00000038       0x38 .\CortexM0p\ARM_GCC_541\Debug\cyfitter_cfg.o
 .debug_ranges  0x00000070       0x38 .\CortexM0p\ARM_GCC_541\Debug\Cm0plusStart.o
 .debug_ranges  0x000000a8       0xe0 .\CortexM0p\ARM_GCC_541\Debug\Internal_Main.a(ADC_1.o)
 .debug_ranges  0x00000188       0x10 .\CortexM0p\ARM_GCC_541\Debug\Internal_Main.a(ADC_1_INT.o)
 .debug_ranges  0x00000198       0x20 .\CortexM0p\ARM_GCC_541\Debug\Internal_Main.a(AMux_1.o)
 .debug_ranges  0x000001b8       0x38 .\CortexM0p\ARM_GCC_541\Debug\Internal_Main.a(PVref_1.o)
 .debug_ranges  0x000001f0       0x40 .\CortexM0p\ARM_GCC_541\Debug\Internal_Main.a(PGA_1.o)
 .debug_ranges  0x00000230       0x38 .\CortexM0p\ARM_GCC_541\Debug\Internal_Main.a(Opamp_1.o)
 .debug_ranges  0x00000268       0x30 .\CortexM0p\ARM_GCC_541\Debug\Internal_Main.a(ADC_1_intSarClock.o)
 .debug_ranges  0x00000298       0x70 .\CortexM0p\ARM_GCC_541\Debug\Internal_Main.a(ADC_1_IRQ.o)
 .debug_ranges  0x00000308      0x1e8 .\CortexM0p\ARM_GCC_541\Debug\Internal_Main.a(CyLib.o)
 .debug_ranges  0x000004f0      0x198 .\CortexM0p\ARM_GCC_541\Debug\Internal_Main.a(CyLFClk.o)
 .debug_ranges  0x00000688       0x48 .\CortexM0p\ARM_GCC_541\Debug\Internal_Main.a(UART_1.o)
 .debug_ranges  0x000006d0       0x80 .\CortexM0p\ARM_GCC_541\Debug\Internal_Main.a(UART_1_UART.o)
 .debug_ranges  0x00000750       0x50 .\CortexM0p\ARM_GCC_541\Debug\Internal_Main.a(I2C_1.o)
 .debug_ranges  0x000007a0       0x20 .\CortexM0p\ARM_GCC_541\Debug\Internal_Main.a(I2C_1_I2C.o)
 .debug_ranges  0x000007c0       0x88 .\CortexM0p\ARM_GCC_541\Debug\Internal_Main.a(I2C_1_I2C_MASTER.o)
 .debug_ranges  0x00000848       0x38 .\CortexM0p\ARM_GCC_541\Debug\Internal_Main.a(BLUE_LED.o)
 .debug_ranges  0x00000880       0x38 .\CortexM0p\ARM_GCC_541\Debug\Internal_Main.a(RELAY_EN.o)
 .debug_ranges  0x000008b8      0x148 .\CortexM0p\ARM_GCC_541\Debug\Internal_Main.a(Timer_1.o)
 .debug_ranges  0x00000a00      0x148 .\CortexM0p\ARM_GCC_541\Debug\Internal_Main.a(TCPWM_1.o)
 .debug_ranges  0x00000b48       0x70 .\CortexM0p\ARM_GCC_541\Debug\Internal_Main.a(isr_1.o)
 .debug_ranges  0x00000bb8       0x38 .\CortexM0p\ARM_GCC_541\Debug\Internal_Main.a(CyFlash.o)
 .debug_ranges  0x00000bf0       0x50 .\CortexM0p\ARM_GCC_541\Debug\Internal_Main.a(UART_1_SPI_UART.o)
 .debug_ranges  0x00000c40       0x10 .\CortexM0p\ARM_GCC_541\Debug\Internal_Main.a(I2C_1_I2C_INT.o)

.comment        0x00000000       0x6e
 .comment       0x00000000       0x6e .\CortexM0p\ARM_GCC_541\Debug\main.o
                                 0x6f (size before relaxing)
 .comment       0x0000006e       0x6f .\CortexM0p\ARM_GCC_541\Debug\cyfitter_cfg.o
 .comment       0x0000006e       0x6f .\CortexM0p\ARM_GCC_541\Debug\cymetadata.o
 .comment       0x0000006e       0x6f .\CortexM0p\ARM_GCC_541\Debug\Cm0plusStart.o
 .comment       0x0000006e       0x6f .\CortexM0p\ARM_GCC_541\Debug\Internal_Main.a(ADC_1.o)
 .comment       0x0000006e       0x6f .\CortexM0p\ARM_GCC_541\Debug\Internal_Main.a(ADC_1_INIT.o)
 .comment       0x0000006e       0x6f .\CortexM0p\ARM_GCC_541\Debug\Internal_Main.a(ADC_1_INT.o)
 .comment       0x0000006e       0x6f .\CortexM0p\ARM_GCC_541\Debug\Internal_Main.a(AMux_1.o)
 .comment       0x0000006e       0x6f .\CortexM0p\ARM_GCC_541\Debug\Internal_Main.a(PVref_1.o)
 .comment       0x0000006e       0x6f .\CortexM0p\ARM_GCC_541\Debug\Internal_Main.a(PGA_1.o)
 .comment       0x0000006e       0x6f .\CortexM0p\ARM_GCC_541\Debug\Internal_Main.a(Opamp_1.o)
 .comment       0x0000006e       0x6f .\CortexM0p\ARM_GCC_541\Debug\Internal_Main.a(ADC_1_intSarClock.o)
 .comment       0x0000006e       0x6f .\CortexM0p\ARM_GCC_541\Debug\Internal_Main.a(ADC_1_IRQ.o)