Archive member included to satisfy reference by file (symbol)

.\CortexM0p\ARM_GCC_541\Debug\Internal_Main.a(ADC_1.o)
                              .\CortexM0p\ARM_GCC_541\Debug\main.o (ADC_1_StartConvert)
.\CortexM0p\ARM_GCC_541\Debug\Internal_Main.a(ADC_1_INIT.o)
                              .\CortexM0p\ARM_GCC_541\Debug\Internal_Main.a(ADC_1.o) (ADC_1_allConfigs)
.\CortexM0p\ARM_GCC_541\Debug\Internal_Main.a(ADC_1_INT.o)
                              .\CortexM0p\ARM_GCC_541\Debug\Internal_Main.a(ADC_1.o) (ADC_1_ISR)
.\CortexM0p\ARM_GCC_541\Debug\Internal_Main.a(AMux_1.o)
                              .\CortexM0p\ARM_GCC_541\Debug\main.o (AMux_1_Start)
.\CortexM0p\ARM_GCC_541\Debug\Internal_Main.a(PVref_1.o)
                              .\CortexM0p\ARM_GCC_541\Debug\main.o (PVref_1_Enable)
.\CortexM0p\ARM_GCC_541\Debug\Internal_Main.a(PGA_1.o)
                              .\CortexM0p\ARM_GCC_541\Debug\main.o (PGA_1_Start)
.\CortexM0p\ARM_GCC_541\Debug\Internal_Main.a(ADC_1_intSarClock.o)
                              .\CortexM0p\ARM_GCC_541\Debug\Internal_Main.a(ADC_1.o) (ADC_1_intSarClock_StartEx)
.\CortexM0p\ARM_GCC_541\Debug\Internal_Main.a(ADC_1_IRQ.o)
                              .\CortexM0p\ARM_GCC_541\Debug\Internal_Main.a(ADC_1.o) (ADC_1_IRQ_StartEx)
.\CortexM0p\ARM_GCC_541\Debug\Internal_Main.a(CyLib.o)
                              .\CortexM0p\ARM_GCC_541\Debug\cyfitter_cfg.o (CyIntEnable)
.\CortexM0p\ARM_GCC_541\Debug\Internal_Main.a(CyLFClk.o)
                              .\CortexM0p\ARM_GCC_541\Debug\Internal_Main.a(CyLib.o) (CySysClkWcoEnabled)
.\CortexM0p\ARM_GCC_541\Debug\Internal_Main.a(UART_1.o)
                              .\CortexM0p\ARM_GCC_541\Debug\main.o (UART_1_Start)
.\CortexM0p\ARM_GCC_541\Debug\Internal_Main.a(UART_1_UART.o)
                              .\CortexM0p\ARM_GCC_541\Debug\Internal_Main.a(UART_1.o) (UART_1_UartInit)
.\CortexM0p\ARM_GCC_541\Debug\Internal_Main.a(BLUE_LED.o)
                              .\CortexM0p\ARM_GCC_541\Debug\main.o (BLUE_LED_Write)
.\CortexM0p\ARM_GCC_541\Debug\Internal_Main.a(Timer_1.o)
                              .\CortexM0p\ARM_GCC_541\Debug\main.o (Timer_1_Stop)
.\CortexM0p\ARM_GCC_541\Debug\Internal_Main.a(CyBootAsmGnu.o)
                              .\CortexM0p\ARM_GCC_541\Debug\Internal_Main.a(CyLib.o) (CyDelayCycles)
.\CortexM0p\ARM_GCC_541\Debug\Internal_Main.a(CyFlash.o)
                              .\CortexM0p\ARM_GCC_541\Debug\Internal_Main.a(CyLib.o) (CySysFlashSetWaitCycles)
.\CortexM0p\ARM_GCC_541\Debug\Internal_Main.a(UART_1_SPI_UART.o)
                              .\CortexM0p\ARM_GCC_541\Debug\Internal_Main.a(UART_1_UART.o) (UART_1_SpiUartReadRxData)
c:/program files (x86)/cypress/psoc creator/4.4/psoc creator/import/gnu/arm/5.4.1/bin/../lib/gcc/arm-none-eabi/5.4.1/armv6-m\libgcc.a(_udivsi3.o)
                              .\CortexM0p\ARM_GCC_541\Debug\Internal_Main.a(ADC_1.o) (__aeabi_uidiv)
c:/program files (x86)/cypress/psoc creator/4.4/psoc creator/import/gnu/arm/5.4.1/bin/../lib/gcc/arm-none-eabi/5.4.1/armv6-m\libgcc.a(_divsi3.o)
                              .\CortexM0p\ARM_GCC_541\Debug\Internal_Main.a(ADC_1.o) (__aeabi_idiv)
c:/program files (x86)/cypress/psoc creator/4.4/psoc creator/import/gnu/arm/5.4.1/bin/../lib/gcc/arm-none-eabi/5.4.1/armv6-m\libgcc.a(_dvmd_tls.o)
                              c:/program files (x86)/cypress/psoc creator/4.4/psoc creator/import/gnu/arm/5.4.1/bin/../lib/gcc/arm-none-eabi/5.4.1/armv6-m\libgcc.a(_udivsi3.o) (__aeabi_idiv0)
c:/program files (x86)/cypress/psoc creator/4.4/psoc creator/import/gnu/arm/5.4.1/bin/../lib/gcc/arm-none-eabi/5.4.1/armv6-m\libgcc.a(_aeabi_ldivmod.o)
                              .\CortexM0p\ARM_GCC_541\Debug\Internal_Main.a(ADC_1.o) (__aeabi_ldivmod)
c:/program files (x86)/cypress/psoc creator/4.4/psoc creator/import/gnu/arm/5.4.1/bin/../lib/gcc/arm-none-eabi/5.4.1/armv6-m\libgcc.a(_muldi3.o)
                              .\CortexM0p\ARM_GCC_541\Debug\Internal_Main.a(ADC_1.o) (__aeabi_lmul)
c:/program files (x86)/cypress/psoc creator/4.4/psoc creator/import/gnu/arm/5.4.1/bin/../lib/gcc/arm-none-eabi/5.4.1/armv6-m\libgcc.a(bpabi.o)
                              c:/program files (x86)/cypress/psoc creator/4.4/psoc creator/import/gnu/arm/5.4.1/bin/../lib/gcc/arm-none-eabi/5.4.1/armv6-m\libgcc.a(_aeabi_ldivmod.o) (__gnu_ldivmod_helper)
c:/program files (x86)/cypress/psoc creator/4.4/psoc creator/import/gnu/arm/5.4.1/bin/../lib/gcc/arm-none-eabi/5.4.1/armv6-m\libgcc.a(divsf3.o)
                              .\CortexM0p\ARM_GCC_541\Debug\main.o (__aeabi_fdiv)
c:/program files (x86)/cypress/psoc creator/4.4/psoc creator/import/gnu/arm/5.4.1/bin/../lib/gcc/arm-none-eabi/5.4.1/armv6-m\libgcc.a(mulsf3.o)
                              .\CortexM0p\ARM_GCC_541\Debug\Internal_Main.a(ADC_1.o) (__aeabi_fmul)
c:/program files (x86)/cypress/psoc creator/4.4/psoc creator/import/gnu/arm/5.4.1/bin/../lib/gcc/arm-none-eabi/5.4.1/armv6-m\libgcc.a(subsf3.o)
[...]
Memory Configuration

Name             Origin             Length             Attributes
rom              0x00000000         0x00008000         xr
ram              0x20000000         0x00001000         xrw
*default*        0x00000000         0xffffffff

Linker script and memory map

LOAD c:/program files (x86)/cypress/psoc creator/4.4/psoc creator/import/gnu/arm/5.4.1/bin/../lib/gcc/arm-none-eabi/5.4.1/armv6-m/crti.o
LOAD c:/program files (x86)/cypress/psoc creator/4.4/psoc creator/import/gnu/arm/5.4.1/bin/../lib/gcc/arm-none-eabi/5.4.1/armv6-m/crtbegin.o
LOAD c:/program files (x86)/cypress/psoc creator/4.4/psoc creator/import/gnu/arm/5.4.1/bin/../lib/gcc/arm-none-eabi/5.4.1/../../../../arm-none-eabi/lib/armv6-m/crt0.o
START GROUP
LOAD .\CortexM0p\ARM_GCC_541\Debug\main.o
LOAD .\CortexM0p\ARM_GCC_541\Debug\cyfitter_cfg.o
LOAD .\CortexM0p\ARM_GCC_541\Debug\cymetadata.o
LOAD .\CortexM0p\ARM_GCC_541\Debug\Cm0plusStart.o
LOAD .\CortexM0p\ARM_GCC_541\Debug\Internal_Main.a
END GROUP
START GROUP
LOAD c:/program files (x86)/cypress/psoc creator/4.4/psoc creator/import/gnu/arm/5.4.1/bin/../lib/gcc/arm-none-eabi/5.4.1/armv6-m\libgcc.a
LOAD c:/program files (x86)/cypress/psoc creator/4.4/psoc creator/import/gnu/arm/5.4.1/bin/../lib/gcc/arm-none-eabi/5.4.1/../../../../arm-none-eabi/lib/armv6-m\libg_nano.a
LOAD c:/program files (x86)/cypress/psoc creator/4.4/psoc creator/import/gnu/arm/5.4.1/bin/../lib/gcc/arm-none-eabi/5.4.1/../../../../arm-none-eabi/lib/armv6-m\libc_nano.a
END GROUP
START GROUP
LOAD c:/program files (x86)/cypress/psoc creator/4.4/psoc creator/import/gnu/arm/5.4.1/bin/../lib/gcc/arm-none-eabi/5.4.1/armv6-m\libgcc.a
LOAD c:/program files (x86)/cypress/psoc creator/4.4/psoc creator/import/gnu/arm/5.4.1/bin/../lib/gcc/arm-none-eabi/5.4.1/../../../../arm-none-eabi/lib/armv6-m\libc_nano.a
END GROUP
LOAD c:/program files (x86)/cypress/psoc creator/4.4/psoc creator/import/gnu/arm/5.4.1/bin/../lib/gcc/arm-none-eabi/5.4.1/armv6-m/crtend.o
LOAD c:/program files (x86)/cypress/psoc creator/4.4/psoc creator/import/gnu/arm/5.4.1/bin/../lib/gcc/arm-none-eabi/5.4.1/armv6-m/crtn.o
START GROUP
LOAD c:/program files (x86)/cypress/psoc creator/4.4/psoc creator/import/gnu/arm/5.4.1/bin/../lib/gcc/arm-none-eabi/5.4.1/armv6-m\libgcc.a
LOAD c:/program files (x86)/cypress/psoc creator/4.4/psoc creator/import/gnu/arm/5.4.1/bin/../lib/gcc/arm-none-eabi/5.4.1/../../../../arm-none-eabi/lib/armv6-m\libc.a
LOAD c:/program files (x86)/cypress/psoc creator/4.4/psoc creator/import/gnu/arm/5.4.1/bin/../lib/gcc/arm-none-eabi/5.4.1/../../../../arm-none-eabi/lib/armv6-m\libnosys.a
END GROUP
                0x00000000                CY_APPL_ORIGIN = 0x0
                0x00000080                CY_FLASH_ROW_SIZE = 0x80
                0x00000001                CY_APPL_NUM = 0x1
                0x00000001                CY_APPL_MAX = 0x1
                0x00000040                CY_METADATA_SIZE = 0x40
                0x00000000                CY_APPL_LOADABLE = 0x0
                0x00000000                CY_CHECKSUM_EXCLUDE_SIZE = ALIGN (0x0, CY_FLASH_ROW_SIZE)
                0x00000000                CY_APP_FOR_STACK_AND_COPIER = 0x0
                [!provide]                PROVIDE (__cy_heap_start, _end)
                0x00000001                PROVIDE (__cy_region_num, ((__cy_regions_end - __cy_regions) / 0x10))
                0x20001000                PROVIDE (__cy_stack, (ORIGIN (ram) + LENGTH (ram)))
                [!provide]                PROVIDE (__cy_heap_end, (__cy_stack - 0x400))

.cybootloader   0x00000000        0x0
 *(.cybootloader)
                0x00000000                appl1_start = CY_APPL_ORIGIN?CY_APPL_ORIGIN:ALIGN (CY_FLASH_ROW_SIZE)
                0x00003f80                appl2_start = (appl1_start + ALIGN ((((LENGTH (rom) - appl1_start) - (0x2 * CY_FLASH_ROW_SIZE)) / 0x2), CY_FLASH_ROW_SIZE))
                0x00000000                appl_start = (CY_APPL_NUM == 0x1)?appl1_start:appl2_start
                0x00000001                cy_project_type_bootloader = (appl_start == 0x0)?0x1:0x0
                0x00000000                cy_project_type_app_for_stack_and_copier = (CY_APP_FOR_STACK_AND_COPIER == 0x1)?0x1:0x0

.text           0x00000000     0x5ad4
 CREATE_OBJECT_SYMBOLS
                0x00000000                PROVIDE (__cy_interrupt_vector, RomVectors)
 *(.romvectors)
 .romvectors    0x00000000       0x10 .\CortexM0p\ARM_GCC_541\Debug\Cm0plusStart.o
                0x00000000                RomVectors
                0x00000001                ASSERT ((. != __cy_interrupt_vector), No interrupt vector)
                0x00000001                ASSERT (CY_APPL_ORIGIN?(SIZEOF (.cybootloader) <= CY_APPL_ORIGIN):0x1, Wrong image location)
                0x00000010                PROVIDE (__cy_reset, Reset)
 *(.text.Reset)
 .text.Reset    0x00000010        0xc .\CortexM0p\ARM_GCC_541\Debug\Cm0plusStart.o
                0x00000010                Reset
                0x00000001                ASSERT ((. != __cy_reset), No reset code)
 *(.psocinit)
 .psocinit      0x0000001c      0x158 .\CortexM0p\ARM_GCC_541\Debug\cyfitter_cfg.o
                0x000000f0                cyfitter_cfg
                0x00000174                . = MAX (., 0x100)
 *(.text .text.* .gnu.linkonce.t.*)
 .text          0x00000174       0x60 c:/program files (x86)/cypress/psoc creator/4.4/psoc creator/import/gnu/arm/5.4.1/bin/../lib/gcc/arm-none-eabi/5.4.1/armv6-m/crtbegin.o
 .text.CellTestStart
                0x000001d4       0x24 .\CortexM0p\ARM_GCC_541\Debug\main.o
                0x000001d4                CellTestStart
 .text.FilterSignal
                0x000001f8       0x48 .\CortexM0p\ARM_GCC_541\Debug\main.o
                0x000001f8                FilterSignal
 .text.main     0x00000240      0x1b4 .\CortexM0p\ARM_GCC_541\Debug\main.o
                0x00000240                main
 .text.SetAnalogRoutingPumps
                0x000003f4       0x20 .\CortexM0p\ARM_GCC_541\Debug\cyfitter_cfg.o
                0x000003f4                SetAnalogRoutingPumps
 .text.AnalogSetDefault
                0x00000414       0x88 .\CortexM0p\ARM_GCC_541\Debug\cyfitter_cfg.o
 .text.AMux_1_Set
                0x0000049c       0x38 .\CortexM0p\ARM_GCC_541\Debug\cyfitter_cfg.o
                0x0000049c                AMux_1_Set
 .text.AMux_1_Unset
                0x000004d4       0x38 .\CortexM0p\ARM_GCC_541\Debug\cyfitter_cfg.o
                0x000004d4                AMux_1_Unset
 .text.IntDefaultHandler
                0x0000050c       0x10 .\CortexM0p\ARM_GCC_541\Debug\Cm0plusStart.o
                0x0000050c                IntDefaultHandler
 .text._sbrk    0x0000051c       0x34 .\CortexM0p\ARM_GCC_541\Debug\Cm0plusStart.o
                0x0000051c                _sbrk
 .text.Start_c  0x00000550       0x48 .\CortexM0p\ARM_GCC_541\Debug\Cm0plusStart.o
                0x00000550                Start_c
 .text.initialize_psoc
                0x00000598       0x40 .\CortexM0p\ARM_GCC_541\Debug\Cm0plusStart.o
                0x00000598                initialize_psoc
 .text.ADC_1_SetDFTControl
                0x000005d8       0x34 .\CortexM0p\ARM_GCC_541\Debug\Internal_Main.a(ADC_1.o)
 .text.ADC_1_IsChannelSigned
                0x0000060c       0x58 .\CortexM0p\ARM_GCC_541\Debug\Internal_Main.a(ADC_1.o)
 .text.ADC_1_Stop
                0x00000664       0x10 .\CortexM0p\ARM_GCC_541\Debug\Internal_Main.a(ADC_1.o)
                0x00000664                ADC_1_Stop
 .text.ADC_1_InitConfig
                0x00000674       0xac .\CortexM0p\ARM_GCC_541\Debug\Internal_Main.a(ADC_1.o)
                0x00000674                ADC_1_InitConfig
 .text.ADC_1_StartConvert
                0x00000720       0x28 .\CortexM0p\ARM_GCC_541\Debug\Internal_Main.a(ADC_1.o)
                0x00000720                ADC_1_StartConvert
 .text.ADC_1_IsEndConversion
                0x00000748       0x38 .\CortexM0p\ARM_GCC_541\Debug\Internal_Main.a(ADC_1.o)
                0x00000748                ADC_1_IsEndConversion
 .text.ADC_1_GetResult32
                0x00000780       0x64 .\CortexM0p\ARM_GCC_541\Debug\Internal_Main.a(ADC_1.o)
                0x00000780                ADC_1_GetResult32
 .text.ADC_1_RawCounts2Counts
                0x000007e4       0x88 .\CortexM0p\ARM_GCC_541\Debug\Internal_Main.a(ADC_1.o)
                0x000007e4                ADC_1_RawCounts2Counts
 .text.ADC_1_CountsTo_mVolts
                0x0000086c       0x68 .\CortexM0p\ARM_GCC_541\Debug\Internal_Main.a(ADC_1.o)
                0x0000086c                ADC_1_CountsTo_mVolts
 .text.ADC_1_Init
                0x000008d4       0xdc .\CortexM0p\ARM_GCC_541\Debug\Internal_Main.a(ADC_1.o)
                0x000008d4                ADC_1_Init
 .text.ADC_1_Enable
                0x000009b0       0x48 .\CortexM0p\ARM_GCC_541\Debug\Internal_Main.a(ADC_1.o)
                0x000009b0                ADC_1_Enable
 .text.ADC_1_Start
                0x000009f8       0x24 .\CortexM0p\ARM_GCC_541\Debug\Internal_Main.a(ADC_1.o)
                0x000009f8                ADC_1_Start
 .text.ADC_1_StopConvert
                0x00000a1c       0x44 .\CortexM0p\ARM_GCC_541\Debug\Internal_Main.a(ADC_1.o)
                0x00000a1c                ADC_1_StopConvert
 .text.ADC_1_ISR
                0x00000a60        0xc .\CortexM0p\ARM_GCC_541\Debug\Internal_Main.a(ADC_1_INT.o)
                0x00000a60                ADC_1_ISR
 .text.AMux_1_Start
                0x00000a6c       0x20 .\CortexM0p\ARM_GCC_541\Debug\Internal_Main.a(AMux_1.o)
                0x00000a6c                AMux_1_Start
 .text.AMux_1_Select
                0x00000a8c       0x18 .\CortexM0p\ARM_GCC_541\Debug\Internal_Main.a(AMux_1.o)
                0x00000a8c                AMux_1_Select
 .text.PVref_1_Init
                0x00000aa4       0x1c .\CortexM0p\ARM_GCC_541\Debug\Internal_Main.a(PVref_1.o)
                0x00000aa4                PVref_1_Init
 .text.PVref_1_Enable
                0x00000ac0       0x10 .\CortexM0p\ARM_GCC_541\Debug\Internal_Main.a(PVref_1.o)
                0x00000ac0                PVref_1_Enable
 .text.PVref_1_Start
                0x00000ad0       0x20 .\CortexM0p\ARM_GCC_541\Debug\Internal_Main.a(PVref_1.o)
                0x00000ad0                PVref_1_Start
 .text.PGA_1_Enable
                0x00000af0       0x1c .\CortexM0p\ARM_GCC_541\Debug\Internal_Main.a(PGA_1.o)
                0x00000af0                PGA_1_Enable
 .text.PGA_1_SetGain
                0x00000b0c       0x7c .\CortexM0p\ARM_GCC_541\Debug\Internal_Main.a(PGA_1.o)
                0x00000b0c                PGA_1_SetGain
 .text.PGA_1_Init
                0x00000b88       0x50 .\CortexM0p\ARM_GCC_541\Debug\Internal_Main.a(PGA_1.o)
                0x00000b88                PGA_1_Init
 .text.PGA_1_Start
                0x00000bd8       0x20 .\CortexM0p\ARM_GCC_541\Debug\Internal_Main.a(PGA_1.o)
                0x00000bd8                PGA_1_Start
 .text.ADC_1_intSarClock_StartEx
                0x00000bf8       0x1c .\CortexM0p\ARM_GCC_541\Debug\Internal_Main.a(ADC_1_intSarClock.o)
                0x00000bf8                ADC_1_intSarClock_StartEx
 .text.ADC_1_intSarClock_Stop
                0x00000c14       0x18 .\CortexM0p\ARM_GCC_541\Debug\Internal_Main.a(ADC_1_intSarClock.o)
                0x00000c14                ADC_1_intSarClock_Stop
 .text.ADC_1_intSarClock_SetFractionalDividerRegister
                0x00000c2c       0x20 .\CortexM0p\ARM_GCC_541\Debug\Internal_Main.a(ADC_1_intSarClock.o)
                0x00000c2c                ADC_1_intSarClock_SetFractionalDividerRegister
 .text.CySysClkImoDisableWcoLock
                0x00000c4c       0x4c .\CortexM0p\ARM_GCC_541\Debug\Internal_Main.a(CyLib.o)
                0x00000c4c                CySysClkImoDisableWcoLock
 .text.CySysClkImoGetWcoLock
                0x00000c98       0x14 .\CortexM0p\ARM_GCC_541\Debug\Internal_Main.a(CyLib.o)
                0x00000c98                CySysClkImoGetWcoLock
 .text.CyIntEnable
                0x00000cac       0x14 .\CortexM0p\ARM_GCC_541\Debug\Internal_Main.a(CyLib.o)
                0x00000cac                CyIntEnable
 .text.CyHalt   0x00000cc0        0x4 .\CortexM0p\ARM_GCC_541\Debug\Internal_Main.a(CyLib.o)
                0x00000cc0                CyHalt
 .text.CyIntSetVector
                0x00000cc4       0x24 .\CortexM0p\ARM_GCC_541\Debug\Internal_Main.a(CyLib.o)
                0x00000cc4                CyIntSetVector
 .text.CyIntSetPriority
                0x00000ce8       0x4c .\CortexM0p\ARM_GCC_541\Debug\Internal_Main.a(CyLib.o)
                0x00000ce8                CyIntSetPriority
 .text.CyDelay  0x00000d34       0x30 .\CortexM0p\ARM_GCC_541\Debug\Internal_Main.a(CyLib.o)
                0x00000d34                CyDelay
 .text.CySysClkImoEnableWcoLock
                0x00000d64       0xd0 .\CortexM0p\ARM_GCC_541\Debug\Internal_Main.a(CyLib.o)
                0x00000d64                CySysClkImoEnableWcoLock
 .text.CySysClkWriteImoFreq
                0x00000e34       0xd8 .\CortexM0p\ARM_GCC_541\Debug\Internal_Main.a(CyLib.o)
                0x00000e34                CySysClkWriteImoFreq
 .text.CyDelayUs
                0x00000f0c       0x14 .\CortexM0p\ARM_GCC_541\Debug\Internal_Main.a(CyLib.o)
                0x00000f0c                CyDelayUs
 .text.CySysClkGetTimerSource
                0x00000f20       0x10 .\CortexM0p\ARM_GCC_541\Debug\Internal_Main.a(CyLFClk.o)
 .text.CySysClkWcoEnabled
                0x00000f30       0x14 .\CortexM0p\ARM_GCC_541\Debug\Internal_Main.a(CyLFClk.o)
                0x00000f30                CySysClkWcoEnabled
 .text.CySysWdtDisable
                0x00000f44       0x10 .\CortexM0p\ARM_GCC_541\Debug\Internal_Main.a(CyLFClk.o)
                0x00000f44                CySysWdtDisable
 .text.CySysClkSetTimerSource
                0x00000f54       0x68 .\CortexM0p\ARM_GCC_541\Debug\Internal_Main.a(CyLFClk.o)
                0x00000f54                CySysClkSetTimerSource
 .text.CySysTimerClearInterrupt
                0x00000fbc       0x2c .\CortexM0p\ARM_GCC_541\Debug\Internal_Main.a(CyLFClk.o)
                0x00000fbc                CySysTimerClearInterrupt
 .text.CySysTimerIsr
                0x00000fe8       0xa4 .\CortexM0p\ARM_GCC_541\Debug\Internal_Main.a(CyLFClk.o)
                0x00000fe8                CySysTimerIsr
 .text.UART_1_ScbModePostEnable
                0x0000108c        0x8 .\CortexM0p\ARM_GCC_541\Debug\Internal_Main.a(UART_1.o)
 .text.UART_1_Init
                0x00001094        0x8 .\CortexM0p\ARM_GCC_541\Debug\Internal_Main.a(UART_1.o)
                0x00001094                UART_1_Init
 .text.UART_1_Enable
                0x0000109c       0x18 .\CortexM0p\ARM_GCC_541\Debug\Internal_Main.a(UART_1.o)
                0x0000109c                UART_1_Enable
 .text.UART_1_Start
                0x000010b4       0x20 .\CortexM0p\ARM_GCC_541\Debug\Internal_Main.a(UART_1.o)
                0x000010b4                UART_1_Start
 .text.UART_1_UartInit
                0x000010d4       0xa8 .\CortexM0p\ARM_GCC_541\Debug\Internal_Main.a(UART_1_UART.o)
                0x000010d4                UART_1_UartInit
 .text.UART_1_UartPostEnable
                0x0000117c       0x14 .\CortexM0p\ARM_GCC_541\Debug\Internal_Main.a(UART_1_UART.o)
                0x0000117c                UART_1_UartPostEnable
 .text.UART_1_UartGetChar
                0x00001190       0x2c .\CortexM0p\ARM_GCC_541\Debug\Internal_Main.a(UART_1_UART.o)
                0x00001190                UART_1_UartGetChar
 .text.UART_1_UartPutString
                0x000011bc       0x18 .\CortexM0p\ARM_GCC_541\Debug\Internal_Main.a(UART_1_UART.o)
                0x000011bc                UART_1_UartPutString
 .text.BLUE_LED_Write
                0x000011d4       0x18 .\CortexM0p\ARM_GCC_541\Debug\Internal_Main.a(BLUE_LED.o)
                0x000011d4                BLUE_LED_Write
 .text.Timer_1_Stop
                0x000011ec       0x1c .\CortexM0p\ARM_GCC_541\Debug\Internal_Main.a(Timer_1.o)
                0x000011ec                Timer_1_Stop
 .text.Timer_1_WriteCounter
                0x00001208       0x10 .\CortexM0p\ARM_GCC_541\Debug\Internal_Main.a(Timer_1.o)
                0x00001208                Timer_1_WriteCounter
 .text.Timer_1_ReadCounter
                0x00001218       0x10 .\CortexM0p\ARM_GCC_541\Debug\Internal_Main.a(Timer_1.o)
                0x00001218                Timer_1_ReadCounter
 .text.Timer_1_WritePeriod
                0x00001228       0x10 .\CortexM0p\ARM_GCC_541\Debug\Internal_Main.a(Timer_1.o)
                0x00001228                Timer_1_WritePeriod
 .text.Timer_1_TriggerCommand
                0x00001238       0x1c .\CortexM0p\ARM_GCC_541\Debug\Internal_Main.a(Timer_1.o)
                0x00001238                Timer_1_TriggerCommand
 .text.Timer_1_Enable
                0x00001254       0x24 .\CortexM0p\ARM_GCC_541\Debug\Internal_Main.a(Timer_1.o)
                0x00001254                Timer_1_Enable
 .text.Timer_1_SetInterruptMode
                0x00001278        0xc .\CortexM0p\ARM_GCC_541\Debug\Internal_Main.a(Timer_1.o)
                0x00001278                Timer_1_SetInterruptMode
 .text.Timer_1_Init
                0x00001284       0x34 .\CortexM0p\ARM_GCC_541\Debug\Internal_Main.a(Timer_1.o)
                0x00001284                Timer_1_Init
 .text.Timer_1_Start
                0x000012b8       0x20 .\CortexM0p\ARM_GCC_541\Debug\Internal_Main.a(Timer_1.o)
                0x000012b8                Timer_1_Start
 .text          0x000012d8       0x20 .\CortexM0p\ARM_GCC_541\Debug\Internal_Main.a(CyBootAsmGnu.o)
                0x000012d8                CyDelayCycles
                0x000012ea                CyEnterCriticalSection
                0x000012f2                CyExitCriticalSection
 .text.CySysFlashSetWaitCycles
                0x000012f8       0x54 .\CortexM0p\ARM_GCC_541\Debug\Internal_Main.a(CyFlash.o)
                0x000012f8                CySysFlashSetWaitCycles
 .text.UART_1_SpiUartReadRxData
                0x0000134c        0xc .\CortexM0p\ARM_GCC_541\Debug\Internal_Main.a(UART_1_SPI_UART.o)
                0x0000134c                UART_1_SpiUartReadRxData
 .text.UART_1_SpiUartGetRxBufferSize
                0x00001358       0x10 .\CortexM0p\ARM_GCC_541\Debug\Internal_Main.a(UART_1_SPI_UART.o)
                0x00001358                UART_1_SpiUartGetRxBufferSize
 .text.UART_1_SpiUartWriteTxData
                0x00001368       0x1c .\CortexM0p\ARM_GCC_541\Debug\Internal_Main.a(UART_1_SPI_UART.o)
                0x00001368                UART_1_SpiUartWriteTxData
 .text          0x00001384      0x114 c:/program files (x86)/cypress/psoc creator/4.4/psoc creator/import/gnu/arm/5.4.1/bin/../lib/gcc/arm-none-eabi/5.4.1/armv6-m\libgcc.a(_udivsi3.o)
                0x00001384                __aeabi_uidiv
                0x00001384                __udivsi3
                0x00001490                __aeabi_uidivmod
 .text          0x00001498      0x1d4 c:/program files (x86)/cypress/psoc creator/4.4/psoc creator/import/gnu/arm/5.4.1/bin/../lib/gcc/arm-none-eabi/5.4.1/armv6-m\libgcc.a(_divsi3.o)
                0x00001498                __divsi3
                0x00001498                __aeabi_idiv
                0x00001664                __aeabi_idivmod
 .text          0x0000166c        0x4 c:/program files (x86)/cypress/psoc creator/4.4/psoc creator/import/gnu/arm/5.4.1/bin/../lib/gcc/arm-none-eabi/5.4.1/armv6-m\libgcc.a(_dvmd_tls.o)
                0x0000166c                __aeabi_idiv0
                0x0000166c                __aeabi_ldiv0
 .text          0x00001670      0x234 c:/program files (x86)/cypress/psoc creator/4.4/psoc creator/import/gnu/arm/5.4.1/bin/../lib/gcc/arm-none-eabi/5.4.1/armv6-m\libgcc.a(divsf3.o)
                0x00001670                __aeabi_fdiv
 .text          0x000018a4      0x30c c:/program files (x86)/cypress/psoc creator/4.4/psoc creator/import/gnu/arm/5.4.1/bin/../lib/gcc/arm-none-eabi/5.4.1/armv6-m\libgcc.a(subsf3.o)
                0x000018a4                __aeabi_fsub
 .text          0x00001bb0       0x90 c:/program files (x86)/cypress/psoc creator/4.4/psoc creator/import/gnu/arm/5.4.1/bin/../lib/gcc/arm-none-eabi/5.4.1/armv6-m\libgcc.a(floatsisf.o)
                0x00001bb0                __aeabi_i2f
 .text          0x00001c40       0xa8 c:/program files (x86)/cypress/psoc creator/4.4/psoc creator/import/gnu/arm/5.4.1/bin/../lib/gcc/arm-none-eabi/5.4.1/armv6-m\libgcc.a(extendsfdf2.o)
                0x00001c40                __aeabi_f2d
 .text          0x00001ce8       0x3c c:/program files (x86)/cypress/psoc creator/4.4/psoc creator/import/gnu/arm/5.4.1/bin/../lib/gcc/arm-none-eabi/5.4.1/armv6-m\libgcc.a(_clzsi2.o)
                0x00001ce8                __clzsi2
 .text.__errno  0x00001d24        0xc c:/program files (x86)/cypress/psoc creator/4.4/psoc creator/import/gnu/arm/5.4.1/bin/../lib/gcc/arm-none-eabi/5.4.1/../../../../arm-none-eabi/lib/armv6-m\libg_nano.a(lib_a-errno.o)
                0x00001d24                __errno
 .text.__libc_init_array
                0x00001d30       0x4c c:/program files (x86)/cypress/psoc creator/4.4/psoc creator/import/gnu/arm/5.4.1/bin/../lib/gcc/arm-none-eabi/5.4.1/../../../../arm-none-eabi/lib/armv6-m\libg_nano.a(lib_a-init.o)
                0x00001d30                __libc_init_array
 .text.memcpy   0x00001d7c       0x12 c:/program files (x86)/cypress/psoc creator/4.4/psoc creator/import/gnu/arm/5.4.1/bin/../lib/gcc/arm-none-eabi/5.4.1/../../../../arm-none-eabi/lib/armv6-m\libg_nano.a(lib_a-memcpy-stub.o)
                0x00001d7c                memcpy
 .text.memset   0x00001d8e       0x10 c:/program files (x86)/cypress/psoc creator/4.4/psoc creator/import/gnu/arm/5.4.1/bin/../lib/gcc/arm-none-eabi/5.4.1/../../../../arm-none-eabi/lib/armv6-m\libg_nano.a(lib_a-memset.o)
                0x00001d8e                memset
 .text.__cvt    0x00001d9e       0xca c:/program files (x86)/cypress/psoc creator/4.4/psoc creator/import/gnu/arm/5.4.1/bin/../lib/gcc/arm-none-eabi/5.4.1/../../../../arm-none-eabi/lib/armv6-m\libg_nano.a(lib_a-nano-vfprintf_float.o)
                0x00001d9e                __cvt
 .text.__exponent
                0x00001e68       0x62 c:/program files (x86)/cypress/psoc creator/4.4/psoc creator/import/gnu/arm/5.4.1/bin/../lib/gcc/arm-none-eabi/5.4.1/../../../../arm-none-eabi/lib/armv6-m\libg_nano.a(lib_a-nano-vfprintf_float.o)
                0x00001e68                __exponent
 *fill*         0x00001eca        0x2 
 .text._printf_float
                0x00001ecc      0x4a0 c:/program files (x86)/cypress/psoc creator/4.4/psoc creator/import/gnu/arm/5.4.1/bin/../lib/gcc/arm-none-eabi/5.4.1/../../../../arm-none-eabi/lib/armv6-m\libg_nano.a(lib_a-nano-vfprintf_float.o)
                0x00001ecc                _printf_float
 .text._printf_common
                0x0000236c       0xdc c:/program files (x86)/cypress/psoc creator/4.4/psoc creator/import/gnu/arm/5.4.1/bin/../lib/gcc/arm-none-eabi/5.4.1/../../../../arm-none-eabi/lib/armv6-m\libg_nano.a(lib_a-nano-vfprintf_i.o)
                0x0000236c                _printf_common
 .text._printf_i
                0x00002448      0x244 c:/program files (x86)/cypress/psoc creator/4.4/psoc creator/import/gnu/arm/5.4.1/bin/../lib/gcc/arm-none-eabi/5.4.1/../../../../arm-none-eabi/lib/armv6-m\libg_nano.a(lib_a-nano-vfprintf_i.o)
                0x00002448                _printf_i
 .text.sprintf  0x0000268c       0x44 c:/program files (x86)/cypress/psoc creator/4.4/psoc creator/import/gnu/arm/5.4.1/bin/../lib/gcc/arm-none-eabi/5.4.1/../../../../arm-none-eabi/lib/armv6-m\libg_nano.a(lib_a-sprintf.o)
                0x0000268c                siprintf
                0x0000268c                sprintf
 .text          0x000026d0        0xe c:/program files (x86)/cypress/psoc creator/4.4/psoc creator/import/gnu/arm/5.4.1/bin/../lib/gcc/arm-none-eabi/5.4.1/../../../../arm-none-eabi/lib/armv6-m\libg_nano.a(lib_a-strlen.o)
                0x000026d0                strlen
 .text.quorem   0x000026de      0x10c c:/program files (x86)/cypress/psoc creator/4.4/psoc creator/import/gnu/arm/5.4.1/bin/../lib/gcc/arm-none-eabi/5.4.1/../../../../arm-none-eabi/lib/armv6-m\libg_nano.a(lib_a-dtoa.o)
 *fill*         0x000027ea        0x2 
 .text._dtoa_r  0x000027ec      0xb8c c:/program files (x86)/cypress/psoc creator/4.4/psoc creator/import/gnu/arm/5.4.1/bin/../lib/gcc/arm-none-eabi/5.4.1/../../../../arm-none-eabi/lib/armv6-m\libg_nano.a(lib_a-dtoa.o)
                0x000027ec                _dtoa_r
 .text._localeconv_r
                0x00003378        0x8 c:/program files (x86)/cypress/psoc creator/4.4/psoc creator/import/gnu/arm/5.4.1/bin/../lib/gcc/arm-none-eabi/5.4.1/../../../../arm-none-eabi/lib/armv6-m\libg_nano.a(lib_a-locale.o)
                0x00003378                _localeconv_r
 .text.malloc   0x00003380       0x14 c:/program files (x86)/cypress/psoc creator/4.4/psoc creator/import/gnu/arm/5.4.1/bin/../lib/gcc/arm-none-eabi/5.4.1/../../../../arm-none-eabi/lib/armv6-m\libg_nano.a(lib_a-malloc.o)
                0x00003380                malloc
 .text.memchr   0x00003394       0x16 c:/program files (x86)/cypress/psoc creator/4.4/psoc creator/import/gnu/arm/5.4.1/bin/../lib/gcc/arm-none-eabi/5.4.1/../../../../arm-none-eabi/lib/armv6-m\libg_nano.a(lib_a-memchr-stub.o)
                0x00003394                memchr
 .text._Balloc  0x000033aa       0x70 c:/program files (x86)/cypress/psoc creator/4.4/psoc creator/import/gnu/arm/5.4.1/bin/../lib/gcc/arm-none-eabi/5.4.1/../../../../arm-none-eabi/lib/armv6-m\libg_nano.a(lib_a-mprec.o)
                0x000033aa                _Balloc
 .text._Bfree   0x0000341a       0x32 c:/program files (x86)/cypress/psoc creator/4.4/psoc creator/import/gnu/arm/5.4.1/bin/../lib/gcc/arm-none-eabi/5.4.1/../../../../arm-none-eabi/lib/armv6-m\libg_nano.a(lib_a-mprec.o)
                0x0000341a                _Bfree
 .text.__multadd
                0x0000344c       0x7a c:/program files (x86)/cypress/psoc creator/4.4/psoc creator/import/gnu/arm/5.4.1/bin/../lib/gcc/arm-none-eabi/5.4.1/../../../../arm-none-eabi/lib/armv6-m\libg_nano.a(lib_a-mprec.o)
                0x0000344c                __multadd
 .text.__hi0bits
                0x000034c6       0x36 c:/program files (x86)/cypress/psoc creator/4.4/psoc creator/import/gnu/arm/5.4.1/bin/../lib/gcc/arm-none-eabi/5.4.1/../../../../arm-none-eabi/lib/armv6-m\libg_nano.a(lib_a-mprec.o)
                0x000034c6                __hi0bits
 .text.__lo0bits
                0x000034fc       0x5e c:/program files (x86)/cypress/psoc creator/4.4/psoc creator/import/gnu/arm/5.4.1/bin/../lib/gcc/arm-none-eabi/5.4.1/../../../../arm-none-eabi/lib/armv6-m\libg_nano.a(lib_a-mprec.o)
                0x000034fc                __lo0bits
 .text.__i2b    0x0000355a       0x12 c:/program files (x86)/cypress/psoc creator/4.4/psoc creator/import/gnu/arm/5.4.1/bin/../lib/gcc/arm-none-eabi/5.4.1/../../../../arm-none-eabi/lib/armv6-m\libg_nano.a(lib_a-mprec.o)
                0x0000355a                __i2b
 .text.__multiply
                0x0000356c      0x112 c:/program files (x86)/cypress/psoc creator/4.4/psoc creator/import/gnu/arm/5.4.1/bin/../lib/gcc/arm-none-eabi/5.4.1/../../../../arm-none-eabi/lib/armv6-m\libg_nano.a(lib_a-mprec.o)
                0x0000356c                __multiply
 *fill*         0x0000367e        0x2 
 .text.__pow5mult
                0x00003680       0xa8 c:/program files (x86)/cypress/psoc creator/4.4/psoc creator/import/gnu/arm/5.4.1/bin/../lib/gcc/arm-none-eabi/5.4.1/../../../../arm-none-eabi/lib/armv6-m\libg_nano.a(lib_a-mprec.o)
                0x00003680                __pow5mult
 .text.__lshift
                0x00003728       0xa4 c:/program files (x86)/cypress/psoc creator/4.4/psoc creator/import/gnu/arm/5.4.1/bin/../lib/gcc/arm-none-eabi/5.4.1/../../../../arm-none-eabi/lib/armv6-m\libg_nano.a(lib_a-mprec.o)
                0x00003728                __lshift
 .text.__mcmp   0x000037cc       0x36 c:/program files (x86)/cypress/psoc creator/4.4/psoc creator/import/gnu/arm/5.4.1/bin/../lib/gcc/arm-none-eabi/5.4.1/../../../../arm-none-eabi/lib/armv6-m\libg_nano.a(lib_a-mprec.o)
                0x000037cc                __mcmp
 .text.__mdiff  0x00003802       0xd6 c:/program files (x86)/cypress/psoc creator/4.4/psoc creator/import/gnu/arm/5.4.1/bin/../lib/gcc/arm-none-eabi/5.4.1/../../../../arm-none-eabi/lib/armv6-m\libg_nano.a(lib_a-mprec.o)
                0x00003802                __mdiff
 .text.__d2b    0x000038d8       0xa8 c:/program files (x86)/cypress/psoc creator/4.4/psoc creator/import/gnu/arm/5.4.1/bin/../lib/gcc/arm-none-eabi/5.4.1/../../../../arm-none-eabi/lib/armv6-m\libg_nano.a(lib_a-mprec.o)
                0x000038d8                __d2b
 .text._calloc_r
                0x00003980       0x1c c:/program files (x86)/cypress/psoc creator/4.4/psoc creator/import/gnu/arm/5.4.1/bin/../lib/gcc/arm-none-eabi/5.4.1/../../../../arm-none-eabi/lib/armv6-m\libg_nano.a(lib_a-nano-callocr.o)
                0x00003980                _calloc_r
 .text._free_r  0x0000399c       0x98 c:/program files (x86)/cypress/psoc creator/4.4/psoc creator/import/gnu/arm/5.4.1/bin/../lib/gcc/arm-none-eabi/5.4.1/../../../../arm-none-eabi/lib/armv6-m\libg_nano.a(lib_a-nano-freer.o)
                0x0000399c                _free_r
 .text._malloc_r
                0x00003a34       0xc0 c:/program files (x86)/cypress/psoc creator/4.4/psoc creator/import/gnu/arm/5.4.1/bin/../lib/gcc/arm-none-eabi/5.4.1/../../../../arm-none-eabi/lib/armv6-m\libg_nano.a(lib_a-nano-mallocr.o)
                0x00003a34                _malloc_r
 .text.__ssputs_r
                0x00003af4       0xc4 c:/program files (x86)/cypress/psoc creator/4.4/psoc creator/import/gnu/arm/5.4.1/bin/../lib/gcc/arm-none-eabi/5.4.1/../../../../arm-none-eabi/lib/armv6-m\libg_nano.a(lib_a-nano-svfprintf.o)
                0x00003af4                __ssputs_r
 .text._svfprintf_r
                0x00003bb8      0x1fc c:/program files (x86)/cypress/psoc creator/4.4/psoc creator/import/gnu/arm/5.4.1/bin/../lib/gcc/arm-none-eabi/5.4.1/../../../../arm-none-eabi/lib/armv6-m\libg_nano.a(lib_a-nano-svfprintf.o)
                0x00003bb8                _svfiprintf_r
                0x00003bb8                _svfprintf_r
 .text._sbrk_r  0x00003db4       0x24 c:/program files (x86)/cypress/psoc creator/4.4/psoc creator/import/gnu/arm/5.4.1/bin/../lib/gcc/arm-none-eabi/5.4.1/../../../../arm-none-eabi/lib/armv6-m\libg_nano.a(lib_a-sbrkr.o)
                0x00003db4                _sbrk_r
 .text.memmove  0x00003dd8       0x2a c:/program files (x86)/cypress/psoc creator/4.4/psoc creator/import/gnu/arm/5.4.1/bin/../lib/gcc/arm-none-eabi/5.4.1/../../../../arm-none-eabi/lib/armv6-m\libg_nano.a(lib_a-memmove.o)
                0x00003dd8                memmove
 .text.__malloc_lock
                0x00003e02        0x2 c:/program files (x86)/cypress/psoc creator/4.4/psoc creator/import/gnu/arm/5.4.1/bin/../lib/gcc/arm-none-eabi/5.4.1/../../../../arm-none-eabi/lib/armv6-m\libg_nano.a(lib_a-mlock.o)
                0x00003e02                __malloc_lock
 .text.__malloc_unlock
                0x00003e04        0x2 c:/program files (x86)/cypress/psoc creator/4.4/psoc creator/import/gnu/arm/5.4.1/bin/../lib/gcc/arm-none-eabi/5.4.1/../../../../arm-none-eabi/lib/armv6-m\libg_nano.a(lib_a-mlock.o)
                0x00003e04                __malloc_unlock
 .text._realloc_r
                0x00003e06       0x4c c:/program files (x86)/cypress/psoc creator/4.4/psoc creator/import/gnu/arm/5.4.1/bin/../lib/gcc/arm-none-eabi/5.4.1/../../../../arm-none-eabi/lib/armv6-m\libg_nano.a(lib_a-nano-reallocr.o)
                0x00003e06                _realloc_r
 .text._malloc_usable_size_r
                0x00003e52       0x16 c:/program files (x86)/cypress/psoc creator/4.4/psoc creator/import/gnu/arm/5.4.1/bin/../lib/gcc/arm-none-eabi/5.4.1/../../../../arm-none-eabi/lib/armv6-m\libg_nano.a(lib_a-nano-msizer.o)
                0x00003e52                _malloc_usable_size_r
 .text          0x00003e68       0x14 c:/program files (x86)/cypress/psoc creator/4.4/psoc creator/import/gnu/arm/5.4.1/bin/../lib/gcc/arm-none-eabi/5.4.1/armv6-m\libgcc.a(_thumb1_case_uqi.o)
                0x00003e68                __gnu_thumb1_case_uqi
 .text          0x00003e7c       0x7c c:/program files (x86)/cypress/psoc creator/4.4/psoc creator/import/gnu/arm/5.4.1/bin/../lib/gcc/arm-none-eabi/5.4.1/armv6-m\libgcc.a(_arm_cmpdf2.o)
                0x00003e7c                __aeabi_cdrcmple
                0x00003e8c                __aeabi_cdcmple
                0x00003e8c                __aeabi_cdcmpeq
                0x00003e9c                __aeabi_dcmpeq
                0x00003ea8                __aeabi_dcmplt
                0x00003ebc                __aeabi_dcmple
                0x00003ed0                __aeabi_dcmpgt
                0x00003ee4                __aeabi_dcmpge
 .text          0x00003ef8      0x658 c:/program files (x86)/cypress/psoc creator/4.4/psoc creator/import/gnu/arm/5.4.1/bin/../lib/gcc/arm-none-eabi/5.4.1/armv6-m\libgcc.a(adddf3.o)
                0x00003ef8                __aeabi_dadd
 .text          0x00004550      0x62c c:/program files (x86)/cypress/psoc creator/4.4/psoc creator/import/gnu/arm/5.4.1/bin/../lib/gcc/arm-none-eabi/5.4.1/armv6-m\libgcc.a(divdf3.o)
                0x00004550                __aeabi_ddiv
 .text          0x00004b7c       0x80 c:/program files (x86)/cypress/psoc creator/4.4/psoc creator/import/gnu/arm/5.4.1/bin/../lib/gcc/arm-none-eabi/5.4.1/armv6-m\libgcc.a(eqdf2.o)
                0x00004b7c                __nedf2
                0x00004b7c                __eqdf2
 .text          0x00004bfc       0xc8 c:/program files (x86)/cypress/psoc creator/4.4/psoc creator/import/gnu/arm/5.4.1/bin/../lib/gcc/arm-none-eabi/5.4.1/armv6-m\libgcc.a(gedf2.o)
                0x00004bfc                __gedf2
                0x00004bfc                __gtdf2
 .text          0x00004cc4       0xd4 c:/program files (x86)/cypress/psoc creator/4.4/psoc creator/import/gnu/arm/5.4.1/bin/../lib/gcc/arm-none-eabi/5.4.1/armv6-m\libgcc.a(ledf2.o)
                0x00004cc4                __ledf2
                0x00004cc4                __ltdf2
 .text          0x00004d98      0x4f4 c:/program files (x86)/cypress/psoc creator/4.4/psoc creator/import/gnu/arm/5.4.1/bin/../lib/gcc/arm-none-eabi/5.4.1/armv6-m\libgcc.a(muldf3.o)
                0x00004d98                __aeabi_dmul
 .text          0x0000528c      0x6a8 c:/program files (x86)/cypress/psoc creator/4.4/psoc creator/import/gnu/arm/5.4.1/bin/../lib/gcc/arm-none-eabi/5.4.1/armv6-m\libgcc.a(subdf3.o)
                0x0000528c                __aeabi_dsub
 .text          0x00005934       0x40 c:/program files (x86)/cypress/psoc creator/4.4/psoc creator/import/gnu/arm/5.4.1/bin/../lib/gcc/arm-none-eabi/5.4.1/armv6-m\libgcc.a(unorddf2.o)
                0x00005934                __aeabi_dcmpun
 .text          0x00005974       0x6c c:/program files (x86)/cypress/psoc creator/4.4/psoc creator/import/gnu/arm/5.4.1/bin/../lib/gcc/arm-none-eabi/5.4.1/armv6-m\libgcc.a(fixdfsi.o)
                0x00005974                __aeabi_d2iz
 .text          0x000059e0       0x84 c:/program files (x86)/cypress/psoc creator/4.4/psoc creator/import/gnu/arm/5.4.1/bin/../lib/gcc/arm-none-eabi/5.4.1/armv6-m\libgcc.a(floatsidf.o)
                0x000059e0                __aeabi_i2d
 .text          0x00005a64       0x70 c:/program files (x86)/cypress/psoc creator/4.4/psoc creator/import/gnu/arm/5.4.1/bin/../lib/gcc/arm-none-eabi/5.4.1/armv6-m\libgcc.a(floatunsidf.o)
                0x00005a64                __aeabi_ui2d
 *(.plt)
 *(.gnu.warning)
 *(.glue_7t)
 .glue_7t       0x00005ad4        0x0 linker stubs
 *(.glue_7)
 .glue_7        0x00005ad4        0x0 linker stubs
 *(.vfp11_veneer)
 .vfp11_veneer  0x00005ad4        0x0 linker stubs
 *(.bootloader)
 *(.ARM.extab* .gnu.linkonce.armextab.*)
 *(.gcc_except_table)

.v4_bx          0x00005ad4        0x0
 .v4_bx         0x00005ad4        0x0 linker stubs

.iplt           0x00005ad4        0x0
 .iplt          0x00005ad4        0x0 c:/program files (x86)/cypress/psoc creator/4.4/psoc creator/import/gnu/arm/5.4.1/bin/../lib/gcc/arm-none-eabi/5.4.1/armv6-m/crtbegin.o

.eh_frame_hdr
 *(.eh_frame_hdr)

.eh_frame       0x00005ad4        0x4
 *(.eh_frame)
 .eh_frame      0x00005ad4        0x0 c:/program files (x86)/cypress/psoc creator/4.4/psoc creator/import/gnu/arm/5.4.1/bin/../lib/gcc/arm-none-eabi/5.4.1/armv6-m/crtbegin.o
 .eh_frame      0x00005ad4        0x4 c:/program files (x86)/cypress/psoc creator/4.4/psoc creator/import/gnu/arm/5.4.1/bin/../lib/gcc/arm-none-eabi/5.4.1/armv6-m/crtend.o
                [!provide]                PROVIDE (__exidx_start, .)

.ARM.exidx
 *(.ARM.exidx* .gnu.linkonce.armexidx.*)
                0x00005ad8                __exidx_end = .

.rodata         0x00005ad8      0x450
 *(.rodata .rodata.* .gnu.linkonce.r.*)
 .rodata.str1.4
                0x00005ad8      0x13c .\CortexM0p\ARM_GCC_541\Debug\main.o
                                0x13f (size before relaxing)
 .rodata        0x00005c14       0x38 .\CortexM0p\ARM_GCC_541\Debug\Internal_Main.a(ADC_1_INIT.o)
                0x00005c14                ADC_1_allConfigs
 .rodata        0x00005c4c       0x48 .\CortexM0p\ARM_GCC_541\Debug\Internal_Main.a(PGA_1.o)
                0x00005c4c                PGA_1_compTab
 .rodata        0x00005c94       0x80 c:/program files (x86)/cypress/psoc creator/4.4/psoc creator/import/gnu/arm/5.4.1/bin/../lib/gcc/arm-none-eabi/5.4.1/armv6-m\libgcc.a(divsf3.o)
 .rodata.str1.1
                0x00005d14        0x2 c:/program files (x86)/cypress/psoc creator/4.4/psoc creator/import/gnu/arm/5.4.1/bin/../lib/gcc/arm-none-eabi/5.4.1/../../../../arm-none-eabi/lib/armv6-m\libg_nano.a(lib_a-impure.o)
 .rodata.str1.1
                0x00005d16       0x12 c:/program files (x86)/cypress/psoc creator/4.4/psoc creator/import/gnu/arm/5.4.1/bin/../lib/gcc/arm-none-eabi/5.4.1/../../../../arm-none-eabi/lib/armv6-m\libg_nano.a(lib_a-nano-vfprintf_float.o)
 .rodata.str1.1
                0x00005d28       0x22 c:/program files (x86)/cypress/psoc creator/4.4/psoc creator/import/gnu/arm/5.4.1/bin/../lib/gcc/arm-none-eabi/5.4.1/../../../../arm-none-eabi/lib/armv6-m\libg_nano.a(lib_a-nano-vfprintf_i.o)
 .rodata.str1.1
                0x00005d4a        0xd c:/program files (x86)/cypress/psoc creator/4.4/psoc creator/import/gnu/arm/5.4.1/bin/../lib/gcc/arm-none-eabi/5.4.1/../../../../arm-none-eabi/lib/armv6-m\libg_nano.a(lib_a-dtoa.o)
                                  0xf (size before relaxing)
 .rodata.str1.1
                0x00005d57        0x8 c:/program files (x86)/cypress/psoc creator/4.4/psoc creator/import/gnu/arm/5.4.1/bin/../lib/gcc/arm-none-eabi/5.4.1/../../../../arm-none-eabi/lib/armv6-m\libg_nano.a(lib_a-locale.o)
                                  0xb (size before relaxing)
 *fill*         0x00005d5f        0x1 
 .rodata.__mprec_tens
                0x00005d60       0xc8 c:/program files (x86)/cypress/psoc creator/4.4/psoc creator/import/gnu/arm/5.4.1/bin/../lib/gcc/arm-none-eabi/5.4.1/../../../../arm-none-eabi/lib/armv6-m\libg_nano.a(lib_a-mprec.o)
                0x00005d60                __mprec_tens
 .rodata.p05.5408
                0x00005e28        0xc c:/program files (x86)/cypress/psoc creator/4.4/psoc creator/import/gnu/arm/5.4.1/bin/../lib/gcc/arm-none-eabi/5.4.1/../../../../arm-none-eabi/lib/armv6-m\libg_nano.a(lib_a-mprec.o)
 *fill*         0x00005e34        0x4 
 .rodata.__mprec_bigtens
                0x00005e38       0x28 c:/program files (x86)/cypress/psoc creator/4.4/psoc creator/import/gnu/arm/5.4.1/bin/../lib/gcc/arm-none-eabi/5.4.1/../../../../arm-none-eabi/lib/armv6-m\libg_nano.a(lib_a-mprec.o)
                0x00005e38                __mprec_bigtens
 .rodata.str1.1
                0x00005e60       0x11 c:/program files (x86)/cypress/psoc creator/4.4/psoc creator/import/gnu/arm/5.4.1/bin/../lib/gcc/arm-none-eabi/5.4.1/../../../../arm-none-eabi/lib/armv6-m\libg_nano.a(lib_a-nano-svfprintf.o)
 *fill*         0x00005e71        0x3 
 .rodata        0x00005e74       0x40 c:/program files (x86)/cypress/psoc creator/4.4/psoc creator/import/gnu/arm/5.4.1/bin/../lib/gcc/arm-none-eabi/5.4.1/armv6-m\libgcc.a(divdf3.o)
 .rodata        0x00005eb4       0x40 c:/program files (x86)/cypress/psoc creator/4.4/psoc creator/import/gnu/arm/5.4.1/bin/../lib/gcc/arm-none-eabi/5.4.1/armv6-m\libgcc.a(muldf3.o)
                0x00005ef4                . = ALIGN (0x4)
 *(.init)
 .init          0x00005ef4        0x4 c:/program files (x86)/cypress/psoc creator/4.4/psoc creator/import/gnu/arm/5.4.1/bin/../lib/gcc/arm-none-eabi/5.4.1/armv6-m/crti.o
                0x00005ef4                _init
 .init          0x00005ef8        0x8 c:/program files (x86)/cypress/psoc creator/4.4/psoc creator/import/gnu/arm/5.4.1/bin/../lib/gcc/arm-none-eabi/5.4.1/armv6-m/crtn.o
                0x00005f00                . = ALIGN (0x4)
                0x00005f00                __preinit_array_start = .
 *(.preinit_array)
                0x00005f00                __preinit_array_end = .
                0x00005f00                . = ALIGN (0x4)
                0x00005f00                __init_array_start = .
 *(SORT(.init_array.*))
 *(.init_array)
 .init_array    0x00005f00        0x4 c:/program files (x86)/cypress/psoc creator/4.4/psoc creator/import/gnu/arm/5.4.1/bin/../lib/gcc/arm-none-eabi/5.4.1/armv6-m/crtbegin.o
 .init_array    0x00005f04        0x4 .\CortexM0p\ARM_GCC_541\Debug\Cm0plusStart.o
                0x00005f08                __init_array_end = .
                0x00005f08                . = ALIGN (0x4)
 *(.fini)
 .fini          0x00005f08        0x4 c:/program files (x86)/cypress/psoc creator/4.4/psoc creator/import/gnu/arm/5.4.1/bin/../lib/gcc/arm-none-eabi/5.4.1/armv6-m/crti.o
                0x00005f08                _fini
 .fini          0x00005f0c        0x8 c:/program files (x86)/cypress/psoc creator/4.4/psoc creator/import/gnu/arm/5.4.1/bin/../lib/gcc/arm-none-eabi/5.4.1/armv6-m/crtn.o
                0x00005f14                . = ALIGN (0x4)
                0x00005f14                __fini_array_start = .
 *(.fini_array)
 .fini_array    0x00005f14        0x4 c:/program files (x86)/cypress/psoc creator/4.4/psoc creator/import/gnu/arm/5.4.1/bin/../lib/gcc/arm-none-eabi/5.4.1/armv6-m/crtbegin.o
 *(SORT(.fini_array.*))
                0x00005f18                __fini_array_end = .
                0x00005f18                . = ALIGN (0x4)
 *crtbegin.o(.ctors)
 *(EXCLUDE_FILE(*crtend.o) .ctors)
 *(SORT(.ctors.*))
 *crtend.o(.ctors)
                0x00005f18                . = ALIGN (0x4)
 *crtbegin.o(.dtors)
 *(EXCLUDE_FILE(*crtend.o) .dtors)
 *(SORT(.dtors.*))
 *crtend.o(.dtors)
                0x00005f18                . = ALIGN (0x4)
                0x00005f18                __cy_regions = .
                0x00005f18        0x4 LONG 0x5f28 __cy_region_init_ram
                0x00005f1c        0x4 LONG 0x200000a8 __cy_region_start_data
                0x00005f20        0x4 LONG 0xc0 __cy_region_init_size_ram
                0x00005f24        0x4 LONG 0x70 __cy_region_zero_size_ram
                0x00005f28                __cy_regions_end = .
                0x00005f28                . = ALIGN (0x8)
                0x00005f28                _etext = .

.cy_checksum_exclude
                0x00005f28        0x0
 *(.cy_checksum_exclude)

.ramvectors     0x20000000       0xa4
                0x20000000                __cy_region_start_ram = .
 *(.ramvectors)
 .ramvectors    0x20000000       0xa4 .\CortexM0p\ARM_GCC_541\Debug\Cm0plusStart.o
                0x20000000                CyRamVectors

.noinit
 *(.noinit)

.data           0x200000a8       0xc0 load address 0x00005f28
                0x200000a8                __cy_region_start_data = .
 *(.jcr)
 .jcr           0x200000a8        0x0 c:/program files (x86)/cypress/psoc creator/4.4/psoc creator/import/gnu/arm/5.4.1/bin/../lib/gcc/arm-none-eabi/5.4.1/armv6-m/crtbegin.o
 .jcr           0x200000a8        0x4 c:/program files (x86)/cypress/psoc creator/4.4/psoc creator/import/gnu/arm/5.4.1/bin/../lib/gcc/arm-none-eabi/5.4.1/armv6-m/crtend.o
 *(.got.plt)
 *(.got)
 *(.shdata)
 *(.data .data.* .gnu.linkonce.d.*)
 .data          0x200000ac        0x4 .\CortexM0p\ARM_GCC_541\Debug\Cm0plusStart.o
 .data          0x200000b0        0x1 .\CortexM0p\ARM_GCC_541\Debug\Internal_Main.a(AMux_1.o)
 *fill*         0x200000b1        0x3 
 .data          0x200000b4       0x14 .\CortexM0p\ARM_GCC_541\Debug\Internal_Main.a(CyLib.o)
                0x200000b4                CySysClkPumpConfig
                0x200000b8                cydelay32kMs
                0x200000bc                cydelayFreqKhz
                0x200000c0                cydelayFreqMhz
                0x200000c4                cydelayFreqHz
 .data          0x200000c8        0x4 .\CortexM0p\ARM_GCC_541\Debug\Internal_Main.a(CyLFClk.o)
 .data.impure_data
                0x200000cc       0x60 c:/program files (x86)/cypress/psoc creator/4.4/psoc creator/import/gnu/arm/5.4.1/bin/../lib/gcc/arm-none-eabi/5.4.1/../../../../arm-none-eabi/lib/armv6-m\libg_nano.a(lib_a-impure.o)
 .data._impure_ptr
                0x2000012c        0x4 c:/program files (x86)/cypress/psoc creator/4.4/psoc creator/import/gnu/arm/5.4.1/bin/../lib/gcc/arm-none-eabi/5.4.1/../../../../arm-none-eabi/lib/armv6-m\libg_nano.a(lib_a-impure.o)
                0x2000012c                _impure_ptr
 .data.lconv    0x20000130       0x38 c:/program files (x86)/cypress/psoc creator/4.4/psoc creator/import/gnu/arm/5.4.1/bin/../lib/gcc/arm-none-eabi/5.4.1/../../../../arm-none-eabi/lib/armv6-m\libg_nano.a(lib_a-locale.o)
                0x20000168                . = ALIGN (0x8)
 *(.ram)
                0x20000168                _edata = .

.igot.plt       0x20000168        0x0 load address 0x00005fe8
 .igot.plt      0x20000168        0x0 c:/program files (x86)/cypress/psoc creator/4.4/psoc creator/import/gnu/arm/5.4.1/bin/../lib/gcc/arm-none-eabi/5.4.1/armv6-m/crtbegin.o

.bss            0x20000168       0x70 load address 0x00005fe8
                0x20000168                PROVIDE (__bss_start__, .)
 *(.shbss)
 *(.bss .bss.* .gnu.linkonce.b.*)
 .bss           0x20000168       0x1c c:/program files (x86)/cypress/psoc creator/4.4/psoc creator/import/gnu/arm/5.4.1/bin/../lib/gcc/arm-none-eabi/5.4.1/armv6-m/crtbegin.o
 .bss           0x20000184       0x10 .\CortexM0p\ARM_GCC_541\Debug\main.o
 .bss           0x20000194        0x6 .\CortexM0p\ARM_GCC_541\Debug\Internal_Main.a(ADC_1.o)
                0x20000198                ADC_1_initVar
                0x20000199                ADC_1_selected
 .bss           0x2000019a        0x1 .\CortexM0p\ARM_GCC_541\Debug\Internal_Main.a(PVref_1.o)
                0x2000019a                PVref_1_initVar
 *fill*         0x2000019b        0x1 
 .bss           0x2000019c        0x5 .\CortexM0p\ARM_GCC_541\Debug\Internal_Main.a(PGA_1.o)
                0x2000019c                PGA_1_internalGainPower
                0x200001a0                PGA_1_initVar
 *fill*         0x200001a1        0x3 
 .bss           0x200001a4       0x18 .\CortexM0p\ARM_GCC_541\Debug\Internal_Main.a(CyLFClk.o)
 .bss           0x200001bc        0x4 .\CortexM0p\ARM_GCC_541\Debug\Internal_Main.a(UART_1.o)
                0x200001bc                UART_1_initVar
                0x200001be                UART_1_IntrTxMask
 .bss           0x200001c0        0x1 .\CortexM0p\ARM_GCC_541\Debug\Internal_Main.a(Timer_1.o)
                0x200001c0                Timer_1_initVar
 *fill*         0x200001c1        0x3 
 .bss.__malloc_sbrk_start
                0x200001c4        0x4 c:/program files (x86)/cypress/psoc creator/4.4/psoc creator/import/gnu/arm/5.4.1/bin/../lib/gcc/arm-none-eabi/5.4.1/../../../../arm-none-eabi/lib/armv6-m\libg_nano.a(lib_a-nano-mallocr.o)
                0x200001c4                __malloc_sbrk_start
 .bss.__malloc_free_list
                0x200001c8        0x4 c:/program files (x86)/cypress/psoc creator/4.4/psoc creator/import/gnu/arm/5.4.1/bin/../lib/gcc/arm-none-eabi/5.4.1/../../../../arm-none-eabi/lib/armv6-m\libg_nano.a(lib_a-nano-mallocr.o)
                0x200001c8                __malloc_free_list
 *(COMMON)
 COMMON         0x200001cc        0x8 .\CortexM0p\ARM_GCC_541\Debug\Internal_Main.a(ADC_1.o)
                0x200001cc                ADC_1_offset
                0x200001d0                ADC_1_countsPer10Volt
 COMMON         0x200001d4        0x4 c:/program files (x86)/cypress/psoc creator/4.4/psoc creator/import/gnu/arm/5.4.1/bin/../lib/gcc/arm-none-eabi/5.4.1/../../../../arm-none-eabi/lib/armv6-m\libg_nano.a(lib_a-reent.o)
                0x200001d4                errno
                0x200001d8                . = ALIGN (0x8)
 *(.ram.b)
                0x200001d8                _end = .
                0x200001d8                __end = .
                0x200001d8                PROVIDE (end, .)
                0x200001d8                PROVIDE (__bss_end__, .)
                0x00005f28                __cy_region_init_ram = LOADADDR (.data)
                0x000000c0                __cy_region_init_size_ram = (_edata - ADDR (.data))
                0x00000070                __cy_region_zero_size_ram = (_end - _edata)

.heap           0x200001d8      0x200 load address 0x00005fe8
                0x200001d8                . = _end
                0x200003d8                . = (. + 0x200)
 *fill*         0x200001d8      0x200 
                0x200003d8                __cy_heap_limit = .

.stack          0x20000c00      0x400
                0x20000c00                __cy_stack_limit = .
                0x20001000                . = (. + 0x400)
 *fill*         0x20000c00      0x400 
                0x00000001                ASSERT ((__cy_stack_limit >= __cy_heap_limit), region RAM overflowed with stack)
                0x00000000                cy_checksum_exclude_size = (CY_APPL_LOADABLE == 0x1)?SIZEOF (.cy_checksum_exclude):0x0
                0x00000001                ASSERT ((cy_checksum_exclude_size <= CY_CHECKSUM_EXCLUDE_SIZE), CY_BOOT: Section .cy_checksum_exclude size exceedes specified limit.)
                0x00007fc0                cyloadermeta_start = (cy_project_type_bootloader || cy_project_type_app_for_stack_and_copier)?(LENGTH (rom) - CY_METADATA_SIZE):0xf0000000

.cyloadermeta
 *(.cyloadermeta)
                0x00007fc0                cyloadablemeta_start = cy_project_type_app_for_stack_and_copier?((LENGTH (rom) - CY_FLASH_ROW_SIZE) - CY_METADATA_SIZE):((LENGTH (rom) - (CY_FLASH_ROW_SIZE * (CY_APPL_NUM - 0x1))) - CY_METADATA_SIZE)

.cyloadablemeta
 *(.cyloadablemeta)

.cyflashprotect
                0x90400000       0x20
 *(.cyflashprotect)
 .cyflashprotect
                0x90400000       0x20 .\CortexM0p\ARM_GCC_541\Debug\cymetadata.o
                0x90400000                cy_meta_flashprotect

.cymeta         0x90500000        0xc
 *(.cymeta)
 .cymeta        0x90500000        0xc .\CortexM0p\ARM_GCC_541\Debug\cymetadata.o
                0x90500000                cy_metadata

.cychipprotect  0x90600000        0x1
 *(.cychipprotect)
 .cychipprotect
                0x90600000        0x1 .\CortexM0p\ARM_GCC_541\Debug\cymetadata.o
                0x90600000                cy_meta_chipprotect

.rel.dyn        0x00005fe8        0x0 load address 0x90600004
 .rel.iplt      0x00005fe8        0x0 c:/program files (x86)/cypress/psoc creator/4.4/psoc creator/import/gnu/arm/5.4.1/bin/../lib/gcc/arm-none-eabi/5.4.1/armv6-m/crtbegin.o

.stab
 *(.stab)

.stabstr
 *(.stabstr)

.debug
 *(.debug)

.line
 *(.line)

.debug_srcinfo
 *(.debug_srcinfo)

.debug_sfnames
 *(.debug_sfnames)

.debug_aranges  0x00000000      0xa88
 *(.debug_aranges)
 .debug_aranges
                0x00000000       0x40 .\CortexM0p\ARM_GCC_541\Debug\main.o
 .debug_aranges
                0x00000040       0x48 .\CortexM0p\ARM_GCC_541\Debug\cyfitter_cfg.o
 .debug_aranges
                0x00000088       0x18 .\CortexM0p\ARM_GCC_541\Debug\cymetadata.o
 .debug_aranges
                0x000000a0       0x48 .\CortexM0p\ARM_GCC_541\Debug\Cm0plusStart.o
 .debug_aranges
                0x000000e8       0xf0 .\CortexM0p\ARM_GCC_541\Debug\Internal_Main.a(ADC_1.o)
 .debug_aranges
                0x000001d8       0x18 .\CortexM0p\ARM_GCC_541\Debug\Internal_Main.a(ADC_1_INIT.o)
 .debug_aranges
                0x000001f0       0x20 .\CortexM0p\ARM_GCC_541\Debug\Internal_Main.a(ADC_1_INT.o)
 .debug_aranges
                0x00000210       0x30 .\CortexM0p\ARM_GCC_541\Debug\Internal_Main.a(AMux_1.o)
 .debug_aranges
                0x00000240       0x48 .\CortexM0p\ARM_GCC_541\Debug\Internal_Main.a(PVref_1.o)
 .debug_aranges
                0x00000288       0x50 .\CortexM0p\ARM_GCC_541\Debug\Internal_Main.a(PGA_1.o)
 .debug_aranges
                0x000002d8       0x40 .\CortexM0p\ARM_GCC_541\Debug\Internal_Main.a(ADC_1_intSarClock.o)
 .debug_aranges
                0x00000318       0x80 .\CortexM0p\ARM_GCC_541\Debug\Internal_Main.a(ADC_1_IRQ.o)
 .debug_aranges
                0x00000398      0x1f8 .\CortexM0p\ARM_GCC_541\Debug\Internal_Main.a(CyLib.o)
 .debug_aranges
                0x00000590      0x1a8 .\CortexM0p\ARM_GCC_541\Debug\Internal_Main.a(CyLFClk.o)
 .debug_aranges
                0x00000738       0x58 .\CortexM0p\ARM_GCC_541\Debug\Internal_Main.a(UART_1.o)
 .debug_aranges
                0x00000790       0x90 .\CortexM0p\ARM_GCC_541\Debug\Internal_Main.a(UART_1_UART.o)
 .debug_aranges
                0x00000820       0x48 .\CortexM0p\ARM_GCC_541\Debug\Internal_Main.a(BLUE_LED.o)
 .debug_aranges
                0x00000868      0x158 .\CortexM0p\ARM_GCC_541\Debug\Internal_Main.a(Timer_1.o)
 .debug_aranges
                0x000009c0       0x20 .\CortexM0p\ARM_GCC_541\Debug\Internal_Main.a(CyBootAsmGnu.o)
 .debug_aranges
                0x000009e0       0x48 .\CortexM0p\ARM_GCC_541\Debug\Internal_Main.a(CyFlash.o)
 .debug_aranges
                0x00000a28       0x60 .\CortexM0p\ARM_GCC_541\Debug\Internal_Main.a(UART_1_SPI_UART.o)

.debug_pubnames
 *(.debug_pubnames)

.debug_info     0x00000000     0x5616
 *(.debug_info .gnu.linkonce.wi.*)
 .debug_info    0x00000000      0x6e9 .\CortexM0p\ARM_GCC_541\Debug\main.o
 .debug_info    0x000006e9      0x20f .\CortexM0p\ARM_GCC_541\Debug\cyfitter_cfg.o
 .debug_info    0x000008f8       0xf8 .\CortexM0p\ARM_GCC_541\Debug\cymetadata.o
 .debug_info    0x000009f0      0x3a5 .\CortexM0p\ARM_GCC_541\Debug\Cm0plusStart.o
 .debug_info    0x00000d95      0xa71 .\CortexM0p\ARM_GCC_541\Debug\Internal_Main.a(ADC_1.o)
 .debug_info    0x00001806      0x192 .\CortexM0p\ARM_GCC_541\Debug\Internal_Main.a(ADC_1_INIT.o)
 .debug_info    0x00001998       0xcb .\CortexM0p\ARM_GCC_541\Debug\Internal_Main.a(ADC_1_INT.o)
 .debug_info    0x00001a63      0x165 .\CortexM0p\ARM_GCC_541\Debug\Internal_Main.a(AMux_1.o)
 .debug_info    0x00001bc8      0x15e .\CortexM0p\ARM_GCC_541\Debug\Internal_Main.a(PVref_1.o)
 .debug_info    0x00001d26      0x209 .\CortexM0p\ARM_GCC_541\Debug\Internal_Main.a(PGA_1.o)
 .debug_info    0x00001f2f      0x166 .\CortexM0p\ARM_GCC_541\Debug\Internal_Main.a(ADC_1_intSarClock.o)
 .debug_info    0x00002095      0x305 .\CortexM0p\ARM_GCC_541\Debug\Internal_Main.a(ADC_1_IRQ.o)
 .debug_info    0x0000239a      0xe0e .\CortexM0p\ARM_GCC_541\Debug\Internal_Main.a(CyLib.o)
 .debug_info    0x000031a8      0xd06 .\CortexM0p\ARM_GCC_541\Debug\Internal_Main.a(CyLFClk.o)
 .debug_info    0x00003eae      0x23a .\CortexM0p\ARM_GCC_541\Debug\Internal_Main.a(UART_1.o)
 .debug_info    0x000040e8      0x3b5 .\CortexM0p\ARM_GCC_541\Debug\Internal_Main.a(UART_1_UART.o)
 .debug_info    0x0000449d      0x19d .\CortexM0p\ARM_GCC_541\Debug\Internal_Main.a(BLUE_LED.o)
 .debug_info    0x0000463a      0x8f6 .\CortexM0p\ARM_GCC_541\Debug\Internal_Main.a(Timer_1.o)
 .debug_info    0x00004f30       0xaf .\CortexM0p\ARM_GCC_541\Debug\Internal_Main.a(CyBootAsmGnu.o)
 .debug_info    0x00004fdf      0x417 .\CortexM0p\ARM_GCC_541\Debug\Internal_Main.a(CyFlash.o)
 .debug_info    0x000053f6      0x220 .\CortexM0p\ARM_GCC_541\Debug\Internal_Main.a(UART_1_SPI_UART.o)

.debug_abbrev   0x00000000     0x16b2
 *(.debug_abbrev)
 .debug_abbrev  0x00000000      0x127 .\CortexM0p\ARM_GCC_541\Debug\main.o
 .debug_abbrev  0x00000127       0xce .\CortexM0p\ARM_GCC_541\Debug\cyfitter_cfg.o
 .debug_abbrev  0x000001f5       0x5d .\CortexM0p\ARM_GCC_541\Debug\cymetadata.o
 .debug_abbrev  0x00000252      0x1d0 .\CortexM0p\ARM_GCC_541\Debug\Cm0plusStart.o
 .debug_abbrev  0x00000422      0x211 .\CortexM0p\ARM_GCC_541\Debug\Internal_Main.a(ADC_1.o)
 .debug_abbrev  0x00000633       0x86 .\CortexM0p\ARM_GCC_541\Debug\Internal_Main.a(ADC_1_INIT.o)
 .debug_abbrev  0x000006b9       0x65 .\CortexM0p\ARM_GCC_541\Debug\Internal_Main.a(ADC_1_INT.o)
 .debug_abbrev  0x0000071e       0xb1 .\CortexM0p\ARM_GCC_541\Debug\Internal_Main.a(AMux_1.o)
 .debug_abbrev  0x000007cf       0xaa .\CortexM0p\ARM_GCC_541\Debug\Internal_Main.a(PVref_1.o)
 .debug_abbrev  0x00000879      0x103 .\CortexM0p\ARM_GCC_541\Debug\Internal_Main.a(PGA_1.o)
 .debug_abbrev  0x0000097c       0xb7 .\CortexM0p\ARM_GCC_541\Debug\Internal_Main.a(ADC_1_intSarClock.o)
 .debug_abbrev  0x00000a33      0x19a .\CortexM0p\ARM_GCC_541\Debug\Internal_Main.a(ADC_1_IRQ.o)
 .debug_abbrev  0x00000bcd      0x1f5 .\CortexM0p\ARM_GCC_541\Debug\Internal_Main.a(CyLib.o)
 .debug_abbrev  0x00000dc2      0x207 .\CortexM0p\ARM_GCC_541\Debug\Internal_Main.a(CyLFClk.o)
 .debug_abbrev  0x00000fc9       0xd5 .\CortexM0p\ARM_GCC_541\Debug\Internal_Main.a(UART_1.o)
 .debug_abbrev  0x0000109e      0x132 .\CortexM0p\ARM_GCC_541\Debug\Internal_Main.a(UART_1_UART.o)
 .debug_abbrev  0x000011d0       0xc8 .\CortexM0p\ARM_GCC_541\Debug\Internal_Main.a(BLUE_LED.o)
 .debug_abbrev  0x00001298      0x119 .\CortexM0p\ARM_GCC_541\Debug\Internal_Main.a(Timer_1.o)
 .debug_abbrev  0x000013b1       0x14 .\CortexM0p\ARM_GCC_541\Debug\Internal_Main.a(CyBootAsmGnu.o)
 .debug_abbrev  0x000013c5      0x19e .\CortexM0p\ARM_GCC_541\Debug\Internal_Main.a(CyFlash.o)
 .debug_abbrev  0x00001563      0x14f .\CortexM0p\ARM_GCC_541\Debug\Internal_Main.a(UART_1_SPI_UART.o)

.debug_line     0x00000000     0x2577
 *(.debug_line)
 .debug_line    0x00000000      0x1e1 .\CortexM0p\ARM_GCC_541\Debug\main.o
 .debug_line    0x000001e1      0x10a .\CortexM0p\ARM_GCC_541\Debug\cyfitter_cfg.o
 .debug_line    0x000002eb      0x141 .\CortexM0p\ARM_GCC_541\Debug\cymetadata.o
 .debug_line    0x0000042c      0x247 .\CortexM0p\ARM_GCC_541\Debug\Cm0plusStart.o
 .debug_line    0x00000673      0x3c0 .\CortexM0p\ARM_GCC_541\Debug\Internal_Main.a(ADC_1.o)
 .debug_line    0x00000a33       0x5c .\CortexM0p\ARM_GCC_541\Debug\Internal_Main.a(ADC_1_INIT.o)
 .debug_line    0x00000a8f       0x64 .\CortexM0p\ARM_GCC_541\Debug\Internal_Main.a(ADC_1_INT.o)
 .debug_line    0x00000af3       0xad .\CortexM0p\ARM_GCC_541\Debug\Internal_Main.a(AMux_1.o)
 .debug_line    0x00000ba0       0xc1 .\CortexM0p\ARM_GCC_541\Debug\Internal_Main.a(PVref_1.o)
 .debug_line    0x00000c61       0xe2 .\CortexM0p\ARM_GCC_541\Debug\Internal_Main.a(PGA_1.o)
 .debug_line    0x00000d43       0xc4 .\CortexM0p\ARM_GCC_541\Debug\Internal_Main.a(ADC_1_intSarClock.o)
 .debug_line    0x00000e07      0x155 .\CortexM0p\ARM_GCC_541\Debug\Internal_Main.a(ADC_1_IRQ.o)
 .debug_line    0x00000f5c      0x5df .\CortexM0p\ARM_GCC_541\Debug\Internal_Main.a(CyLib.o)
 .debug_line    0x0000153b      0x5c1 .\CortexM0p\ARM_GCC_541\Debug\Internal_Main.a(CyLFClk.o)
 .debug_line    0x00001afc      0x10c .\CortexM0p\ARM_GCC_541\Debug\Internal_Main.a(UART_1.o)
 .debug_line    0x00001c08      0x1cf .\CortexM0p\ARM_GCC_541\Debug\Internal_Main.a(UART_1_UART.o)
 .debug_line    0x00001dd7       0xc0 .\CortexM0p\ARM_GCC_541\Debug\Internal_Main.a(BLUE_LED.o)
 .debug_line    0x00001e97      0x37b .\CortexM0p\ARM_GCC_541\Debug\Internal_Main.a(Timer_1.o)
 .debug_line    0x00002212       0x68 .\CortexM0p\ARM_GCC_541\Debug\Internal_Main.a(CyBootAsmGnu.o)
 .debug_line    0x0000227a      0x1e1 .\CortexM0p\ARM_GCC_541\Debug\Internal_Main.a(CyFlash.o)
 .debug_line    0x0000245b      0x11c .\CortexM0p\ARM_GCC_541\Debug\Internal_Main.a(UART_1_SPI_UART.o)

.debug_frame    0x00000000     0x249c
 *(.debug_frame)
 .debug_frame   0x00000000       0xa4 .\CortexM0p\ARM_GCC_541\Debug\main.o
 .debug_frame   0x000000a4       0x94 .\CortexM0p\ARM_GCC_541\Debug\cyfitter_cfg.o
 .debug_frame   0x00000138       0xbc .\CortexM0p\ARM_GCC_541\Debug\Cm0plusStart.o
 .debug_frame   0x000001f4      0x2a8 .\CortexM0p\ARM_GCC_541\Debug\Internal_Main.a(ADC_1.o)
 .debug_frame   0x0000049c       0x20 .\CortexM0p\ARM_GCC_541\Debug\Internal_Main.a(ADC_1_INT.o)
 .debug_frame   0x000004bc       0x64 .\CortexM0p\ARM_GCC_541\Debug\Internal_Main.a(AMux_1.o)
 .debug_frame   0x00000520       0x7c .\CortexM0p\ARM_GCC_541\Debug\Internal_Main.a(PVref_1.o)
 .debug_frame   0x0000059c       0xc4 .\CortexM0p\ARM_GCC_541\Debug\Internal_Main.a(PGA_1.o)
 .debug_frame   0x00000660       0x6c .\CortexM0p\ARM_GCC_541\Debug\Internal_Main.a(ADC_1_intSarClock.o)
 .debug_frame   0x000006cc      0x110 .\CortexM0p\ARM_GCC_541\Debug\Internal_Main.a(ADC_1_IRQ.o)
 .debug_frame   0x000007dc      0x500 .\CortexM0p\ARM_GCC_541\Debug\Internal_Main.a(CyLib.o)
 .debug_frame   0x00000cdc      0x484 .\CortexM0p\ARM_GCC_541\Debug\Internal_Main.a(CyLFClk.o)
 .debug_frame   0x00001160       0xd8 .\CortexM0p\ARM_GCC_541\Debug\Internal_Main.a(UART_1.o)
 .debug_frame   0x00001238      0x144 .\CortexM0p\ARM_GCC_541\Debug\Internal_Main.a(UART_1_UART.o)
 .debug_frame   0x0000137c       0x70 .\CortexM0p\ARM_GCC_541\Debug\Internal_Main.a(BLUE_LED.o)
 .debug_frame   0x000013ec      0x3a0 .\CortexM0p\ARM_GCC_541\Debug\Internal_Main.a(Timer_1.o)
 .debug_frame   0x0000178c       0xa8 .\CortexM0p\ARM_GCC_541\Debug\Internal_Main.a(CyFlash.o)
 .debug_frame   0x00001834       0xb0 .\CortexM0p\ARM_GCC_541\Debug\Internal_Main.a(UART_1_SPI_UART.o)
 .debug_frame   0x000018e4       0x20 c:/program files (x86)/cypress/psoc creator/4.4/psoc creator/import/gnu/arm/5.4.1/bin/../lib/gcc/arm-none-eabi/5.4.1/armv6-m\libgcc.a(_udivsi3.o)
 .debug_frame   0x00001904       0x20 c:/program files (x86)/cypress/psoc creator/4.4/psoc creator/import/gnu/arm/5.4.1/bin/../lib/gcc/arm-none-eabi/5.4.1/armv6-m\libgcc.a(_divsi3.o)
 .debug_frame   0x00001924       0x34 c:/program files (x86)/cypress/psoc creator/4.4/psoc creator/import/gnu/arm/5.4.1/bin/../lib/gcc/arm-none-eabi/5.4.1/armv6-m\libgcc.a(_muldi3.o)
 .debug_frame   0x00001958       0x30 c:/program files (x86)/cypress/psoc creator/4.4/psoc creator/import/gnu/arm/5.4.1/bin/../lib/gcc/arm-none-eabi/5.4.1/armv6-m\libgcc.a(bpabi.o)
 .debug_frame   0x00001988       0x3c c:/program files (x86)/cypress/psoc creator/4.4/psoc creator/import/gnu/arm/5.4.1/bin/../lib/gcc/arm-none-eabi/5.4.1/armv6-m\libgcc.a(divsf3.o)
 .debug_frame   0x000019c4       0x38 c:/program files (x86)/cypress/psoc creator/4.4/psoc creator/import/gnu/arm/5.4.1/bin/../lib/gcc/arm-none-eabi/5.4.1/armv6-m\libgcc.a(mulsf3.o)
 .debug_frame   0x000019fc       0x30 c:/program files (x86)/cypress/psoc creator/4.4/psoc creator/import/gnu/arm/5.4.1/bin/../lib/gcc/arm-none-eabi/5.4.1/armv6-m\libgcc.a(subsf3.o)
 .debug_frame   0x00001a2c       0x2c c:/program files (x86)/cypress/psoc creator/4.4/psoc creator/import/gnu/arm/5.4.1/bin/../lib/gcc/arm-none-eabi/5.4.1/armv6-m\libgcc.a(floatsisf.o)
 .debug_frame   0x00001a58       0x2c c:/program files (x86)/cypress/psoc creator/4.4/psoc creator/import/gnu/arm/5.4.1/bin/../lib/gcc/arm-none-eabi/5.4.1/armv6-m\libgcc.a(extendsfdf2.o)
 .debug_frame   0x00001a84       0x3c c:/program files (x86)/cypress/psoc creator/4.4/psoc creator/import/gnu/arm/5.4.1/bin/../lib/gcc/arm-none-eabi/5.4.1/armv6-m\libgcc.a(_divdi3.o)
 .debug_frame   0x00001ac0       0x20 c:/program files (x86)/cypress/psoc creator/4.4/psoc creator/import/gnu/arm/5.4.1/bin/../lib/gcc/arm-none-eabi/5.4.1/../../../../arm-none-eabi/lib/armv6-m\libg_nano.a(lib_a-errno.o)
 .debug_frame   0x00001ae0       0x28 c:/program files (x86)/cypress/psoc creator/4.4/psoc creator/import/gnu/arm/5.4.1/bin/../lib/gcc/arm-none-eabi/5.4.1/../../../../arm-none-eabi/lib/armv6-m\libg_nano.a(lib_a-exit.o)
 .debug_frame   0x00001b08       0x2c c:/program files (x86)/cypress/psoc creator/4.4/psoc creator/import/gnu/arm/5.4.1/bin/../lib/gcc/arm-none-eabi/5.4.1/../../../../arm-none-eabi/lib/armv6-m\libg_nano.a(lib_a-init.o)
 .debug_frame   0x00001b34       0x28 c:/program files (x86)/cypress/psoc creator/4.4/psoc creator/import/gnu/arm/5.4.1/bin/../lib/gcc/arm-none-eabi/5.4.1/../../../../arm-none-eabi/lib/armv6-m\libg_nano.a(lib_a-memcpy-stub.o)
 .debug_frame   0x00001b5c       0x20 c:/program files (x86)/cypress/psoc creator/4.4/psoc creator/import/gnu/arm/5.4.1/bin/../lib/gcc/arm-none-eabi/5.4.1/../../../../arm-none-eabi/lib/armv6-m\libg_nano.a(lib_a-memset.o)
 .debug_frame   0x00001b7c       0x74 c:/program files (x86)/cypress/psoc creator/4.4/psoc creator/import/gnu/arm/5.4.1/bin/../lib/gcc/arm-none-eabi/5.4.1/../../../../arm-none-eabi/lib/armv6-m\libg_nano.a(lib_a-nano-vfprintf_float.o)
 .debug_frame   0x00001bf0       0x54 c:/program files (x86)/cypress/psoc creator/4.4/psoc creator/import/gnu/arm/5.4.1/bin/../lib/gcc/arm-none-eabi/5.4.1/../../../../arm-none-eabi/lib/armv6-m\libg_nano.a(lib_a-nano-vfprintf_i.o)
 .debug_frame   0x00001c44       0x50 c:/program files (x86)/cypress/psoc creator/4.4/psoc creator/import/gnu/arm/5.4.1/bin/../lib/gcc/arm-none-eabi/5.4.1/../../../../arm-none-eabi/lib/armv6-m\libg_nano.a(lib_a-sprintf.o)
 .debug_frame   0x00001c94       0x54 c:/program files (x86)/cypress/psoc creator/4.4/psoc creator/import/gnu/arm/5.4.1/bin/../lib/gcc/arm-none-eabi/5.4.1/../../../../arm-none-eabi/lib/armv6-m\libg_nano.a(lib_a-dtoa.o)
 .debug_frame   0x00001ce8       0xa4 c:/program files (x86)/cypress/psoc creator/4.4/psoc creator/import/gnu/arm/5.4.1/bin/../lib/gcc/arm-none-eabi/5.4.1/../../../../arm-none-eabi/lib/armv6-m\libg_nano.a(lib_a-locale.o)
 .debug_frame   0x00001d8c       0x40 c:/program files (x86)/cypress/psoc creator/4.4/psoc creator/import/gnu/arm/5.4.1/bin/../lib/gcc/arm-none-eabi/5.4.1/../../../../arm-none-eabi/lib/armv6-m\libg_nano.a(lib_a-malloc.o)
 .debug_frame   0x00001dcc       0x20 c:/program files (x86)/cypress/psoc creator/4.4/psoc creator/import/gnu/arm/5.4.1/bin/../lib/gcc/arm-none-eabi/5.4.1/../../../../arm-none-eabi/lib/armv6-m\libg_nano.a(lib_a-memchr-stub.o)
 .debug_frame   0x00001dec      0x238 c:/program files (x86)/cypress/psoc creator/4.4/psoc creator/import/gnu/arm/5.4.1/bin/../lib/gcc/arm-none-eabi/5.4.1/../../../../arm-none-eabi/lib/armv6-m\libg_nano.a(lib_a-mprec.o)
 .debug_frame   0x00002024       0x2c c:/program files (x86)/cypress/psoc creator/4.4/psoc creator/import/gnu/arm/5.4.1/bin/../lib/gcc/arm-none-eabi/5.4.1/../../../../arm-none-eabi/lib/armv6-m\libg_nano.a(lib_a-nano-callocr.o)
 .debug_frame   0x00002050       0x2c c:/program files (x86)/cypress/psoc creator/4.4/psoc creator/import/gnu/arm/5.4.1/bin/../lib/gcc/arm-none-eabi/5.4.1/../../../../arm-none-eabi/lib/armv6-m\libg_nano.a(lib_a-nano-freer.o)
 .debug_frame   0x0000207c       0x2c c:/program files (x86)/cypress/psoc creator/4.4/psoc creator/import/gnu/arm/5.4.1/bin/../lib/gcc/arm-none-eabi/5.4.1/../../../../arm-none-eabi/lib/armv6-m\libg_nano.a(lib_a-nano-mallocr.o)
 .debug_frame   0x000020a8       0x74 c:/program files (x86)/cypress/psoc creator/4.4/psoc creator/import/gnu/arm/5.4.1/bin/../lib/gcc/arm-none-eabi/5.4.1/../../../../arm-none-eabi/lib/armv6-m\libg_nano.a(lib_a-nano-svfprintf.o)
 .debug_frame   0x0000211c       0x2c c:/program files (x86)/cypress/psoc creator/4.4/psoc creator/import/gnu/arm/5.4.1/bin/../lib/gcc/arm-none-eabi/5.4.1/../../../../arm-none-eabi/lib/armv6-m\libg_nano.a(lib_a-sbrkr.o)
 .debug_frame   0x00002148       0x20 c:/program files (x86)/cypress/psoc creator/4.4/psoc creator/import/gnu/arm/5.4.1/bin/../lib/gcc/arm-none-eabi/5.4.1/../../../../arm-none-eabi/lib/armv6-m\libg_nano.a(lib_a-strcmp.o)
 .debug_frame   0x00002168       0x28 c:/program files (x86)/cypress/psoc creator/4.4/psoc creator/import/gnu/arm/5.4.1/bin/../lib/gcc/arm-none-eabi/5.4.1/../../../../arm-none-eabi/lib/armv6-m\libg_nano.a(lib_a-memmove.o)
 .debug_frame   0x00002190       0x30 c:/program files (x86)/cypress/psoc creator/4.4/psoc creator/import/gnu/arm/5.4.1/bin/../lib/gcc/arm-none-eabi/5.4.1/../../../../arm-none-eabi/lib/armv6-m\libg_nano.a(lib_a-mlock.o)
 .debug_frame   0x000021c0       0x30 c:/program files (x86)/cypress/psoc creator/4.4/psoc creator/import/gnu/arm/5.4.1/bin/../lib/gcc/arm-none-eabi/5.4.1/../../../../arm-none-eabi/lib/armv6-m\libg_nano.a(lib_a-nano-reallocr.o)
 .debug_frame   0x000021f0       0x48 c:/program files (x86)/cypress/psoc creator/4.4/psoc creator/import/gnu/arm/5.4.1/bin/../lib/gcc/arm-none-eabi/5.4.1/../../../../arm-none-eabi/lib/armv6-m\libg_nano.a(lib_a-reent.o)
 .debug_frame   0x00002238       0x20 c:/program files (x86)/cypress/psoc creator/4.4/psoc creator/import/gnu/arm/5.4.1/bin/../lib/gcc/arm-none-eabi/5.4.1/../../../../arm-none-eabi/lib/armv6-m\libg_nano.a(lib_a-nano-msizer.o)
 .debug_frame   0x00002258       0x3c c:/program files (x86)/cypress/psoc creator/4.4/psoc creator/import/gnu/arm/5.4.1/bin/../lib/gcc/arm-none-eabi/5.4.1/armv6-m\libgcc.a(adddf3.o)
 .debug_frame   0x00002294       0x3c c:/program files (x86)/cypress/psoc creator/4.4/psoc creator/import/gnu/arm/5.4.1/bin/../lib/gcc/arm-none-eabi/5.4.1/armv6-m\libgcc.a(divdf3.o)
 .debug_frame   0x000022d0       0x38 c:/program files (x86)/cypress/psoc creator/4.4/psoc creator/import/gnu/arm/5.4.1/bin/../lib/gcc/arm-none-eabi/5.4.1/armv6-m\libgcc.a(eqdf2.o)
 .debug_frame   0x00002308       0x38 c:/program files (x86)/cypress/psoc creator/4.4/psoc creator/import/gnu/arm/5.4.1/bin/../lib/gcc/arm-none-eabi/5.4.1/armv6-m\libgcc.a(gedf2.o)
 .debug_frame   0x00002340       0x38 c:/program files (x86)/cypress/psoc creator/4.4/psoc creator/import/gnu/arm/5.4.1/bin/../lib/gcc/arm-none-eabi/5.4.1/armv6-m\libgcc.a(ledf2.o)
 .debug_frame   0x00002378       0x3c c:/program files (x86)/cypress/psoc creator/4.4/psoc creator/import/gnu/arm/5.4.1/bin/../lib/gcc/arm-none-eabi/5.4.1/armv6-m\libgcc.a(muldf3.o)
 .debug_frame   0x000023b4       0x38 c:/program files (x86)/cypress/psoc creator/4.4/psoc creator/import/gnu/arm/5.4.1/bin/../lib/gcc/arm-none-eabi/5.4.1/armv6-m\libgcc.a(subdf3.o)
 .debug_frame   0x000023ec       0x2c c:/program files (x86)/cypress/psoc creator/4.4/psoc creator/import/gnu/arm/5.4.1/bin/../lib/gcc/arm-none-eabi/5.4.1/armv6-m\libgcc.a(unorddf2.o)
 .debug_frame   0x00002418       0x2c c:/program files (x86)/cypress/psoc creator/4.4/psoc creator/import/gnu/arm/5.4.1/bin/../lib/gcc/arm-none-eabi/5.4.1/armv6-m\libgcc.a(fixdfsi.o)
 .debug_frame   0x00002444       0x2c c:/program files (x86)/cypress/psoc creator/4.4/psoc creator/import/gnu/arm/5.4.1/bin/../lib/gcc/arm-none-eabi/5.4.1/armv6-m\libgcc.a(floatsidf.o)
 .debug_frame   0x00002470       0x2c c:/program files (x86)/cypress/psoc creator/4.4/psoc creator/import/gnu/arm/5.4.1/bin/../lib/gcc/arm-none-eabi/5.4.1/armv6-m\libgcc.a(floatunsidf.o)

.debug_str      0x00000000     0x24d3
 *(.debug_str)
 .debug_str     0x00000000      0x39b .\CortexM0p\ARM_GCC_541\Debug\main.o
                                0x3e6 (size before relaxing)
 .debug_str     0x0000039b       0xe2 .\CortexM0p\ARM_GCC_541\Debug\cyfitter_cfg.o
                                0x28e (size before relaxing)
 .debug_str     0x0000047d       0x63 .\CortexM0p\ARM_GCC_541\Debug\cymetadata.o
                                0x1eb (size before relaxing)
 .debug_str     0x000004e0      0x15b .\CortexM0p\ARM_GCC_541\Debug\Cm0plusStart.o
                                0x332 (size before relaxing)
 .debug_str     0x0000063b      0x476 .\CortexM0p\ARM_GCC_541\Debug\Internal_Main.a(ADC_1.o)
                                0x6de (size before relaxing)
 .debug_str     0x00000ab1       0x24 .\CortexM0p\ARM_GCC_541\Debug\Internal_Main.a(ADC_1_INIT.o)
                                0x293 (size before relaxing)
 .debug_str     0x00000ad5       0x39 .\CortexM0p\ARM_GCC_541\Debug\Internal_Main.a(ADC_1_INT.o)
                                0x1e4 (size before relaxing)
 .debug_str     0x00000b0e       0x45 .\CortexM0p\ARM_GCC_541\Debug\Internal_Main.a(AMux_1.o)
                                0x214 (size before relaxing)
 .debug_str     0x00000b53       0x82 .\CortexM0p\ARM_GCC_541\Debug\Internal_Main.a(PVref_1.o)
                                0x23b (size before relaxing)
 .debug_str     0x00000bd5       0xc7 .\CortexM0p\ARM_GCC_541\Debug\Internal_Main.a(PGA_1.o)
                                0x278 (size before relaxing)
 .debug_str     0x00000c9c       0xa8 .\CortexM0p\ARM_GCC_541\Debug\Internal_Main.a(ADC_1_intSarClock.o)
                                0x2b6 (size before relaxing)
 .debug_str     0x00000d44      0x160 .\CortexM0p\ARM_GCC_541\Debug\Internal_Main.a(ADC_1_IRQ.o)
                                0x345 (size before relaxing)
 .debug_str     0x00000ea4      0x650 .\CortexM0p\ARM_GCC_541\Debug\Internal_Main.a(CyLib.o)
                                0x8d8 (size before relaxing)
 .debug_str     0x000014f4      0x63d .\CortexM0p\ARM_GCC_541\Debug\Internal_Main.a(CyLFClk.o)
                                0x8bc (size before relaxing)
 .debug_str     0x00001b31      0x111 .\CortexM0p\ARM_GCC_541\Debug\Internal_Main.a(UART_1.o)
                                0x2d6 (size before relaxing)
 .debug_str     0x00001c42      0x1dc .\CortexM0p\ARM_GCC_541\Debug\Internal_Main.a(UART_1_UART.o)
                                0x413 (size before relaxing)
 .debug_str     0x00001e1e       0xb1 .\CortexM0p\ARM_GCC_541\Debug\Internal_Main.a(BLUE_LED.o)
                                0x26e (size before relaxing)
 .debug_str     0x00001ecf      0x3f6 .\CortexM0p\ARM_GCC_541\Debug\Internal_Main.a(Timer_1.o)
                                0x628 (size before relaxing)
 .debug_str     0x000022c5      0x11d .\CortexM0p\ARM_GCC_541\Debug\Internal_Main.a(CyFlash.o)
                                0x345 (size before relaxing)
 .debug_str     0x000023e2       0xf1 .\CortexM0p\ARM_GCC_541\Debug\Internal_Main.a(UART_1_SPI_UART.o)
                                0x305 (size before relaxing)

.debug_loc      0x00000000     0x2bd3
 *(.debug_loc)
 .debug_loc     0x00000000      0x214 .\CortexM0p\ARM_GCC_541\Debug\main.o
 .debug_loc     0x00000214       0x1e .\CortexM0p\ARM_GCC_541\Debug\cyfitter_cfg.o
 .debug_loc     0x00000232      0x14f .\CortexM0p\ARM_GCC_541\Debug\Cm0plusStart.o
 .debug_loc     0x00000381      0x877 .\CortexM0p\ARM_GCC_541\Debug\Internal_Main.a(ADC_1.o)
 .debug_loc     0x00000bf8       0x6c .\CortexM0p\ARM_GCC_541\Debug\Internal_Main.a(AMux_1.o)
 .debug_loc     0x00000c64       0x2e .\CortexM0p\ARM_GCC_541\Debug\Internal_Main.a(PVref_1.o)
 .debug_loc     0x00000c92       0x7c .\CortexM0p\ARM_GCC_541\Debug\Internal_Main.a(PGA_1.o)
 .debug_loc     0x00000d0e       0x76 .\CortexM0p\ARM_GCC_541\Debug\Internal_Main.a(ADC_1_intSarClock.o)
 .debug_loc     0x00000d84       0x82 .\CortexM0p\ARM_GCC_541\Debug\Internal_Main.a(ADC_1_IRQ.o)
 .debug_loc     0x00000e06      0x868 .\CortexM0p\ARM_GCC_541\Debug\Internal_Main.a(CyLib.o)
 .debug_loc     0x0000166e      0xa88 .\CortexM0p\ARM_GCC_541\Debug\Internal_Main.a(CyLFClk.o)
 .debug_loc     0x000020f6       0x7e .\CortexM0p\ARM_GCC_541\Debug\Internal_Main.a(UART_1.o)
 .debug_loc     0x00002174      0x223 .\CortexM0p\ARM_GCC_541\Debug\Internal_Main.a(UART_1_UART.o)
 .debug_loc     0x00002397       0xa2 .\CortexM0p\ARM_GCC_541\Debug\Internal_Main.a(BLUE_LED.o)
 .debug_loc     0x00002439      0x547 .\CortexM0p\ARM_GCC_541\Debug\Internal_Main.a(Timer_1.o)
 .debug_loc     0x00002980      0x1bd .\CortexM0p\ARM_GCC_541\Debug\Internal_Main.a(CyFlash.o)
 .debug_loc     0x00002b3d       0x96 .\CortexM0p\ARM_GCC_541\Debug\Internal_Main.a(UART_1_SPI_UART.o)

.debug_macinfo
 *(.debug_macinfo)

.debug_ranges   0x00000000      0x918
 *(.debug_ranges)
 .debug_ranges  0x00000000       0x30 .\CortexM0p\ARM_GCC_541\Debug\main.o
 .debug_ranges  0x00000030       0x38 .\CortexM0p\ARM_GCC_541\Debug\cyfitter_cfg.o
 .debug_ranges  0x00000068       0x38 .\CortexM0p\ARM_GCC_541\Debug\Cm0plusStart.o
 .debug_ranges  0x000000a0       0xe0 .\CortexM0p\ARM_GCC_541\Debug\Internal_Main.a(ADC_1.o)
 .debug_ranges  0x00000180       0x10 .\CortexM0p\ARM_GCC_541\Debug\Internal_Main.a(ADC_1_INT.o)
 .debug_ranges  0x00000190       0x20 .\CortexM0p\ARM_GCC_541\Debug\Internal_Main.a(AMux_1.o)
 .debug_ranges  0x000001b0       0x38 .\CortexM0p\ARM_GCC_541\Debug\Internal_Main.a(PVref_1.o)
 .debug_ranges  0x000001e8       0x40 .\CortexM0p\ARM_GCC_541\Debug\Internal_Main.a(PGA_1.o)
 .debug_ranges  0x00000228       0x30 .\CortexM0p\ARM_GCC_541\Debug\Internal_Main.a(ADC_1_intSarClock.o)
 .debug_ranges  0x00000258       0x70 .\CortexM0p\ARM_GCC_541\Debug\Internal_Main.a(ADC_1_IRQ.o)
 .debug_ranges  0x000002c8      0x1e8 .\CortexM0p\ARM_GCC_541\Debug\Internal_Main.a(CyLib.o)
 .debug_ranges  0x000004b0      0x198 .\CortexM0p\ARM_GCC_541\Debug\Internal_Main.a(CyLFClk.o)
 .debug_ranges  0x00000648       0x48 .\CortexM0p\ARM_GCC_541\Debug\Internal_Main.a(UART_1.o)
 .debug_ranges  0x00000690       0x80 .\CortexM0p\ARM_GCC_541\Debug\Internal_Main.a(UART_1_UART.o)
 .debug_ranges  0x00000710       0x38 .\CortexM0p\ARM_GCC_541\Debug\Internal_Main.a(BLUE_LED.o)
 .debug_ranges  0x00000748      0x148 .\CortexM0p\ARM_GCC_541\Debug\Internal_Main.a(Timer_1.o)
 .debug_ranges  0x00000890       0x38 .\CortexM0p\ARM_GCC_541\Debug\Internal_Main.a(CyFlash.o)
 .debug_ranges  0x000008c8       0x50 .\CortexM0p\ARM_GCC_541\Debug\Internal_Main.a(UART_1_SPI_UART.o)

.comment        0x00000000       0x6e
 .comment       0x00000000       0x6e .\CortexM0p\ARM_GCC_541\Debug\main.o
                                 0x6f (size before relaxing)
 .comment       0x0000006e       0x6f .\CortexM0p\ARM_GCC_541\Debug\cyfitter_cfg.o
 .comment       0x0000006e       0x6f .\CortexM0p\ARM_GCC_541\Debug\cymetadata.o
 .comment       0x0000006e       0x6f .\CortexM0p\ARM_GCC_541\Debug\Cm0plusStart.o
 .comment       0x0000006e       0x6f .\CortexM0p\ARM_GCC_541\Debug\Internal_Main.a(ADC_1.o)
 .comment       0x0000006e       0x6f .\CortexM0p\ARM_GCC_541\Debug\Internal_Main.a(ADC_1_INIT.o)
 .comment       0x0000006e       0x6f .\CortexM0p\ARM_GCC_541\Debug\Internal_Main.a(ADC_1_INT.o)
 .comment       0x0000006e       0x6f .\CortexM0p\ARM_GCC_541\Debug\Internal_Main.a(AMux_1.o)
 .comment       0x0000006e       0x6f .\CortexM0p\ARM_GCC_541\Debug\Internal_Main.a(PVref_1.o)
 .comment       0x0000006e       0x6f .\CortexM0p\ARM_GCC_541\Debug\Internal_Main.a(PGA_1.o)
 .comment       0x0000006e       0x6f .\CortexM0p\ARM_GCC_541\Debug\Internal_Main.a(ADC_1_intSarClock.o)
 .comment       0x0000006e       0x6f .\CortexM0p\ARM_GCC_541\Debug\Internal_Main.a(ADC_1_IRQ.o)
 .comment       0x0000006e       0x6f .\CortexM0p\ARM_GCC_541\Debug\Internal_Main.a(CyLib.o)
 .comment       0x0000006e       0x6f .\CortexM0p\ARM_GCC_541\Debug\Internal_Main.a(CyLFClk.o)
 .comment       0x0000006e       0x6f .\CortexM0p\ARM_GCC_541\Debug\Internal_Main.a(UART_1.o)
 .comment       0x0000006e       0x6f .\CortexM0p\ARM_GCC_541\Debug\Internal_Main.a(UART_1_UART.o)
 .comment       0x0000006e       0x6f .\CortexM0p\ARM_GCC_541\Debug\Internal_Main.a(BLUE_LED.o)
 .comment       0x0000006e       0x6f .\CortexM0p\ARM_GCC_541\Debug\Internal_Main.a(Timer_1.o)
 .comment       0x0000006e       0x6f .\CortexM0p\ARM_GCC_541\Debug\Internal_Main.a(CyFlash.o)
 .comment       0x0000006e       0x6f .\CortexM0p\ARM_GCC_541\Debug\Internal_Main.a(UART_1_SPI_UART.o)

.debug_weaknames
 *(.debug_weaknames)

.debug_funcnames
 *(.debug_funcnames)

.debug_typenames
 *(.debug_typenames)

.debug_varnames
 *(.debug_varnames)

.note.gnu.arm.ident
 *(.note.gnu.arm.ident)

.ARM.attributes
                0x00000000       0x28
 *(.ARM.attributes)
 .ARM.attributes
                0x00000000       0x1e c:/program files (x86)/cypress/psoc creator/4.4/psoc creator/import/gnu/arm/5.4.1/bin/../lib/gcc/arm-none-eabi/5.4.1/armv6-m/crti.o
 .ARM.attributes
                0x0000001e       0x2c c:/program files (x86)/cypress/psoc creator/4.4/psoc creator/import/gnu/arm/5.4.1/bin/../lib/gcc/arm-none-eabi/5.4.1/armv6-m/crtbegin.o
 .ARM.attributes
                0x0000004a       0x1b c:/program files (x86)/cypress/psoc creator/4.4/psoc creator/import/gnu/arm/5.4.1/bin/../lib/gcc/arm-none-eabi/5.4.1/../../../../arm-none-eabi/lib/armv6-m/crt0.o
 .ARM.attributes
                0x00000065       0x32 .\CortexM0p\ARM_GCC_541\Debug\main.o
 .ARM.attributes
                0x00000097       0x32 .\CortexM0p\ARM_GCC_541\Debug\cyfitter_cfg.o
 .ARM.attributes
                0x000000c9       0x32 .\CortexM0p\ARM_GCC_541\Debug\cymetadata.o
 .ARM.attributes
                0x000000fb       0x32 .\CortexM0p\ARM_GCC_541\Debug\Cm0plusStart.o
 .ARM.attributes
                0x0000012d       0x32 .\CortexM0p\ARM_GCC_541\Debug\Internal_Main.a(ADC_1.o)
 .ARM.attributes
                0x0000015f       0x32 .\CortexM0p\ARM_GCC_541\Debug\Internal_Main.a(ADC_1_INIT.o)
 .ARM.attributes
                0x00000191       0x32 .\CortexM0p\ARM_GCC_541\Debug\Internal_Main.a(ADC_1_INT.o)
 .ARM.attributes
                0x000001c3       0x32 .\CortexM0p\ARM_GCC_541\Debug\Internal_Main.a(AMux_1.o)
 .ARM.attributes
                0x000001f5       0x32 .\CortexM0p\ARM_GCC_541\Debug\Internal_Main.a(PVref_1.o)
 .ARM.attributes
                0x00000227       0x32 .\CortexM0p\ARM_GCC_541\Debug\Internal_Main.a(PGA_1.o)
 .ARM.attributes
                0x00000259       0x32 .\CortexM0p\ARM_GCC_541\Debug\Internal_Main.a(ADC_1_intSarClock.o)
 .ARM.attributes
                0x0000028b       0x32 .\CortexM0p\ARM_GCC_541\Debug\Internal_Main.a(ADC_1_IRQ.o)
 .ARM.attributes
                0x000002bd       0x32 .\CortexM0p\ARM_GCC_541\Debug\Internal_Main.a(CyLib.o)
 .ARM.attributes
                0x000002ef       0x32 .\CortexM0p\ARM_GCC_541\Debug\Internal_Main.a(CyLFClk.o)
 .ARM.attributes
                0x00000321       0x32 .\CortexM0p\ARM_GCC_541\Debug\Internal_Main.a(UART_1.o)
 .ARM.attributes
                0x00000353       0x32 .\CortexM0p\ARM_GCC_541\Debug\Internal_Main.a(UART_1_UART.o)
 .ARM.attributes
                0x00000385       0x32 .\CortexM0p\ARM_GCC_541\Debug\Internal_Main.a(BLUE_LED.o)
 .ARM.attributes
                0x000003b7       0x32 .\CortexM0p\ARM_GCC_541\Debug\Internal_Main.a(Timer_1.o)
 .ARM.attributes
                0x000003e9       0x22 .\CortexM0p\ARM_GCC_541\Debug\Internal_Main.a(CyBootAsmGnu.o)
 .ARM.attributes
                0x0000040b       0x32 .\CortexM0p\ARM_GCC_541\Debug\Internal_Main.a(CyFlash.o)
 .ARM.attributes
                0x0000043d       0x32 .\CortexM0p\ARM_GCC_541\Debug\Internal_Main.a(UART_1_SPI_UART.o)
 .ARM.attributes
                0x0000046f       0x1e c:/program files (x86)/cypress/psoc creator/4.4/psoc creator/import/gnu/arm/5.4.1/bin/../lib/gcc/arm-none-eabi/5.4.1/armv6-m\libgcc.a(_udivsi3.o)
 .ARM.attributes
                0x0000048d       0x1e c:/program files (x86)/cypress/psoc creator/4.4/psoc creator/import/gnu/arm/5.4.1/bin/../lib/gcc/arm-none-eabi/5.4.1/armv6-m\libgcc.a(_divsi3.o)
 .ARM.attributes
                0x000004ab       0x1e c:/program files (x86)/cypress/psoc creator/4.4/psoc creator/import/gnu/arm/5.4.1/bin/../lib/gcc/arm-none-eabi/5.4.1/armv6-m\libgcc.a(_dvmd_tls.o)
 .ARM.attributes
                0x000004c9       0x1e c:/program files (x86)/cypress/psoc creator/4.4/psoc creator/import/gnu/arm/5.4.1/bin/../lib/gcc/arm-none-eabi/5.4.1/armv6-m\libgcc.a(_aeabi_ldivmod.o)
 .ARM.attributes
                0x000004e7       0x2c c:/program files (x86)/cypress/psoc creator/4.4/psoc creator/import/gnu/arm/5.4.1/bin/../lib/gcc/arm-none-eabi/5.4.1/armv6-m\libgcc.a(_muldi3.o)
 .ARM.attributes
                0x00000513       0x2c c:/program files (x86)/cypress/psoc creator/4.4/psoc creator/import/gnu/arm/5.4.1/bin/../lib/gcc/arm-none-eabi/5.4.1/armv6-m\libgcc.a(bpabi.o)
 .ARM.attributes
                0x0000053f       0x2c c:/program files (x86)/cypress/psoc creator/4.4/psoc creator/import/gnu/arm/5.4.1/bin/../lib/gcc/arm-none-eabi/5.4.1/armv6-m\libgcc.a(divsf3.o)
 .ARM.attributes
                0x0000056b       0x2c c:/program files (x86)/cypress/psoc creator/4.4/psoc creator/import/gnu/arm/5.4.1/bin/../lib/gcc/arm-none-eabi/5.4.1/armv6-m\libgcc.a(mulsf3.o)
 .ARM.attributes
                0x00000597       0x2c c:/program files (x86)/cypress/psoc creator/4.4/psoc creator/import/gnu/arm/5.4.1/bin/../lib/gcc/arm-none-eabi/5.4.1/armv6-m\libgcc.a(subsf3.o)
 .ARM.attributes
                0x000005c3       0x2c c:/program files (x86)/cypress/psoc creator/4.4/psoc creator/import/gnu/arm/5.4.1/bin/../lib/gcc/arm-none-eabi/5.4.1/armv6-m\libgcc.a(floatsisf.o)
 .ARM.attributes
                0x000005ef       0x2c c:/program files (x86)/cypress/psoc creator/4.4/psoc creator/import/gnu/arm/5.4.1/bin/../lib/gcc/arm-none-eabi/5.4.1/armv6-m\libgcc.a(extendsfdf2.o)
 .ARM.attributes
                0x0000061b       0x1e c:/program files (x86)/cypress/psoc creator/4.4/psoc creator/import/gnu/arm/5.4.1/bin/../lib/gcc/arm-none-eabi/5.4.1/armv6-m\libgcc.a(_clzsi2.o)
 .ARM.attributes
                0x00000639       0x2c c:/program files (x86)/cypress/psoc creator/4.4/psoc creator/import/gnu/arm/5.4.1/bin/../lib/gcc/arm-none-eabi/5.4.1/armv6-m\libgcc.a(_divdi3.o)
 .ARM.attributes
                0x00000665       0x1e c:/program files (x86)/cypress/psoc creator/4.4/psoc creator/import/gnu/arm/5.4.1/bin/../lib/gcc/arm-none-eabi/5.4.1/armv6-m\libgcc.a(_clzdi2.o)
 .ARM.attributes
                0x00000683       0x2c c:/program files (x86)/cypress/psoc creator/4.4/psoc creator/import/gnu/arm/5.4.1/bin/../lib/gcc/arm-none-eabi/5.4.1/../../../../arm-none-eabi/lib/armv6-m\libg_nano.a(lib_a-errno.o)
 .ARM.attributes
                0x000006af       0x2c c:/program files (x86)/cypress/psoc creator/4.4/psoc creator/import/gnu/arm/5.4.1/bin/../lib/gcc/arm-none-eabi/5.4.1/../../../../arm-none-eabi/lib/armv6-m\libg_nano.a(lib_a-exit.o)
 .ARM.attributes
                0x000006db       0x2c c:/program files (x86)/cypress/psoc creator/4.4/psoc creator/import/gnu/arm/5.4.1/bin/../lib/gcc/arm-none-eabi/5.4.1/../../../../arm-none-eabi/lib/armv6-m\libg_nano.a(lib_a-impure.o)
 .ARM.attributes
                0x00000707       0x2c c:/program files (x86)/cypress/psoc creator/4.4/psoc creator/import/gnu/arm/5.4.1/bin/../lib/gcc/arm-none-eabi/5.4.1/../../../../arm-none-eabi/lib/armv6-m\libg_nano.a(lib_a-init.o)
 .ARM.attributes
                0x00000733       0x2c c:/program files (x86)/cypress/psoc creator/4.4/psoc creator/import/gnu/arm/5.4.1/bin/../lib/gcc/arm-none-eabi/5.4.1/../../../../arm-none-eabi/lib/armv6-m\libg_nano.a(lib_a-memcpy-stub.o)
 .ARM.attributes
                0x0000075f       0x2c c:/program files (x86)/cypress/psoc creator/4.4/psoc creator/import/gnu/arm/5.4.1/bin/../lib/gcc/arm-none-eabi/5.4.1/../../../../arm-none-eabi/lib/armv6-m\libg_nano.a(lib_a-memset.o)
 .ARM.attributes
                0x0000078b       0x2c c:/program files (x86)/cypress/psoc creator/4.4/psoc creator/import/gnu/arm/5.4.1/bin/../lib/gcc/arm-none-eabi/5.4.1/../../../../arm-none-eabi/lib/armv6-m\libg_nano.a(lib_a-nano-vfprintf_float.o)
 .ARM.attributes
                0x000007b7       0x2c c:/program files (x86)/cypress/psoc creator/4.4/psoc creator/import/gnu/arm/5.4.1/bin/../lib/gcc/arm-none-eabi/5.4.1/../../../../arm-none-eabi/lib/armv6-m\libg_nano.a(lib_a-nano-vfprintf_i.o)
 .ARM.attributes
                0x000007e3       0x2c c:/program files (x86)/cypress/psoc creator/4.4/psoc creator/import/gnu/arm/5.4.1/bin/../lib/gcc/arm-none-eabi/5.4.1/../../../../arm-none-eabi/lib/armv6-m\libg_nano.a(lib_a-sprintf.o)
 .ARM.attributes
                0x0000080f       0x1c c:/program files (x86)/cypress/psoc creator/4.4/psoc creator/import/gnu/arm/5.4.1/bin/../lib/gcc/arm-none-eabi/5.4.1/../../../../arm-none-eabi/lib/armv6-m\libg_nano.a(lib_a-strlen.o)
 .ARM.attributes
                0x0000082b       0x2c c:/program files (x86)/cypress/psoc creator/4.4/psoc creator/import/gnu/arm/5.4.1/bin/../lib/gcc/arm-none-eabi/5.4.1/../../../../arm-none-eabi/lib/armv6-m\libg_nano.a(lib_a-dtoa.o)
 .ARM.attributes
                0x00000857       0x2c c:/program files (x86)/cypress/psoc creator/4.4/psoc creator/import/gnu/arm/5.4.1/bin/../lib/gcc/arm-none-eabi/5.4.1/../../../../arm-none-eabi/lib/armv6-m\libg_nano.a(lib_a-locale.o)
 .ARM.attributes
                0x00000883       0x2c c:/program files (x86)/cypress/psoc creator/4.4/psoc creator/import/gnu/arm/5.4.1/bin/../lib/gcc/arm-none-eabi/5.4.1/../../../../arm-none-eabi/lib/armv6-m\libg_nano.a(lib_a-malloc.o)
 .ARM.attributes
                0x000008af       0x2c c:/program files (x86)/cypress/psoc creator/4.4/psoc creator/import/gnu/arm/5.4.1/bin/../lib/gcc/arm-none-eabi/5.4.1/../../../../arm-none-eabi/lib/armv6-m\libg_nano.a(lib_a-memchr-stub.o)
 .ARM.attributes
                0x000008db       0x2c c:/program files (x86)/cypress/psoc creator/4.4/psoc creator/import/gnu/arm/5.4.1/bin/../lib/gcc/arm-none-eabi/5.4.1/../../../../arm-none-eabi/lib/armv6-m\libg_nano.a(lib_a-mprec.o)
 .ARM.attributes
                0x00000907       0x2c c:/program files (x86)/cypress/psoc creator/4.4/psoc creator/import/gnu/arm/5.4.1/bin/../lib/gcc/arm-none-eabi/5.4.1/../../../../arm-none-eabi/lib/armv6-m\libg_nano.a(lib_a-nano-callocr.o)
 .ARM.attributes
                0x00000933       0x2c c:/program files (x86)/cypress/psoc creator/4.4/psoc creator/import/gnu/arm/5.4.1/bin/../lib/gcc/arm-none-eabi/5.4.1/../../../../arm-none-eabi/lib/armv6-m\libg_nano.a(lib_a-nano-freer.o)
 .ARM.attributes
                0x0000095f       0x2c c:/program files (x86)/cypress/psoc creator/4.4/psoc creator/import/gnu/arm/5.4.1/bin/../lib/gcc/arm-none-eabi/5.4.1/../../../../arm-none-eabi/lib/armv6-m\libg_nano.a(lib_a-nano-mallocr.o)
 .ARM.attributes
                0x0000098b       0x2c c:/program files (x86)/cypress/psoc creator/4.4/psoc creator/import/gnu/arm/5.4.1/bin/../lib/gcc/arm-none-eabi/5.4.1/../../../../arm-none-eabi/lib/armv6-m\libg_nano.a(lib_a-nano-svfprintf.o)
 .ARM.attributes
                0x000009b7       0x2c c:/program files (x86)/cypress/psoc creator/4.4/psoc creator/import/gnu/arm/5.4.1/bin/../lib/gcc/arm-none-eabi/5.4.1/../../../../arm-none-eabi/lib/armv6-m\libg_nano.a(lib_a-sbrkr.o)
 .ARM.attributes
                0x000009e3       0x1c c:/program files (x86)/cypress/psoc creator/4.4/psoc creator/import/gnu/arm/5.4.1/bin/../lib/gcc/arm-none-eabi/5.4.1/../../../../arm-none-eabi/lib/armv6-m\libg_nano.a(lib_a-strcmp.o)
 .ARM.attributes
                0x000009ff       0x2c c:/program files (x86)/cypress/psoc creator/4.4/psoc creator/import/gnu/arm/5.4.1/bin/../lib/gcc/arm-none-eabi/5.4.1/../../../../arm-none-eabi/lib/armv6-m\libg_nano.a(lib_a-memmove.o)
 .ARM.attributes
                0x00000a2b       0x2c c:/program files (x86)/cypress/psoc creator/4.4/psoc creator/import/gnu/arm/5.4.1/bin/../lib/gcc/arm-none-eabi/5.4.1/../../../../arm-none-eabi/lib/armv6-m\libg_nano.a(lib_a-mlock.o)
 .ARM.attributes
                0x00000a57       0x2c c:/program files (x86)/cypress/psoc creator/4.4/psoc creator/import/gnu/arm/5.4.1/bin/../lib/gcc/arm-none-eabi/5.4.1/../../../../arm-none-eabi/lib/armv6-m\libg_nano.a(lib_a-nano-reallocr.o)
 .ARM.attributes
                0x00000a83       0x2c c:/program files (x86)/cypress/psoc creator/4.4/psoc creator/import/gnu/arm/5.4.1/bin/../lib/gcc/arm-none-eabi/5.4.1/../../../../arm-none-eabi/lib/armv6-m\libg_nano.a(lib_a-reent.o)
 .ARM.attributes
                0x00000aaf       0x2c c:/program files (x86)/cypress/psoc creator/4.4/psoc creator/import/gnu/arm/5.4.1/bin/../lib/gcc/arm-none-eabi/5.4.1/../../../../arm-none-eabi/lib/armv6-m\libg_nano.a(lib_a-nano-msizer.o)
 .ARM.attributes
                0x00000adb       0x1e c:/program files (x86)/cypress/psoc creator/4.4/psoc creator/import/gnu/arm/5.4.1/bin/../lib/gcc/arm-none-eabi/5.4.1/armv6-m\libgcc.a(_thumb1_case_uqi.o)
 .ARM.attributes
                0x00000af9       0x1e c:/program files (x86)/cypress/psoc creator/4.4/psoc creator/import/gnu/arm/5.4.1/bin/../lib/gcc/arm-none-eabi/5.4.1/armv6-m\libgcc.a(_arm_cmpdf2.o)
 .ARM.attributes
                0x00000b17       0x2c c:/program files (x86)/cypress/psoc creator/4.4/psoc creator/import/gnu/arm/5.4.1/bin/../lib/gcc/arm-none-eabi/5.4.1/armv6-m\libgcc.a(adddf3.o)
 .ARM.attributes
                0x00000b43       0x2c c:/program files (x86)/cypress/psoc creator/4.4/psoc creator/import/gnu/arm/5.4.1/bin/../lib/gcc/arm-none-eabi/5.4.1/armv6-m\libgcc.a(divdf3.o)
 .ARM.attributes
                0x00000b6f       0x2c c:/program files (x86)/cypress/psoc creator/4.4/psoc creator/import/gnu/arm/5.4.1/bin/../lib/gcc/arm-none-eabi/5.4.1/armv6-m\libgcc.a(eqdf2.o)
 .ARM.attributes
                0x00000b9b       0x2c c:/program files (x86)/cypress/psoc creator/4.4/psoc creator/import/gnu/arm/5.4.1/bin/../lib/gcc/arm-none-eabi/5.4.1/armv6-m\libgcc.a(gedf2.o)
 .ARM.attributes
                0x00000bc7       0x2c c:/program files (x86)/cypress/psoc creator/4.4/psoc creator/import/gnu/arm/5.4.1/bin/../lib/gcc/arm-none-eabi/5.4.1/armv6-m\libgcc.a(ledf2.o)
 .ARM.attributes
                0x00000bf3       0x2c c:/program files (x86)/cypress/psoc creator/4.4/psoc creator/import/gnu/arm/5.4.1/bin/../lib/gcc/arm-none-eabi/5.4.1/armv6-m\libgcc.a(muldf3.o)
 .ARM.attributes
                0x00000c1f       0x2c c:/program files (x86)/cypress/psoc creator/4.4/psoc creator/import/gnu/arm/5.4.1/bin/../lib/gcc/arm-none-eabi/5.4.1/armv6-m\libgcc.a(subdf3.o)
 .ARM.attributes
                0x00000c4b       0x2c c:/program files (x86)/cypress/psoc creator/4.4/psoc creator/import/gnu/arm/5.4.1/bin/../lib/gcc/arm-none-eabi/5.4.1/armv6-m\libgcc.a(unorddf2.o)
 .ARM.attributes
                0x00000c77       0x2c c:/program files (x86)/cypress/psoc creator/4.4/psoc creator/import/gnu/arm/5.4.1/bin/../lib/gcc/arm-none-eabi/5.4.1/armv6-m\libgcc.a(fixdfsi.o)
 .ARM.attributes
                0x00000ca3       0x2c c:/program files (x86)/cypress/psoc creator/4.4/psoc creator/import/gnu/arm/5.4.1/bin/../lib/gcc/arm-none-eabi/5.4.1/armv6-m\libgcc.a(floatsidf.o)
 .ARM.attributes
                0x00000ccf       0x2c c:/program files (x86)/cypress/psoc creator/4.4/psoc creator/import/gnu/arm/5.4.1/bin/../lib/gcc/arm-none-eabi/5.4.1/armv6-m\libgcc.a(floatunsidf.o)
 .ARM.attributes
                0x00000cfb       0x2c c:/program files (x86)/cypress/psoc creator/4.4/psoc creator/import/gnu/arm/5.4.1/bin/../lib/gcc/arm-none-eabi/5.4.1/armv6-m/crtend.o
 .ARM.attributes