Archive member included to satisfy reference by file (symbol)

.\CortexM0p\ARM_GCC_541\Debug\Internal_Main.a(ADC_1.o)
                              .\CortexM0p\ARM_GCC_541\Debug\main.o (ADC_1_StartConvert)
.\CortexM0p\ARM_GCC_541\Debug\Internal_Main.a(ADC_1_INIT.o)
                              .\CortexM0p\ARM_GCC_541\Debug\Internal_Main.a(ADC_1.o) (ADC_1_allConfigs)
.\CortexM0p\ARM_GCC_541\Debug\Internal_Main.a(ADC_1_INT.o)
                              .\CortexM0p\ARM_GCC_541\Debug\Internal_Main.a(ADC_1.o) (ADC_1_ISR)
.\CortexM0p\ARM_GCC_541\Debug\Internal_Main.a(AMux_1.o)
                              .\CortexM0p\ARM_GCC_541\Debug\main.o (AMux_1_Start)
.\CortexM0p\ARM_GCC_541\Debug\Internal_Main.a(PVref_1.o)
                              .\CortexM0p\ARM_GCC_541\Debug\main.o (PVref_1_Enable)
.\CortexM0p\ARM_GCC_541\Debug\Internal_Main.a(PGA_1.o)
                              .\CortexM0p\ARM_GCC_541\Debug\main.o (PGA_1_Start)
.\CortexM0p\ARM_GCC_541\Debug\Internal_Main.a(Opamp_1.o)
                              .\CortexM0p\ARM_GCC_541\Debug\main.o (Opamp_1_Start)
.\CortexM0p\ARM_GCC_541\Debug\Internal_Main.a(ADC_1_intSarClock.o)
                              .\CortexM0p\ARM_GCC_541\Debug\Internal_Main.a(ADC_1.o) (ADC_1_intSarClock_StartEx)
.\CortexM0p\ARM_GCC_541\Debug\Internal_Main.a(ADC_1_IRQ.o)
                              .\CortexM0p\ARM_GCC_541\Debug\Internal_Main.a(ADC_1.o) (ADC_1_IRQ_StartEx)
.\CortexM0p\ARM_GCC_541\Debug\Internal_Main.a(CyLib.o)
                              .\CortexM0p\ARM_GCC_541\Debug\cyfitter_cfg.o (CyIntEnable)
.\CortexM0p\ARM_GCC_541\Debug\Internal_Main.a(CyLFClk.o)
                              .\CortexM0p\ARM_GCC_541\Debug\Internal_Main.a(CyLib.o) (CySysClkWcoEnabled)
.\CortexM0p\ARM_GCC_541\Debug\Internal_Main.a(UART_1.o)
                              .\CortexM0p\ARM_GCC_541\Debug\main.o (UART_1_Start)
.\CortexM0p\ARM_GCC_541\Debug\Internal_Main.a(UART_1_UART.o)
                              .\CortexM0p\ARM_GCC_541\Debug\Internal_Main.a(UART_1.o) (UART_1_UartInit)
.\CortexM0p\ARM_GCC_541\Debug\Internal_Main.a(I2C_1.o)
                              .\CortexM0p\ARM_GCC_541\Debug\main.o (I2C_1_Start)
.\CortexM0p\ARM_GCC_541\Debug\Internal_Main.a(I2C_1_I2C.o)
                              .\CortexM0p\ARM_GCC_541\Debug\Internal_Main.a(I2C_1.o) (I2C_1_I2CInit)
.\CortexM0p\ARM_GCC_541\Debug\Internal_Main.a(I2C_1_I2C_MASTER.o)
                              .\CortexM0p\ARM_GCC_541\Debug\Internal_Main.a(I2C_1_I2C.o) (I2C_1_mstrRdBufIndex)
.\CortexM0p\ARM_GCC_541\Debug\Internal_Main.a(BLUE_LED.o)
                              .\CortexM0p\ARM_GCC_541\Debug\main.o (BLUE_LED_Write)
.\CortexM0p\ARM_GCC_541\Debug\Internal_Main.a(Timer_1.o)
                              .\CortexM0p\ARM_GCC_541\Debug\main.o (Timer_1_Stop)
.\CortexM0p\ARM_GCC_541\Debug\Internal_Main.a(TCPWM_1.o)
                              .\CortexM0p\ARM_GCC_541\Debug\main.o (TCPWM_1_Start)
.\CortexM0p\ARM_GCC_541\Debug\Internal_Main.a(isr_1.o)
                              .\CortexM0p\ARM_GCC_541\Debug\main.o (isr_1_StartEx)
.\CortexM0p\ARM_GCC_541\Debug\Internal_Main.a(isr_print.o)
                              .\CortexM0p\ARM_GCC_541\Debug\main.o (isr_print_StartEx)
.\CortexM0p\ARM_GCC_541\Debug\Internal_Main.a(CyBootAsmGnu.o)
                              .\CortexM0p\ARM_GCC_541\Debug\Internal_Main.a(CyLib.o) (CyDelayCycles)
.\CortexM0p\ARM_GCC_541\Debug\Internal_Main.a(CyFlash.o)
                              .\CortexM0p\ARM_GCC_541\Debug\Internal_Main.a(CyLib.o) (CySysFlashSetWaitCycles)
.\CortexM0p\ARM_GCC_541\Debug\Internal_Main.a(UART_1_SPI_UART.o)
                              .\CortexM0p\ARM_GCC_541\Debug\Internal_Main.a(UART_1_UART.o) (UART_1_SpiUartReadRxData)
.\CortexM0p\ARM_GCC_541\Debug\Internal_Main.a(I2C_1_I2C_INT.o)
                              .\CortexM0p\ARM_GCC_541\Debug\Internal_Main.a(I2C_1_I2C.o) (I2C_1_I2C_ISR)
d:/cypress/psoc creator/4.4/psoc creator/import/gnu/arm/5.4.1/bin/../lib/gcc/arm-none-eabi/5.4.1/armv6-m\libgcc.a(_udivsi3.o)
                              .\CortexM0p\ARM_GCC_541\Debug\Internal_Main.a(ADC_1.o) (__aeabi_uidiv)
d:/cypress/psoc creator/4.4/psoc creator/import/gnu/arm/5.4.1/bin/../lib/gcc/arm-none-eabi/5.4.1/armv6-m\libgcc.a(_divsi3.o)
                              .\CortexM0p\ARM_GCC_541\Debug\Internal_Main.a(ADC_1.o) (__aeabi_idiv)
d:/cypress/psoc creator/4.4/psoc creator/import/gnu/arm/5.4.1/bin/../lib/gcc/arm-none-eabi/5.4.1/armv6-m\libgcc.a(_dvmd_tls.o)
                              d:/cypress/psoc creator/4.4/psoc creator/import/gnu/arm/5.4.1/bin/../lib/gcc/arm-none-eabi/5.4.1/armv6-m\libgcc.a(_udivsi3.o) (__aeabi_idiv0)
d:/cypress/psoc creator/4.4/psoc creator/import/gnu/arm/5.4.1/bin/../lib/gcc/arm-none-eabi/5.4.1/armv6-m\libgcc.a(_aeabi_ldivmod.o)
                              .\CortexM0p\ARM_GCC_541\Debug\Internal_Main.a(ADC_1.o) (__aeabi_ldivmod)
[...]
Memory Configuration

Name             Origin             Length             Attributes
rom              0x00000000         0x00008000         xr
ram              0x20000000         0x00001000         xrw
*default*        0x00000000         0xffffffff

Linker script and memory map

LOAD d:/cypress/psoc creator/4.4/psoc creator/import/gnu/arm/5.4.1/bin/../lib/gcc/arm-none-eabi/5.4.1/armv6-m/crti.o
LOAD d:/cypress/psoc creator/4.4/psoc creator/import/gnu/arm/5.4.1/bin/../lib/gcc/arm-none-eabi/5.4.1/armv6-m/crtbegin.o
LOAD d:/cypress/psoc creator/4.4/psoc creator/import/gnu/arm/5.4.1/bin/../lib/gcc/arm-none-eabi/5.4.1/../../../../arm-none-eabi/lib/armv6-m/crt0.o
START GROUP
LOAD .\CortexM0p\ARM_GCC_541\Debug\main.o
LOAD .\CortexM0p\ARM_GCC_541\Debug\cyfitter_cfg.o
LOAD .\CortexM0p\ARM_GCC_541\Debug\cymetadata.o
LOAD .\CortexM0p\ARM_GCC_541\Debug\Cm0plusStart.o
LOAD .\CortexM0p\ARM_GCC_541\Debug\Internal_Main.a
END GROUP
START GROUP
LOAD d:/cypress/psoc creator/4.4/psoc creator/import/gnu/arm/5.4.1/bin/../lib/gcc/arm-none-eabi/5.4.1/armv6-m\libgcc.a
LOAD d:/cypress/psoc creator/4.4/psoc creator/import/gnu/arm/5.4.1/bin/../lib/gcc/arm-none-eabi/5.4.1/../../../../arm-none-eabi/lib/armv6-m\libg_nano.a
LOAD d:/cypress/psoc creator/4.4/psoc creator/import/gnu/arm/5.4.1/bin/../lib/gcc/arm-none-eabi/5.4.1/../../../../arm-none-eabi/lib/armv6-m\libc_nano.a
END GROUP
START GROUP
LOAD d:/cypress/psoc creator/4.4/psoc creator/import/gnu/arm/5.4.1/bin/../lib/gcc/arm-none-eabi/5.4.1/armv6-m\libgcc.a
LOAD d:/cypress/psoc creator/4.4/psoc creator/import/gnu/arm/5.4.1/bin/../lib/gcc/arm-none-eabi/5.4.1/../../../../arm-none-eabi/lib/armv6-m\libc_nano.a
END GROUP
LOAD d:/cypress/psoc creator/4.4/psoc creator/import/gnu/arm/5.4.1/bin/../lib/gcc/arm-none-eabi/5.4.1/armv6-m/crtend.o
LOAD d:/cypress/psoc creator/4.4/psoc creator/import/gnu/arm/5.4.1/bin/../lib/gcc/arm-none-eabi/5.4.1/armv6-m/crtn.o
START GROUP
LOAD d:/cypress/psoc creator/4.4/psoc creator/import/gnu/arm/5.4.1/bin/../lib/gcc/arm-none-eabi/5.4.1/armv6-m\libgcc.a
LOAD d:/cypress/psoc creator/4.4/psoc creator/import/gnu/arm/5.4.1/bin/../lib/gcc/arm-none-eabi/5.4.1/../../../../arm-none-eabi/lib/armv6-m\libc.a
LOAD d:/cypress/psoc creator/4.4/psoc creator/import/gnu/arm/5.4.1/bin/../lib/gcc/arm-none-eabi/5.4.1/../../../../arm-none-eabi/lib/armv6-m\libnosys.a
END GROUP
                0x00000000                CY_APPL_ORIGIN = 0x0
                0x00000080                CY_FLASH_ROW_SIZE = 0x80
                0x00000001                CY_APPL_NUM = 0x1
                0x00000001                CY_APPL_MAX = 0x1
                0x00000040                CY_METADATA_SIZE = 0x40
                0x00000000                CY_APPL_LOADABLE = 0x0
                0x00000000                CY_CHECKSUM_EXCLUDE_SIZE = ALIGN (0x0, CY_FLASH_ROW_SIZE)
                0x00000000                CY_APP_FOR_STACK_AND_COPIER = 0x0
                [!provide]                PROVIDE (__cy_heap_start, _end)
                0x00000001                PROVIDE (__cy_region_num, ((__cy_regions_end - __cy_regions) / 0x10))
                0x20001000                PROVIDE (__cy_stack, (ORIGIN (ram) + LENGTH (ram)))
                [!provide]                PROVIDE (__cy_heap_end, (__cy_stack - 0x400))

.cybootloader   0x00000000        0x0
 *(.cybootloader)
                0x00000000                appl1_start = CY_APPL_ORIGIN?CY_APPL_ORIGIN:ALIGN (CY_FLASH_ROW_SIZE)
                0x00003f80                appl2_start = (appl1_start + ALIGN ((((LENGTH (rom) - appl1_start) - (0x2 * CY_FLASH_ROW_SIZE)) / 0x2), CY_FLASH_ROW_SIZE))
                0x00000000                appl_start = (CY_APPL_NUM == 0x1)?appl1_start:appl2_start
                0x00000001                cy_project_type_bootloader = (appl_start == 0x0)?0x1:0x0
                0x00000000                cy_project_type_app_for_stack_and_copier = (CY_APP_FOR_STACK_AND_COPIER == 0x1)?0x1:0x0

.text           0x00000000     0x6754
 CREATE_OBJECT_SYMBOLS
                0x00000000                PROVIDE (__cy_interrupt_vector, RomVectors)
 *(.romvectors)
 .romvectors    0x00000000       0x10 .\CortexM0p\ARM_GCC_541\Debug\Cm0plusStart.o
                0x00000000                RomVectors
                0x00000001                ASSERT ((. != __cy_interrupt_vector), No interrupt vector)
                0x00000001                ASSERT (CY_APPL_ORIGIN?(SIZEOF (.cybootloader) <= CY_APPL_ORIGIN):0x1, Wrong image location)
                0x00000010                PROVIDE (__cy_reset, Reset)
 *(.text.Reset)
 .text.Reset    0x00000010        0xc .\CortexM0p\ARM_GCC_541\Debug\Cm0plusStart.o
                0x00000010                Reset
                0x00000001                ASSERT ((. != __cy_reset), No reset code)
 *(.psocinit)
 .psocinit      0x0000001c      0x178 .\CortexM0p\ARM_GCC_541\Debug\cyfitter_cfg.o
                0x00000110                cyfitter_cfg
                0x00000194                . = MAX (., 0x100)
 *(.text .text.* .gnu.linkonce.t.*)
 .text          0x00000194       0x60 d:/cypress/psoc creator/4.4/psoc creator/import/gnu/arm/5.4.1/bin/../lib/gcc/arm-none-eabi/5.4.1/armv6-m/crtbegin.o
 .text.MyCustomISR
                0x000001f4       0x14 .\CortexM0p\ARM_GCC_541\Debug\main.o
                0x000001f4                MyCustomISR
 .text.print_UART
                0x00000208       0x14 .\CortexM0p\ARM_GCC_541\Debug\main.o
                0x00000208                print_UART
 .text.Print_Headers
                0x0000021c       0xa0 .\CortexM0p\ARM_GCC_541\Debug\main.o
                0x0000021c                Print_Headers
 .text.CellTestStart
                0x000002bc       0x38 .\CortexM0p\ARM_GCC_541\Debug\main.o
                0x000002bc                CellTestStart
 .text.FilterSignal
                0x000002f4       0x48 .\CortexM0p\ARM_GCC_541\Debug\main.o
                0x000002f4                FilterSignal
 .text.main     0x0000033c      0x218 .\CortexM0p\ARM_GCC_541\Debug\main.o
                0x0000033c                main
 .text.SetAnalogRoutingPumps
                0x00000554       0x20 .\CortexM0p\ARM_GCC_541\Debug\cyfitter_cfg.o
                0x00000554                SetAnalogRoutingPumps
 .text.AnalogSetDefault
                0x00000574       0xb4 .\CortexM0p\ARM_GCC_541\Debug\cyfitter_cfg.o
 .text.AMux_1_Set
                0x00000628       0x3c .\CortexM0p\ARM_GCC_541\Debug\cyfitter_cfg.o
                0x00000628                AMux_1_Set
 .text.AMux_1_Unset
                0x00000664       0x3c .\CortexM0p\ARM_GCC_541\Debug\cyfitter_cfg.o
                0x00000664                AMux_1_Unset
 .text.IntDefaultHandler
                0x000006a0       0x10 .\CortexM0p\ARM_GCC_541\Debug\Cm0plusStart.o
                0x000006a0                IntDefaultHandler
 .text._sbrk    0x000006b0       0x34 .\CortexM0p\ARM_GCC_541\Debug\Cm0plusStart.o
                0x000006b0                _sbrk
 .text.Start_c  0x000006e4       0x48 .\CortexM0p\ARM_GCC_541\Debug\Cm0plusStart.o
                0x000006e4                Start_c
 .text.initialize_psoc
                0x0000072c       0x40 .\CortexM0p\ARM_GCC_541\Debug\Cm0plusStart.o
                0x0000072c                initialize_psoc
 .text.ADC_1_SetDFTControl
                0x0000076c       0x34 .\CortexM0p\ARM_GCC_541\Debug\Internal_Main.a(ADC_1.o)
 .text.ADC_1_IsChannelSigned
                0x000007a0       0x58 .\CortexM0p\ARM_GCC_541\Debug\Internal_Main.a(ADC_1.o)
 .text.ADC_1_InitConfig
                0x000007f8       0xd0 .\CortexM0p\ARM_GCC_541\Debug\Internal_Main.a(ADC_1.o)
                0x000007f8                ADC_1_InitConfig
 .text.ADC_1_StartConvert
                0x000008c8       0x28 .\CortexM0p\ARM_GCC_541\Debug\Internal_Main.a(ADC_1.o)
                0x000008c8                ADC_1_StartConvert
 .text.ADC_1_IsEndConversion
                0x000008f0       0x38 .\CortexM0p\ARM_GCC_541\Debug\Internal_Main.a(ADC_1.o)
                0x000008f0                ADC_1_IsEndConversion
 .text.ADC_1_GetResult32
                0x00000928       0x64 .\CortexM0p\ARM_GCC_541\Debug\Internal_Main.a(ADC_1.o)
                0x00000928                ADC_1_GetResult32
 .text.ADC_1_RawCounts2Counts
                0x0000098c       0x88 .\CortexM0p\ARM_GCC_541\Debug\Internal_Main.a(ADC_1.o)
                0x0000098c                ADC_1_RawCounts2Counts
 .text.ADC_1_CountsTo_mVolts
                0x00000a14       0x68 .\CortexM0p\ARM_GCC_541\Debug\Internal_Main.a(ADC_1.o)
                0x00000a14                ADC_1_CountsTo_mVolts
 .text.ADC_1_Init
                0x00000a7c       0xdc .\CortexM0p\ARM_GCC_541\Debug\Internal_Main.a(ADC_1.o)
                0x00000a7c                ADC_1_Init
 .text.ADC_1_Enable
                0x00000b58       0x48 .\CortexM0p\ARM_GCC_541\Debug\Internal_Main.a(ADC_1.o)
                0x00000b58                ADC_1_Enable
 .text.ADC_1_Start
                0x00000ba0       0x24 .\CortexM0p\ARM_GCC_541\Debug\Internal_Main.a(ADC_1.o)
                0x00000ba0                ADC_1_Start
 .text.ADC_1_ISR
                0x00000bc4        0xc .\CortexM0p\ARM_GCC_541\Debug\Internal_Main.a(ADC_1_INT.o)
                0x00000bc4                ADC_1_ISR
 .text.AMux_1_Start
                0x00000bd0       0x20 .\CortexM0p\ARM_GCC_541\Debug\Internal_Main.a(AMux_1.o)
                0x00000bd0                AMux_1_Start
 .text.AMux_1_Select
                0x00000bf0       0x18 .\CortexM0p\ARM_GCC_541\Debug\Internal_Main.a(AMux_1.o)
                0x00000bf0                AMux_1_Select
 .text.PVref_1_Init
                0x00000c08       0x1c .\CortexM0p\ARM_GCC_541\Debug\Internal_Main.a(PVref_1.o)
                0x00000c08                PVref_1_Init
 .text.PVref_1_Enable
                0x00000c24       0x10 .\CortexM0p\ARM_GCC_541\Debug\Internal_Main.a(PVref_1.o)
                0x00000c24                PVref_1_Enable
 .text.PVref_1_Start
                0x00000c34       0x20 .\CortexM0p\ARM_GCC_541\Debug\Internal_Main.a(PVref_1.o)
                0x00000c34                PVref_1_Start
 .text.PGA_1_Enable
                0x00000c54       0x1c .\CortexM0p\ARM_GCC_541\Debug\Internal_Main.a(PGA_1.o)
                0x00000c54                PGA_1_Enable
 .text.PGA_1_SetGain
                0x00000c70       0x7c .\CortexM0p\ARM_GCC_541\Debug\Internal_Main.a(PGA_1.o)
                0x00000c70                PGA_1_SetGain
 .text.PGA_1_Init
                0x00000cec       0x50 .\CortexM0p\ARM_GCC_541\Debug\Internal_Main.a(PGA_1.o)
                0x00000cec                PGA_1_Init
 .text.PGA_1_Start
                0x00000d3c       0x20 .\CortexM0p\ARM_GCC_541\Debug\Internal_Main.a(PGA_1.o)
                0x00000d3c                PGA_1_Start
 .text.Opamp_1_Init
                0x00000d5c       0x2c .\CortexM0p\ARM_GCC_541\Debug\Internal_Main.a(Opamp_1.o)
                0x00000d5c                Opamp_1_Init
 .text.Opamp_1_Enable
                0x00000d88       0x1c .\CortexM0p\ARM_GCC_541\Debug\Internal_Main.a(Opamp_1.o)
                0x00000d88                Opamp_1_Enable
 .text.Opamp_1_Start
                0x00000da4       0x20 .\CortexM0p\ARM_GCC_541\Debug\Internal_Main.a(Opamp_1.o)
                0x00000da4                Opamp_1_Start
 .text.ADC_1_intSarClock_StartEx
                0x00000dc4       0x1c .\CortexM0p\ARM_GCC_541\Debug\Internal_Main.a(ADC_1_intSarClock.o)
                0x00000dc4                ADC_1_intSarClock_StartEx
 .text.ADC_1_intSarClock_Stop
                0x00000de0       0x18 .\CortexM0p\ARM_GCC_541\Debug\Internal_Main.a(ADC_1_intSarClock.o)
                0x00000de0                ADC_1_intSarClock_Stop
 .text.ADC_1_intSarClock_SetFractionalDividerRegister
                0x00000df8       0x20 .\CortexM0p\ARM_GCC_541\Debug\Internal_Main.a(ADC_1_intSarClock.o)
                0x00000df8                ADC_1_intSarClock_SetFractionalDividerRegister
 .text.CySysClkImoDisableWcoLock
                0x00000e18       0x4c .\CortexM0p\ARM_GCC_541\Debug\Internal_Main.a(CyLib.o)
                0x00000e18                CySysClkImoDisableWcoLock
 .text.CySysClkImoGetWcoLock
                0x00000e64       0x14 .\CortexM0p\ARM_GCC_541\Debug\Internal_Main.a(CyLib.o)
                0x00000e64                CySysClkImoGetWcoLock
 .text.CyIntEnable
                0x00000e78       0x14 .\CortexM0p\ARM_GCC_541\Debug\Internal_Main.a(CyLib.o)
                0x00000e78                CyIntEnable
 .text.CyIntDisable
                0x00000e8c       0x14 .\CortexM0p\ARM_GCC_541\Debug\Internal_Main.a(CyLib.o)
                0x00000e8c                CyIntDisable
 .text.CyHalt   0x00000ea0        0x4 .\CortexM0p\ARM_GCC_541\Debug\Internal_Main.a(CyLib.o)
                0x00000ea0                CyHalt
 .text.CyIntSetVector
                0x00000ea4       0x24 .\CortexM0p\ARM_GCC_541\Debug\Internal_Main.a(CyLib.o)
                0x00000ea4                CyIntSetVector
 .text.CyIntSetPriority
                0x00000ec8       0x4c .\CortexM0p\ARM_GCC_541\Debug\Internal_Main.a(CyLib.o)
                0x00000ec8                CyIntSetPriority
 .text.CyDelay  0x00000f14       0x30 .\CortexM0p\ARM_GCC_541\Debug\Internal_Main.a(CyLib.o)
                0x00000f14                CyDelay
 .text.CySysClkImoEnableWcoLock
                0x00000f44       0xd0 .\CortexM0p\ARM_GCC_541\Debug\Internal_Main.a(CyLib.o)
                0x00000f44                CySysClkImoEnableWcoLock
 .text.CySysClkWriteImoFreq
                0x00001014       0xd8 .\CortexM0p\ARM_GCC_541\Debug\Internal_Main.a(CyLib.o)
                0x00001014                CySysClkWriteImoFreq
 .text.CyDelayUs
                0x000010ec       0x14 .\CortexM0p\ARM_GCC_541\Debug\Internal_Main.a(CyLib.o)
                0x000010ec                CyDelayUs
 .text.CySysClkGetTimerSource
                0x00001100       0x10 .\CortexM0p\ARM_GCC_541\Debug\Internal_Main.a(CyLFClk.o)
 .text.CySysClkWcoEnabled
                0x00001110       0x14 .\CortexM0p\ARM_GCC_541\Debug\Internal_Main.a(CyLFClk.o)
                0x00001110                CySysClkWcoEnabled
 .text.CySysWdtDisable
                0x00001124       0x10 .\CortexM0p\ARM_GCC_541\Debug\Internal_Main.a(CyLFClk.o)
                0x00001124                CySysWdtDisable
 .text.CySysClkSetTimerSource
                0x00001134       0x68 .\CortexM0p\ARM_GCC_541\Debug\Internal_Main.a(CyLFClk.o)
                0x00001134                CySysClkSetTimerSource
 .text.CySysTimerClearInterrupt
                0x0000119c       0x2c .\CortexM0p\ARM_GCC_541\Debug\Internal_Main.a(CyLFClk.o)
                0x0000119c                CySysTimerClearInterrupt
 .text.CySysTimerIsr
                0x000011c8       0xa4 .\CortexM0p\ARM_GCC_541\Debug\Internal_Main.a(CyLFClk.o)
                0x000011c8                CySysTimerIsr
 .text.UART_1_ScbModePostEnable
                0x0000126c        0x8 .\CortexM0p\ARM_GCC_541\Debug\Internal_Main.a(UART_1.o)
 .text.UART_1_Init
                0x00001274        0x8 .\CortexM0p\ARM_GCC_541\Debug\Internal_Main.a(UART_1.o)
                0x00001274                UART_1_Init
 .text.UART_1_Enable
                0x0000127c       0x18 .\CortexM0p\ARM_GCC_541\Debug\Internal_Main.a(UART_1.o)
                0x0000127c                UART_1_Enable
 .text.UART_1_Start
                0x00001294       0x20 .\CortexM0p\ARM_GCC_541\Debug\Internal_Main.a(UART_1.o)
                0x00001294                UART_1_Start
 .text.UART_1_UartInit
                0x000012b4       0xa8 .\CortexM0p\ARM_GCC_541\Debug\Internal_Main.a(UART_1_UART.o)
                0x000012b4                UART_1_UartInit
 .text.UART_1_UartPostEnable
                0x0000135c       0x14 .\CortexM0p\ARM_GCC_541\Debug\Internal_Main.a(UART_1_UART.o)
                0x0000135c                UART_1_UartPostEnable
 .text.UART_1_UartGetChar
                0x00001370       0x2c .\CortexM0p\ARM_GCC_541\Debug\Internal_Main.a(UART_1_UART.o)
                0x00001370                UART_1_UartGetChar
 .text.UART_1_UartPutString
                0x0000139c       0x18 .\CortexM0p\ARM_GCC_541\Debug\Internal_Main.a(UART_1_UART.o)
                0x0000139c                UART_1_UartPutString
 .text.I2C_1_ScbEnableIntr
                0x000013b4        0xc .\CortexM0p\ARM_GCC_541\Debug\Internal_Main.a(I2C_1.o)
 .text.I2C_1_Init
                0x000013c0        0x8 .\CortexM0p\ARM_GCC_541\Debug\Internal_Main.a(I2C_1.o)
                0x000013c0                I2C_1_Init
 .text.I2C_1_Enable
                0x000013c8       0x18 .\CortexM0p\ARM_GCC_541\Debug\Internal_Main.a(I2C_1.o)
                0x000013c8                I2C_1_Enable
 .text.I2C_1_Start
                0x000013e0       0x20 .\CortexM0p\ARM_GCC_541\Debug\Internal_Main.a(I2C_1.o)
                0x000013e0                I2C_1_Start
 .text.I2C_1_I2CInit
                0x00001400       0xb8 .\CortexM0p\ARM_GCC_541\Debug\Internal_Main.a(I2C_1_I2C.o)
                0x00001400                I2C_1_I2CInit
 .text.I2C_1_I2CFwBlockReset
                0x000014b8       0x5c .\CortexM0p\ARM_GCC_541\Debug\Internal_Main.a(I2C_1_I2C.o)
                0x000014b8                I2C_1_I2CFwBlockReset
 .text.I2C_1_I2CReStartGeneration
                0x00001514       0x20 .\CortexM0p\ARM_GCC_541\Debug\Internal_Main.a(I2C_1_I2C_MASTER.o)
                0x00001514                I2C_1_I2CReStartGeneration
 .text.I2C_1_I2CMasterReadBuf
                0x00001534      0x108 .\CortexM0p\ARM_GCC_541\Debug\Internal_Main.a(I2C_1_I2C_MASTER.o)
                0x00001534                I2C_1_I2CMasterReadBuf
 .text.BLUE_LED_Write
                0x0000163c       0x18 .\CortexM0p\ARM_GCC_541\Debug\Internal_Main.a(BLUE_LED.o)
                0x0000163c                BLUE_LED_Write
 .text.Timer_1_Stop
                0x00001654       0x1c .\CortexM0p\ARM_GCC_541\Debug\Internal_Main.a(Timer_1.o)
                0x00001654                Timer_1_Stop
 .text.Timer_1_WriteCounter
                0x00001670       0x10 .\CortexM0p\ARM_GCC_541\Debug\Internal_Main.a(Timer_1.o)
                0x00001670                Timer_1_WriteCounter
 .text.Timer_1_WritePeriod
                0x00001680       0x10 .\CortexM0p\ARM_GCC_541\Debug\Internal_Main.a(Timer_1.o)
                0x00001680                Timer_1_WritePeriod
 .text.Timer_1_TriggerCommand
                0x00001690       0x1c .\CortexM0p\ARM_GCC_541\Debug\Internal_Main.a(Timer_1.o)
                0x00001690                Timer_1_TriggerCommand
 .text.Timer_1_Enable
                0x000016ac       0x24 .\CortexM0p\ARM_GCC_541\Debug\Internal_Main.a(Timer_1.o)
                0x000016ac                Timer_1_Enable
 .text.Timer_1_SetInterruptMode
                0x000016d0        0xc .\CortexM0p\ARM_GCC_541\Debug\Internal_Main.a(Timer_1.o)
                0x000016d0                Timer_1_SetInterruptMode
 .text.Timer_1_Init
                0x000016dc       0x30 .\CortexM0p\ARM_GCC_541\Debug\Internal_Main.a(Timer_1.o)
                0x000016dc                Timer_1_Init
 .text.Timer_1_Start
                0x0000170c       0x20 .\CortexM0p\ARM_GCC_541\Debug\Internal_Main.a(Timer_1.o)
                0x0000170c                Timer_1_Start
 .text.Timer_1_ClearInterrupt
                0x0000172c        0xc .\CortexM0p\ARM_GCC_541\Debug\Internal_Main.a(Timer_1.o)
                0x0000172c                Timer_1_ClearInterrupt
 .text.TCPWM_1_WriteCounter
                0x00001738       0x10 .\CortexM0p\ARM_GCC_541\Debug\Internal_Main.a(TCPWM_1.o)
                0x00001738                TCPWM_1_WriteCounter
 .text.TCPWM_1_WritePeriod
                0x00001748       0x10 .\CortexM0p\ARM_GCC_541\Debug\Internal_Main.a(TCPWM_1.o)
                0x00001748                TCPWM_1_WritePeriod
 .text.TCPWM_1_TriggerCommand
                0x00001758       0x1c .\CortexM0p\ARM_GCC_541\Debug\Internal_Main.a(TCPWM_1.o)
                0x00001758                TCPWM_1_TriggerCommand
 .text.TCPWM_1_Enable
                0x00001774       0x24 .\CortexM0p\ARM_GCC_541\Debug\Internal_Main.a(TCPWM_1.o)
                0x00001774                TCPWM_1_Enable
 .text.TCPWM_1_SetInterruptMode
                0x00001798        0xc .\CortexM0p\ARM_GCC_541\Debug\Internal_Main.a(TCPWM_1.o)
                0x00001798                TCPWM_1_SetInterruptMode
 .text.TCPWM_1_Init
                0x000017a4       0x2c .\CortexM0p\ARM_GCC_541\Debug\Internal_Main.a(TCPWM_1.o)
                0x000017a4                TCPWM_1_Init
 .text.TCPWM_1_Start
                0x000017d0       0x20 .\CortexM0p\ARM_GCC_541\Debug\Internal_Main.a(TCPWM_1.o)
                0x000017d0                TCPWM_1_Start
 .text.TCPWM_1_ClearInterrupt
                0x000017f0        0xc .\CortexM0p\ARM_GCC_541\Debug\Internal_Main.a(TCPWM_1.o)
                0x000017f0                TCPWM_1_ClearInterrupt
 .text.isr_1_SetVector
                0x000017fc        0xc .\CortexM0p\ARM_GCC_541\Debug\Internal_Main.a(isr_1.o)
                0x000017fc                isr_1_SetVector
 .text.isr_1_SetPriority
                0x00001808       0x24 .\CortexM0p\ARM_GCC_541\Debug\Internal_Main.a(isr_1.o)
                0x00001808                isr_1_SetPriority
 .text.isr_1_Enable
                0x0000182c       0x10 .\CortexM0p\ARM_GCC_541\Debug\Internal_Main.a(isr_1.o)
                0x0000182c                isr_1_Enable
 .text.isr_1_Disable
                0x0000183c       0x10 .\CortexM0p\ARM_GCC_541\Debug\Internal_Main.a(isr_1.o)
                0x0000183c                isr_1_Disable
 .text.isr_1_StartEx
                0x0000184c       0x1c .\CortexM0p\ARM_GCC_541\Debug\Internal_Main.a(isr_1.o)
                0x0000184c                isr_1_StartEx
 .text.isr_print_SetVector
                0x00001868        0xc .\CortexM0p\ARM_GCC_541\Debug\Internal_Main.a(isr_print.o)
                0x00001868                isr_print_SetVector
 .text.isr_print_SetPriority
                0x00001874       0x24 .\CortexM0p\ARM_GCC_541\Debug\Internal_Main.a(isr_print.o)
                0x00001874                isr_print_SetPriority
 .text.isr_print_Enable
                0x00001898       0x10 .\CortexM0p\ARM_GCC_541\Debug\Internal_Main.a(isr_print.o)
                0x00001898                isr_print_Enable
 .text.isr_print_Disable
                0x000018a8       0x10 .\CortexM0p\ARM_GCC_541\Debug\Internal_Main.a(isr_print.o)
                0x000018a8                isr_print_Disable
 .text.isr_print_StartEx
                0x000018b8       0x1c .\CortexM0p\ARM_GCC_541\Debug\Internal_Main.a(isr_print.o)
                0x000018b8                isr_print_StartEx
 *fill*         0x000018d4        0x4 
 .text          0x000018d8       0x20 .\CortexM0p\ARM_GCC_541\Debug\Internal_Main.a(CyBootAsmGnu.o)
                0x000018d8                CyDelayCycles
                0x000018ea                CyEnterCriticalSection
                0x000018f2                CyExitCriticalSection
 .text.CySysFlashSetWaitCycles
                0x000018f8       0x54 .\CortexM0p\ARM_GCC_541\Debug\Internal_Main.a(CyFlash.o)
                0x000018f8                CySysFlashSetWaitCycles
 .text.UART_1_SpiUartReadRxData
                0x0000194c        0xc .\CortexM0p\ARM_GCC_541\Debug\Internal_Main.a(UART_1_SPI_UART.o)
                0x0000194c                UART_1_SpiUartReadRxData
 .text.UART_1_SpiUartGetRxBufferSize
                0x00001958       0x10 .\CortexM0p\ARM_GCC_541\Debug\Internal_Main.a(UART_1_SPI_UART.o)
                0x00001958                UART_1_SpiUartGetRxBufferSize
 .text.UART_1_SpiUartWriteTxData
                0x00001968       0x1c .\CortexM0p\ARM_GCC_541\Debug\Internal_Main.a(UART_1_SPI_UART.o)
                0x00001968                UART_1_SpiUartWriteTxData
 .text.I2C_1_I2C_ISR
                0x00001984      0x340 .\CortexM0p\ARM_GCC_541\Debug\Internal_Main.a(I2C_1_I2C_INT.o)
                0x00001984                I2C_1_I2C_ISR
 .text          0x00001cc4      0x114 d:/cypress/psoc creator/4.4/psoc creator/import/gnu/arm/5.4.1/bin/../lib/gcc/arm-none-eabi/5.4.1/armv6-m\libgcc.a(_udivsi3.o)
                0x00001cc4                __aeabi_uidiv
                0x00001cc4                __udivsi3
                0x00001dd0                __aeabi_uidivmod
 .text          0x00001dd8      0x1d4 d:/cypress/psoc creator/4.4/psoc creator/import/gnu/arm/5.4.1/bin/../lib/gcc/arm-none-eabi/5.4.1/armv6-m\libgcc.a(_divsi3.o)
                0x00001dd8                __divsi3
                0x00001dd8                __aeabi_idiv
                0x00001fa4                __aeabi_idivmod
 .text          0x00001fac        0x4 d:/cypress/psoc creator/4.4/psoc creator/import/gnu/arm/5.4.1/bin/../lib/gcc/arm-none-eabi/5.4.1/armv6-m\libgcc.a(_dvmd_tls.o)
                0x00001fac                __aeabi_idiv0
                0x00001fac                __aeabi_ldiv0
 .text          0x00001fb0      0x234 d:/cypress/psoc creator/4.4/psoc creator/import/gnu/arm/5.4.1/bin/../lib/gcc/arm-none-eabi/5.4.1/armv6-m\libgcc.a(divsf3.o)
                0x00001fb0                __aeabi_fdiv
 .text          0x000021e4      0x228 d:/cypress/psoc creator/4.4/psoc creator/import/gnu/arm/5.4.1/bin/../lib/gcc/arm-none-eabi/5.4.1/armv6-m\libgcc.a(mulsf3.o)
                0x000021e4                __aeabi_fmul
 .text          0x0000240c      0x30c d:/cypress/psoc creator/4.4/psoc creator/import/gnu/arm/5.4.1/bin/../lib/gcc/arm-none-eabi/5.4.1/armv6-m\libgcc.a(subsf3.o)
                0x0000240c                __aeabi_fsub
 .text          0x00002718       0x90 d:/cypress/psoc creator/4.4/psoc creator/import/gnu/arm/5.4.1/bin/../lib/gcc/arm-none-eabi/5.4.1/armv6-m\libgcc.a(floatsisf.o)
                0x00002718                __aeabi_i2f
 .text          0x000027a8      0x62c d:/cypress/psoc creator/4.4/psoc creator/import/gnu/arm/5.4.1/bin/../lib/gcc/arm-none-eabi/5.4.1/armv6-m\libgcc.a(divdf3.o)
                0x000027a8                __aeabi_ddiv
 .text          0x00002dd4       0xa8 d:/cypress/psoc creator/4.4/psoc creator/import/gnu/arm/5.4.1/bin/../lib/gcc/arm-none-eabi/5.4.1/armv6-m\libgcc.a(extendsfdf2.o)
                0x00002dd4                __aeabi_f2d
 .text          0x00002e7c      0x118 d:/cypress/psoc creator/4.4/psoc creator/import/gnu/arm/5.4.1/bin/../lib/gcc/arm-none-eabi/5.4.1/armv6-m\libgcc.a(truncdfsf2.o)
                0x00002e7c                __aeabi_d2f
 .text          0x00002f94       0x3c d:/cypress/psoc creator/4.4/psoc creator/import/gnu/arm/5.4.1/bin/../lib/gcc/arm-none-eabi/5.4.1/armv6-m\libgcc.a(_clzsi2.o)
                0x00002f94                __clzsi2
 .text.__errno  0x00002fd0        0xc d:/cypress/psoc creator/4.4/psoc creator/import/gnu/arm/5.4.1/bin/../lib/gcc/arm-none-eabi/5.4.1/../../../../arm-none-eabi/lib/armv6-m\libg_nano.a(lib_a-errno.o)
                0x00002fd0                __errno
 .text.__libc_init_array
                0x00002fdc       0x4c d:/cypress/psoc creator/4.4/psoc creator/import/gnu/arm/5.4.1/bin/../lib/gcc/arm-none-eabi/5.4.1/../../../../arm-none-eabi/lib/armv6-m\libg_nano.a(lib_a-init.o)
                0x00002fdc                __libc_init_array
 .text.memcpy   0x00003028       0x12 d:/cypress/psoc creator/4.4/psoc creator/import/gnu/arm/5.4.1/bin/../lib/gcc/arm-none-eabi/5.4.1/../../../../arm-none-eabi/lib/armv6-m\libg_nano.a(lib_a-memcpy-stub.o)
                0x00003028                memcpy
 .text.memset   0x0000303a       0x10 d:/cypress/psoc creator/4.4/psoc creator/import/gnu/arm/5.4.1/bin/../lib/gcc/arm-none-eabi/5.4.1/../../../../arm-none-eabi/lib/armv6-m\libg_nano.a(lib_a-memset.o)
                0x0000303a                memset
 .text.__cvt    0x0000304a       0xca d:/cypress/psoc creator/4.4/psoc creator/import/gnu/arm/5.4.1/bin/../lib/gcc/arm-none-eabi/5.4.1/../../../../arm-none-eabi/lib/armv6-m\libg_nano.a(lib_a-nano-vfprintf_float.o)
                0x0000304a                __cvt
 .text.__exponent
                0x00003114       0x62 d:/cypress/psoc creator/4.4/psoc creator/import/gnu/arm/5.4.1/bin/../lib/gcc/arm-none-eabi/5.4.1/../../../../arm-none-eabi/lib/armv6-m\libg_nano.a(lib_a-nano-vfprintf_float.o)
                0x00003114                __exponent
 *fill*         0x00003176        0x2 
 .text._printf_float
                0x00003178      0x4a0 d:/cypress/psoc creator/4.4/psoc creator/import/gnu/arm/5.4.1/bin/../lib/gcc/arm-none-eabi/5.4.1/../../../../arm-none-eabi/lib/armv6-m\libg_nano.a(lib_a-nano-vfprintf_float.o)
                0x00003178                _printf_float
 .text._printf_common
                0x00003618       0xdc d:/cypress/psoc creator/4.4/psoc creator/import/gnu/arm/5.4.1/bin/../lib/gcc/arm-none-eabi/5.4.1/../../../../arm-none-eabi/lib/armv6-m\libg_nano.a(lib_a-nano-vfprintf_i.o)
                0x00003618                _printf_common
 .text._printf_i
                0x000036f4      0x244 d:/cypress/psoc creator/4.4/psoc creator/import/gnu/arm/5.4.1/bin/../lib/gcc/arm-none-eabi/5.4.1/../../../../arm-none-eabi/lib/armv6-m\libg_nano.a(lib_a-nano-vfprintf_i.o)
                0x000036f4                _printf_i
 .text.sprintf  0x00003938       0x44 d:/cypress/psoc creator/4.4/psoc creator/import/gnu/arm/5.4.1/bin/../lib/gcc/arm-none-eabi/5.4.1/../../../../arm-none-eabi/lib/armv6-m\libg_nano.a(lib_a-sprintf.o)
                0x00003938                siprintf
                0x00003938                sprintf
 .text          0x0000397c        0xe d:/cypress/psoc creator/4.4/psoc creator/import/gnu/arm/5.4.1/bin/../lib/gcc/arm-none-eabi/5.4.1/../../../../arm-none-eabi/lib/armv6-m\libg_nano.a(lib_a-strlen.o)
                0x0000397c                strlen
 .text.quorem   0x0000398a      0x10c d:/cypress/psoc creator/4.4/psoc creator/import/gnu/arm/5.4.1/bin/../lib/gcc/arm-none-eabi/5.4.1/../../../../arm-none-eabi/lib/armv6-m\libg_nano.a(lib_a-dtoa.o)
 *fill*         0x00003a96        0x2 
 .text._dtoa_r  0x00003a98      0xb8c d:/cypress/psoc creator/4.4/psoc creator/import/gnu/arm/5.4.1/bin/../lib/gcc/arm-none-eabi/5.4.1/../../../../arm-none-eabi/lib/armv6-m\libg_nano.a(lib_a-dtoa.o)
                0x00003a98                _dtoa_r
 .text._localeconv_r
                0x00004624        0x8 d:/cypress/psoc creator/4.4/psoc creator/import/gnu/arm/5.4.1/bin/../lib/gcc/arm-none-eabi/5.4.1/../../../../arm-none-eabi/lib/armv6-m\libg_nano.a(lib_a-locale.o)
                0x00004624                _localeconv_r
 .text.malloc   0x0000462c       0x14 d:/cypress/psoc creator/4.4/psoc creator/import/gnu/arm/5.4.1/bin/../lib/gcc/arm-none-eabi/5.4.1/../../../../arm-none-eabi/lib/armv6-m\libg_nano.a(lib_a-malloc.o)
                0x0000462c                malloc
 .text.memchr   0x00004640       0x16 d:/cypress/psoc creator/4.4/psoc creator/import/gnu/arm/5.4.1/bin/../lib/gcc/arm-none-eabi/5.4.1/../../../../arm-none-eabi/lib/armv6-m\libg_nano.a(lib_a-memchr-stub.o)
                0x00004640                memchr
 .text._Balloc  0x00004656       0x70 d:/cypress/psoc creator/4.4/psoc creator/import/gnu/arm/5.4.1/bin/../lib/gcc/arm-none-eabi/5.4.1/../../../../arm-none-eabi/lib/armv6-m\libg_nano.a(lib_a-mprec.o)
                0x00004656                _Balloc
 .text._Bfree   0x000046c6       0x32 d:/cypress/psoc creator/4.4/psoc creator/import/gnu/arm/5.4.1/bin/../lib/gcc/arm-none-eabi/5.4.1/../../../../arm-none-eabi/lib/armv6-m\libg_nano.a(lib_a-mprec.o)
                0x000046c6                _Bfree
 .text.__multadd
                0x000046f8       0x7a d:/cypress/psoc creator/4.4/psoc creator/import/gnu/arm/5.4.1/bin/../lib/gcc/arm-none-eabi/5.4.1/../../../../arm-none-eabi/lib/armv6-m\libg_nano.a(lib_a-mprec.o)
                0x000046f8                __multadd
 .text.__hi0bits
                0x00004772       0x36 d:/cypress/psoc creator/4.4/psoc creator/import/gnu/arm/5.4.1/bin/../lib/gcc/arm-none-eabi/5.4.1/../../../../arm-none-eabi/lib/armv6-m\libg_nano.a(lib_a-mprec.o)
                0x00004772                __hi0bits
 .text.__lo0bits
                0x000047a8       0x5e d:/cypress/psoc creator/4.4/psoc creator/import/gnu/arm/5.4.1/bin/../lib/gcc/arm-none-eabi/5.4.1/../../../../arm-none-eabi/lib/armv6-m\libg_nano.a(lib_a-mprec.o)
                0x000047a8                __lo0bits
 .text.__i2b    0x00004806       0x12 d:/cypress/psoc creator/4.4/psoc creator/import/gnu/arm/5.4.1/bin/../lib/gcc/arm-none-eabi/5.4.1/../../../../arm-none-eabi/lib/armv6-m\libg_nano.a(lib_a-mprec.o)
                0x00004806                __i2b
 .text.__multiply
                0x00004818      0x112 d:/cypress/psoc creator/4.4/psoc creator/import/gnu/arm/5.4.1/bin/../lib/gcc/arm-none-eabi/5.4.1/../../../../arm-none-eabi/lib/armv6-m\libg_nano.a(lib_a-mprec.o)
                0x00004818                __multiply
 *fill*         0x0000492a        0x2 
 .text.__pow5mult
                0x0000492c       0xa8 d:/cypress/psoc creator/4.4/psoc creator/import/gnu/arm/5.4.1/bin/../lib/gcc/arm-none-eabi/5.4.1/../../../../arm-none-eabi/lib/armv6-m\libg_nano.a(lib_a-mprec.o)
                0x0000492c                __pow5mult
 .text.__lshift
                0x000049d4       0xa4 d:/cypress/psoc creator/4.4/psoc creator/import/gnu/arm/5.4.1/bin/../lib/gcc/arm-none-eabi/5.4.1/../../../../arm-none-eabi/lib/armv6-m\libg_nano.a(lib_a-mprec.o)
                0x000049d4                __lshift
 .text.__mcmp   0x00004a78       0x36 d:/cypress/psoc creator/4.4/psoc creator/import/gnu/arm/5.4.1/bin/../lib/gcc/arm-none-eabi/5.4.1/../../../../arm-none-eabi/lib/armv6-m\libg_nano.a(lib_a-mprec.o)
                0x00004a78                __mcmp
 .text.__mdiff  0x00004aae       0xd6 d:/cypress/psoc creator/4.4/psoc creator/import/gnu/arm/5.4.1/bin/../lib/gcc/arm-none-eabi/5.4.1/../../../../arm-none-eabi/lib/armv6-m\libg_nano.a(lib_a-mprec.o)
                0x00004aae                __mdiff
 .text.__d2b    0x00004b84       0xa8 d:/cypress/psoc creator/4.4/psoc creator/import/gnu/arm/5.4.1/bin/../lib/gcc/arm-none-eabi/5.4.1/../../../../arm-none-eabi/lib/armv6-m\libg_nano.a(lib_a-mprec.o)
                0x00004b84                __d2b
 .text._calloc_r
                0x00004c2c       0x1c d:/cypress/psoc creator/4.4/psoc creator/import/gnu/arm/5.4.1/bin/../lib/gcc/arm-none-eabi/5.4.1/../../../../arm-none-eabi/lib/armv6-m\libg_nano.a(lib_a-nano-callocr.o)
                0x00004c2c                _calloc_r
 .text._free_r  0x00004c48       0x98 d:/cypress/psoc creator/4.4/psoc creator/import/gnu/arm/5.4.1/bin/../lib/gcc/arm-none-eabi/5.4.1/../../../../arm-none-eabi/lib/armv6-m\libg_nano.a(lib_a-nano-freer.o)
                0x00004c48                _free_r
 .text._malloc_r
                0x00004ce0       0xc0 d:/cypress/psoc creator/4.4/psoc creator/import/gnu/arm/5.4.1/bin/../lib/gcc/arm-none-eabi/5.4.1/../../../../arm-none-eabi/lib/armv6-m\libg_nano.a(lib_a-nano-mallocr.o)
                0x00004ce0                _malloc_r
 .text.__ssputs_r
                0x00004da0       0xc4 d:/cypress/psoc creator/4.4/psoc creator/import/gnu/arm/5.4.1/bin/../lib/gcc/arm-none-eabi/5.4.1/../../../../arm-none-eabi/lib/armv6-m\libg_nano.a(lib_a-nano-svfprintf.o)
                0x00004da0                __ssputs_r
 .text._svfprintf_r
                0x00004e64      0x1fc d:/cypress/psoc creator/4.4/psoc creator/import/gnu/arm/5.4.1/bin/../lib/gcc/arm-none-eabi/5.4.1/../../../../arm-none-eabi/lib/armv6-m\libg_nano.a(lib_a-nano-svfprintf.o)
                0x00004e64                _svfiprintf_r
                0x00004e64                _svfprintf_r
 .text._sbrk_r  0x00005060       0x24 d:/cypress/psoc creator/4.4/psoc creator/import/gnu/arm/5.4.1/bin/../lib/gcc/arm-none-eabi/5.4.1/../../../../arm-none-eabi/lib/armv6-m\libg_nano.a(lib_a-sbrkr.o)
                0x00005060                _sbrk_r
 .text.memmove  0x00005084       0x2a d:/cypress/psoc creator/4.4/psoc creator/import/gnu/arm/5.4.1/bin/../lib/gcc/arm-none-eabi/5.4.1/../../../../arm-none-eabi/lib/armv6-m\libg_nano.a(lib_a-memmove.o)
                0x00005084                memmove
 .text.__malloc_lock
                0x000050ae        0x2 d:/cypress/psoc creator/4.4/psoc creator/import/gnu/arm/5.4.1/bin/../lib/gcc/arm-none-eabi/5.4.1/../../../../arm-none-eabi/lib/armv6-m\libg_nano.a(lib_a-mlock.o)
                0x000050ae                __malloc_lock
 .text.__malloc_unlock
                0x000050b0        0x2 d:/cypress/psoc creator/4.4/psoc creator/import/gnu/arm/5.4.1/bin/../lib/gcc/arm-none-eabi/5.4.1/../../../../arm-none-eabi/lib/armv6-m\libg_nano.a(lib_a-mlock.o)
                0x000050b0                __malloc_unlock
 .text._realloc_r
                0x000050b2       0x4c d:/cypress/psoc creator/4.4/psoc creator/import/gnu/arm/5.4.1/bin/../lib/gcc/arm-none-eabi/5.4.1/../../../../arm-none-eabi/lib/armv6-m\libg_nano.a(lib_a-nano-reallocr.o)
                0x000050b2                _realloc_r
 .text._malloc_usable_size_r
                0x000050fe       0x16 d:/cypress/psoc creator/4.4/psoc creator/import/gnu/arm/5.4.1/bin/../lib/gcc/arm-none-eabi/5.4.1/../../../../arm-none-eabi/lib/armv6-m\libg_nano.a(lib_a-nano-msizer.o)
                0x000050fe                _malloc_usable_size_r
 .text          0x00005114       0x14 d:/cypress/psoc creator/4.4/psoc creator/import/gnu/arm/5.4.1/bin/../lib/gcc/arm-none-eabi/5.4.1/armv6-m\libgcc.a(_thumb1_case_uqi.o)
                0x00005114                __gnu_thumb1_case_uqi
 .text          0x00005128       0x7c d:/cypress/psoc creator/4.4/psoc creator/import/gnu/arm/5.4.1/bin/../lib/gcc/arm-none-eabi/5.4.1/armv6-m\libgcc.a(_arm_cmpdf2.o)
                0x00005128                __aeabi_cdrcmple
                0x00005138                __aeabi_cdcmple
                0x00005138                __aeabi_cdcmpeq
                0x00005148                __aeabi_dcmpeq
                0x00005154                __aeabi_dcmplt
                0x00005168                __aeabi_dcmple
                0x0000517c                __aeabi_dcmpgt
                0x00005190                __aeabi_dcmpge
 .text          0x000051a4      0x658 d:/cypress/psoc creator/4.4/psoc creator/import/gnu/arm/5.4.1/bin/../lib/gcc/arm-none-eabi/5.4.1/armv6-m\libgcc.a(adddf3.o)
                0x000051a4                __aeabi_dadd
 .text          0x000057fc       0x80 d:/cypress/psoc creator/4.4/psoc creator/import/gnu/arm/5.4.1/bin/../lib/gcc/arm-none-eabi/5.4.1/armv6-m\libgcc.a(eqdf2.o)
                0x000057fc                __nedf2
                0x000057fc                __eqdf2
 .text          0x0000587c       0xc8 d:/cypress/psoc creator/4.4/psoc creator/import/gnu/arm/5.4.1/bin/../lib/gcc/arm-none-eabi/5.4.1/armv6-m\libgcc.a(gedf2.o)
                0x0000587c                __gedf2
                0x0000587c                __gtdf2
 .text          0x00005944       0xd4 d:/cypress/psoc creator/4.4/psoc creator/import/gnu/arm/5.4.1/bin/../lib/gcc/arm-none-eabi/5.4.1/armv6-m\libgcc.a(ledf2.o)
                0x00005944                __ledf2
                0x00005944                __ltdf2
 .text          0x00005a18      0x4f4 d:/cypress/psoc creator/4.4/psoc creator/import/gnu/arm/5.4.1/bin/../lib/gcc/arm-none-eabi/5.4.1/armv6-m\libgcc.a(muldf3.o)
                0x00005a18                __aeabi_dmul
 .text          0x00005f0c      0x6a8 d:/cypress/psoc creator/4.4/psoc creator/import/gnu/arm/5.4.1/bin/../lib/gcc/arm-none-eabi/5.4.1/armv6-m\libgcc.a(subdf3.o)
                0x00005f0c                __aeabi_dsub
 .text          0x000065b4       0x40 d:/cypress/psoc creator/4.4/psoc creator/import/gnu/arm/5.4.1/bin/../lib/gcc/arm-none-eabi/5.4.1/armv6-m\libgcc.a(unorddf2.o)
                0x000065b4                __aeabi_dcmpun
 .text          0x000065f4       0x6c d:/cypress/psoc creator/4.4/psoc creator/import/gnu/arm/5.4.1/bin/../lib/gcc/arm-none-eabi/5.4.1/armv6-m\libgcc.a(fixdfsi.o)
                0x000065f4                __aeabi_d2iz
 .text          0x00006660       0x84 d:/cypress/psoc creator/4.4/psoc creator/import/gnu/arm/5.4.1/bin/../lib/gcc/arm-none-eabi/5.4.1/armv6-m\libgcc.a(floatsidf.o)
                0x00006660                __aeabi_i2d
 .text          0x000066e4       0x70 d:/cypress/psoc creator/4.4/psoc creator/import/gnu/arm/5.4.1/bin/../lib/gcc/arm-none-eabi/5.4.1/armv6-m\libgcc.a(floatunsidf.o)
                0x000066e4                __aeabi_ui2d
 *(.plt)
 *(.gnu.warning)
 *(.glue_7t)
 .glue_7t       0x00006754        0x0 linker stubs
 *(.glue_7)
 .glue_7        0x00006754        0x0 linker stubs
 *(.vfp11_veneer)
 .vfp11_veneer  0x00006754        0x0 linker stubs
 *(.bootloader)
 *(.ARM.extab* .gnu.linkonce.armextab.*)
 *(.gcc_except_table)

.v4_bx          0x00006754        0x0
 .v4_bx         0x00006754        0x0 linker stubs

.iplt           0x00006754        0x0
 .iplt          0x00006754        0x0 d:/cypress/psoc creator/4.4/psoc creator/import/gnu/arm/5.4.1/bin/../lib/gcc/arm-none-eabi/5.4.1/armv6-m/crtbegin.o

.eh_frame_hdr
 *(.eh_frame_hdr)

.eh_frame       0x00006754        0x4
 *(.eh_frame)
 .eh_frame      0x00006754        0x0 d:/cypress/psoc creator/4.4/psoc creator/import/gnu/arm/5.4.1/bin/../lib/gcc/arm-none-eabi/5.4.1/armv6-m/crtbegin.o
 .eh_frame      0x00006754        0x4 d:/cypress/psoc creator/4.4/psoc creator/import/gnu/arm/5.4.1/bin/../lib/gcc/arm-none-eabi/5.4.1/armv6-m/crtend.o
                [!provide]                PROVIDE (__exidx_start, .)

.ARM.exidx
 *(.ARM.exidx* .gnu.linkonce.armexidx.*)
                0x00006758                __exidx_end = .

.rodata         0x00006758      0x4f8
 *(.rodata .rodata.* .gnu.linkonce.r.*)
 .rodata.str1.4
                0x00006758      0x1a0 .\CortexM0p\ARM_GCC_541\Debug\main.o
 .rodata        0x000068f8       0x38 .\CortexM0p\ARM_GCC_541\Debug\Internal_Main.a(ADC_1_INIT.o)
                0x000068f8                ADC_1_allConfigs
 .rodata        0x00006930       0x48 .\CortexM0p\ARM_GCC_541\Debug\Internal_Main.a(PGA_1.o)
                0x00006930                PGA_1_compTab
 .rodata        0x00006978       0x80 d:/cypress/psoc creator/4.4/psoc creator/import/gnu/arm/5.4.1/bin/../lib/gcc/arm-none-eabi/5.4.1/armv6-m\libgcc.a(divsf3.o)
 .rodata        0x000069f8       0x40 d:/cypress/psoc creator/4.4/psoc creator/import/gnu/arm/5.4.1/bin/../lib/gcc/arm-none-eabi/5.4.1/armv6-m\libgcc.a(mulsf3.o)
 .rodata        0x00006a38       0x40 d:/cypress/psoc creator/4.4/psoc creator/import/gnu/arm/5.4.1/bin/../lib/gcc/arm-none-eabi/5.4.1/armv6-m\libgcc.a(divdf3.o)
 .rodata.str1.1
                0x00006a78        0x2 d:/cypress/psoc creator/4.4/psoc creator/import/gnu/arm/5.4.1/bin/../lib/gcc/arm-none-eabi/5.4.1/../../../../arm-none-eabi/lib/armv6-m\libg_nano.a(lib_a-impure.o)
 .rodata.str1.1
                0x00006a7a       0x12 d:/cypress/psoc creator/4.4/psoc creator/import/gnu/arm/5.4.1/bin/../lib/gcc/arm-none-eabi/5.4.1/../../../../arm-none-eabi/lib/armv6-m\libg_nano.a(lib_a-nano-vfprintf_float.o)
 .rodata.str1.1
                0x00006a8c       0x22 d:/cypress/psoc creator/4.4/psoc creator/import/gnu/arm/5.4.1/bin/../lib/gcc/arm-none-eabi/5.4.1/../../../../arm-none-eabi/lib/armv6-m\libg_nano.a(lib_a-nano-vfprintf_i.o)
 .rodata.str1.1
                0x00006aae        0xd d:/cypress/psoc creator/4.4/psoc creator/import/gnu/arm/5.4.1/bin/../lib/gcc/arm-none-eabi/5.4.1/../../../../arm-none-eabi/lib/armv6-m\libg_nano.a(lib_a-dtoa.o)
                                  0xf (size before relaxing)
 .rodata.str1.1
                0x00006abb        0x8 d:/cypress/psoc creator/4.4/psoc creator/import/gnu/arm/5.4.1/bin/../lib/gcc/arm-none-eabi/5.4.1/../../../../arm-none-eabi/lib/armv6-m\libg_nano.a(lib_a-locale.o)
                                  0xb (size before relaxing)
 *fill*         0x00006ac3        0x5 
 .rodata.__mprec_tens
                0x00006ac8       0xc8 d:/cypress/psoc creator/4.4/psoc creator/import/gnu/arm/5.4.1/bin/../lib/gcc/arm-none-eabi/5.4.1/../../../../arm-none-eabi/lib/armv6-m\libg_nano.a(lib_a-mprec.o)
                0x00006ac8                __mprec_tens
 .rodata.p05.5408
                0x00006b90        0xc d:/cypress/psoc creator/4.4/psoc creator/import/gnu/arm/5.4.1/bin/../lib/gcc/arm-none-eabi/5.4.1/../../../../arm-none-eabi/lib/armv6-m\libg_nano.a(lib_a-mprec.o)
 *fill*         0x00006b9c        0x4 
 .rodata.__mprec_bigtens
                0x00006ba0       0x28 d:/cypress/psoc creator/4.4/psoc creator/import/gnu/arm/5.4.1/bin/../lib/gcc/arm-none-eabi/5.4.1/../../../../arm-none-eabi/lib/armv6-m\libg_nano.a(lib_a-mprec.o)
                0x00006ba0                __mprec_bigtens
 .rodata.str1.1
                0x00006bc8       0x11 d:/cypress/psoc creator/4.4/psoc creator/import/gnu/arm/5.4.1/bin/../lib/gcc/arm-none-eabi/5.4.1/../../../../arm-none-eabi/lib/armv6-m\libg_nano.a(lib_a-nano-svfprintf.o)
 *fill*         0x00006bd9        0x3 
 .rodata        0x00006bdc       0x40 d:/cypress/psoc creator/4.4/psoc creator/import/gnu/arm/5.4.1/bin/../lib/gcc/arm-none-eabi/5.4.1/armv6-m\libgcc.a(muldf3.o)
                0x00006c1c                . = ALIGN (0x4)
 *(.init)
 .init          0x00006c1c        0x4 d:/cypress/psoc creator/4.4/psoc creator/import/gnu/arm/5.4.1/bin/../lib/gcc/arm-none-eabi/5.4.1/armv6-m/crti.o
                0x00006c1c                _init
 .init          0x00006c20        0x8 d:/cypress/psoc creator/4.4/psoc creator/import/gnu/arm/5.4.1/bin/../lib/gcc/arm-none-eabi/5.4.1/armv6-m/crtn.o
                0x00006c28                . = ALIGN (0x4)
                0x00006c28                __preinit_array_start = .
 *(.preinit_array)
                0x00006c28                __preinit_array_end = .
                0x00006c28                . = ALIGN (0x4)
                0x00006c28                __init_array_start = .
 *(SORT(.init_array.*))
 *(.init_array)
 .init_array    0x00006c28        0x4 d:/cypress/psoc creator/4.4/psoc creator/import/gnu/arm/5.4.1/bin/../lib/gcc/arm-none-eabi/5.4.1/armv6-m/crtbegin.o
 .init_array    0x00006c2c        0x4 .\CortexM0p\ARM_GCC_541\Debug\Cm0plusStart.o
                0x00006c30                __init_array_end = .
                0x00006c30                . = ALIGN (0x4)
 *(.fini)
 .fini          0x00006c30        0x4 d:/cypress/psoc creator/4.4/psoc creator/import/gnu/arm/5.4.1/bin/../lib/gcc/arm-none-eabi/5.4.1/armv6-m/crti.o
                0x00006c30                _fini
 .fini          0x00006c34        0x8 d:/cypress/psoc creator/4.4/psoc creator/import/gnu/arm/5.4.1/bin/../lib/gcc/arm-none-eabi/5.4.1/armv6-m/crtn.o
                0x00006c3c                . = ALIGN (0x4)
                0x00006c3c                __fini_array_start = .
 *(.fini_array)
 .fini_array    0x00006c3c        0x4 d:/cypress/psoc creator/4.4/psoc creator/import/gnu/arm/5.4.1/bin/../lib/gcc/arm-none-eabi/5.4.1/armv6-m/crtbegin.o
 *(SORT(.fini_array.*))
                0x00006c40                __fini_array_end = .
                0x00006c40                . = ALIGN (0x4)
 *crtbegin.o(.ctors)
 *(EXCLUDE_FILE(*crtend.o) .ctors)
 *(SORT(.ctors.*))
 *crtend.o(.ctors)
                0x00006c40                . = ALIGN (0x4)
 *crtbegin.o(.dtors)
 *(EXCLUDE_FILE(*crtend.o) .dtors)
 *(SORT(.dtors.*))
 *crtend.o(.dtors)
                0x00006c40                . = ALIGN (0x4)
                0x00006c40                __cy_regions = .
                0x00006c40        0x4 LONG 0x6c50 __cy_region_init_ram
                0x00006c44        0x4 LONG 0x200000a8 __cy_region_start_data
                0x00006c48        0x4 LONG 0xc0 __cy_region_init_size_ram
                0x00006c4c        0x4 LONG 0xb0 __cy_region_zero_size_ram
                0x00006c50                __cy_regions_end = .
                0x00006c50                . = ALIGN (0x8)
                0x00006c50                _etext = .

.cy_checksum_exclude
                0x00006c50        0x0
 *(.cy_checksum_exclude)

.ramvectors     0x20000000       0xa4
                0x20000000                __cy_region_start_ram = .
 *(.ramvectors)
 .ramvectors    0x20000000       0xa4 .\CortexM0p\ARM_GCC_541\Debug\Cm0plusStart.o
                0x20000000                CyRamVectors

.noinit
 *(.noinit)

.data           0x200000a8       0xc0 load address 0x00006c50
                0x200000a8                __cy_region_start_data = .
 *(.jcr)
 .jcr           0x200000a8        0x0 d:/cypress/psoc creator/4.4/psoc creator/import/gnu/arm/5.4.1/bin/../lib/gcc/arm-none-eabi/5.4.1/armv6-m/crtbegin.o
 .jcr           0x200000a8        0x4 d:/cypress/psoc creator/4.4/psoc creator/import/gnu/arm/5.4.1/bin/../lib/gcc/arm-none-eabi/5.4.1/armv6-m/crtend.o
 *(.got.plt)
 *(.got)
 *(.shdata)
 *(.data .data.* .gnu.linkonce.d.*)
 .data          0x200000ac        0x4 .\CortexM0p\ARM_GCC_541\Debug\Cm0plusStart.o
 .data          0x200000b0        0x1 .\CortexM0p\ARM_GCC_541\Debug\Internal_Main.a(AMux_1.o)
 *fill*         0x200000b1        0x3 
 .data          0x200000b4       0x14 .\CortexM0p\ARM_GCC_541\Debug\Internal_Main.a(CyLib.o)
                0x200000b4                CySysClkPumpConfig
                0x200000b8                cydelay32kMs
                0x200000bc                cydelayFreqKhz
                0x200000c0                cydelayFreqMhz
                0x200000c4                cydelayFreqHz
 .data          0x200000c8        0x4 .\CortexM0p\ARM_GCC_541\Debug\Internal_Main.a(CyLFClk.o)
 .data.impure_data
                0x200000cc       0x60 d:/cypress/psoc creator/4.4/psoc creator/import/gnu/arm/5.4.1/bin/../lib/gcc/arm-none-eabi/5.4.1/../../../../arm-none-eabi/lib/armv6-m\libg_nano.a(lib_a-impure.o)
 .data._impure_ptr
                0x2000012c        0x4 d:/cypress/psoc creator/4.4/psoc creator/import/gnu/arm/5.4.1/bin/../lib/gcc/arm-none-eabi/5.4.1/../../../../arm-none-eabi/lib/armv6-m\libg_nano.a(lib_a-impure.o)
                0x2000012c                _impure_ptr
 .data.lconv    0x20000130       0x38 d:/cypress/psoc creator/4.4/psoc creator/import/gnu/arm/5.4.1/bin/../lib/gcc/arm-none-eabi/5.4.1/../../../../arm-none-eabi/lib/armv6-m\libg_nano.a(lib_a-locale.o)
                0x20000168                . = ALIGN (0x8)
 *(.ram)
                0x20000168                _edata = .

.igot.plt       0x20000168        0x0 load address 0x00006d10
 .igot.plt      0x20000168        0x0 d:/cypress/psoc creator/4.4/psoc creator/import/gnu/arm/5.4.1/bin/../lib/gcc/arm-none-eabi/5.4.1/armv6-m/crtbegin.o

.bss            0x20000168       0xb0 load address 0x00006d10
                0x20000168                PROVIDE (__bss_start__, .)
 *(.shbss)
 *(.bss .bss.* .gnu.linkonce.b.*)
 .bss           0x20000168       0x1c d:/cypress/psoc creator/4.4/psoc creator/import/gnu/arm/5.4.1/bin/../lib/gcc/arm-none-eabi/5.4.1/armv6-m/crtbegin.o
 .bss           0x20000184       0x14 .\CortexM0p\ARM_GCC_541\Debug\main.o
 .bss           0x20000198        0x6 .\CortexM0p\ARM_GCC_541\Debug\Internal_Main.a(ADC_1.o)
                0x2000019c                ADC_1_initVar
                0x2000019d                ADC_1_selected
 .bss           0x2000019e        0x1 .\CortexM0p\ARM_GCC_541\Debug\Internal_Main.a(PVref_1.o)
                0x2000019e                PVref_1_initVar
 *fill*         0x2000019f        0x1 
 .bss           0x200001a0        0x5 .\CortexM0p\ARM_GCC_541\Debug\Internal_Main.a(PGA_1.o)
                0x200001a0                PGA_1_internalGainPower
                0x200001a4                PGA_1_initVar
 *fill*         0x200001a5        0x3 
 .bss           0x200001a8        0x5 .\CortexM0p\ARM_GCC_541\Debug\Internal_Main.a(Opamp_1.o)
                0x200001ac                Opamp_1_initVar
 *fill*         0x200001ad        0x3 
 .bss           0x200001b0       0x18 .\CortexM0p\ARM_GCC_541\Debug\Internal_Main.a(CyLFClk.o)
 .bss           0x200001c8        0x4 .\CortexM0p\ARM_GCC_541\Debug\Internal_Main.a(UART_1.o)
                0x200001c8                UART_1_initVar
                0x200001ca                UART_1_IntrTxMask
 .bss           0x200001cc        0x8 .\CortexM0p\ARM_GCC_541\Debug\Internal_Main.a(I2C_1.o)
                0x200001cc                I2C_1_initVar
                0x200001d0                I2C_1_customIntrHandler
 .bss           0x200001d4        0x1 .\CortexM0p\ARM_GCC_541\Debug\Internal_Main.a(Timer_1.o)
                0x200001d4                Timer_1_initVar
 .bss           0x200001d5        0x1 .\CortexM0p\ARM_GCC_541\Debug\Internal_Main.a(TCPWM_1.o)
                0x200001d5                TCPWM_1_initVar
 *fill*         0x200001d6        0x2 
 .bss.__malloc_sbrk_start
                0x200001d8        0x4 d:/cypress/psoc creator/4.4/psoc creator/import/gnu/arm/5.4.1/bin/../lib/gcc/arm-none-eabi/5.4.1/../../../../arm-none-eabi/lib/armv6-m\libg_nano.a(lib_a-nano-mallocr.o)
                0x200001d8                __malloc_sbrk_start
 .bss.__malloc_free_list
                0x200001dc        0x4 d:/cypress/psoc creator/4.4/psoc creator/import/gnu/arm/5.4.1/bin/../lib/gcc/arm-none-eabi/5.4.1/../../../../arm-none-eabi/lib/armv6-m\libg_nano.a(lib_a-nano-mallocr.o)
                0x200001dc                __malloc_free_list
 *(COMMON)
 COMMON         0x200001e0        0x8 .\CortexM0p\ARM_GCC_541\Debug\main.o
                0x200001e0                startFlag
                0x200001e4                printFlag
 COMMON         0x200001e8        0x8 .\CortexM0p\ARM_GCC_541\Debug\Internal_Main.a(ADC_1.o)
                0x200001e8                ADC_1_offset
                0x200001ec                ADC_1_countsPer10Volt
 COMMON         0x200001f0        0x1 .\CortexM0p\ARM_GCC_541\Debug\Internal_Main.a(I2C_1_I2C.o)
                0x200001f0                I2C_1_state
 *fill*         0x200001f1        0x3 
 COMMON         0x200001f4       0x20 .\CortexM0p\ARM_GCC_541\Debug\Internal_Main.a(I2C_1_I2C_MASTER.o)
                0x200001f4                I2C_1_mstrWrBufIndexTmp
                0x200001f8                I2C_1_mstrWrBufIndex
                0x200001fc                I2C_1_mstrControl
                0x200001fe                I2C_1_mstrStatus
                0x20000200                I2C_1_mstrWrBufSize
                0x20000204                I2C_1_mstrRdBufIndex
                0x20000208                I2C_1_mstrWrBufPtr
                0x2000020c                I2C_1_mstrRdBufPtr
                0x20000210                I2C_1_mstrRdBufSize
 COMMON         0x20000214        0x4 d:/cypress/psoc creator/4.4/psoc creator/import/gnu/arm/5.4.1/bin/../lib/gcc/arm-none-eabi/5.4.1/../../../../arm-none-eabi/lib/armv6-m\libg_nano.a(lib_a-reent.o)
                0x20000214                errno
                0x20000218                . = ALIGN (0x8)
 *(.ram.b)
                0x20000218                _end = .
                0x20000218                __end = .
                0x20000218                PROVIDE (end, .)
                0x20000218                PROVIDE (__bss_end__, .)
                0x00006c50                __cy_region_init_ram = LOADADDR (.data)
                0x000000c0                __cy_region_init_size_ram = (_edata - ADDR (.data))
                0x000000b0                __cy_region_zero_size_ram = (_end - _edata)

.heap           0x20000218      0x200 load address 0x00006d10
                0x20000218                . = _end
                0x20000418                . = (. + 0x200)
 *fill*         0x20000218      0x200 
                0x20000418                __cy_heap_limit = .

.stack          0x20000c00      0x400
                0x20000c00                __cy_stack_limit = .
                0x20001000                . = (. + 0x400)
 *fill*         0x20000c00      0x400 
                0x00000001                ASSERT ((__cy_stack_limit >= __cy_heap_limit), region RAM overflowed with stack)
                0x00000000                cy_checksum_exclude_size = (CY_APPL_LOADABLE == 0x1)?SIZEOF (.cy_checksum_exclude):0x0
                0x00000001                ASSERT ((cy_checksum_exclude_size <= CY_CHECKSUM_EXCLUDE_SIZE), CY_BOOT: Section .cy_checksum_exclude size exceedes specified limit.)
                0x00007fc0                cyloadermeta_start = (cy_project_type_bootloader || cy_project_type_app_for_stack_and_copier)?(LENGTH (rom) - CY_METADATA_SIZE):0xf0000000

.cyloadermeta
 *(.cyloadermeta)
                0x00007fc0                cyloadablemeta_start = cy_project_type_app_for_stack_and_copier?((LENGTH (rom) - CY_FLASH_ROW_SIZE) - CY_METADATA_SIZE):((LENGTH (rom) - (CY_FLASH_ROW_SIZE * (CY_APPL_NUM - 0x1))) - CY_METADATA_SIZE)

.cyloadablemeta
 *(.cyloadablemeta)

.cyflashprotect
                0x90400000       0x20
 *(.cyflashprotect)
 .cyflashprotect
                0x90400000       0x20 .\CortexM0p\ARM_GCC_541\Debug\cymetadata.o
                0x90400000                cy_meta_flashprotect

.cymeta         0x90500000        0xc
 *(.cymeta)
 .cymeta        0x90500000        0xc .\CortexM0p\ARM_GCC_541\Debug\cymetadata.o
                0x90500000                cy_metadata

.cychipprotect  0x90600000        0x1
 *(.cychipprotect)
 .cychipprotect
                0x90600000        0x1 .\CortexM0p\ARM_GCC_541\Debug\cymetadata.o
                0x90600000                cy_meta_chipprotect

.rel.dyn        0x00006d10        0x0 load address 0x90600004
 .rel.iplt      0x00006d10        0x0 d:/cypress/psoc creator/4.4/psoc creator/import/gnu/arm/5.4.1/bin/../lib/gcc/arm-none-eabi/5.4.1/armv6-m/crtbegin.o

.stab
 *(.stab)

.stabstr
 *(.stabstr)

.debug
 *(.debug)

.line
 *(.line)

.debug_srcinfo
 *(.debug_srcinfo)

.debug_sfnames
 *(.debug_sfnames)

.debug_aranges  0x00000000      0xe80
 *(.debug_aranges)
 .debug_aranges
                0x00000000       0x50 .\CortexM0p\ARM_GCC_541\Debug\main.o
 .debug_aranges
                0x00000050       0x48 .\CortexM0p\ARM_GCC_541\Debug\cyfitter_cfg.o
 .debug_aranges
                0x00000098       0x18 .\CortexM0p\ARM_GCC_541\Debug\cymetadata.o
 .debug_aranges
                0x000000b0       0x48 .\CortexM0p\ARM_GCC_541\Debug\Cm0plusStart.o
 .debug_aranges
                0x000000f8       0xf0 .\CortexM0p\ARM_GCC_541\Debug\Internal_Main.a(ADC_1.o)
 .debug_aranges
                0x000001e8       0x18 .\CortexM0p\ARM_GCC_541\Debug\Internal_Main.a(ADC_1_INIT.o)
 .debug_aranges
                0x00000200       0x20 .\CortexM0p\ARM_GCC_541\Debug\Internal_Main.a(ADC_1_INT.o)
 .debug_aranges
                0x00000220       0x30 .\CortexM0p\ARM_GCC_541\Debug\Internal_Main.a(AMux_1.o)
 .debug_aranges
                0x00000250       0x48 .\CortexM0p\ARM_GCC_541\Debug\Internal_Main.a(PVref_1.o)
 .debug_aranges
                0x00000298       0x50 .\CortexM0p\ARM_GCC_541\Debug\Internal_Main.a(PGA_1.o)
 .debug_aranges
                0x000002e8       0x48 .\CortexM0p\ARM_GCC_541\Debug\Internal_Main.a(Opamp_1.o)
 .debug_aranges
                0x00000330       0x40 .\CortexM0p\ARM_GCC_541\Debug\Internal_Main.a(ADC_1_intSarClock.o)
 .debug_aranges
                0x00000370       0x80 .\CortexM0p\ARM_GCC_541\Debug\Internal_Main.a(ADC_1_IRQ.o)
 .debug_aranges
                0x000003f0      0x1f8 .\CortexM0p\ARM_GCC_541\Debug\Internal_Main.a(CyLib.o)
 .debug_aranges
                0x000005e8      0x1a8 .\CortexM0p\ARM_GCC_541\Debug\Internal_Main.a(CyLFClk.o)
 .debug_aranges
                0x00000790       0x58 .\CortexM0p\ARM_GCC_541\Debug\Internal_Main.a(UART_1.o)
 .debug_aranges
                0x000007e8       0x90 .\CortexM0p\ARM_GCC_541\Debug\Internal_Main.a(UART_1_UART.o)
 .debug_aranges
                0x00000878       0x60 .\CortexM0p\ARM_GCC_541\Debug\Internal_Main.a(I2C_1.o)
 .debug_aranges
                0x000008d8       0x30 .\CortexM0p\ARM_GCC_541\Debug\Internal_Main.a(I2C_1_I2C.o)
 .debug_aranges
                0x00000908       0x98 .\CortexM0p\ARM_GCC_541\Debug\Internal_Main.a(I2C_1_I2C_MASTER.o)
 .debug_aranges
                0x000009a0       0x48 .\CortexM0p\ARM_GCC_541\Debug\Internal_Main.a(BLUE_LED.o)
 .debug_aranges
                0x000009e8      0x158 .\CortexM0p\ARM_GCC_541\Debug\Internal_Main.a(Timer_1.o)
 .debug_aranges
                0x00000b40      0x158 .\CortexM0p\ARM_GCC_541\Debug\Internal_Main.a(TCPWM_1.o)
 .debug_aranges
                0x00000c98       0x80 .\CortexM0p\ARM_GCC_541\Debug\Internal_Main.a(isr_1.o)
 .debug_aranges
                0x00000d18       0x80 .\CortexM0p\ARM_GCC_541\Debug\Internal_Main.a(isr_print.o)
 .debug_aranges
                0x00000d98       0x20 .\CortexM0p\ARM_GCC_541\Debug\Internal_Main.a(CyBootAsmGnu.o)
 .debug_aranges
                0x00000db8       0x48 .\CortexM0p\ARM_GCC_541\Debug\Internal_Main.a(CyFlash.o)
 .debug_aranges
                0x00000e00       0x60 .\CortexM0p\ARM_GCC_541\Debug\Internal_Main.a(UART_1_SPI_UART.o)
 .debug_aranges
                0x00000e60       0x20 .\CortexM0p\ARM_GCC_541\Debug\Internal_Main.a(I2C_1_I2C_INT.o)

.debug_pubnames
 *(.debug_pubnames)

.debug_info     0x00000000     0x7796
 *(.debug_info .gnu.linkonce.wi.*)
 .debug_info    0x00000000      0xa06 .\CortexM0p\ARM_GCC_541\Debug\main.o
 .debug_info    0x00000a06      0x20f .\CortexM0p\ARM_GCC_541\Debug\cyfitter_cfg.o
 .debug_info    0x00000c15       0xf8 .\CortexM0p\ARM_GCC_541\Debug\cymetadata.o
 .debug_info    0x00000d0d      0x3a5 .\CortexM0p\ARM_GCC_541\Debug\Cm0plusStart.o
 .debug_info    0x000010b2      0xa71 .\CortexM0p\ARM_GCC_541\Debug\Internal_Main.a(ADC_1.o)
 .debug_info    0x00001b23      0x192 .\CortexM0p\ARM_GCC_541\Debug\Internal_Main.a(ADC_1_INIT.o)
 .debug_info    0x00001cb5       0xcb .\CortexM0p\ARM_GCC_541\Debug\Internal_Main.a(ADC_1_INT.o)
 .debug_info    0x00001d80      0x165 .\CortexM0p\ARM_GCC_541\Debug\Internal_Main.a(AMux_1.o)
 .debug_info    0x00001ee5      0x15e .\CortexM0p\ARM_GCC_541\Debug\Internal_Main.a(PVref_1.o)
 .debug_info    0x00002043      0x209 .\CortexM0p\ARM_GCC_541\Debug\Internal_Main.a(PGA_1.o)
 .debug_info    0x0000224c      0x17c .\CortexM0p\ARM_GCC_541\Debug\Internal_Main.a(Opamp_1.o)
 .debug_info    0x000023c8      0x166 .\CortexM0p\ARM_GCC_541\Debug\Internal_Main.a(ADC_1_intSarClock.o)
 .debug_info    0x0000252e      0x305 .\CortexM0p\ARM_GCC_541\Debug\Internal_Main.a(ADC_1_IRQ.o)
 .debug_info    0x00002833      0xe0e .\CortexM0p\ARM_GCC_541\Debug\Internal_Main.a(CyLib.o)
 .debug_info    0x00003641      0xd06 .\CortexM0p\ARM_GCC_541\Debug\Internal_Main.a(CyLFClk.o)
 .debug_info    0x00004347      0x23a .\CortexM0p\ARM_GCC_541\Debug\Internal_Main.a(UART_1.o)
 .debug_info    0x00004581      0x3b5 .\CortexM0p\ARM_GCC_541\Debug\Internal_Main.a(UART_1_UART.o)
 .debug_info    0x00004936      0x298 .\CortexM0p\ARM_GCC_541\Debug\Internal_Main.a(I2C_1.o)
 .debug_info    0x00004bce      0x195 .\CortexM0p\ARM_GCC_541\Debug\Internal_Main.a(I2C_1_I2C.o)
 .debug_info    0x00004d63      0x813 .\CortexM0p\ARM_GCC_541\Debug\Internal_Main.a(I2C_1_I2C_MASTER.o)
 .debug_info    0x00005576      0x19d .\CortexM0p\ARM_GCC_541\Debug\Internal_Main.a(BLUE_LED.o)
 .debug_info    0x00005713      0x8f4 .\CortexM0p\ARM_GCC_541\Debug\Internal_Main.a(Timer_1.o)
 .debug_info    0x00006007      0x8f4 .\CortexM0p\ARM_GCC_541\Debug\Internal_Main.a(TCPWM_1.o)
 .debug_info    0x000068fb      0x305 .\CortexM0p\ARM_GCC_541\Debug\Internal_Main.a(isr_1.o)
 .debug_info    0x00006c00      0x305 .\CortexM0p\ARM_GCC_541\Debug\Internal_Main.a(isr_print.o)
 .debug_info    0x00006f05       0xb2 .\CortexM0p\ARM_GCC_541\Debug\Internal_Main.a(CyBootAsmGnu.o)
 .debug_info    0x00006fb7      0x417 .\CortexM0p\ARM_GCC_541\Debug\Internal_Main.a(CyFlash.o)
 .debug_info    0x000073ce      0x220 .\CortexM0p\ARM_GCC_541\Debug\Internal_Main.a(UART_1_SPI_UART.o)
 .debug_info    0x000075ee      0x1a8 .\CortexM0p\ARM_GCC_541\Debug\Internal_Main.a(I2C_1_I2C_INT.o)

.debug_abbrev   0x00000000     0x20a7
 *(.debug_abbrev)
 .debug_abbrev  0x00000000      0x1c2 .\CortexM0p\ARM_GCC_541\Debug\main.o
 .debug_abbrev  0x000001c2       0xce .\CortexM0p\ARM_GCC_541\Debug\cyfitter_cfg.o
 .debug_abbrev  0x00000290       0x5d .\CortexM0p\ARM_GCC_541\Debug\cymetadata.o
 .debug_abbrev  0x000002ed      0x1d0 .\CortexM0p\ARM_GCC_541\Debug\Cm0plusStart.o
 .debug_abbrev  0x000004bd      0x211 .\CortexM0p\ARM_GCC_541\Debug\Internal_Main.a(ADC_1.o)
 .debug_abbrev  0x000006ce       0x86 .\CortexM0p\ARM_GCC_541\Debug\Internal_Main.a(ADC_1_INIT.o)
 .debug_abbrev  0x00000754       0x65 .\CortexM0p\ARM_GCC_541\Debug\Internal_Main.a(ADC_1_INT.o)
 .debug_abbrev  0x000007b9       0xb1 .\CortexM0p\ARM_GCC_541\Debug\Internal_Main.a(AMux_1.o)
 .debug_abbrev  0x0000086a       0xaa .\CortexM0p\ARM_GCC_541\Debug\Internal_Main.a(PVref_1.o)
 .debug_abbrev  0x00000914      0x103 .\CortexM0p\ARM_GCC_541\Debug\Internal_Main.a(PGA_1.o)
 .debug_abbrev  0x00000a17       0xc8 .\CortexM0p\ARM_GCC_541\Debug\Internal_Main.a(Opamp_1.o)
 .debug_abbrev  0x00000adf       0xb7 .\CortexM0p\ARM_GCC_541\Debug\Internal_Main.a(ADC_1_intSarClock.o)
 .debug_abbrev  0x00000b96      0x19a .\CortexM0p\ARM_GCC_541\Debug\Internal_Main.a(ADC_1_IRQ.o)
 .debug_abbrev  0x00000d30      0x1f5 .\CortexM0p\ARM_GCC_541\Debug\Internal_Main.a(CyLib.o)
 .debug_abbrev  0x00000f25      0x207 .\CortexM0p\ARM_GCC_541\Debug\Internal_Main.a(CyLFClk.o)
 .debug_abbrev  0x0000112c       0xd5 .\CortexM0p\ARM_GCC_541\Debug\Internal_Main.a(UART_1.o)
 .debug_abbrev  0x00001201      0x132 .\CortexM0p\ARM_GCC_541\Debug\Internal_Main.a(UART_1_UART.o)
 .debug_abbrev  0x00001333      0x118 .\CortexM0p\ARM_GCC_541\Debug\Internal_Main.a(I2C_1.o)
 .debug_abbrev  0x0000144b       0xc7 .\CortexM0p\ARM_GCC_541\Debug\Internal_Main.a(I2C_1_I2C.o)
 .debug_abbrev  0x00001512      0x1c2 .\CortexM0p\ARM_GCC_541\Debug\Internal_Main.a(I2C_1_I2C_MASTER.o)
 .debug_abbrev  0x000016d4       0xc8 .\CortexM0p\ARM_GCC_541\Debug\Internal_Main.a(BLUE_LED.o)
 .debug_abbrev  0x0000179c      0x119 .\CortexM0p\ARM_GCC_541\Debug\Internal_Main.a(Timer_1.o)
 .debug_abbrev  0x000018b5      0x119 .\CortexM0p\ARM_GCC_541\Debug\Internal_Main.a(TCPWM_1.o)
 .debug_abbrev  0x000019ce      0x19a .\CortexM0p\ARM_GCC_541\Debug\Internal_Main.a(isr_1.o)
 .debug_abbrev  0x00001b68      0x19a .\CortexM0p\ARM_GCC_541\Debug\Internal_Main.a(isr_print.o)
 .debug_abbrev  0x00001d02       0x14 .\CortexM0p\ARM_GCC_541\Debug\Internal_Main.a(CyBootAsmGnu.o)
 .debug_abbrev  0x00001d16      0x19e .\CortexM0p\ARM_GCC_541\Debug\Internal_Main.a(CyFlash.o)
 .debug_abbrev  0x00001eb4      0x14f .\CortexM0p\ARM_GCC_541\Debug\Internal_Main.a(UART_1_SPI_UART.o)
 .debug_abbrev  0x00002003       0xa4 .\CortexM0p\ARM_GCC_541\Debug\Internal_Main.a(I2C_1_I2C_INT.o)

.debug_line     0x00000000     0x3381
 *(.debug_line)
 .debug_line    0x00000000      0x30d .\CortexM0p\ARM_GCC_541\Debug\main.o
 .debug_line    0x0000030d      0x113 .\CortexM0p\ARM_GCC_541\Debug\cyfitter_cfg.o
 .debug_line    0x00000420      0x119 .\CortexM0p\ARM_GCC_541\Debug\cymetadata.o
 .debug_line    0x00000539      0x21f .\CortexM0p\ARM_GCC_541\Debug\Cm0plusStart.o
 .debug_line    0x00000758      0x3b1 .\CortexM0p\ARM_GCC_541\Debug\Internal_Main.a(ADC_1.o)
 .debug_line    0x00000b09       0x5c .\CortexM0p\ARM_GCC_541\Debug\Internal_Main.a(ADC_1_INIT.o)
 .debug_line    0x00000b65       0x64 .\CortexM0p\ARM_GCC_541\Debug\Internal_Main.a(ADC_1_INT.o)
 .debug_line    0x00000bc9       0xad .\CortexM0p\ARM_GCC_541\Debug\Internal_Main.a(AMux_1.o)
 .debug_line    0x00000c76       0xc1 .\CortexM0p\ARM_GCC_541\Debug\Internal_Main.a(PVref_1.o)
 .debug_line    0x00000d37       0xe2 .\CortexM0p\ARM_GCC_541\Debug\Internal_Main.a(PGA_1.o)
 .debug_line    0x00000e19       0xc3 .\CortexM0p\ARM_GCC_541\Debug\Internal_Main.a(Opamp_1.o)
 .debug_line    0x00000edc       0xc4 .\CortexM0p\ARM_GCC_541\Debug\Internal_Main.a(ADC_1_intSarClock.o)
 .debug_line    0x00000fa0      0x155 .\CortexM0p\ARM_GCC_541\Debug\Internal_Main.a(ADC_1_IRQ.o)
 .debug_line    0x000010f5      0x5df .\CortexM0p\ARM_GCC_541\Debug\Internal_Main.a(CyLib.o)
 .debug_line    0x000016d4      0x5c1 .\CortexM0p\ARM_GCC_541\Debug\Internal_Main.a(CyLFClk.o)
 .debug_line    0x00001c95      0x10c .\CortexM0p\ARM_GCC_541\Debug\Internal_Main.a(UART_1.o)
 .debug_line    0x00001da1      0x1cf .\CortexM0p\ARM_GCC_541\Debug\Internal_Main.a(UART_1_UART.o)
 .debug_line    0x00001f70      0x128 .\CortexM0p\ARM_GCC_541\Debug\Internal_Main.a(I2C_1.o)
 .debug_line    0x00002098       0xc6 .\CortexM0p\ARM_GCC_541\Debug\Internal_Main.a(I2C_1_I2C.o)
 .debug_line    0x0000215e      0x300 .\CortexM0p\ARM_GCC_541\Debug\Internal_Main.a(I2C_1_I2C_MASTER.o)
 .debug_line    0x0000245e       0xc0 .\CortexM0p\ARM_GCC_541\Debug\Internal_Main.a(BLUE_LED.o)
 .debug_line    0x0000251e      0x37b .\CortexM0p\ARM_GCC_541\Debug\Internal_Main.a(Timer_1.o)
 .debug_line    0x00002899      0x37b .\CortexM0p\ARM_GCC_541\Debug\Internal_Main.a(TCPWM_1.o)
 .debug_line    0x00002c14      0x151 .\CortexM0p\ARM_GCC_541\Debug\Internal_Main.a(isr_1.o)
 .debug_line    0x00002d65      0x155 .\CortexM0p\ARM_GCC_541\Debug\Internal_Main.a(isr_print.o)
 .debug_line    0x00002eba       0x68 .\CortexM0p\ARM_GCC_541\Debug\Internal_Main.a(CyBootAsmGnu.o)
 .debug_line    0x00002f22      0x1e1 .\CortexM0p\ARM_GCC_541\Debug\Internal_Main.a(CyFlash.o)
 .debug_line    0x00003103      0x11c .\CortexM0p\ARM_GCC_541\Debug\Internal_Main.a(UART_1_SPI_UART.o)
 .debug_line    0x0000321f      0x162 .\CortexM0p\ARM_GCC_541\Debug\Internal_Main.a(I2C_1_I2C_INT.o)

.debug_frame    0x00000000     0x2e88
 *(.debug_frame)
 .debug_frame   0x00000000       0xe4 .\CortexM0p\ARM_GCC_541\Debug\main.o
 .debug_frame   0x000000e4       0x94 .\CortexM0p\ARM_GCC_541\Debug\cyfitter_cfg.o
 .debug_frame   0x00000178       0xbc .\CortexM0p\ARM_GCC_541\Debug\Cm0plusStart.o
 .debug_frame   0x00000234      0x2a8 .\CortexM0p\ARM_GCC_541\Debug\Internal_Main.a(ADC_1.o)
 .debug_frame   0x000004dc       0x20 .\CortexM0p\ARM_GCC_541\Debug\Internal_Main.a(ADC_1_INT.o)
 .debug_frame   0x000004fc       0x64 .\CortexM0p\ARM_GCC_541\Debug\Internal_Main.a(AMux_1.o)
 .debug_frame   0x00000560       0x7c .\CortexM0p\ARM_GCC_541\Debug\Internal_Main.a(PVref_1.o)
 .debug_frame   0x000005dc       0xc4 .\CortexM0p\ARM_GCC_541\Debug\Internal_Main.a(PGA_1.o)
 .debug_frame   0x000006a0       0x7c .\CortexM0p\ARM_GCC_541\Debug\Internal_Main.a(Opamp_1.o)
 .debug_frame   0x0000071c       0x6c .\CortexM0p\ARM_GCC_541\Debug\Internal_Main.a(ADC_1_intSarClock.o)
 .debug_frame   0x00000788      0x110 .\CortexM0p\ARM_GCC_541\Debug\Internal_Main.a(ADC_1_IRQ.o)
 .debug_frame   0x00000898      0x500 .\CortexM0p\ARM_GCC_541\Debug\Internal_Main.a(CyLib.o)
 .debug_frame   0x00000d98      0x484 .\CortexM0p\ARM_GCC_541\Debug\Internal_Main.a(CyLFClk.o)
 .debug_frame   0x0000121c       0xd8 .\CortexM0p\ARM_GCC_541\Debug\Internal_Main.a(UART_1.o)
 .debug_frame   0x000012f4      0x144 .\CortexM0p\ARM_GCC_541\Debug\Internal_Main.a(UART_1_UART.o)
 .debug_frame   0x00001438       0xe8 .\CortexM0p\ARM_GCC_541\Debug\Internal_Main.a(I2C_1.o)
 .debug_frame   0x00001520       0x58 .\CortexM0p\ARM_GCC_541\Debug\Internal_Main.a(I2C_1_I2C.o)
 .debug_frame   0x00001578      0x1d8 .\CortexM0p\ARM_GCC_541\Debug\Internal_Main.a(I2C_1_I2C_MASTER.o)
 .debug_frame   0x00001750       0x70 .\CortexM0p\ARM_GCC_541\Debug\Internal_Main.a(BLUE_LED.o)
 .debug_frame   0x000017c0      0x3a0 .\CortexM0p\ARM_GCC_541\Debug\Internal_Main.a(Timer_1.o)
 .debug_frame   0x00001b60      0x3a0 .\CortexM0p\ARM_GCC_541\Debug\Internal_Main.a(TCPWM_1.o)
 .debug_frame   0x00001f00      0x110 .\CortexM0p\ARM_GCC_541\Debug\Internal_Main.a(isr_1.o)
 .debug_frame   0x00002010      0x110 .\CortexM0p\ARM_GCC_541\Debug\Internal_Main.a(isr_print.o)
 .debug_frame   0x00002120       0xa8 .\CortexM0p\ARM_GCC_541\Debug\Internal_Main.a(CyFlash.o)
 .debug_frame   0x000021c8       0xb0 .\CortexM0p\ARM_GCC_541\Debug\Internal_Main.a(UART_1_SPI_UART.o)
 .debug_frame   0x00002278       0x2c .\CortexM0p\ARM_GCC_541\Debug\Internal_Main.a(I2C_1_I2C_INT.o)
 .debug_frame   0x000022a4       0x20 d:/cypress/psoc creator/4.4/psoc creator/import/gnu/arm/5.4.1/bin/../lib/gcc/arm-none-eabi/5.4.1/armv6-m\libgcc.a(_udivsi3.o)
 .debug_frame   0x000022c4       0x20 d:/cypress/psoc creator/4.4/psoc creator/import/gnu/arm/5.4.1/bin/../lib/gcc/arm-none-eabi/5.4.1/armv6-m\libgcc.a(_divsi3.o)
 .debug_frame   0x000022e4       0x34 d:/cypress/psoc creator/4.4/psoc creator/import/gnu/arm/5.4.1/bin/../lib/gcc/arm-none-eabi/5.4.1/armv6-m\libgcc.a(_muldi3.o)
 .debug_frame   0x00002318       0x30 d:/cypress/psoc creator/4.4/psoc creator/import/gnu/arm/5.4.1/bin/../lib/gcc/arm-none-eabi/5.4.1/armv6-m\libgcc.a(bpabi.o)
 .debug_frame   0x00002348       0x3c d:/cypress/psoc creator/4.4/psoc creator/import/gnu/arm/5.4.1/bin/../lib/gcc/arm-none-eabi/5.4.1/armv6-m\libgcc.a(divsf3.o)
 .debug_frame   0x00002384       0x38 d:/cypress/psoc creator/4.4/psoc creator/import/gnu/arm/5.4.1/bin/../lib/gcc/arm-none-eabi/5.4.1/armv6-m\libgcc.a(mulsf3.o)
 .debug_frame   0x000023bc       0x30 d:/cypress/psoc creator/4.4/psoc creator/import/gnu/arm/5.4.1/bin/../lib/gcc/arm-none-eabi/5.4.1/armv6-m\libgcc.a(subsf3.o)
 .debug_frame   0x000023ec       0x2c d:/cypress/psoc creator/4.4/psoc creator/import/gnu/arm/5.4.1/bin/../lib/gcc/arm-none-eabi/5.4.1/armv6-m\libgcc.a(floatsisf.o)
 .debug_frame   0x00002418       0x3c d:/cypress/psoc creator/4.4/psoc creator/import/gnu/arm/5.4.1/bin/../lib/gcc/arm-none-eabi/5.4.1/armv6-m\libgcc.a(divdf3.o)
 .debug_frame   0x00002454       0x2c d:/cypress/psoc creator/4.4/psoc creator/import/gnu/arm/5.4.1/bin/../lib/gcc/arm-none-eabi/5.4.1/armv6-m\libgcc.a(extendsfdf2.o)
 .debug_frame   0x00002480       0x2c d:/cypress/psoc creator/4.4/psoc creator/import/gnu/arm/5.4.1/bin/../lib/gcc/arm-none-eabi/5.4.1/armv6-m\libgcc.a(truncdfsf2.o)
 .debug_frame   0x000024ac       0x3c d:/cypress/psoc creator/4.4/psoc creator/import/gnu/arm/5.4.1/bin/../lib/gcc/arm-none-eabi/5.4.1/armv6-m\libgcc.a(_divdi3.o)
 .debug_frame   0x000024e8       0x20 d:/cypress/psoc creator/4.4/psoc creator/import/gnu/arm/5.4.1/bin/../lib/gcc/arm-none-eabi/5.4.1/../../../../arm-none-eabi/lib/armv6-m\libg_nano.a(lib_a-errno.o)
 .debug_frame   0x00002508       0x28 d:/cypress/psoc creator/4.4/psoc creator/import/gnu/arm/5.4.1/bin/../lib/gcc/arm-none-eabi/5.4.1/../../../../arm-none-eabi/lib/armv6-m\libg_nano.a(lib_a-exit.o)
 .debug_frame   0x00002530       0x2c d:/cypress/psoc creator/4.4/psoc creator/import/gnu/arm/5.4.1/bin/../lib/gcc/arm-none-eabi/5.4.1/../../../../arm-none-eabi/lib/armv6-m\libg_nano.a(lib_a-init.o)
 .debug_frame   0x0000255c       0x28 d:/cypress/psoc creator/4.4/psoc creator/import/gnu/arm/5.4.1/bin/../lib/gcc/arm-none-eabi/5.4.1/../../../../arm-none-eabi/lib/armv6-m\libg_nano.a(lib_a-memcpy-stub.o)
 .debug_frame   0x00002584       0x20 d:/cypress/psoc creator/4.4/psoc creator/import/gnu/arm/5.4.1/bin/../lib/gcc/arm-none-eabi/5.4.1/../../../../arm-none-eabi/lib/armv6-m\libg_nano.a(lib_a-memset.o)
 .debug_frame   0x000025a4       0x74 d:/cypress/psoc creator/4.4/psoc creator/import/gnu/arm/5.4.1/bin/../lib/gcc/arm-none-eabi/5.4.1/../../../../arm-none-eabi/lib/armv6-m\libg_nano.a(lib_a-nano-vfprintf_float.o)
 .debug_frame   0x00002618       0x54 d:/cypress/psoc creator/4.4/psoc creator/import/gnu/arm/5.4.1/bin/../lib/gcc/arm-none-eabi/5.4.1/../../../../arm-none-eabi/lib/armv6-m\libg_nano.a(lib_a-nano-vfprintf_i.o)
 .debug_frame   0x0000266c       0x50 d:/cypress/psoc creator/4.4/psoc creator/import/gnu/arm/5.4.1/bin/../lib/gcc/arm-none-eabi/5.4.1/../../../../arm-none-eabi/lib/armv6-m\libg_nano.a(lib_a-sprintf.o)
 .debug_frame   0x000026bc       0x54 d:/cypress/psoc creator/4.4/psoc creator/import/gnu/arm/5.4.1/bin/../lib/gcc/arm-none-eabi/5.4.1/../../../../arm-none-eabi/lib/armv6-m\libg_nano.a(lib_a-dtoa.o)
 .debug_frame   0x00002710       0xa4 d:/cypress/psoc creator/4.4/psoc creator/import/gnu/arm/5.4.1/bin/../lib/gcc/arm-none-eabi/5.4.1/../../../../arm-none-eabi/lib/armv6-m\libg_nano.a(lib_a-locale.o)
 .debug_frame   0x000027b4       0x40 d:/cypress/psoc creator/4.4/psoc creator/import/gnu/arm/5.4.1/bin/../lib/gcc/arm-none-eabi/5.4.1/../../../../arm-none-eabi/lib/armv6-m\libg_nano.a(lib_a-malloc.o)
 .debug_frame   0x000027f4       0x20 d:/cypress/psoc creator/4.4/psoc creator/import/gnu/arm/5.4.1/bin/../lib/gcc/arm-none-eabi/5.4.1/../../../../arm-none-eabi/lib/armv6-m\libg_nano.a(lib_a-memchr-stub.o)
 .debug_frame   0x00002814      0x238 d:/cypress/psoc creator/4.4/psoc creator/import/gnu/arm/5.4.1/bin/../lib/gcc/arm-none-eabi/5.4.1/../../../../arm-none-eabi/lib/armv6-m\libg_nano.a(lib_a-mprec.o)
 .debug_frame   0x00002a4c       0x2c d:/cypress/psoc creator/4.4/psoc creator/import/gnu/arm/5.4.1/bin/../lib/gcc/arm-none-eabi/5.4.1/../../../../arm-none-eabi/lib/armv6-m\libg_nano.a(lib_a-nano-callocr.o)
 .debug_frame   0x00002a78       0x2c d:/cypress/psoc creator/4.4/psoc creator/import/gnu/arm/5.4.1/bin/../lib/gcc/arm-none-eabi/5.4.1/../../../../arm-none-eabi/lib/armv6-m\libg_nano.a(lib_a-nano-freer.o)
 .debug_frame   0x00002aa4       0x2c d:/cypress/psoc creator/4.4/psoc creator/import/gnu/arm/5.4.1/bin/../lib/gcc/arm-none-eabi/5.4.1/../../../../arm-none-eabi/lib/armv6-m\libg_nano.a(lib_a-nano-mallocr.o)
 .debug_frame   0x00002ad0       0x74 d:/cypress/psoc creator/4.4/psoc creator/import/gnu/arm/5.4.1/bin/../lib/gcc/arm-none-eabi/5.4.1/../../../../arm-none-eabi/lib/armv6-m\libg_nano.a(lib_a-nano-svfprintf.o)
 .debug_frame   0x00002b44       0x2c d:/cypress/psoc creator/4.4/psoc creator/import/gnu/arm/5.4.1/bin/../lib/gcc/arm-none-eabi/5.4.1/../../../../arm-none-eabi/lib/armv6-m\libg_nano.a(lib_a-sbrkr.o)
 .debug_frame   0x00002b70       0x20 d:/cypress/psoc creator/4.4/psoc creator/import/gnu/arm/5.4.1/bin/../lib/gcc/arm-none-eabi/5.4.1/../../../../arm-none-eabi/lib/armv6-m\libg_nano.a(lib_a-strcmp.o)
 .debug_frame   0x00002b90       0x28 d:/cypress/psoc creator/4.4/psoc creator/import/gnu/arm/5.4.1/bin/../lib/gcc/arm-none-eabi/5.4.1/../../../../arm-none-eabi/lib/armv6-m\libg_nano.a(lib_a-memmove.o)
 .debug_frame   0x00002bb8       0x30 d:/cypress/psoc creator/4.4/psoc creator/import/gnu/arm/5.4.1/bin/../lib/gcc/arm-none-eabi/5.4.1/../../../../arm-none-eabi/lib/armv6-m\libg_nano.a(lib_a-mlock.o)
 .debug_frame   0x00002be8       0x30 d:/cypress/psoc creator/4.4/psoc creator/import/gnu/arm/5.4.1/bin/../lib/gcc/arm-none-eabi/5.4.1/../../../../arm-none-eabi/lib/armv6-m\libg_nano.a(lib_a-nano-reallocr.o)
 .debug_frame   0x00002c18       0x48 d:/cypress/psoc creator/4.4/psoc creator/import/gnu/arm/5.4.1/bin/../lib/gcc/arm-none-eabi/5.4.1/../../../../arm-none-eabi/lib/armv6-m\libg_nano.a(lib_a-reent.o)
 .debug_frame   0x00002c60       0x20 d:/cypress/psoc creator/4.4/psoc creator/import/gnu/arm/5.4.1/bin/../lib/gcc/arm-none-eabi/5.4.1/../../../../arm-none-eabi/lib/armv6-m\libg_nano.a(lib_a-nano-msizer.o)
 .debug_frame   0x00002c80       0x3c d:/cypress/psoc creator/4.4/psoc creator/import/gnu/arm/5.4.1/bin/../lib/gcc/arm-none-eabi/5.4.1/armv6-m\libgcc.a(adddf3.o)
 .debug_frame   0x00002cbc       0x38 d:/cypress/psoc creator/4.4/psoc creator/import/gnu/arm/5.4.1/bin/../lib/gcc/arm-none-eabi/5.4.1/armv6-m\libgcc.a(eqdf2.o)
 .debug_frame   0x00002cf4       0x38 d:/cypress/psoc creator/4.4/psoc creator/import/gnu/arm/5.4.1/bin/../lib/gcc/arm-none-eabi/5.4.1/armv6-m\libgcc.a(gedf2.o)
 .debug_frame   0x00002d2c       0x38 d:/cypress/psoc creator/4.4/psoc creator/import/gnu/arm/5.4.1/bin/../lib/gcc/arm-none-eabi/5.4.1/armv6-m\libgcc.a(ledf2.o)
 .debug_frame   0x00002d64       0x3c d:/cypress/psoc creator/4.4/psoc creator/import/gnu/arm/5.4.1/bin/../lib/gcc/arm-none-eabi/5.4.1/armv6-m\libgcc.a(muldf3.o)
 .debug_frame   0x00002da0       0x38 d:/cypress/psoc creator/4.4/psoc creator/import/gnu/arm/5.4.1/bin/../lib/gcc/arm-none-eabi/5.4.1/armv6-m\libgcc.a(subdf3.o)
 .debug_frame   0x00002dd8       0x2c d:/cypress/psoc creator/4.4/psoc creator/import/gnu/arm/5.4.1/bin/../lib/gcc/arm-none-eabi/5.4.1/armv6-m\libgcc.a(unorddf2.o)
 .debug_frame   0x00002e04       0x2c d:/cypress/psoc creator/4.4/psoc creator/import/gnu/arm/5.4.1/bin/../lib/gcc/arm-none-eabi/5.4.1/armv6-m\libgcc.a(fixdfsi.o)
 .debug_frame   0x00002e30       0x2c d:/cypress/psoc creator/4.4/psoc creator/import/gnu/arm/5.4.1/bin/../lib/gcc/arm-none-eabi/5.4.1/armv6-m\libgcc.a(floatsidf.o)
 .debug_frame   0x00002e5c       0x2c d:/cypress/psoc creator/4.4/psoc creator/import/gnu/arm/5.4.1/bin/../lib/gcc/arm-none-eabi/5.4.1/armv6-m\libgcc.a(floatunsidf.o)

.debug_str      0x00000000     0x3041
 *(.debug_str)
 .debug_str     0x00000000      0x49a .\CortexM0p\ARM_GCC_541\Debug\main.o
                                0x4e5 (size before relaxing)
 .debug_str     0x0000049a       0xdb .\CortexM0p\ARM_GCC_541\Debug\cyfitter_cfg.o
                                0x291 (size before relaxing)
 .debug_str     0x00000575       0x63 .\CortexM0p\ARM_GCC_541\Debug\cymetadata.o
                                0x1ee (size before relaxing)
 .debug_str     0x000005d8      0x15b .\CortexM0p\ARM_GCC_541\Debug\Cm0plusStart.o
                                0x335 (size before relaxing)
 .debug_str     0x00000733      0x492 .\CortexM0p\ARM_GCC_541\Debug\Internal_Main.a(ADC_1.o)
                                0x6e1 (size before relaxing)
 .debug_str     0x00000bc5       0x24 .\CortexM0p\ARM_GCC_541\Debug\Internal_Main.a(ADC_1_INIT.o)
                                0x296 (size before relaxing)
 .debug_str     0x00000be9       0x39 .\CortexM0p\ARM_GCC_541\Debug\Internal_Main.a(ADC_1_INT.o)
                                0x1e7 (size before relaxing)
 .debug_str     0x00000c22       0x45 .\CortexM0p\ARM_GCC_541\Debug\Internal_Main.a(AMux_1.o)
                                0x217 (size before relaxing)
 .debug_str     0x00000c67       0x82 .\CortexM0p\ARM_GCC_541\Debug\Internal_Main.a(PVref_1.o)
                                0x23e (size before relaxing)
 .debug_str     0x00000ce9       0xc7 .\CortexM0p\ARM_GCC_541\Debug\Internal_Main.a(PGA_1.o)
                                0x27b (size before relaxing)
 .debug_str     0x00000db0       0x9b .\CortexM0p\ARM_GCC_541\Debug\Internal_Main.a(Opamp_1.o)
                                0x24e (size before relaxing)
 .debug_str     0x00000e4b       0xa8 .\CortexM0p\ARM_GCC_541\Debug\Internal_Main.a(ADC_1_intSarClock.o)
                                0x2b9 (size before relaxing)
 .debug_str     0x00000ef3      0x160 .\CortexM0p\ARM_GCC_541\Debug\Internal_Main.a(ADC_1_IRQ.o)
                                0x348 (size before relaxing)
 .debug_str     0x00001053      0x650 .\CortexM0p\ARM_GCC_541\Debug\Internal_Main.a(CyLib.o)
                                0x8db (size before relaxing)
 .debug_str     0x000016a3      0x63d .\CortexM0p\ARM_GCC_541\Debug\Internal_Main.a(CyLFClk.o)
                                0x8bf (size before relaxing)
 .debug_str     0x00001ce0      0x111 .\CortexM0p\ARM_GCC_541\Debug\Internal_Main.a(UART_1.o)
                                0x2d9 (size before relaxing)
 .debug_str     0x00001df1      0x1d5 .\CortexM0p\ARM_GCC_541\Debug\Internal_Main.a(UART_1_UART.o)
                                0x416 (size before relaxing)
 .debug_str     0x00001fc6       0xf9 .\CortexM0p\ARM_GCC_541\Debug\Internal_Main.a(I2C_1.o)
                                0x300 (size before relaxing)
 .debug_str     0x000020bf       0x80 .\CortexM0p\ARM_GCC_541\Debug\Internal_Main.a(I2C_1_I2C.o)
                                0x284 (size before relaxing)
 .debug_str     0x0000213f      0x2b6 .\CortexM0p\ARM_GCC_541\Debug\Internal_Main.a(I2C_1_I2C_MASTER.o)
                                0x514 (size before relaxing)
 .debug_str     0x000023f5       0xb1 .\CortexM0p\ARM_GCC_541\Debug\Internal_Main.a(BLUE_LED.o)
                                0x271 (size before relaxing)
 .debug_str     0x000024a6      0x408 .\CortexM0p\ARM_GCC_541\Debug\Internal_Main.a(Timer_1.o)
                                0x62b (size before relaxing)
 .debug_str     0x000028ae      0x356 .\CortexM0p\ARM_GCC_541\Debug\Internal_Main.a(TCPWM_1.o)
                                0x62b (size before relaxing)
 .debug_str     0x00002c04       0xd8 .\CortexM0p\ARM_GCC_541\Debug\Internal_Main.a(isr_1.o)
                                0x310 (size before relaxing)
 .debug_str     0x00002cdc      0x10c .\CortexM0p\ARM_GCC_541\Debug\Internal_Main.a(isr_print.o)
                                0x348 (size before relaxing)
 .debug_str     0x00002de8      0x11d .\CortexM0p\ARM_GCC_541\Debug\Internal_Main.a(CyFlash.o)
                                0x348 (size before relaxing)
 .debug_str     0x00002f05       0xf1 .\CortexM0p\ARM_GCC_541\Debug\Internal_Main.a(UART_1_SPI_UART.o)
                                0x308 (size before relaxing)
 .debug_str     0x00002ff6       0x4b .\CortexM0p\ARM_GCC_541\Debug\Internal_Main.a(I2C_1_I2C_INT.o)
                                0x300 (size before relaxing)

.debug_loc      0x00000000     0x3fdb
 *(.debug_loc)
 .debug_loc     0x00000000      0x3dd .\CortexM0p\ARM_GCC_541\Debug\main.o
 .debug_loc     0x000003dd       0x1e .\CortexM0p\ARM_GCC_541\Debug\cyfitter_cfg.o
 .debug_loc     0x000003fb      0x14f .\CortexM0p\ARM_GCC_541\Debug\Cm0plusStart.o
 .debug_loc     0x0000054a      0x877 .\CortexM0p\ARM_GCC_541\Debug\Internal_Main.a(ADC_1.o)
 .debug_loc     0x00000dc1       0x6c .\CortexM0p\ARM_GCC_541\Debug\Internal_Main.a(AMux_1.o)
 .debug_loc     0x00000e2d       0x2e .\CortexM0p\ARM_GCC_541\Debug\Internal_Main.a(PVref_1.o)
 .debug_loc     0x00000e5b       0x7c .\CortexM0p\ARM_GCC_541\Debug\Internal_Main.a(PGA_1.o)
 .debug_loc     0x00000ed7       0x21 .\CortexM0p\ARM_GCC_541\Debug\Internal_Main.a(Opamp_1.o)
 .debug_loc     0x00000ef8       0x76 .\CortexM0p\ARM_GCC_541\Debug\Internal_Main.a(ADC_1_intSarClock.o)
 .debug_loc     0x00000f6e       0x82 .\CortexM0p\ARM_GCC_541\Debug\Internal_Main.a(ADC_1_IRQ.o)
 .debug_loc     0x00000ff0      0x868 .\CortexM0p\ARM_GCC_541\Debug\Internal_Main.a(CyLib.o)
 .debug_loc     0x00001858      0xa88 .\CortexM0p\ARM_GCC_541\Debug\Internal_Main.a(CyLFClk.o)
 .debug_loc     0x000022e0       0x7e .\CortexM0p\ARM_GCC_541\Debug\Internal_Main.a(UART_1.o)
 .debug_loc     0x0000235e      0x223 .\CortexM0p\ARM_GCC_541\Debug\Internal_Main.a(UART_1_UART.o)
 .debug_loc     0x00002581       0x7e .\CortexM0p\ARM_GCC_541\Debug\Internal_Main.a(I2C_1.o)
 .debug_loc     0x000025ff      0xa49 .\CortexM0p\ARM_GCC_541\Debug\Internal_Main.a(I2C_1_I2C_MASTER.o)
 .debug_loc     0x00003048       0xa2 .\CortexM0p\ARM_GCC_541\Debug\Internal_Main.a(BLUE_LED.o)
 .debug_loc     0x000030ea      0x547 .\CortexM0p\ARM_GCC_541\Debug\Internal_Main.a(Timer_1.o)
 .debug_loc     0x00003631      0x547 .\CortexM0p\ARM_GCC_541\Debug\Internal_Main.a(TCPWM_1.o)
 .debug_loc     0x00003b78       0x82 .\CortexM0p\ARM_GCC_541\Debug\Internal_Main.a(isr_1.o)
 .debug_loc     0x00003bfa       0x82 .\CortexM0p\ARM_GCC_541\Debug\Internal_Main.a(isr_print.o)
 .debug_loc     0x00003c7c      0x1bd .\CortexM0p\ARM_GCC_541\Debug\Internal_Main.a(CyFlash.o)
 .debug_loc     0x00003e39       0x96 .\CortexM0p\ARM_GCC_541\Debug\Internal_Main.a(UART_1_SPI_UART.o)
 .debug_loc     0x00003ecf      0x10c .\CortexM0p\ARM_GCC_541\Debug\Internal_Main.a(I2C_1_I2C_INT.o)

.debug_macinfo
 *(.debug_macinfo)

.debug_ranges   0x00000000      0xc90
 *(.debug_ranges)
 .debug_ranges  0x00000000       0x40 .\CortexM0p\ARM_GCC_541\Debug\main.o
 .debug_ranges  0x00000040       0x38 .\CortexM0p\ARM_GCC_541\Debug\cyfitter_cfg.o
 .debug_ranges  0x00000078       0x38 .\CortexM0p\ARM_GCC_541\Debug\Cm0plusStart.o
 .debug_ranges  0x000000b0       0xe0 .\CortexM0p\ARM_GCC_541\Debug\Internal_Main.a(ADC_1.o)
 .debug_ranges  0x00000190       0x10 .\CortexM0p\ARM_GCC_541\Debug\Internal_Main.a(ADC_1_INT.o)
 .debug_ranges  0x000001a0       0x20 .\CortexM0p\ARM_GCC_541\Debug\Internal_Main.a(AMux_1.o)
 .debug_ranges  0x000001c0       0x38 .\CortexM0p\ARM_GCC_541\Debug\Internal_Main.a(PVref_1.o)
 .debug_ranges  0x000001f8       0x40 .\CortexM0p\ARM_GCC_541\Debug\Internal_Main.a(PGA_1.o)
 .debug_ranges  0x00000238       0x38 .\CortexM0p\ARM_GCC_541\Debug\Internal_Main.a(Opamp_1.o)
 .debug_ranges  0x00000270       0x30 .\CortexM0p\ARM_GCC_541\Debug\Internal_Main.a(ADC_1_intSarClock.o)
 .debug_ranges  0x000002a0       0x70 .\CortexM0p\ARM_GCC_541\Debug\Internal_Main.a(ADC_1_IRQ.o)
 .debug_ranges  0x00000310      0x1e8 .\CortexM0p\ARM_GCC_541\Debug\Internal_Main.a(CyLib.o)
 .debug_ranges  0x000004f8      0x198 .\CortexM0p\ARM_GCC_541\Debug\Internal_Main.a(CyLFClk.o)
 .debug_ranges  0x00000690       0x48 .\CortexM0p\ARM_GCC_541\Debug\Internal_Main.a(UART_1.o)
 .debug_ranges  0x000006d8       0x80 .\CortexM0p\ARM_GCC_541\Debug\Internal_Main.a(UART_1_UART.o)
 .debug_ranges  0x00000758       0x50 .\CortexM0p\ARM_GCC_541\Debug\Internal_Main.a(I2C_1.o)
 .debug_ranges  0x000007a8       0x20 .\CortexM0p\ARM_GCC_541\Debug\Internal_Main.a(I2C_1_I2C.o)
 .debug_ranges  0x000007c8       0x88 .\CortexM0p\ARM_GCC_541\Debug\Internal_Main.a(I2C_1_I2C_MASTER.o)
 .debug_ranges  0x00000850       0x38 .\CortexM0p\ARM_GCC_541\Debug\Internal_Main.a(BLUE_LED.o)
 .debug_ranges  0x00000888      0x148 .\CortexM0p\ARM_GCC_541\Debug\Internal_Main.a(Timer_1.o)
 .debug_ranges  0x000009d0      0x148 .\CortexM0p\ARM_GCC_541\Debug\Internal_Main.a(TCPWM_1.o)
 .debug_ranges  0x00000b18       0x70 .\CortexM0p\ARM_GCC_541\Debug\Internal_Main.a(isr_1.o)
 .debug_ranges  0x00000b88       0x70 .\CortexM0p\ARM_GCC_541\Debug\Internal_Main.a(isr_print.o)
 .debug_ranges  0x00000bf8       0x38 .\CortexM0p\ARM_GCC_541\Debug\Internal_Main.a(CyFlash.o)
 .debug_ranges  0x00000c30       0x50 .\CortexM0p\ARM_GCC_541\Debug\Internal_Main.a(UART_1_SPI_UART.o)
 .debug_ranges  0x00000c80       0x10 .\CortexM0p\ARM_GCC_541\Debug\Internal_Main.a(I2C_1_I2C_INT.o)

.comment        0x00000000       0x6e
 .comment       0x00000000       0x6e .\CortexM0p\ARM_GCC_541\Debug\main.o
                                 0x6f (size before relaxing)
 .comment       0x0000006e       0x6f .\CortexM0p\ARM_GCC_541\Debug\cyfitter_cfg.o
 .comment       0x0000006e       0x6f .\CortexM0p\ARM_GCC_541\Debug\cymetadata.o
 .comment       0x0000006e       0x6f .\CortexM0p\ARM_GCC_541\Debug\Cm0plusStart.o
 .comment       0x0000006e       0x6f .\CortexM0p\ARM_GCC_541\Debug\Internal_Main.a(ADC_1.o)
 .comment       0x0000006e       0x6f .\CortexM0p\ARM_GCC_541\Debug\Internal_Main.a(ADC_1_INIT.o)
 .comment       0x0000006e       0x6f .\CortexM0p\ARM_GCC_541\Debug\Internal_Main.a(ADC_1_INT.o)
 .comment       0x0000006e       0x6f .\CortexM0p\ARM_GCC_541\Debug\Internal_Main.a(AMux_1.o)
 .comment       0x0000006e       0x6f .\CortexM0p\ARM_GCC_541\Debug\Internal_Main.a(PVref_1.o)
 .comment       0x0000006e       0x6f .\CortexM0p\ARM_GCC_541\Debug\Internal_Main.a(PGA_1.o)
 .comment       0x0000006e       0x6f .\CortexM0p\ARM_GCC_541\Debug\Internal_Main.a(Opamp_1.o)
 .comment       0x0000006e       0x6f .\CortexM0p\ARM_GCC_541\Debug\Internal_Main.a(ADC_1_intSarClock.o)
 .comment       0x0000006e       0x6f .\CortexM0p\ARM_GCC_541\Debug\Internal_Main.a(ADC_1_IRQ.o)
 .comment       0x0000006e       0x6f .\CortexM0p\ARM_GCC_541\Debug\Internal_Main.a(CyLib.o)
 .comment       0x0000006e       0x6f .\CortexM0p\ARM_GCC_541\Debug\Internal_Main.a(CyLFClk.o)
 .comment       0x0000006e       0x6f .\CortexM0p\ARM_GCC_541\Debug\Internal_Main.a(UART_1.o)
 .comment       0x0000006e       0x6f .\CortexM0p\ARM_GCC_541\Debug\Internal_Main.a(UART_1_UART.o)
 .comment       0x0000006e       0x6f .\CortexM0p\ARM_GCC_541\Debug\Internal_Main.a(I2C_1.o)
 .comment       0x0000006e       0x6f .\CortexM0p\ARM_GCC_541\Debug\Internal_Main.a(I2C_1_I2C.o)
 .comment       0x0000006e       0x6f .\CortexM0p\ARM_GCC_541\Debug\Internal_Main.a(I2C_1_I2C_MASTER.o)
 .comment       0x0000006e       0x6f .\CortexM0p\ARM_GCC_541\Debug\Internal_Main.a(BLUE_LED.o)
 .comment       0x0000006e       0x6f .\CortexM0p\ARM_GCC_541\Debug\Internal_Main.a(Timer_1.o)
 .comment       0x0000006e       0x6f .\CortexM0p\ARM_GCC_541\Debug\Internal_Main.a(TCPWM_1.o)
 .comment       0x0000006e       0x6f .\CortexM0p\ARM_GCC_541\Debug\Internal_Main.a(isr_1.o)
 .comment       0x0000006e       0x6f .\CortexM0p\ARM_GCC_541\Debug\Internal_Main.a(isr_print.o)
 .comment       0x0000006e       0x6f .\CortexM0p\ARM_GCC_541\Debug\Internal_Main.a(CyFlash.o)
 .comment       0x0000006e       0x6f .\CortexM0p\ARM_GCC_541\Debug\Internal_Main.a(UART_1_SPI_UART.o)
 .comment       0x0000006e       0x6f .\CortexM0p\ARM_GCC_541\Debug\Internal_Main.a(I2C_1_I2C_INT.o)

.debug_weaknames
 *(.debug_weaknames)

.debug_funcnames
 *(.debug_funcnames)

.debug_typenames
 *(.debug_typenames)

.debug_varnames
 *(.debug_varnames)

.note.gnu.arm.ident
 *(.note.gnu.arm.ident)

.ARM.attributes
                0x00000000       0x28
 *(.ARM.attributes)
 .ARM.attributes
                0x00000000       0x1e d:/cypress/psoc creator/4.4/psoc creator/import/gnu/arm/5.4.1/bin/../lib/gcc/arm-none-eabi/5.4.1/armv6-m/crti.o
 .ARM.attributes
                0x0000001e       0x2c d:/cypress/psoc creator/4.4/psoc creator/import/gnu/arm/5.4.1/bin/../lib/gcc/arm-none-eabi/5.4.1/armv6-m/crtbegin.o
 .ARM.attributes
                0x0000004a       0x1b d:/cypress/psoc creator/4.4/psoc creator/import/gnu/arm/5.4.1/bin/../lib/gcc/arm-none-eabi/5.4.1/../../../../arm-none-eabi/lib/armv6-m/crt0.o
 .ARM.attributes
                0x00000065       0x32 .\CortexM0p\ARM_GCC_541\Debug\main.o
 .ARM.attributes
                0x00000097       0x32 .\CortexM0p\ARM_GCC_541\Debug\cyfitter_cfg.o
 .ARM.attributes
                0x000000c9       0x32 .\CortexM0p\ARM_GCC_541\Debug\cymetadata.o
 .ARM.attributes
                0x000000fb       0x32 .\CortexM0p\ARM_GCC_541\Debug\Cm0plusStart.o
 .ARM.attributes
                0x0000012d       0x32 .\CortexM0p\ARM_GCC_541\Debug\Internal_Main.a(ADC_1.o)
 .ARM.attributes
                0x0000015f       0x32 .\CortexM0p\ARM_GCC_541\Debug\Internal_Main.a(ADC_1_INIT.o)
 .ARM.attributes
                0x00000191       0x32 .\CortexM0p\ARM_GCC_541\Debug\Internal_Main.a(ADC_1_INT.o)
 .ARM.attributes
                0x000001c3       0x32 .\CortexM0p\ARM_GCC_541\Debug\Internal_Main.a(AMux_1.o)
 .ARM.attributes
                0x000001f5       0x32 .\CortexM0p\ARM_GCC_541\Debug\Internal_Main.a(PVref_1.o)
 .ARM.attributes
                0x00000227       0x32 .\CortexM0p\ARM_GCC_541\Debug\Internal_Main.a(PGA_1.o)
 .ARM.attributes
                0x00000259       0x32 .\CortexM0p\ARM_GCC_541\Debug\Internal_Main.a(Opamp_1.o)
 .ARM.attributes
                0x0000028b       0x32 .\CortexM0p\ARM_GCC_541\Debug\Internal_Main.a(ADC_1_intSarClock.o)
 .ARM.attributes
                0x000002bd       0x32 .\CortexM0p\ARM_GCC_541\Debug\Internal_Main.a(ADC_1_IRQ.o)
 .ARM.attributes
                0x000002ef       0x32 .\CortexM0p\ARM_GCC_541\Debug\Internal_Main.a(CyLib.o)
 .ARM.attributes
                0x00000321       0x32 .\CortexM0p\ARM_GCC_541\Debug\Internal_Main.a(CyLFClk.o)
 .ARM.attributes
                0x00000353       0x32 .\CortexM0p\ARM_GCC_541\Debug\Internal_Main.a(UART_1.o)
 .ARM.attributes
                0x00000385       0x32 .\CortexM0p\ARM_GCC_541\Debug\Internal_Main.a(UART_1_UART.o)
 .ARM.attributes