Archive member included to satisfy reference by file (symbol)

.\CortexM0p\ARM_GCC_541\Debug\TJ Temperature Spatial Profile.a(CyLib.o)
                              .\CortexM0p\ARM_GCC_541\Debug\cyfitter_cfg.o (CyIntEnable)
.\CortexM0p\ARM_GCC_541\Debug\TJ Temperature Spatial Profile.a(CyLFClk.o)
                              .\CortexM0p\ARM_GCC_541\Debug\TJ Temperature Spatial Profile.a(CyLib.o) (CySysClkWcoEnabled)
.\CortexM0p\ARM_GCC_541\Debug\TJ Temperature Spatial Profile.a(AMux_1.o)
                              .\CortexM0p\ARM_GCC_541\Debug\main.o (AMux_1_Start)
.\CortexM0p\ARM_GCC_541\Debug\TJ Temperature Spatial Profile.a(PVref_1.o)
                              .\CortexM0p\ARM_GCC_541\Debug\main.o (PVref_1_Enable)
.\CortexM0p\ARM_GCC_541\Debug\TJ Temperature Spatial Profile.a(Opamp_1.o)
                              .\CortexM0p\ARM_GCC_541\Debug\main.o (Opamp_1_Start)
.\CortexM0p\ARM_GCC_541\Debug\TJ Temperature Spatial Profile.a(ADC_1.o)
                              .\CortexM0p\ARM_GCC_541\Debug\main.o (ADC_1_StartConvert)
.\CortexM0p\ARM_GCC_541\Debug\TJ Temperature Spatial Profile.a(ADC_1_INIT.o)
                              .\CortexM0p\ARM_GCC_541\Debug\TJ Temperature Spatial Profile.a(ADC_1.o) (ADC_1_allConfigs)
.\CortexM0p\ARM_GCC_541\Debug\TJ Temperature Spatial Profile.a(ADC_1_INT.o)
                              .\CortexM0p\ARM_GCC_541\Debug\TJ Temperature Spatial Profile.a(ADC_1.o) (ADC_1_ISR)
.\CortexM0p\ARM_GCC_541\Debug\TJ Temperature Spatial Profile.a(ADC_1_intSarClock.o)
                              .\CortexM0p\ARM_GCC_541\Debug\TJ Temperature Spatial Profile.a(ADC_1.o) (ADC_1_intSarClock_StartEx)
.\CortexM0p\ARM_GCC_541\Debug\TJ Temperature Spatial Profile.a(ADC_1_IRQ.o)
                              .\CortexM0p\ARM_GCC_541\Debug\TJ Temperature Spatial Profile.a(ADC_1.o) (ADC_1_IRQ_StartEx)
.\CortexM0p\ARM_GCC_541\Debug\TJ Temperature Spatial Profile.a(I2C_1.o)
                              .\CortexM0p\ARM_GCC_541\Debug\main.o (I2C_1_Start)
.\CortexM0p\ARM_GCC_541\Debug\TJ Temperature Spatial Profile.a(I2C_1_I2C.o)
                              .\CortexM0p\ARM_GCC_541\Debug\TJ Temperature Spatial Profile.a(I2C_1.o) (I2C_1_I2CInit)
.\CortexM0p\ARM_GCC_541\Debug\TJ Temperature Spatial Profile.a(I2C_1_I2C_SLAVE.o)
                              .\CortexM0p\ARM_GCC_541\Debug\TJ Temperature Spatial Profile.a(I2C_1_I2C.o) (I2C_1_slStatus)
.\CortexM0p\ARM_GCC_541\Debug\TJ Temperature Spatial Profile.a(UART_1.o)
                              .\CortexM0p\ARM_GCC_541\Debug\main.o (UART_1_Start)
.\CortexM0p\ARM_GCC_541\Debug\TJ Temperature Spatial Profile.a(UART_1_UART.o)
                              .\CortexM0p\ARM_GCC_541\Debug\TJ Temperature Spatial Profile.a(UART_1.o) (UART_1_UartInit)
.\CortexM0p\ARM_GCC_541\Debug\TJ Temperature Spatial Profile.a(Thermistor_1.o)
                              .\CortexM0p\ARM_GCC_541\Debug\main.o (Thermistor_1_GetResistance)
.\CortexM0p\ARM_GCC_541\Debug\TJ Temperature Spatial Profile.a(Opamp_2.o)
                              .\CortexM0p\ARM_GCC_541\Debug\main.o (Opamp_2_Start)
.\CortexM0p\ARM_GCC_541\Debug\TJ Temperature Spatial Profile.a(Opamp_3.o)
                              .\CortexM0p\ARM_GCC_541\Debug\main.o (Opamp_3_Start)
.\CortexM0p\ARM_GCC_541\Debug\TJ Temperature Spatial Profile.a(LED.o)
                              .\CortexM0p\ARM_GCC_541\Debug\main.o (LED_Write)
.\CortexM0p\ARM_GCC_541\Debug\TJ Temperature Spatial Profile.a(CyBootAsmGnu.o)
                              .\CortexM0p\ARM_GCC_541\Debug\TJ Temperature Spatial Profile.a(CyLib.o) (CyDelayCycles)
.\CortexM0p\ARM_GCC_541\Debug\TJ Temperature Spatial Profile.a(CyFlash.o)
                              .\CortexM0p\ARM_GCC_541\Debug\TJ Temperature Spatial Profile.a(CyLib.o) (CySysFlashSetWaitCycles)
.\CortexM0p\ARM_GCC_541\Debug\TJ Temperature Spatial Profile.a(I2C_1_I2C_INT.o)
                              .\CortexM0p\ARM_GCC_541\Debug\TJ Temperature Spatial Profile.a(I2C_1_I2C.o) (I2C_1_I2C_ISR)
.\CortexM0p\ARM_GCC_541\Debug\TJ Temperature Spatial Profile.a(UART_1_SPI_UART.o)
                              .\CortexM0p\ARM_GCC_541\Debug\TJ Temperature Spatial Profile.a(UART_1_UART.o) (UART_1_SpiUartReadRxData)
c:/program files (x86)/cypress/psoc creator/4.4/psoc creator/import/gnu/arm/5.4.1/bin/../lib/gcc/arm-none-eabi/5.4.1/../../../../arm-none-eabi/lib/armv6-m\libm.a(lib_a-w_log.o)
                              .\CortexM0p\ARM_GCC_541\Debug\TJ Temperature Spatial Profile.a(Thermistor_1.o) (log)
c:/program files (x86)/cypress/psoc creator/4.4/psoc creator/import/gnu/arm/5.4.1/bin/../lib/gcc/arm-none-eabi/5.4.1/../../../../arm-none-eabi/lib/armv6-m\libm.a(lib_a-w_pow.o)
                              .\CortexM0p\ARM_GCC_541\Debug\TJ Temperature Spatial Profile.a(Thermistor_1.o) (pow)
c:/program files (x86)/cypress/psoc creator/4.4/psoc creator/import/gnu/arm/5.4.1/bin/../lib/gcc/arm-none-eabi/5.4.1/../../../../arm-none-eabi/lib/armv6-m\libm.a(lib_a-e_log.o)
[...]
Memory Configuration

Name             Origin             Length             Attributes
rom              0x00000000         0x00008000         xr
ram              0x20000000         0x00001000         xrw
*default*        0x00000000         0xffffffff

Linker script and memory map

LOAD c:/program files (x86)/cypress/psoc creator/4.4/psoc creator/import/gnu/arm/5.4.1/bin/../lib/gcc/arm-none-eabi/5.4.1/armv6-m/crti.o
LOAD c:/program files (x86)/cypress/psoc creator/4.4/psoc creator/import/gnu/arm/5.4.1/bin/../lib/gcc/arm-none-eabi/5.4.1/armv6-m/crtbegin.o
LOAD c:/program files (x86)/cypress/psoc creator/4.4/psoc creator/import/gnu/arm/5.4.1/bin/../lib/gcc/arm-none-eabi/5.4.1/../../../../arm-none-eabi/lib/armv6-m/crt0.o
START GROUP
LOAD .\CortexM0p\ARM_GCC_541\Debug\main.o
LOAD .\CortexM0p\ARM_GCC_541\Debug\cyfitter_cfg.o
LOAD .\CortexM0p\ARM_GCC_541\Debug\cymetadata.o
LOAD .\CortexM0p\ARM_GCC_541\Debug\Cm0plusStart.o
LOAD .\CortexM0p\ARM_GCC_541\Debug\TJ Temperature Spatial Profile.a
LOAD c:/program files (x86)/cypress/psoc creator/4.4/psoc creator/import/gnu/arm/5.4.1/bin/../lib/gcc/arm-none-eabi/5.4.1/../../../../arm-none-eabi/lib/armv6-m\libm.a
END GROUP
START GROUP
LOAD c:/program files (x86)/cypress/psoc creator/4.4/psoc creator/import/gnu/arm/5.4.1/bin/../lib/gcc/arm-none-eabi/5.4.1/armv6-m\libgcc.a
LOAD c:/program files (x86)/cypress/psoc creator/4.4/psoc creator/import/gnu/arm/5.4.1/bin/../lib/gcc/arm-none-eabi/5.4.1/../../../../arm-none-eabi/lib/armv6-m\libg_nano.a
LOAD c:/program files (x86)/cypress/psoc creator/4.4/psoc creator/import/gnu/arm/5.4.1/bin/../lib/gcc/arm-none-eabi/5.4.1/../../../../arm-none-eabi/lib/armv6-m\libc_nano.a
END GROUP
START GROUP
LOAD c:/program files (x86)/cypress/psoc creator/4.4/psoc creator/import/gnu/arm/5.4.1/bin/../lib/gcc/arm-none-eabi/5.4.1/armv6-m\libgcc.a
LOAD c:/program files (x86)/cypress/psoc creator/4.4/psoc creator/import/gnu/arm/5.4.1/bin/../lib/gcc/arm-none-eabi/5.4.1/../../../../arm-none-eabi/lib/armv6-m\libc_nano.a
END GROUP
LOAD c:/program files (x86)/cypress/psoc creator/4.4/psoc creator/import/gnu/arm/5.4.1/bin/../lib/gcc/arm-none-eabi/5.4.1/armv6-m/crtend.o
LOAD c:/program files (x86)/cypress/psoc creator/4.4/psoc creator/import/gnu/arm/5.4.1/bin/../lib/gcc/arm-none-eabi/5.4.1/armv6-m/crtn.o
START GROUP
LOAD c:/program files (x86)/cypress/psoc creator/4.4/psoc creator/import/gnu/arm/5.4.1/bin/../lib/gcc/arm-none-eabi/5.4.1/armv6-m\libgcc.a
LOAD c:/program files (x86)/cypress/psoc creator/4.4/psoc creator/import/gnu/arm/5.4.1/bin/../lib/gcc/arm-none-eabi/5.4.1/../../../../arm-none-eabi/lib/armv6-m\libc.a
LOAD c:/program files (x86)/cypress/psoc creator/4.4/psoc creator/import/gnu/arm/5.4.1/bin/../lib/gcc/arm-none-eabi/5.4.1/../../../../arm-none-eabi/lib/armv6-m\libnosys.a
END GROUP
                0x00000000                CY_APPL_ORIGIN = 0x0
                0x00000080                CY_FLASH_ROW_SIZE = 0x80
                0x00000001                CY_APPL_NUM = 0x1
                0x00000001                CY_APPL_MAX = 0x1
                0x00000040                CY_METADATA_SIZE = 0x40
                0x00000000                CY_APPL_LOADABLE = 0x0
                0x00000000                CY_CHECKSUM_EXCLUDE_SIZE = ALIGN (0x0, CY_FLASH_ROW_SIZE)
                0x00000000                CY_APP_FOR_STACK_AND_COPIER = 0x0
                [!provide]                PROVIDE (__cy_heap_start, _end)
                0x00000001                PROVIDE (__cy_region_num, ((__cy_regions_end - __cy_regions) / 0x10))
                0x20001000                PROVIDE (__cy_stack, (ORIGIN (ram) + LENGTH (ram)))
                [!provide]                PROVIDE (__cy_heap_end, (__cy_stack - 0x400))

.cybootloader   0x00000000        0x0
 *(.cybootloader)
                0x00000000                appl1_start = CY_APPL_ORIGIN?CY_APPL_ORIGIN:ALIGN (CY_FLASH_ROW_SIZE)
                0x00003f80                appl2_start = (appl1_start + ALIGN ((((LENGTH (rom) - appl1_start) - (0x2 * CY_FLASH_ROW_SIZE)) / 0x2), CY_FLASH_ROW_SIZE))
                0x00000000                appl_start = (CY_APPL_NUM == 0x1)?appl1_start:appl2_start
                0x00000001                cy_project_type_bootloader = (appl_start == 0x0)?0x1:0x0
                0x00000000                cy_project_type_app_for_stack_and_copier = (CY_APP_FOR_STACK_AND_COPIER == 0x1)?0x1:0x0

.text           0x00000000     0x549a
 CREATE_OBJECT_SYMBOLS
                0x00000000                PROVIDE (__cy_interrupt_vector, RomVectors)
 *(.romvectors)
 .romvectors    0x00000000       0x10 .\CortexM0p\ARM_GCC_541\Debug\Cm0plusStart.o
                0x00000000                RomVectors
                0x00000001                ASSERT ((. != __cy_interrupt_vector), No interrupt vector)
                0x00000001                ASSERT (CY_APPL_ORIGIN?(SIZEOF (.cybootloader) <= CY_APPL_ORIGIN):0x1, Wrong image location)
                0x00000010                PROVIDE (__cy_reset, Reset)
 *(.text.Reset)
 .text.Reset    0x00000010        0xc .\CortexM0p\ARM_GCC_541\Debug\Cm0plusStart.o
                0x00000010                Reset
                0x00000001                ASSERT ((. != __cy_reset), No reset code)
 *(.psocinit)
 .psocinit      0x0000001c      0x140 .\CortexM0p\ARM_GCC_541\Debug\cyfitter_cfg.o
                0x000000d0                cyfitter_cfg
                0x0000015c                . = MAX (., 0x100)
 *(.text .text.* .gnu.linkonce.t.*)
 .text          0x0000015c       0x60 c:/program files (x86)/cypress/psoc creator/4.4/psoc creator/import/gnu/arm/5.4.1/bin/../lib/gcc/arm-none-eabi/5.4.1/armv6-m/crtbegin.o
 .text.FilterSignal
                0x000001bc       0x48 .\CortexM0p\ARM_GCC_541\Debug\main.o
                0x000001bc                FilterSignal
 .text.main     0x00000204       0xf0 .\CortexM0p\ARM_GCC_541\Debug\main.o
                0x00000204                main
 .text.SetAnalogRoutingPumps
                0x000002f4       0x20 .\CortexM0p\ARM_GCC_541\Debug\cyfitter_cfg.o
                0x000002f4                SetAnalogRoutingPumps
 .text.AnalogSetDefault
                0x00000314       0xc0 .\CortexM0p\ARM_GCC_541\Debug\cyfitter_cfg.o
 .text.AMux_1_CYAMUXSIDE_A_Set
                0x000003d4      0x144 .\CortexM0p\ARM_GCC_541\Debug\cyfitter_cfg.o
                0x000003d4                AMux_1_CYAMUXSIDE_A_Set
 .text.AMux_1_CYAMUXSIDE_A_Unset
                0x00000518      0x14c .\CortexM0p\ARM_GCC_541\Debug\cyfitter_cfg.o
                0x00000518                AMux_1_CYAMUXSIDE_A_Unset
 .text.AMux_1_CYAMUXSIDE_B_Set
                0x00000664      0x170 .\CortexM0p\ARM_GCC_541\Debug\cyfitter_cfg.o
                0x00000664                AMux_1_CYAMUXSIDE_B_Set
 .text.AMux_1_CYAMUXSIDE_B_Unset
                0x000007d4      0x170 .\CortexM0p\ARM_GCC_541\Debug\cyfitter_cfg.o
                0x000007d4                AMux_1_CYAMUXSIDE_B_Unset
 .text.IntDefaultHandler
                0x00000944       0x10 .\CortexM0p\ARM_GCC_541\Debug\Cm0plusStart.o
                0x00000944                IntDefaultHandler
 .text.Start_c  0x00000954       0x48 .\CortexM0p\ARM_GCC_541\Debug\Cm0plusStart.o
                0x00000954                Start_c
 .text.initialize_psoc
                0x0000099c       0x40 .\CortexM0p\ARM_GCC_541\Debug\Cm0plusStart.o
                0x0000099c                initialize_psoc
 .text.CySysClkImoDisableWcoLock
                0x000009dc       0x4c .\CortexM0p\ARM_GCC_541\Debug\TJ Temperature Spatial Profile.a(CyLib.o)
                0x000009dc                CySysClkImoDisableWcoLock
 .text.CySysClkImoGetWcoLock
                0x00000a28       0x14 .\CortexM0p\ARM_GCC_541\Debug\TJ Temperature Spatial Profile.a(CyLib.o)
                0x00000a28                CySysClkImoGetWcoLock
 .text.CyIntEnable
                0x00000a3c       0x14 .\CortexM0p\ARM_GCC_541\Debug\TJ Temperature Spatial Profile.a(CyLib.o)
                0x00000a3c                CyIntEnable
 .text.CyIntDisable
                0x00000a50       0x14 .\CortexM0p\ARM_GCC_541\Debug\TJ Temperature Spatial Profile.a(CyLib.o)
                0x00000a50                CyIntDisable
 .text.CyHalt   0x00000a64        0x4 .\CortexM0p\ARM_GCC_541\Debug\TJ Temperature Spatial Profile.a(CyLib.o)
                0x00000a64                CyHalt
 .text.CyIntSetVector
                0x00000a68       0x24 .\CortexM0p\ARM_GCC_541\Debug\TJ Temperature Spatial Profile.a(CyLib.o)
                0x00000a68                CyIntSetVector
 .text.CyIntSetPriority
                0x00000a8c       0x4c .\CortexM0p\ARM_GCC_541\Debug\TJ Temperature Spatial Profile.a(CyLib.o)
                0x00000a8c                CyIntSetPriority
 .text.CyDelay  0x00000ad8       0x30 .\CortexM0p\ARM_GCC_541\Debug\TJ Temperature Spatial Profile.a(CyLib.o)
                0x00000ad8                CyDelay
 .text.CySysClkImoEnableWcoLock
                0x00000b08       0xd0 .\CortexM0p\ARM_GCC_541\Debug\TJ Temperature Spatial Profile.a(CyLib.o)
                0x00000b08                CySysClkImoEnableWcoLock
 .text.CySysClkWriteImoFreq
                0x00000bd8       0xd8 .\CortexM0p\ARM_GCC_541\Debug\TJ Temperature Spatial Profile.a(CyLib.o)
                0x00000bd8                CySysClkWriteImoFreq
 .text.CyDelayUs
                0x00000cb0       0x14 .\CortexM0p\ARM_GCC_541\Debug\TJ Temperature Spatial Profile.a(CyLib.o)
                0x00000cb0                CyDelayUs
 .text.CySysClkGetTimerSource
                0x00000cc4       0x10 .\CortexM0p\ARM_GCC_541\Debug\TJ Temperature Spatial Profile.a(CyLFClk.o)
 .text.CySysClkWcoEnabled
                0x00000cd4       0x14 .\CortexM0p\ARM_GCC_541\Debug\TJ Temperature Spatial Profile.a(CyLFClk.o)
                0x00000cd4                CySysClkWcoEnabled
 .text.CySysWdtDisable
                0x00000ce8       0x10 .\CortexM0p\ARM_GCC_541\Debug\TJ Temperature Spatial Profile.a(CyLFClk.o)
                0x00000ce8                CySysWdtDisable
 .text.CySysClkSetTimerSource
                0x00000cf8       0x68 .\CortexM0p\ARM_GCC_541\Debug\TJ Temperature Spatial Profile.a(CyLFClk.o)
                0x00000cf8                CySysClkSetTimerSource
 .text.CySysTimerClearInterrupt
                0x00000d60       0x2c .\CortexM0p\ARM_GCC_541\Debug\TJ Temperature Spatial Profile.a(CyLFClk.o)
                0x00000d60                CySysTimerClearInterrupt
 .text.CySysTimerIsr
                0x00000d8c       0xa4 .\CortexM0p\ARM_GCC_541\Debug\TJ Temperature Spatial Profile.a(CyLFClk.o)
                0x00000d8c                CySysTimerIsr
 .text.AMux_1_Start
                0x00000e30       0x28 .\CortexM0p\ARM_GCC_541\Debug\TJ Temperature Spatial Profile.a(AMux_1.o)
                0x00000e30                AMux_1_Start
 .text.AMux_1_Connect
                0x00000e58       0x10 .\CortexM0p\ARM_GCC_541\Debug\TJ Temperature Spatial Profile.a(AMux_1.o)
                0x00000e58                AMux_1_Connect
 .text.AMux_1_Select
                0x00000e68       0x18 .\CortexM0p\ARM_GCC_541\Debug\TJ Temperature Spatial Profile.a(AMux_1.o)
                0x00000e68                AMux_1_Select
 .text.PVref_1_Init
                0x00000e80       0x1c .\CortexM0p\ARM_GCC_541\Debug\TJ Temperature Spatial Profile.a(PVref_1.o)
                0x00000e80                PVref_1_Init
 .text.PVref_1_Enable
                0x00000e9c       0x10 .\CortexM0p\ARM_GCC_541\Debug\TJ Temperature Spatial Profile.a(PVref_1.o)
                0x00000e9c                PVref_1_Enable
 .text.PVref_1_Start
                0x00000eac       0x20 .\CortexM0p\ARM_GCC_541\Debug\TJ Temperature Spatial Profile.a(PVref_1.o)
                0x00000eac                PVref_1_Start
 .text.PVref_1_Stop
                0x00000ecc       0x10 .\CortexM0p\ARM_GCC_541\Debug\TJ Temperature Spatial Profile.a(PVref_1.o)
                0x00000ecc                PVref_1_Stop
 .text.Opamp_1_Init
                0x00000edc       0x2c .\CortexM0p\ARM_GCC_541\Debug\TJ Temperature Spatial Profile.a(Opamp_1.o)
                0x00000edc                Opamp_1_Init
 .text.Opamp_1_Enable
                0x00000f08       0x1c .\CortexM0p\ARM_GCC_541\Debug\TJ Temperature Spatial Profile.a(Opamp_1.o)
                0x00000f08                Opamp_1_Enable
 .text.Opamp_1_Start
                0x00000f24       0x20 .\CortexM0p\ARM_GCC_541\Debug\TJ Temperature Spatial Profile.a(Opamp_1.o)
                0x00000f24                Opamp_1_Start
 .text.ADC_1_SetDFTControl
                0x00000f44       0x34 .\CortexM0p\ARM_GCC_541\Debug\TJ Temperature Spatial Profile.a(ADC_1.o)
 .text.ADC_1_IsChannelSigned
                0x00000f78       0x58 .\CortexM0p\ARM_GCC_541\Debug\TJ Temperature Spatial Profile.a(ADC_1.o)
 .text.ADC_1_Stop
                0x00000fd0       0x10 .\CortexM0p\ARM_GCC_541\Debug\TJ Temperature Spatial Profile.a(ADC_1.o)
                0x00000fd0                ADC_1_Stop
 .text.ADC_1_InitConfig
                0x00000fe0       0xac .\CortexM0p\ARM_GCC_541\Debug\TJ Temperature Spatial Profile.a(ADC_1.o)
                0x00000fe0                ADC_1_InitConfig
 .text.ADC_1_StartConvert
                0x0000108c       0x28 .\CortexM0p\ARM_GCC_541\Debug\TJ Temperature Spatial Profile.a(ADC_1.o)
                0x0000108c                ADC_1_StartConvert
 .text.ADC_1_IsEndConversion
                0x000010b4       0x38 .\CortexM0p\ARM_GCC_541\Debug\TJ Temperature Spatial Profile.a(ADC_1.o)
                0x000010b4                ADC_1_IsEndConversion
 .text.ADC_1_GetResult32
                0x000010ec       0x64 .\CortexM0p\ARM_GCC_541\Debug\TJ Temperature Spatial Profile.a(ADC_1.o)
                0x000010ec                ADC_1_GetResult32
 .text.ADC_1_Init
                0x00001150       0xa8 .\CortexM0p\ARM_GCC_541\Debug\TJ Temperature Spatial Profile.a(ADC_1.o)
                0x00001150                ADC_1_Init
 .text.ADC_1_Enable
                0x000011f8       0x48 .\CortexM0p\ARM_GCC_541\Debug\TJ Temperature Spatial Profile.a(ADC_1.o)
                0x000011f8                ADC_1_Enable
 .text.ADC_1_Start
                0x00001240       0x24 .\CortexM0p\ARM_GCC_541\Debug\TJ Temperature Spatial Profile.a(ADC_1.o)
                0x00001240                ADC_1_Start
 .text.ADC_1_StopConvert
                0x00001264       0x44 .\CortexM0p\ARM_GCC_541\Debug\TJ Temperature Spatial Profile.a(ADC_1.o)
                0x00001264                ADC_1_StopConvert
 .text.ADC_1_ISR
                0x000012a8        0xc .\CortexM0p\ARM_GCC_541\Debug\TJ Temperature Spatial Profile.a(ADC_1_INT.o)
                0x000012a8                ADC_1_ISR
 .text.ADC_1_intSarClock_StartEx
                0x000012b4       0x1c .\CortexM0p\ARM_GCC_541\Debug\TJ Temperature Spatial Profile.a(ADC_1_intSarClock.o)
                0x000012b4                ADC_1_intSarClock_StartEx
 .text.ADC_1_intSarClock_Stop
                0x000012d0       0x18 .\CortexM0p\ARM_GCC_541\Debug\TJ Temperature Spatial Profile.a(ADC_1_intSarClock.o)
                0x000012d0                ADC_1_intSarClock_Stop
 .text.ADC_1_intSarClock_SetFractionalDividerRegister
                0x000012e8       0x20 .\CortexM0p\ARM_GCC_541\Debug\TJ Temperature Spatial Profile.a(ADC_1_intSarClock.o)
                0x000012e8                ADC_1_intSarClock_SetFractionalDividerRegister
 .text.I2C_1_ScbEnableIntr
                0x00001308        0xc .\CortexM0p\ARM_GCC_541\Debug\TJ Temperature Spatial Profile.a(I2C_1.o)
 .text.I2C_1_Init
                0x00001314        0x8 .\CortexM0p\ARM_GCC_541\Debug\TJ Temperature Spatial Profile.a(I2C_1.o)
                0x00001314                I2C_1_Init
 .text.I2C_1_Enable
                0x0000131c       0x18 .\CortexM0p\ARM_GCC_541\Debug\TJ Temperature Spatial Profile.a(I2C_1.o)
                0x0000131c                I2C_1_Enable
 .text.I2C_1_Start
                0x00001334       0x20 .\CortexM0p\ARM_GCC_541\Debug\TJ Temperature Spatial Profile.a(I2C_1.o)
                0x00001334                I2C_1_Start
 .text.I2C_1_I2CInit
                0x00001354       0xcc .\CortexM0p\ARM_GCC_541\Debug\TJ Temperature Spatial Profile.a(I2C_1_I2C.o)
                0x00001354                I2C_1_I2CInit
 .text.I2C_1_I2CFwBlockReset
                0x00001420       0x5c .\CortexM0p\ARM_GCC_541\Debug\TJ Temperature Spatial Profile.a(I2C_1_I2C.o)
                0x00001420                I2C_1_I2CFwBlockReset
 .text.I2C_1_I2CSlaveClearReadStatus
                0x0000147c       0x28 .\CortexM0p\ARM_GCC_541\Debug\TJ Temperature Spatial Profile.a(I2C_1_I2C_SLAVE.o)
                0x0000147c                I2C_1_I2CSlaveClearReadStatus
 .text.I2C_1_I2CSlaveInitReadBuf
                0x000014a4       0x3c .\CortexM0p\ARM_GCC_541\Debug\TJ Temperature Spatial Profile.a(I2C_1_I2C_SLAVE.o)
                0x000014a4                I2C_1_I2CSlaveInitReadBuf
 .text.I2C_1_I2CSlaveClearReadBuf
                0x000014e0        0xc .\CortexM0p\ARM_GCC_541\Debug\TJ Temperature Spatial Profile.a(I2C_1_I2C_SLAVE.o)
                0x000014e0                I2C_1_I2CSlaveClearReadBuf
 .text.UART_1_ScbModePostEnable
                0x000014ec        0x8 .\CortexM0p\ARM_GCC_541\Debug\TJ Temperature Spatial Profile.a(UART_1.o)
 .text.UART_1_Init
                0x000014f4        0x8 .\CortexM0p\ARM_GCC_541\Debug\TJ Temperature Spatial Profile.a(UART_1.o)
                0x000014f4                UART_1_Init
 .text.UART_1_Enable
                0x000014fc       0x18 .\CortexM0p\ARM_GCC_541\Debug\TJ Temperature Spatial Profile.a(UART_1.o)
                0x000014fc                UART_1_Enable
 .text.UART_1_Start
                0x00001514       0x20 .\CortexM0p\ARM_GCC_541\Debug\TJ Temperature Spatial Profile.a(UART_1.o)
                0x00001514                UART_1_Start
 .text.UART_1_UartInit
                0x00001534       0xa8 .\CortexM0p\ARM_GCC_541\Debug\TJ Temperature Spatial Profile.a(UART_1_UART.o)
                0x00001534                UART_1_UartInit
 .text.UART_1_UartPostEnable
                0x000015dc       0x14 .\CortexM0p\ARM_GCC_541\Debug\TJ Temperature Spatial Profile.a(UART_1_UART.o)
                0x000015dc                UART_1_UartPostEnable
 .text.Thermistor_1_GetResistance
                0x000015f0       0x2c .\CortexM0p\ARM_GCC_541\Debug\TJ Temperature Spatial Profile.a(Thermistor_1.o)
                0x000015f0                Thermistor_1_GetResistance
 .text.Thermistor_1_GetTemperature
                0x0000161c       0xb4 .\CortexM0p\ARM_GCC_541\Debug\TJ Temperature Spatial Profile.a(Thermistor_1.o)
                0x0000161c                Thermistor_1_GetTemperature
 .text.Opamp_2_Init
                0x000016d0       0x2c .\CortexM0p\ARM_GCC_541\Debug\TJ Temperature Spatial Profile.a(Opamp_2.o)
                0x000016d0                Opamp_2_Init
 .text.Opamp_2_Enable
                0x000016fc       0x1c .\CortexM0p\ARM_GCC_541\Debug\TJ Temperature Spatial Profile.a(Opamp_2.o)
                0x000016fc                Opamp_2_Enable
 .text.Opamp_2_Start
                0x00001718       0x20 .\CortexM0p\ARM_GCC_541\Debug\TJ Temperature Spatial Profile.a(Opamp_2.o)
                0x00001718                Opamp_2_Start
 .text.Opamp_3_Init
                0x00001738       0x2c .\CortexM0p\ARM_GCC_541\Debug\TJ Temperature Spatial Profile.a(Opamp_3.o)
                0x00001738                Opamp_3_Init
 .text.Opamp_3_Enable
                0x00001764       0x1c .\CortexM0p\ARM_GCC_541\Debug\TJ Temperature Spatial Profile.a(Opamp_3.o)
                0x00001764                Opamp_3_Enable
 .text.Opamp_3_Start
                0x00001780       0x20 .\CortexM0p\ARM_GCC_541\Debug\TJ Temperature Spatial Profile.a(Opamp_3.o)
                0x00001780                Opamp_3_Start
 .text.LED_Write
                0x000017a0       0x18 .\CortexM0p\ARM_GCC_541\Debug\TJ Temperature Spatial Profile.a(LED.o)
                0x000017a0                LED_Write
 .text          0x000017b8       0x20 .\CortexM0p\ARM_GCC_541\Debug\TJ Temperature Spatial Profile.a(CyBootAsmGnu.o)
                0x000017b8                CyDelayCycles
                0x000017ca                CyEnterCriticalSection
                0x000017d2                CyExitCriticalSection
 .text.CySysFlashSetWaitCycles
                0x000017d8       0x54 .\CortexM0p\ARM_GCC_541\Debug\TJ Temperature Spatial Profile.a(CyFlash.o)
                0x000017d8                CySysFlashSetWaitCycles
 .text.I2C_1_I2C_ISR
                0x0000182c      0x3b8 .\CortexM0p\ARM_GCC_541\Debug\TJ Temperature Spatial Profile.a(I2C_1_I2C_INT.o)
                0x0000182c                I2C_1_I2C_ISR
 .text.log      0x00001be4      0x110 c:/program files (x86)/cypress/psoc creator/4.4/psoc creator/import/gnu/arm/5.4.1/bin/../lib/gcc/arm-none-eabi/5.4.1/../../../../arm-none-eabi/lib/armv6-m\libm.a(lib_a-w_log.o)
                0x00001be4                log
 .text.pow      0x00001cf4      0x378 c:/program files (x86)/cypress/psoc creator/4.4/psoc creator/import/gnu/arm/5.4.1/bin/../lib/gcc/arm-none-eabi/5.4.1/../../../../arm-none-eabi/lib/armv6-m\libm.a(lib_a-w_pow.o)
                0x00001cf4                pow
 .text.__ieee754_log
                0x0000206c      0x404 c:/program files (x86)/cypress/psoc creator/4.4/psoc creator/import/gnu/arm/5.4.1/bin/../lib/gcc/arm-none-eabi/5.4.1/../../../../arm-none-eabi/lib/armv6-m\libm.a(lib_a-e_log.o)
                0x0000206c                __ieee754_log
 .text.__ieee754_pow
                0x00002470      0xa6c c:/program files (x86)/cypress/psoc creator/4.4/psoc creator/import/gnu/arm/5.4.1/bin/../lib/gcc/arm-none-eabi/5.4.1/../../../../arm-none-eabi/lib/armv6-m\libm.a(lib_a-e_pow.o)
                0x00002470                __ieee754_pow
 .text.__ieee754_sqrt
                0x00002edc      0x1ec c:/program files (x86)/cypress/psoc creator/4.4/psoc creator/import/gnu/arm/5.4.1/bin/../lib/gcc/arm-none-eabi/5.4.1/../../../../arm-none-eabi/lib/armv6-m\libm.a(lib_a-e_sqrt.o)
                0x00002edc                __ieee754_sqrt
 .text.fabs     0x000030c8        0x8 c:/program files (x86)/cypress/psoc creator/4.4/psoc creator/import/gnu/arm/5.4.1/bin/../lib/gcc/arm-none-eabi/5.4.1/../../../../arm-none-eabi/lib/armv6-m\libm.a(lib_a-s_fabs.o)
                0x000030c8                fabs
 .text.finite   0x000030d0       0x14 c:/program files (x86)/cypress/psoc creator/4.4/psoc creator/import/gnu/arm/5.4.1/bin/../lib/gcc/arm-none-eabi/5.4.1/../../../../arm-none-eabi/lib/armv6-m\libm.a(lib_a-s_finite.o)
                0x000030d0                finite
 .text.matherr  0x000030e4        0x4 c:/program files (x86)/cypress/psoc creator/4.4/psoc creator/import/gnu/arm/5.4.1/bin/../lib/gcc/arm-none-eabi/5.4.1/../../../../arm-none-eabi/lib/armv6-m\libm.a(lib_a-s_matherr.o)
                0x000030e4                matherr
 .text.nan      0x000030e8        0xc c:/program files (x86)/cypress/psoc creator/4.4/psoc creator/import/gnu/arm/5.4.1/bin/../lib/gcc/arm-none-eabi/5.4.1/../../../../arm-none-eabi/lib/armv6-m\libm.a(lib_a-s_nan.o)
                0x000030e8                nan
 .text.rint     0x000030f4      0x144 c:/program files (x86)/cypress/psoc creator/4.4/psoc creator/import/gnu/arm/5.4.1/bin/../lib/gcc/arm-none-eabi/5.4.1/../../../../arm-none-eabi/lib/armv6-m\libm.a(lib_a-s_rint.o)
                0x000030f4                rint
 .text.scalbn   0x00003238       0xd0 c:/program files (x86)/cypress/psoc creator/4.4/psoc creator/import/gnu/arm/5.4.1/bin/../lib/gcc/arm-none-eabi/5.4.1/../../../../arm-none-eabi/lib/armv6-m\libm.a(lib_a-s_scalbn.o)
                0x00003238                scalbn
 .text.copysign
                0x00003308       0x10 c:/program files (x86)/cypress/psoc creator/4.4/psoc creator/import/gnu/arm/5.4.1/bin/../lib/gcc/arm-none-eabi/5.4.1/../../../../arm-none-eabi/lib/armv6-m\libm.a(lib_a-s_copysign.o)
                0x00003308                copysign
 .text          0x00003318      0x114 c:/program files (x86)/cypress/psoc creator/4.4/psoc creator/import/gnu/arm/5.4.1/bin/../lib/gcc/arm-none-eabi/5.4.1/armv6-m\libgcc.a(_udivsi3.o)
                0x00003318                __aeabi_uidiv
                0x00003318                __udivsi3
                0x00003424                __aeabi_uidivmod
 .text          0x0000342c      0x1d4 c:/program files (x86)/cypress/psoc creator/4.4/psoc creator/import/gnu/arm/5.4.1/bin/../lib/gcc/arm-none-eabi/5.4.1/armv6-m\libgcc.a(_divsi3.o)
                0x0000342c                __divsi3
                0x0000342c                __aeabi_idiv
                0x000035f8                __aeabi_idivmod
 .text          0x00003600        0x4 c:/program files (x86)/cypress/psoc creator/4.4/psoc creator/import/gnu/arm/5.4.1/bin/../lib/gcc/arm-none-eabi/5.4.1/armv6-m\libgcc.a(_dvmd_tls.o)
                0x00003600                __aeabi_idiv0
                0x00003600                __aeabi_ldiv0
 .text          0x00003604       0x7c c:/program files (x86)/cypress/psoc creator/4.4/psoc creator/import/gnu/arm/5.4.1/bin/../lib/gcc/arm-none-eabi/5.4.1/armv6-m\libgcc.a(_arm_cmpdf2.o)
                0x00003604                __aeabi_cdrcmple
                0x00003614                __aeabi_cdcmple
                0x00003614                __aeabi_cdcmpeq
                0x00003624                __aeabi_dcmpeq
                0x00003630                __aeabi_dcmplt
                0x00003644                __aeabi_dcmple
                0x00003658                __aeabi_dcmpgt
                0x0000366c                __aeabi_dcmpge
 .text          0x00003680       0x44 c:/program files (x86)/cypress/psoc creator/4.4/psoc creator/import/gnu/arm/5.4.1/bin/../lib/gcc/arm-none-eabi/5.4.1/armv6-m\libgcc.a(fixsfsi.o)
                0x00003680                __aeabi_f2iz
 .text          0x000036c4      0x658 c:/program files (x86)/cypress/psoc creator/4.4/psoc creator/import/gnu/arm/5.4.1/bin/../lib/gcc/arm-none-eabi/5.4.1/armv6-m\libgcc.a(adddf3.o)
                0x000036c4                __aeabi_dadd
 .text          0x00003d1c      0x62c c:/program files (x86)/cypress/psoc creator/4.4/psoc creator/import/gnu/arm/5.4.1/bin/../lib/gcc/arm-none-eabi/5.4.1/armv6-m\libgcc.a(divdf3.o)
                0x00003d1c                __aeabi_ddiv
 .text          0x00004348       0x80 c:/program files (x86)/cypress/psoc creator/4.4/psoc creator/import/gnu/arm/5.4.1/bin/../lib/gcc/arm-none-eabi/5.4.1/armv6-m\libgcc.a(eqdf2.o)
                0x00004348                __nedf2
                0x00004348                __eqdf2
 .text          0x000043c8       0xc8 c:/program files (x86)/cypress/psoc creator/4.4/psoc creator/import/gnu/arm/5.4.1/bin/../lib/gcc/arm-none-eabi/5.4.1/armv6-m\libgcc.a(gedf2.o)
                0x000043c8                __gedf2
                0x000043c8                __gtdf2
 .text          0x00004490       0xd4 c:/program files (x86)/cypress/psoc creator/4.4/psoc creator/import/gnu/arm/5.4.1/bin/../lib/gcc/arm-none-eabi/5.4.1/armv6-m\libgcc.a(ledf2.o)
                0x00004490                __ledf2
                0x00004490                __ltdf2
 .text          0x00004564      0x4f4 c:/program files (x86)/cypress/psoc creator/4.4/psoc creator/import/gnu/arm/5.4.1/bin/../lib/gcc/arm-none-eabi/5.4.1/armv6-m\libgcc.a(muldf3.o)
                0x00004564                __aeabi_dmul
 .text          0x00004a58      0x6a8 c:/program files (x86)/cypress/psoc creator/4.4/psoc creator/import/gnu/arm/5.4.1/bin/../lib/gcc/arm-none-eabi/5.4.1/armv6-m\libgcc.a(subdf3.o)
                0x00004a58                __aeabi_dsub
 .text          0x00005100       0x40 c:/program files (x86)/cypress/psoc creator/4.4/psoc creator/import/gnu/arm/5.4.1/bin/../lib/gcc/arm-none-eabi/5.4.1/armv6-m\libgcc.a(unorddf2.o)
                0x00005100                __aeabi_dcmpun
 .text          0x00005140       0x84 c:/program files (x86)/cypress/psoc creator/4.4/psoc creator/import/gnu/arm/5.4.1/bin/../lib/gcc/arm-none-eabi/5.4.1/armv6-m\libgcc.a(floatsidf.o)
                0x00005140                __aeabi_i2d
 .text          0x000051c4       0x70 c:/program files (x86)/cypress/psoc creator/4.4/psoc creator/import/gnu/arm/5.4.1/bin/../lib/gcc/arm-none-eabi/5.4.1/armv6-m\libgcc.a(floatunsidf.o)
                0x000051c4                __aeabi_ui2d
 .text          0x00005234       0xa8 c:/program files (x86)/cypress/psoc creator/4.4/psoc creator/import/gnu/arm/5.4.1/bin/../lib/gcc/arm-none-eabi/5.4.1/armv6-m\libgcc.a(extendsfdf2.o)
                0x00005234                __aeabi_f2d
 .text          0x000052dc      0x118 c:/program files (x86)/cypress/psoc creator/4.4/psoc creator/import/gnu/arm/5.4.1/bin/../lib/gcc/arm-none-eabi/5.4.1/armv6-m\libgcc.a(truncdfsf2.o)
                0x000052dc                __aeabi_d2f
 .text          0x000053f4       0x3c c:/program files (x86)/cypress/psoc creator/4.4/psoc creator/import/gnu/arm/5.4.1/bin/../lib/gcc/arm-none-eabi/5.4.1/armv6-m\libgcc.a(_clzsi2.o)
                0x000053f4                __clzsi2
 .text.__errno  0x00005430        0xc c:/program files (x86)/cypress/psoc creator/4.4/psoc creator/import/gnu/arm/5.4.1/bin/../lib/gcc/arm-none-eabi/5.4.1/../../../../arm-none-eabi/lib/armv6-m\libg_nano.a(lib_a-errno.o)
                0x00005430                __errno
 .text.__libc_init_array
                0x0000543c       0x4c c:/program files (x86)/cypress/psoc creator/4.4/psoc creator/import/gnu/arm/5.4.1/bin/../lib/gcc/arm-none-eabi/5.4.1/../../../../arm-none-eabi/lib/armv6-m\libg_nano.a(lib_a-init.o)
                0x0000543c                __libc_init_array
 .text.memcpy   0x00005488       0x12 c:/program files (x86)/cypress/psoc creator/4.4/psoc creator/import/gnu/arm/5.4.1/bin/../lib/gcc/arm-none-eabi/5.4.1/../../../../arm-none-eabi/lib/armv6-m\libg_nano.a(lib_a-memcpy-stub.o)
                0x00005488                memcpy
 *(.plt)
 *(.gnu.warning)
 *(.glue_7t)
 .glue_7t       0x0000549a        0x0 linker stubs
 *(.glue_7)
 .glue_7        0x0000549a        0x0 linker stubs
 *(.vfp11_veneer)
 .vfp11_veneer  0x0000549a        0x0 linker stubs
 *(.bootloader)
 *(.ARM.extab* .gnu.linkonce.armextab.*)
 *(.gcc_except_table)

.v4_bx          0x0000549c        0x0
 .v4_bx         0x0000549c        0x0 linker stubs

.iplt           0x0000549c        0x0
 .iplt          0x0000549c        0x0 c:/program files (x86)/cypress/psoc creator/4.4/psoc creator/import/gnu/arm/5.4.1/bin/../lib/gcc/arm-none-eabi/5.4.1/armv6-m/crtbegin.o

.eh_frame_hdr
 *(.eh_frame_hdr)

.eh_frame       0x0000549c        0x4
 *(.eh_frame)
 .eh_frame      0x0000549c        0x0 c:/program files (x86)/cypress/psoc creator/4.4/psoc creator/import/gnu/arm/5.4.1/bin/../lib/gcc/arm-none-eabi/5.4.1/armv6-m/crtbegin.o
 .eh_frame      0x0000549c        0x4 c:/program files (x86)/cypress/psoc creator/4.4/psoc creator/import/gnu/arm/5.4.1/bin/../lib/gcc/arm-none-eabi/5.4.1/armv6-m/crtend.o
                [!provide]                PROVIDE (__exidx_start, .)

.ARM.exidx
 *(.ARM.exidx* .gnu.linkonce.armexidx.*)
                0x000054a0                __exidx_end = .

.rodata         0x000054a0      0x320
 *(.rodata .rodata.* .gnu.linkonce.r.*)
 .rodata        0x000054a0      0x210 .\CortexM0p\ARM_GCC_541\Debug\cyfitter_cfg.o
 .rodata        0x000056b0       0x38 .\CortexM0p\ARM_GCC_541\Debug\TJ Temperature Spatial Profile.a(ADC_1_INIT.o)
                0x000056b0                ADC_1_allConfigs
 .rodata.str1.4
                0x000056e8        0x5 c:/program files (x86)/cypress/psoc creator/4.4/psoc creator/import/gnu/arm/5.4.1/bin/../lib/gcc/arm-none-eabi/5.4.1/../../../../arm-none-eabi/lib/armv6-m\libm.a(lib_a-w_log.o)
 *fill*         0x000056ed        0x3 
 .rodata.str1.4
                0x000056f0        0x4 c:/program files (x86)/cypress/psoc creator/4.4/psoc creator/import/gnu/arm/5.4.1/bin/../lib/gcc/arm-none-eabi/5.4.1/../../../../arm-none-eabi/lib/armv6-m\libm.a(lib_a-w_pow.o)
 .rodata.str1.4
                0x000056f4        0x1 c:/program files (x86)/cypress/psoc creator/4.4/psoc creator/import/gnu/arm/5.4.1/bin/../lib/gcc/arm-none-eabi/5.4.1/../../../../arm-none-eabi/lib/armv6-m\libm.a(lib_a-e_pow.o)
 *fill*         0x000056f4        0x4 
 .rodata.TWO52  0x000056f8       0x10 c:/program files (x86)/cypress/psoc creator/4.4/psoc creator/import/gnu/arm/5.4.1/bin/../lib/gcc/arm-none-eabi/5.4.1/../../../../arm-none-eabi/lib/armv6-m\libm.a(lib_a-s_rint.o)
 .rodata        0x00005708       0x40 c:/program files (x86)/cypress/psoc creator/4.4/psoc creator/import/gnu/arm/5.4.1/bin/../lib/gcc/arm-none-eabi/5.4.1/armv6-m\libgcc.a(divdf3.o)
 .rodata        0x00005748       0x40 c:/program files (x86)/cypress/psoc creator/4.4/psoc creator/import/gnu/arm/5.4.1/bin/../lib/gcc/arm-none-eabi/5.4.1/armv6-m\libgcc.a(muldf3.o)
 .rodata.str1.1
                0x00005788        0x2 c:/program files (x86)/cypress/psoc creator/4.4/psoc creator/import/gnu/arm/5.4.1/bin/../lib/gcc/arm-none-eabi/5.4.1/../../../../arm-none-eabi/lib/armv6-m\libg_nano.a(lib_a-impure.o)
                0x0000578c                . = ALIGN (0x4)
 *fill*         0x0000578a        0x2 
 *(.init)
 .init          0x0000578c        0x4 c:/program files (x86)/cypress/psoc creator/4.4/psoc creator/import/gnu/arm/5.4.1/bin/../lib/gcc/arm-none-eabi/5.4.1/armv6-m/crti.o
                0x0000578c                _init
 .init          0x00005790        0x8 c:/program files (x86)/cypress/psoc creator/4.4/psoc creator/import/gnu/arm/5.4.1/bin/../lib/gcc/arm-none-eabi/5.4.1/armv6-m/crtn.o
                0x00005798                . = ALIGN (0x4)
                0x00005798                __preinit_array_start = .
 *(.preinit_array)
                0x00005798                __preinit_array_end = .
                0x00005798                . = ALIGN (0x4)
                0x00005798                __init_array_start = .
 *(SORT(.init_array.*))
 *(.init_array)
 .init_array    0x00005798        0x4 c:/program files (x86)/cypress/psoc creator/4.4/psoc creator/import/gnu/arm/5.4.1/bin/../lib/gcc/arm-none-eabi/5.4.1/armv6-m/crtbegin.o
 .init_array    0x0000579c        0x4 .\CortexM0p\ARM_GCC_541\Debug\Cm0plusStart.o
                0x000057a0                __init_array_end = .
                0x000057a0                . = ALIGN (0x4)
 *(.fini)
 .fini          0x000057a0        0x4 c:/program files (x86)/cypress/psoc creator/4.4/psoc creator/import/gnu/arm/5.4.1/bin/../lib/gcc/arm-none-eabi/5.4.1/armv6-m/crti.o
                0x000057a0                _fini
 .fini          0x000057a4        0x8 c:/program files (x86)/cypress/psoc creator/4.4/psoc creator/import/gnu/arm/5.4.1/bin/../lib/gcc/arm-none-eabi/5.4.1/armv6-m/crtn.o
                0x000057ac                . = ALIGN (0x4)
                0x000057ac                __fini_array_start = .
 *(.fini_array)
 .fini_array    0x000057ac        0x4 c:/program files (x86)/cypress/psoc creator/4.4/psoc creator/import/gnu/arm/5.4.1/bin/../lib/gcc/arm-none-eabi/5.4.1/armv6-m/crtbegin.o
 *(SORT(.fini_array.*))
                0x000057b0                __fini_array_end = .
                0x000057b0                . = ALIGN (0x4)
 *crtbegin.o(.ctors)
 *(EXCLUDE_FILE(*crtend.o) .ctors)
 *(SORT(.ctors.*))
 *crtend.o(.ctors)
                0x000057b0                . = ALIGN (0x4)
 *crtbegin.o(.dtors)
 *(EXCLUDE_FILE(*crtend.o) .dtors)
 *(SORT(.dtors.*))
 *crtend.o(.dtors)
                0x000057b0                . = ALIGN (0x4)
                0x000057b0                __cy_regions = .
                0x000057b0        0x4 LONG 0x57c0 __cy_region_init_ram
                0x000057b4        0x4 LONG 0x200000a8 __cy_region_start_data
                0x000057b8        0x4 LONG 0x88 __cy_region_init_size_ram
                0x000057bc        0x4 LONG 0x110 __cy_region_zero_size_ram
                0x000057c0                __cy_regions_end = .
                0x000057c0                . = ALIGN (0x8)
                0x000057c0                _etext = .

.cy_checksum_exclude
                0x000057c0        0x0
 *(.cy_checksum_exclude)

.ramvectors     0x20000000       0xa4
                0x20000000                __cy_region_start_ram = .
 *(.ramvectors)
 .ramvectors    0x20000000       0xa4 .\CortexM0p\ARM_GCC_541\Debug\Cm0plusStart.o
                0x20000000                CyRamVectors

.noinit
 *(.noinit)

.data           0x200000a8       0x88 load address 0x000057c0
                0x200000a8                __cy_region_start_data = .
 *(.jcr)
 .jcr           0x200000a8        0x0 c:/program files (x86)/cypress/psoc creator/4.4/psoc creator/import/gnu/arm/5.4.1/bin/../lib/gcc/arm-none-eabi/5.4.1/armv6-m/crtbegin.o
 .jcr           0x200000a8        0x4 c:/program files (x86)/cypress/psoc creator/4.4/psoc creator/import/gnu/arm/5.4.1/bin/../lib/gcc/arm-none-eabi/5.4.1/armv6-m/crtend.o
 *(.got.plt)
 *(.got)
 *(.shdata)
 *(.data .data.* .gnu.linkonce.d.*)
 .data          0x200000ac       0x14 .\CortexM0p\ARM_GCC_541\Debug\TJ Temperature Spatial Profile.a(CyLib.o)
                0x200000ac                CySysClkPumpConfig
                0x200000b0                cydelay32kMs
                0x200000b4                cydelayFreqKhz
                0x200000b8                cydelayFreqMhz
                0x200000bc                cydelayFreqHz
 .data          0x200000c0        0x4 .\CortexM0p\ARM_GCC_541\Debug\TJ Temperature Spatial Profile.a(CyLFClk.o)
 .data          0x200000c4        0x1 .\CortexM0p\ARM_GCC_541\Debug\TJ Temperature Spatial Profile.a(AMux_1.o)
 .data.__fdlib_version
                0x200000c5        0x1 c:/program files (x86)/cypress/psoc creator/4.4/psoc creator/import/gnu/arm/5.4.1/bin/../lib/gcc/arm-none-eabi/5.4.1/../../../../arm-none-eabi/lib/armv6-m\libm.a(lib_a-s_lib_ver.o)
                0x200000c5                __fdlib_version
 *fill*         0x200000c6        0x2 
 .data.impure_data
                0x200000c8       0x60 c:/program files (x86)/cypress/psoc creator/4.4/psoc creator/import/gnu/arm/5.4.1/bin/../lib/gcc/arm-none-eabi/5.4.1/../../../../arm-none-eabi/lib/armv6-m\libg_nano.a(lib_a-impure.o)
 .data._impure_ptr
                0x20000128        0x4 c:/program files (x86)/cypress/psoc creator/4.4/psoc creator/import/gnu/arm/5.4.1/bin/../lib/gcc/arm-none-eabi/5.4.1/../../../../arm-none-eabi/lib/armv6-m\libg_nano.a(lib_a-impure.o)
                0x20000128                _impure_ptr
                0x20000130                . = ALIGN (0x8)
 *fill*         0x2000012c        0x4 
 *(.ram)
                0x20000130                _edata = .

.igot.plt       0x20000130        0x0 load address 0x00005848
 .igot.plt      0x20000130        0x0 c:/program files (x86)/cypress/psoc creator/4.4/psoc creator/import/gnu/arm/5.4.1/bin/../lib/gcc/arm-none-eabi/5.4.1/armv6-m/crtbegin.o

.bss            0x20000130      0x110 load address 0x00005848
                0x20000130                PROVIDE (__bss_start__, .)
 *(.shbss)
 *(.bss .bss.* .gnu.linkonce.b.*)
 .bss           0x20000130       0x1c c:/program files (x86)/cypress/psoc creator/4.4/psoc creator/import/gnu/arm/5.4.1/bin/../lib/gcc/arm-none-eabi/5.4.1/armv6-m/crtbegin.o
 .bss           0x2000014c       0x80 .\CortexM0p\ARM_GCC_541\Debug\main.o
 .bss           0x200001cc       0x18 .\CortexM0p\ARM_GCC_541\Debug\TJ Temperature Spatial Profile.a(CyLFClk.o)
 .bss           0x200001e4        0x1 .\CortexM0p\ARM_GCC_541\Debug\TJ Temperature Spatial Profile.a(PVref_1.o)
                0x200001e4                PVref_1_initVar
 *fill*         0x200001e5        0x3 
 .bss           0x200001e8        0x5 .\CortexM0p\ARM_GCC_541\Debug\TJ Temperature Spatial Profile.a(Opamp_1.o)
                0x200001ec                Opamp_1_initVar
 *fill*         0x200001ed        0x3 
 .bss           0x200001f0        0x6 .\CortexM0p\ARM_GCC_541\Debug\TJ Temperature Spatial Profile.a(ADC_1.o)
                0x200001f4                ADC_1_initVar
                0x200001f5                ADC_1_selected
 *fill*         0x200001f6        0x2 
 .bss           0x200001f8        0x8 .\CortexM0p\ARM_GCC_541\Debug\TJ Temperature Spatial Profile.a(I2C_1.o)
                0x200001f8                I2C_1_initVar
                0x200001fc                I2C_1_customIntrHandler
 .bss           0x20000200        0x4 .\CortexM0p\ARM_GCC_541\Debug\TJ Temperature Spatial Profile.a(UART_1.o)
                0x20000200                UART_1_initVar
                0x20000202                UART_1_IntrTxMask
 .bss           0x20000204        0x5 .\CortexM0p\ARM_GCC_541\Debug\TJ Temperature Spatial Profile.a(Opamp_2.o)
                0x20000208                Opamp_2_initVar
 *fill*         0x20000209        0x3 
 .bss           0x2000020c        0x5 .\CortexM0p\ARM_GCC_541\Debug\TJ Temperature Spatial Profile.a(Opamp_3.o)
                0x20000210                Opamp_3_initVar
 *(COMMON)
 *fill*         0x20000211        0x3 
 COMMON         0x20000214        0x8 .\CortexM0p\ARM_GCC_541\Debug\TJ Temperature Spatial Profile.a(ADC_1.o)
                0x20000214                ADC_1_offset
                0x20000218                ADC_1_countsPer10Volt
 COMMON         0x2000021c        0x1 .\CortexM0p\ARM_GCC_541\Debug\TJ Temperature Spatial Profile.a(I2C_1_I2C.o)
                0x2000021c                I2C_1_state
 *fill*         0x2000021d        0x3 
 COMMON         0x20000220       0x20 .\CortexM0p\ARM_GCC_541\Debug\TJ Temperature Spatial Profile.a(I2C_1_I2C_SLAVE.o)
                0x20000220                I2C_1_slRdBufIndex
                0x20000224                I2C_1_slOverFlowCount
                0x20000225                I2C_1_slStatus
                0x20000228                I2C_1_slWrBufSize
                0x2000022c                I2C_1_slRdBufPtr
                0x20000230                I2C_1_slRdBufIndexTmp
                0x20000234                I2C_1_slWrBufIndex
                0x20000238                I2C_1_slWrBufPtr
                0x2000023c                I2C_1_slRdBufSize
                0x20000240                . = ALIGN (0x8)
 *(.ram.b)
                0x20000240                _end = .
                0x20000240                __end = .
                0x20000240                PROVIDE (end, .)
                0x20000240                PROVIDE (__bss_end__, .)
                0x000057c0                __cy_region_init_ram = LOADADDR (.data)
                0x00000088                __cy_region_init_size_ram = (_edata - ADDR (.data))
                0x00000110                __cy_region_zero_size_ram = (_end - _edata)

.heap           0x20000240       0x80 load address 0x00005848
                0x20000240                . = _end
                0x200002c0                . = (. + 0x80)
 *fill*         0x20000240       0x80 
                0x200002c0                __cy_heap_limit = .

.stack          0x20000c00      0x400
                0x20000c00                __cy_stack_limit = .
                0x20001000                . = (. + 0x400)
 *fill*         0x20000c00      0x400 
                0x00000001                ASSERT ((__cy_stack_limit >= __cy_heap_limit), region RAM overflowed with stack)
                0x00000000                cy_checksum_exclude_size = (CY_APPL_LOADABLE == 0x1)?SIZEOF (.cy_checksum_exclude):0x0
                0x00000001                ASSERT ((cy_checksum_exclude_size <= CY_CHECKSUM_EXCLUDE_SIZE), CY_BOOT: Section .cy_checksum_exclude size exceedes specified limit.)
                0x00007fc0                cyloadermeta_start = (cy_project_type_bootloader || cy_project_type_app_for_stack_and_copier)?(LENGTH (rom) - CY_METADATA_SIZE):0xf0000000

.cyloadermeta
 *(.cyloadermeta)
                0x00007fc0                cyloadablemeta_start = cy_project_type_app_for_stack_and_copier?((LENGTH (rom) - CY_FLASH_ROW_SIZE) - CY_METADATA_SIZE):((LENGTH (rom) - (CY_FLASH_ROW_SIZE * (CY_APPL_NUM - 0x1))) - CY_METADATA_SIZE)

.cyloadablemeta
 *(.cyloadablemeta)

.cyflashprotect
                0x90400000       0x20
 *(.cyflashprotect)
 .cyflashprotect
                0x90400000       0x20 .\CortexM0p\ARM_GCC_541\Debug\cymetadata.o
                0x90400000                cy_meta_flashprotect

.cymeta         0x90500000        0xc
 *(.cymeta)
 .cymeta        0x90500000        0xc .\CortexM0p\ARM_GCC_541\Debug\cymetadata.o
                0x90500000                cy_metadata

.cychipprotect  0x90600000        0x1
 *(.cychipprotect)
 .cychipprotect
                0x90600000        0x1 .\CortexM0p\ARM_GCC_541\Debug\cymetadata.o
                0x90600000                cy_meta_chipprotect

.rel.dyn        0x00005848        0x0 load address 0x90600004
 .rel.iplt      0x00005848        0x0 c:/program files (x86)/cypress/psoc creator/4.4/psoc creator/import/gnu/arm/5.4.1/bin/../lib/gcc/arm-none-eabi/5.4.1/armv6-m/crtbegin.o

.stab
 *(.stab)

.stabstr
 *(.stabstr)

.debug
 *(.debug)

.line
 *(.line)

.debug_srcinfo
 *(.debug_srcinfo)

.debug_sfnames
 *(.debug_sfnames)

.debug_aranges  0x00000000      0xb08
 *(.debug_aranges)
 .debug_aranges
                0x00000000       0x28 .\CortexM0p\ARM_GCC_541\Debug\main.o
 .debug_aranges
                0x00000028       0x58 .\CortexM0p\ARM_GCC_541\Debug\cyfitter_cfg.o
 .debug_aranges
                0x00000080       0x18 .\CortexM0p\ARM_GCC_541\Debug\cymetadata.o
 .debug_aranges
                0x00000098       0x48 .\CortexM0p\ARM_GCC_541\Debug\Cm0plusStart.o
 .debug_aranges
                0x000000e0      0x1f8 .\CortexM0p\ARM_GCC_541\Debug\TJ Temperature Spatial Profile.a(CyLib.o)
 .debug_aranges
                0x000002d8      0x1a8 .\CortexM0p\ARM_GCC_541\Debug\TJ Temperature Spatial Profile.a(CyLFClk.o)
 .debug_aranges
                0x00000480       0x40 .\CortexM0p\ARM_GCC_541\Debug\TJ Temperature Spatial Profile.a(AMux_1.o)
 .debug_aranges
                0x000004c0       0x48 .\CortexM0p\ARM_GCC_541\Debug\TJ Temperature Spatial Profile.a(PVref_1.o)
 .debug_aranges
                0x00000508       0x48 .\CortexM0p\ARM_GCC_541\Debug\TJ Temperature Spatial Profile.a(Opamp_1.o)
 .debug_aranges
                0x00000550       0xf0 .\CortexM0p\ARM_GCC_541\Debug\TJ Temperature Spatial Profile.a(ADC_1.o)
 .debug_aranges
                0x00000640       0x18 .\CortexM0p\ARM_GCC_541\Debug\TJ Temperature Spatial Profile.a(ADC_1_INIT.o)
 .debug_aranges
                0x00000658       0x20 .\CortexM0p\ARM_GCC_541\Debug\TJ Temperature Spatial Profile.a(ADC_1_INT.o)
 .debug_aranges
                0x00000678       0x40 .\CortexM0p\ARM_GCC_541\Debug\TJ Temperature Spatial Profile.a(ADC_1_intSarClock.o)
 .debug_aranges
                0x000006b8       0x80 .\CortexM0p\ARM_GCC_541\Debug\TJ Temperature Spatial Profile.a(ADC_1_IRQ.o)
 .debug_aranges
                0x00000738       0x60 .\CortexM0p\ARM_GCC_541\Debug\TJ Temperature Spatial Profile.a(I2C_1.o)
 .debug_aranges
                0x00000798       0x30 .\CortexM0p\ARM_GCC_541\Debug\TJ Temperature Spatial Profile.a(I2C_1_I2C.o)
 .debug_aranges
                0x000007c8       0x70 .\CortexM0p\ARM_GCC_541\Debug\TJ Temperature Spatial Profile.a(I2C_1_I2C_SLAVE.o)
 .debug_aranges
                0x00000838       0x58 .\CortexM0p\ARM_GCC_541\Debug\TJ Temperature Spatial Profile.a(UART_1.o)
 .debug_aranges
                0x00000890       0x90 .\CortexM0p\ARM_GCC_541\Debug\TJ Temperature Spatial Profile.a(UART_1_UART.o)
 .debug_aranges
                0x00000920       0x28 .\CortexM0p\ARM_GCC_541\Debug\TJ Temperature Spatial Profile.a(Thermistor_1.o)
 .debug_aranges
                0x00000948       0x48 .\CortexM0p\ARM_GCC_541\Debug\TJ Temperature Spatial Profile.a(Opamp_2.o)
 .debug_aranges
                0x00000990       0x48 .\CortexM0p\ARM_GCC_541\Debug\TJ Temperature Spatial Profile.a(Opamp_3.o)
 .debug_aranges
                0x000009d8       0x48 .\CortexM0p\ARM_GCC_541\Debug\TJ Temperature Spatial Profile.a(LED.o)
 .debug_aranges
                0x00000a20       0x20 .\CortexM0p\ARM_GCC_541\Debug\TJ Temperature Spatial Profile.a(CyBootAsmGnu.o)
 .debug_aranges
                0x00000a40       0x48 .\CortexM0p\ARM_GCC_541\Debug\TJ Temperature Spatial Profile.a(CyFlash.o)
 .debug_aranges
                0x00000a88       0x20 .\CortexM0p\ARM_GCC_541\Debug\TJ Temperature Spatial Profile.a(I2C_1_I2C_INT.o)
 .debug_aranges
                0x00000aa8       0x60 .\CortexM0p\ARM_GCC_541\Debug\TJ Temperature Spatial Profile.a(UART_1_SPI_UART.o)

.debug_pubnames
 *(.debug_pubnames)

.debug_info     0x00000000     0x59cd
 *(.debug_info .gnu.linkonce.wi.*)
 .debug_info    0x00000000      0x522 .\CortexM0p\ARM_GCC_541\Debug\main.o
 .debug_info    0x00000522      0x261 .\CortexM0p\ARM_GCC_541\Debug\cyfitter_cfg.o
 .debug_info    0x00000783       0xf8 .\CortexM0p\ARM_GCC_541\Debug\cymetadata.o
 .debug_info    0x0000087b      0x3a5 .\CortexM0p\ARM_GCC_541\Debug\Cm0plusStart.o
 .debug_info    0x00000c20      0xe0e .\CortexM0p\ARM_GCC_541\Debug\TJ Temperature Spatial Profile.a(CyLib.o)
 .debug_info    0x00001a2e      0xd06 .\CortexM0p\ARM_GCC_541\Debug\TJ Temperature Spatial Profile.a(CyLFClk.o)
 .debug_info    0x00002734      0x235 .\CortexM0p\ARM_GCC_541\Debug\TJ Temperature Spatial Profile.a(AMux_1.o)
 .debug_info    0x00002969      0x15e .\CortexM0p\ARM_GCC_541\Debug\TJ Temperature Spatial Profile.a(PVref_1.o)
 .debug_info    0x00002ac7      0x17c .\CortexM0p\ARM_GCC_541\Debug\TJ Temperature Spatial Profile.a(Opamp_1.o)
 .debug_info    0x00002c43      0xa55 .\CortexM0p\ARM_GCC_541\Debug\TJ Temperature Spatial Profile.a(ADC_1.o)
 .debug_info    0x00003698      0x192 .\CortexM0p\ARM_GCC_541\Debug\TJ Temperature Spatial Profile.a(ADC_1_INIT.o)
 .debug_info    0x0000382a       0xcb .\CortexM0p\ARM_GCC_541\Debug\TJ Temperature Spatial Profile.a(ADC_1_INT.o)
 .debug_info    0x000038f5      0x166 .\CortexM0p\ARM_GCC_541\Debug\TJ Temperature Spatial Profile.a(ADC_1_intSarClock.o)
 .debug_info    0x00003a5b      0x305 .\CortexM0p\ARM_GCC_541\Debug\TJ Temperature Spatial Profile.a(ADC_1_IRQ.o)
 .debug_info    0x00003d60      0x298 .\CortexM0p\ARM_GCC_541\Debug\TJ Temperature Spatial Profile.a(I2C_1.o)
 .debug_info    0x00003ff8      0x18f .\CortexM0p\ARM_GCC_541\Debug\TJ Temperature Spatial Profile.a(I2C_1_I2C.o)
 .debug_info    0x00004187      0x38d .\CortexM0p\ARM_GCC_541\Debug\TJ Temperature Spatial Profile.a(I2C_1_I2C_SLAVE.o)
 .debug_info    0x00004514      0x23a .\CortexM0p\ARM_GCC_541\Debug\TJ Temperature Spatial Profile.a(UART_1.o)
 .debug_info    0x0000474e      0x3b5 .\CortexM0p\ARM_GCC_541\Debug\TJ Temperature Spatial Profile.a(UART_1_UART.o)
 .debug_info    0x00004b03      0x1a9 .\CortexM0p\ARM_GCC_541\Debug\TJ Temperature Spatial Profile.a(Thermistor_1.o)
 .debug_info    0x00004cac      0x17c .\CortexM0p\ARM_GCC_541\Debug\TJ Temperature Spatial Profile.a(Opamp_2.o)
 .debug_info    0x00004e28      0x17c .\CortexM0p\ARM_GCC_541\Debug\TJ Temperature Spatial Profile.a(Opamp_3.o)
 .debug_info    0x00004fa4      0x19d .\CortexM0p\ARM_GCC_541\Debug\TJ Temperature Spatial Profile.a(LED.o)
 .debug_info    0x00005141       0xbe .\CortexM0p\ARM_GCC_541\Debug\TJ Temperature Spatial Profile.a(CyBootAsmGnu.o)
 .debug_info    0x000051ff      0x417 .\CortexM0p\ARM_GCC_541\Debug\TJ Temperature Spatial Profile.a(CyFlash.o)
 .debug_info    0x00005616      0x197 .\CortexM0p\ARM_GCC_541\Debug\TJ Temperature Spatial Profile.a(I2C_1_I2C_INT.o)
 .debug_info    0x000057ad      0x220 .\CortexM0p\ARM_GCC_541\Debug\TJ Temperature Spatial Profile.a(UART_1_SPI_UART.o)

.debug_abbrev   0x00000000     0x1b9f
 *(.debug_abbrev)
 .debug_abbrev  0x00000000      0x13a .\CortexM0p\ARM_GCC_541\Debug\main.o
 .debug_abbrev  0x0000013a       0xdd .\CortexM0p\ARM_GCC_541\Debug\cyfitter_cfg.o
 .debug_abbrev  0x00000217       0x5d .\CortexM0p\ARM_GCC_541\Debug\cymetadata.o
 .debug_abbrev  0x00000274      0x1d0 .\CortexM0p\ARM_GCC_541\Debug\Cm0plusStart.o
 .debug_abbrev  0x00000444      0x1f5 .\CortexM0p\ARM_GCC_541\Debug\TJ Temperature Spatial Profile.a(CyLib.o)
 .debug_abbrev  0x00000639      0x207 .\CortexM0p\ARM_GCC_541\Debug\TJ Temperature Spatial Profile.a(CyLFClk.o)
 .debug_abbrev  0x00000840       0xbe .\CortexM0p\ARM_GCC_541\Debug\TJ Temperature Spatial Profile.a(AMux_1.o)
 .debug_abbrev  0x000008fe       0xaa .\CortexM0p\ARM_GCC_541\Debug\TJ Temperature Spatial Profile.a(PVref_1.o)
 .debug_abbrev  0x000009a8       0xc8 .\CortexM0p\ARM_GCC_541\Debug\TJ Temperature Spatial Profile.a(Opamp_1.o)
 .debug_abbrev  0x00000a70      0x21e .\CortexM0p\ARM_GCC_541\Debug\TJ Temperature Spatial Profile.a(ADC_1.o)
 .debug_abbrev  0x00000c8e       0x86 .\CortexM0p\ARM_GCC_541\Debug\TJ Temperature Spatial Profile.a(ADC_1_INIT.o)
 .debug_abbrev  0x00000d14       0x65 .\CortexM0p\ARM_GCC_541\Debug\TJ Temperature Spatial Profile.a(ADC_1_INT.o)
 .debug_abbrev  0x00000d79       0xb7 .\CortexM0p\ARM_GCC_541\Debug\TJ Temperature Spatial Profile.a(ADC_1_intSarClock.o)
 .debug_abbrev  0x00000e30      0x19a .\CortexM0p\ARM_GCC_541\Debug\TJ Temperature Spatial Profile.a(ADC_1_IRQ.o)
 .debug_abbrev  0x00000fca      0x118 .\CortexM0p\ARM_GCC_541\Debug\TJ Temperature Spatial Profile.a(I2C_1.o)
 .debug_abbrev  0x000010e2       0xc7 .\CortexM0p\ARM_GCC_541\Debug\TJ Temperature Spatial Profile.a(I2C_1_I2C.o)
 .debug_abbrev  0x000011a9      0x156 .\CortexM0p\ARM_GCC_541\Debug\TJ Temperature Spatial Profile.a(I2C_1_I2C_SLAVE.o)
 .debug_abbrev  0x000012ff       0xd5 .\CortexM0p\ARM_GCC_541\Debug\TJ Temperature Spatial Profile.a(UART_1.o)
 .debug_abbrev  0x000013d4      0x132 .\CortexM0p\ARM_GCC_541\Debug\TJ Temperature Spatial Profile.a(UART_1_UART.o)
 .debug_abbrev  0x00001506       0x9c .\CortexM0p\ARM_GCC_541\Debug\TJ Temperature Spatial Profile.a(Thermistor_1.o)
 .debug_abbrev  0x000015a2       0xc8 .\CortexM0p\ARM_GCC_541\Debug\TJ Temperature Spatial Profile.a(Opamp_2.o)
 .debug_abbrev  0x0000166a       0xc8 .\CortexM0p\ARM_GCC_541\Debug\TJ Temperature Spatial Profile.a(Opamp_3.o)
 .debug_abbrev  0x00001732       0xc8 .\CortexM0p\ARM_GCC_541\Debug\TJ Temperature Spatial Profile.a(LED.o)
 .debug_abbrev  0x000017fa       0x14 .\CortexM0p\ARM_GCC_541\Debug\TJ Temperature Spatial Profile.a(CyBootAsmGnu.o)
 .debug_abbrev  0x0000180e      0x19e .\CortexM0p\ARM_GCC_541\Debug\TJ Temperature Spatial Profile.a(CyFlash.o)
 .debug_abbrev  0x000019ac       0xa4 .\CortexM0p\ARM_GCC_541\Debug\TJ Temperature Spatial Profile.a(I2C_1_I2C_INT.o)
 .debug_abbrev  0x00001a50      0x14f .\CortexM0p\ARM_GCC_541\Debug\TJ Temperature Spatial Profile.a(UART_1_SPI_UART.o)

.debug_line     0x00000000     0x294e
 *(.debug_line)
 .debug_line    0x00000000      0x14b .\CortexM0p\ARM_GCC_541\Debug\main.o
 .debug_line    0x0000014b      0x22a .\CortexM0p\ARM_GCC_541\Debug\cyfitter_cfg.o
 .debug_line    0x00000375      0x141 .\CortexM0p\ARM_GCC_541\Debug\cymetadata.o
 .debug_line    0x000004b6      0x247 .\CortexM0p\ARM_GCC_541\Debug\Cm0plusStart.o
 .debug_line    0x000006fd      0x5df .\CortexM0p\ARM_GCC_541\Debug\TJ Temperature Spatial Profile.a(CyLib.o)
 .debug_line    0x00000cdc      0x5c1 .\CortexM0p\ARM_GCC_541\Debug\TJ Temperature Spatial Profile.a(CyLFClk.o)
 .debug_line    0x0000129d       0xdb .\CortexM0p\ARM_GCC_541\Debug\TJ Temperature Spatial Profile.a(AMux_1.o)
 .debug_line    0x00001378       0xc1 .\CortexM0p\ARM_GCC_541\Debug\TJ Temperature Spatial Profile.a(PVref_1.o)
 .debug_line    0x00001439       0xc3 .\CortexM0p\ARM_GCC_541\Debug\TJ Temperature Spatial Profile.a(Opamp_1.o)
 .debug_line    0x000014fc      0x3af .\CortexM0p\ARM_GCC_541\Debug\TJ Temperature Spatial Profile.a(ADC_1.o)
 .debug_line    0x000018ab       0x5c .\CortexM0p\ARM_GCC_541\Debug\TJ Temperature Spatial Profile.a(ADC_1_INIT.o)
 .debug_line    0x00001907       0x64 .\CortexM0p\ARM_GCC_541\Debug\TJ Temperature Spatial Profile.a(ADC_1_INT.o)
 .debug_line    0x0000196b       0xc4 .\CortexM0p\ARM_GCC_541\Debug\TJ Temperature Spatial Profile.a(ADC_1_intSarClock.o)
 .debug_line    0x00001a2f      0x155 .\CortexM0p\ARM_GCC_541\Debug\TJ Temperature Spatial Profile.a(ADC_1_IRQ.o)
 .debug_line    0x00001b84      0x128 .\CortexM0p\ARM_GCC_541\Debug\TJ Temperature Spatial Profile.a(I2C_1.o)
 .debug_line    0x00001cac       0xc7 .\CortexM0p\ARM_GCC_541\Debug\TJ Temperature Spatial Profile.a(I2C_1_I2C.o)
 .debug_line    0x00001d73      0x13e .\CortexM0p\ARM_GCC_541\Debug\TJ Temperature Spatial Profile.a(I2C_1_I2C_SLAVE.o)
 .debug_line    0x00001eb1      0x10c .\CortexM0p\ARM_GCC_541\Debug\TJ Temperature Spatial Profile.a(UART_1.o)
 .debug_line    0x00001fbd      0x1cf .\CortexM0p\ARM_GCC_541\Debug\TJ Temperature Spatial Profile.a(UART_1_UART.o)
 .debug_line    0x0000218c       0xf8 .\CortexM0p\ARM_GCC_541\Debug\TJ Temperature Spatial Profile.a(Thermistor_1.o)
 .debug_line    0x00002284       0xc3 .\CortexM0p\ARM_GCC_541\Debug\TJ Temperature Spatial Profile.a(Opamp_2.o)
 .debug_line    0x00002347       0xc3 .\CortexM0p\ARM_GCC_541\Debug\TJ Temperature Spatial Profile.a(Opamp_3.o)
 .debug_line    0x0000240a       0xbb .\CortexM0p\ARM_GCC_541\Debug\TJ Temperature Spatial Profile.a(LED.o)
 .debug_line    0x000024c5       0x68 .\CortexM0p\ARM_GCC_541\Debug\TJ Temperature Spatial Profile.a(CyBootAsmGnu.o)
 .debug_line    0x0000252d      0x1e1 .\CortexM0p\ARM_GCC_541\Debug\TJ Temperature Spatial Profile.a(CyFlash.o)
 .debug_line    0x0000270e      0x124 .\CortexM0p\ARM_GCC_541\Debug\TJ Temperature Spatial Profile.a(I2C_1_I2C_INT.o)
 .debug_line    0x00002832      0x11c .\CortexM0p\ARM_GCC_541\Debug\TJ Temperature Spatial Profile.a(UART_1_SPI_UART.o)

.debug_frame    0x00000000     0x1fa4
 *(.debug_frame)
 .debug_frame   0x00000000       0x48 .\CortexM0p\ARM_GCC_541\Debug\main.o
 .debug_frame   0x00000048       0xb4 .\CortexM0p\ARM_GCC_541\Debug\cyfitter_cfg.o
 .debug_frame   0x000000fc       0xbc .\CortexM0p\ARM_GCC_541\Debug\Cm0plusStart.o
 .debug_frame   0x000001b8      0x500 .\CortexM0p\ARM_GCC_541\Debug\TJ Temperature Spatial Profile.a(CyLib.o)
 .debug_frame   0x000006b8      0x484 .\CortexM0p\ARM_GCC_541\Debug\TJ Temperature Spatial Profile.a(CyLFClk.o)
 .debug_frame   0x00000b3c       0x9c .\CortexM0p\ARM_GCC_541\Debug\TJ Temperature Spatial Profile.a(AMux_1.o)
 .debug_frame   0x00000bd8       0x7c .\CortexM0p\ARM_GCC_541\Debug\TJ Temperature Spatial Profile.a(PVref_1.o)
 .debug_frame   0x00000c54       0x7c .\CortexM0p\ARM_GCC_541\Debug\TJ Temperature Spatial Profile.a(Opamp_1.o)
 .debug_frame   0x00000cd0      0x2a0 .\CortexM0p\ARM_GCC_541\Debug\TJ Temperature Spatial Profile.a(ADC_1.o)
 .debug_frame   0x00000f70       0x20 .\CortexM0p\ARM_GCC_541\Debug\TJ Temperature Spatial Profile.a(ADC_1_INT.o)
 .debug_frame   0x00000f90       0x6c .\CortexM0p\ARM_GCC_541\Debug\TJ Temperature Spatial Profile.a(ADC_1_intSarClock.o)
 .debug_frame   0x00000ffc      0x110 .\CortexM0p\ARM_GCC_541\Debug\TJ Temperature Spatial Profile.a(ADC_1_IRQ.o)
 .debug_frame   0x0000110c       0xe8 .\CortexM0p\ARM_GCC_541\Debug\TJ Temperature Spatial Profile.a(I2C_1.o)
 .debug_frame   0x000011f4       0x58 .\CortexM0p\ARM_GCC_541\Debug\TJ Temperature Spatial Profile.a(I2C_1_I2C.o)
 .debug_frame   0x0000124c       0xf8 .\CortexM0p\ARM_GCC_541\Debug\TJ Temperature Spatial Profile.a(I2C_1_I2C_SLAVE.o)
 .debug_frame   0x00001344       0xd8 .\CortexM0p\ARM_GCC_541\Debug\TJ Temperature Spatial Profile.a(UART_1.o)
 .debug_frame   0x0000141c      0x144 .\CortexM0p\ARM_GCC_541\Debug\TJ Temperature Spatial Profile.a(UART_1_UART.o)
 .debug_frame   0x00001560       0x54 .\CortexM0p\ARM_GCC_541\Debug\TJ Temperature Spatial Profile.a(Thermistor_1.o)
 .debug_frame   0x000015b4       0x7c .\CortexM0p\ARM_GCC_541\Debug\TJ Temperature Spatial Profile.a(Opamp_2.o)
 .debug_frame   0x00001630       0x7c .\CortexM0p\ARM_GCC_541\Debug\TJ Temperature Spatial Profile.a(Opamp_3.o)
 .debug_frame   0x000016ac       0x70 .\CortexM0p\ARM_GCC_541\Debug\TJ Temperature Spatial Profile.a(LED.o)
 .debug_frame   0x0000171c       0xa8 .\CortexM0p\ARM_GCC_541\Debug\TJ Temperature Spatial Profile.a(CyFlash.o)
 .debug_frame   0x000017c4       0x2c .\CortexM0p\ARM_GCC_541\Debug\TJ Temperature Spatial Profile.a(I2C_1_I2C_INT.o)
 .debug_frame   0x000017f0       0xb0 .\CortexM0p\ARM_GCC_541\Debug\TJ Temperature Spatial Profile.a(UART_1_SPI_UART.o)
 .debug_frame   0x000018a0       0x38 c:/program files (x86)/cypress/psoc creator/4.4/psoc creator/import/gnu/arm/5.4.1/bin/../lib/gcc/arm-none-eabi/5.4.1/../../../../arm-none-eabi/lib/armv6-m\libm.a(lib_a-w_log.o)
 .debug_frame   0x000018d8       0x3c c:/program files (x86)/cypress/psoc creator/4.4/psoc creator/import/gnu/arm/5.4.1/bin/../lib/gcc/arm-none-eabi/5.4.1/../../../../arm-none-eabi/lib/armv6-m\libm.a(lib_a-w_pow.o)
 .debug_frame   0x00001914       0x3c c:/program files (x86)/cypress/psoc creator/4.4/psoc creator/import/gnu/arm/5.4.1/bin/../lib/gcc/arm-none-eabi/5.4.1/../../../../arm-none-eabi/lib/armv6-m\libm.a(lib_a-e_log.o)
 .debug_frame   0x00001950       0x3c c:/program files (x86)/cypress/psoc creator/4.4/psoc creator/import/gnu/arm/5.4.1/bin/../lib/gcc/arm-none-eabi/5.4.1/../../../../arm-none-eabi/lib/armv6-m\libm.a(lib_a-e_pow.o)
 .debug_frame   0x0000198c       0x3c c:/program files (x86)/cypress/psoc creator/4.4/psoc creator/import/gnu/arm/5.4.1/bin/../lib/gcc/arm-none-eabi/5.4.1/../../../../arm-none-eabi/lib/armv6-m\libm.a(lib_a-e_sqrt.o)
 .debug_frame   0x000019c8       0x20 c:/program files (x86)/cypress/psoc creator/4.4/psoc creator/import/gnu/arm/5.4.1/bin/../lib/gcc/arm-none-eabi/5.4.1/../../../../arm-none-eabi/lib/armv6-m\libm.a(lib_a-s_fabs.o)
 .debug_frame   0x000019e8       0x20 c:/program files (x86)/cypress/psoc creator/4.4/psoc creator/import/gnu/arm/5.4.1/bin/../lib/gcc/arm-none-eabi/5.4.1/../../../../arm-none-eabi/lib/armv6-m\libm.a(lib_a-s_finite.o)
 .debug_frame   0x00001a08       0x20 c:/program files (x86)/cypress/psoc creator/4.4/psoc creator/import/gnu/arm/5.4.1/bin/../lib/gcc/arm-none-eabi/5.4.1/../../../../arm-none-eabi/lib/armv6-m\libm.a(lib_a-s_matherr.o)
 .debug_frame   0x00001a28       0x20 c:/program files (x86)/cypress/psoc creator/4.4/psoc creator/import/gnu/arm/5.4.1/bin/../lib/gcc/arm-none-eabi/5.4.1/../../../../arm-none-eabi/lib/armv6-m\libm.a(lib_a-s_nan.o)
 .debug_frame   0x00001a48       0x38 c:/program files (x86)/cypress/psoc creator/4.4/psoc creator/import/gnu/arm/5.4.1/bin/../lib/gcc/arm-none-eabi/5.4.1/../../../../arm-none-eabi/lib/armv6-m\libm.a(lib_a-s_rint.o)
 .debug_frame   0x00001a80       0x2c c:/program files (x86)/cypress/psoc creator/4.4/psoc creator/import/gnu/arm/5.4.1/bin/../lib/gcc/arm-none-eabi/5.4.1/../../../../arm-none-eabi/lib/armv6-m\libm.a(lib_a-s_scalbn.o)
 .debug_frame   0x00001aac       0x2c c:/program files (x86)/cypress/psoc creator/4.4/psoc creator/import/gnu/arm/5.4.1/bin/../lib/gcc/arm-none-eabi/5.4.1/../../../../arm-none-eabi/lib/armv6-m\libm.a(lib_a-s_copysign.o)
 .debug_frame   0x00001ad8       0x20 c:/program files (x86)/cypress/psoc creator/4.4/psoc creator/import/gnu/arm/5.4.1/bin/../lib/gcc/arm-none-eabi/5.4.1/armv6-m\libgcc.a(_udivsi3.o)
 .debug_frame   0x00001af8       0x20 c:/program files (x86)/cypress/psoc creator/4.4/psoc creator/import/gnu/arm/5.4.1/bin/../lib/gcc/arm-none-eabi/5.4.1/armv6-m\libgcc.a(_divsi3.o)
 .debug_frame   0x00001b18       0x34 c:/program files (x86)/cypress/psoc creator/4.4/psoc creator/import/gnu/arm/5.4.1/bin/../lib/gcc/arm-none-eabi/5.4.1/armv6-m\libgcc.a(_muldi3.o)
 .debug_frame   0x00001b4c       0x30 c:/program files (x86)/cypress/psoc creator/4.4/psoc creator/import/gnu/arm/5.4.1/bin/../lib/gcc/arm-none-eabi/5.4.1/armv6-m\libgcc.a(bpabi.o)
 .debug_frame   0x00001b7c       0x3c c:/program files (x86)/cypress/psoc creator/4.4/psoc creator/import/gnu/arm/5.4.1/bin/../lib/gcc/arm-none-eabi/5.4.1/armv6-m\libgcc.a(divsf3.o)
 .debug_frame   0x00001bb8       0x38 c:/program files (x86)/cypress/psoc creator/4.4/psoc creator/import/gnu/arm/5.4.1/bin/../lib/gcc/arm-none-eabi/5.4.1/armv6-m\libgcc.a(mulsf3.o)
 .debug_frame   0x00001bf0       0x20 c:/program files (x86)/cypress/psoc creator/4.4/psoc creator/import/gnu/arm/5.4.1/bin/../lib/gcc/arm-none-eabi/5.4.1/armv6-m\libgcc.a(fixsfsi.o)
 .debug_frame   0x00001c10       0x2c c:/program files (x86)/cypress/psoc creator/4.4/psoc creator/import/gnu/arm/5.4.1/bin/../lib/gcc/arm-none-eabi/5.4.1/armv6-m\libgcc.a(floatsisf.o)
 .debug_frame   0x00001c3c       0x3c c:/program files (x86)/cypress/psoc creator/4.4/psoc creator/import/gnu/arm/5.4.1/bin/../lib/gcc/arm-none-eabi/5.4.1/armv6-m\libgcc.a(adddf3.o)
 .debug_frame   0x00001c78       0x3c c:/program files (x86)/cypress/psoc creator/4.4/psoc creator/import/gnu/arm/5.4.1/bin/../lib/gcc/arm-none-eabi/5.4.1/armv6-m\libgcc.a(divdf3.o)
 .debug_frame   0x00001cb4       0x38 c:/program files (x86)/cypress/psoc creator/4.4/psoc creator/import/gnu/arm/5.4.1/bin/../lib/gcc/arm-none-eabi/5.4.1/armv6-m\libgcc.a(eqdf2.o)
 .debug_frame   0x00001cec       0x38 c:/program files (x86)/cypress/psoc creator/4.4/psoc creator/import/gnu/arm/5.4.1/bin/../lib/gcc/arm-none-eabi/5.4.1/armv6-m\libgcc.a(gedf2.o)
 .debug_frame   0x00001d24       0x38 c:/program files (x86)/cypress/psoc creator/4.4/psoc creator/import/gnu/arm/5.4.1/bin/../lib/gcc/arm-none-eabi/5.4.1/armv6-m\libgcc.a(ledf2.o)
 .debug_frame   0x00001d5c       0x3c c:/program files (x86)/cypress/psoc creator/4.4/psoc creator/import/gnu/arm/5.4.1/bin/../lib/gcc/arm-none-eabi/5.4.1/armv6-m\libgcc.a(muldf3.o)
 .debug_frame   0x00001d98       0x38 c:/program files (x86)/cypress/psoc creator/4.4/psoc creator/import/gnu/arm/5.4.1/bin/../lib/gcc/arm-none-eabi/5.4.1/armv6-m\libgcc.a(subdf3.o)
 .debug_frame   0x00001dd0       0x2c c:/program files (x86)/cypress/psoc creator/4.4/psoc creator/import/gnu/arm/5.4.1/bin/../lib/gcc/arm-none-eabi/5.4.1/armv6-m\libgcc.a(unorddf2.o)
 .debug_frame   0x00001dfc       0x2c c:/program files (x86)/cypress/psoc creator/4.4/psoc creator/import/gnu/arm/5.4.1/bin/../lib/gcc/arm-none-eabi/5.4.1/armv6-m\libgcc.a(floatsidf.o)
 .debug_frame   0x00001e28       0x2c c:/program files (x86)/cypress/psoc creator/4.4/psoc creator/import/gnu/arm/5.4.1/bin/../lib/gcc/arm-none-eabi/5.4.1/armv6-m\libgcc.a(floatunsidf.o)
 .debug_frame   0x00001e54       0x2c c:/program files (x86)/cypress/psoc creator/4.4/psoc creator/import/gnu/arm/5.4.1/bin/../lib/gcc/arm-none-eabi/5.4.1/armv6-m\libgcc.a(extendsfdf2.o)
 .debug_frame   0x00001e80       0x2c c:/program files (x86)/cypress/psoc creator/4.4/psoc creator/import/gnu/arm/5.4.1/bin/../lib/gcc/arm-none-eabi/5.4.1/armv6-m\libgcc.a(truncdfsf2.o)
 .debug_frame   0x00001eac       0x3c c:/program files (x86)/cypress/psoc creator/4.4/psoc creator/import/gnu/arm/5.4.1/bin/../lib/gcc/arm-none-eabi/5.4.1/armv6-m\libgcc.a(_divdi3.o)
 .debug_frame   0x00001ee8       0x20 c:/program files (x86)/cypress/psoc creator/4.4/psoc creator/import/gnu/arm/5.4.1/bin/../lib/gcc/arm-none-eabi/5.4.1/../../../../arm-none-eabi/lib/armv6-m\libg_nano.a(lib_a-errno.o)
 .debug_frame   0x00001f08       0x28 c:/program files (x86)/cypress/psoc creator/4.4/psoc creator/import/gnu/arm/5.4.1/bin/../lib/gcc/arm-none-eabi/5.4.1/../../../../arm-none-eabi/lib/armv6-m\libg_nano.a(lib_a-exit.o)
 .debug_frame   0x00001f30       0x2c c:/program files (x86)/cypress/psoc creator/4.4/psoc creator/import/gnu/arm/5.4.1/bin/../lib/gcc/arm-none-eabi/5.4.1/../../../../arm-none-eabi/lib/armv6-m\libg_nano.a(lib_a-init.o)
 .debug_frame   0x00001f5c       0x28 c:/program files (x86)/cypress/psoc creator/4.4/psoc creator/import/gnu/arm/5.4.1/bin/../lib/gcc/arm-none-eabi/5.4.1/../../../../arm-none-eabi/lib/armv6-m\libg_nano.a(lib_a-memcpy-stub.o)
 .debug_frame   0x00001f84       0x20 c:/program files (x86)/cypress/psoc creator/4.4/psoc creator/import/gnu/arm/5.4.1/bin/../lib/gcc/arm-none-eabi/5.4.1/../../../../arm-none-eabi/lib/armv6-m\libg_nano.a(lib_a-memset.o)

.debug_str      0x00000000     0x25e6
 *(.debug_str)
 .debug_str     0x00000000      0x392 .\CortexM0p\ARM_GCC_541\Debug\main.o
                                0x3de (size before relaxing)
 .debug_str     0x00000392      0x127 .\CortexM0p\ARM_GCC_541\Debug\cyfitter_cfg.o
                                0x2e9 (size before relaxing)
 .debug_str     0x000004b9       0x63 .\CortexM0p\ARM_GCC_541\Debug\cymetadata.o
                                0x1fa (size before relaxing)
 .debug_str     0x0000051c      0x15b .\CortexM0p\ARM_GCC_541\Debug\Cm0plusStart.o
                                0x341 (size before relaxing)
 .debug_str     0x00000677      0x6bc .\CortexM0p\ARM_GCC_541\Debug\TJ Temperature Spatial Profile.a(CyLib.o)
                                0x8e7 (size before relaxing)
 .debug_str     0x00000d33      0x642 .\CortexM0p\ARM_GCC_541\Debug\TJ Temperature Spatial Profile.a(CyLFClk.o)
                                0x8cb (size before relaxing)
 .debug_str     0x00001375       0x66 .\CortexM0p\ARM_GCC_541\Debug\TJ Temperature Spatial Profile.a(AMux_1.o)
                                0x290 (size before relaxing)
 .debug_str     0x000013db       0x75 .\CortexM0p\ARM_GCC_541\Debug\TJ Temperature Spatial Profile.a(PVref_1.o)
                                0x24a (size before relaxing)
 .debug_str     0x00001450       0xa1 .\CortexM0p\ARM_GCC_541\Debug\TJ Temperature Spatial Profile.a(Opamp_1.o)
                                0x25a (size before relaxing)
 .debug_str     0x000014f1      0x460 .\CortexM0p\ARM_GCC_541\Debug\TJ Temperature Spatial Profile.a(ADC_1.o)
                                0x6ed (size before relaxing)
 .debug_str     0x00001951       0x24 .\CortexM0p\ARM_GCC_541\Debug\TJ Temperature Spatial Profile.a(ADC_1_INIT.o)
                                0x2a2 (size before relaxing)
 .debug_str     0x00001975       0x39 .\CortexM0p\ARM_GCC_541\Debug\TJ Temperature Spatial Profile.a(ADC_1_INT.o)
                                0x1f3 (size before relaxing)
 .debug_str     0x000019ae       0xa8 .\CortexM0p\ARM_GCC_541\Debug\TJ Temperature Spatial Profile.a(ADC_1_intSarClock.o)
                                0x2c5 (size before relaxing)
 .debug_str     0x00001a56      0x11b .\CortexM0p\ARM_GCC_541\Debug\TJ Temperature Spatial Profile.a(ADC_1_IRQ.o)
                                0x354 (size before relaxing)
 .debug_str     0x00001b71      0x115 .\CortexM0p\ARM_GCC_541\Debug\TJ Temperature Spatial Profile.a(I2C_1.o)
                                0x30c (size before relaxing)
 .debug_str     0x00001c86       0x90 .\CortexM0p\ARM_GCC_541\Debug\TJ Temperature Spatial Profile.a(I2C_1_I2C.o)
                                0x299 (size before relaxing)
 .debug_str     0x00001d16      0x184 .\CortexM0p\ARM_GCC_541\Debug\TJ Temperature Spatial Profile.a(I2C_1_I2C_SLAVE.o)
                                0x410 (size before relaxing)
 .debug_str     0x00001e9a       0xf5 .\CortexM0p\ARM_GCC_541\Debug\TJ Temperature Spatial Profile.a(UART_1.o)
                                0x2e5 (size before relaxing)
 .debug_str     0x00001f8f      0x1ef .\CortexM0p\ARM_GCC_541\Debug\TJ Temperature Spatial Profile.a(UART_1_UART.o)
                                0x422 (size before relaxing)
 .debug_str     0x0000217e       0x58 .\CortexM0p\ARM_GCC_541\Debug\TJ Temperature Spatial Profile.a(Thermistor_1.o)
                                0x268 (size before relaxing)
 .debug_str     0x000021d6       0x95 .\CortexM0p\ARM_GCC_541\Debug\TJ Temperature Spatial Profile.a(Opamp_2.o)
                                0x25a (size before relaxing)
 .debug_str     0x0000226b       0x95 .\CortexM0p\ARM_GCC_541\Debug\TJ Temperature Spatial Profile.a(Opamp_3.o)
                                0x25a (size before relaxing)
 .debug_str     0x00002300       0x93 .\CortexM0p\ARM_GCC_541\Debug\TJ Temperature Spatial Profile.a(LED.o)
                                0x25a (size before relaxing)
 .debug_str     0x00002393      0x11d .\CortexM0p\ARM_GCC_541\Debug\TJ Temperature Spatial Profile.a(CyFlash.o)
                                0x354 (size before relaxing)
 .debug_str     0x000024b0       0x4b .\CortexM0p\ARM_GCC_541\Debug\TJ Temperature Spatial Profile.a(I2C_1_I2C_INT.o)
                                0x2f9 (size before relaxing)
 .debug_str     0x000024fb       0xeb .\CortexM0p\ARM_GCC_541\Debug\TJ Temperature Spatial Profile.a(UART_1_SPI_UART.o)
                                0x314 (size before relaxing)

.debug_loc      0x00000000     0x29b5
 *(.debug_loc)
 .debug_loc     0x00000000      0x169 .\CortexM0p\ARM_GCC_541\Debug\main.o
 .debug_loc     0x00000169       0xa2 .\CortexM0p\ARM_GCC_541\Debug\cyfitter_cfg.o
 .debug_loc     0x0000020b      0x14f .\CortexM0p\ARM_GCC_541\Debug\Cm0plusStart.o
 .debug_loc     0x0000035a      0x868 .\CortexM0p\ARM_GCC_541\Debug\TJ Temperature Spatial Profile.a(CyLib.o)
 .debug_loc     0x00000bc2      0xa88 .\CortexM0p\ARM_GCC_541\Debug\TJ Temperature Spatial Profile.a(CyLFClk.o)
 .debug_loc     0x0000164a       0xae .\CortexM0p\ARM_GCC_541\Debug\TJ Temperature Spatial Profile.a(AMux_1.o)
 .debug_loc     0x000016f8       0x2e .\CortexM0p\ARM_GCC_541\Debug\TJ Temperature Spatial Profile.a(PVref_1.o)
 .debug_loc     0x00001726       0x21 .\CortexM0p\ARM_GCC_541\Debug\TJ Temperature Spatial Profile.a(Opamp_1.o)
 .debug_loc     0x00001747      0x815 .\CortexM0p\ARM_GCC_541\Debug\TJ Temperature Spatial Profile.a(ADC_1.o)
 .debug_loc     0x00001f5c       0x76 .\CortexM0p\ARM_GCC_541\Debug\TJ Temperature Spatial Profile.a(ADC_1_intSarClock.o)
 .debug_loc     0x00001fd2       0x82 .\CortexM0p\ARM_GCC_541\Debug\TJ Temperature Spatial Profile.a(ADC_1_IRQ.o)
 .debug_loc     0x00002054       0x7e .\CortexM0p\ARM_GCC_541\Debug\TJ Temperature Spatial Profile.a(I2C_1.o)
 .debug_loc     0x000020d2      0x180 .\CortexM0p\ARM_GCC_541\Debug\TJ Temperature Spatial Profile.a(I2C_1_I2C_SLAVE.o)
 .debug_loc     0x00002252       0x7e .\CortexM0p\ARM_GCC_541\Debug\TJ Temperature Spatial Profile.a(UART_1.o)
 .debug_loc     0x000022d0      0x223 .\CortexM0p\ARM_GCC_541\Debug\TJ Temperature Spatial Profile.a(UART_1_UART.o)
 .debug_loc     0x000024f3       0xe9 .\CortexM0p\ARM_GCC_541\Debug\TJ Temperature Spatial Profile.a(Thermistor_1.o)
 .debug_loc     0x000025dc       0x21 .\CortexM0p\ARM_GCC_541\Debug\TJ Temperature Spatial Profile.a(Opamp_2.o)
 .debug_loc     0x000025fd       0x21 .\CortexM0p\ARM_GCC_541\Debug\TJ Temperature Spatial Profile.a(Opamp_3.o)
 .debug_loc     0x0000261e       0xa2 .\CortexM0p\ARM_GCC_541\Debug\TJ Temperature Spatial Profile.a(LED.o)
 .debug_loc     0x000026c0      0x1bd .\CortexM0p\ARM_GCC_541\Debug\TJ Temperature Spatial Profile.a(CyFlash.o)
 .debug_loc     0x0000287d       0xa2 .\CortexM0p\ARM_GCC_541\Debug\TJ Temperature Spatial Profile.a(I2C_1_I2C_INT.o)
 .debug_loc     0x0000291f       0x96 .\CortexM0p\ARM_GCC_541\Debug\TJ Temperature Spatial Profile.a(UART_1_SPI_UART.o)

.debug_macinfo
 *(.debug_macinfo)

.debug_ranges   0x00000000      0x938
 *(.debug_ranges)
 .debug_ranges  0x00000000       0x18 .\CortexM0p\ARM_GCC_541\Debug\main.o
 .debug_ranges  0x00000018       0x48 .\CortexM0p\ARM_GCC_541\Debug\cyfitter_cfg.o
 .debug_ranges  0x00000060       0x38 .\CortexM0p\ARM_GCC_541\Debug\Cm0plusStart.o
 .debug_ranges  0x00000098      0x1e8 .\CortexM0p\ARM_GCC_541\Debug\TJ Temperature Spatial Profile.a(CyLib.o)
 .debug_ranges  0x00000280      0x198 .\CortexM0p\ARM_GCC_541\Debug\TJ Temperature Spatial Profile.a(CyLFClk.o)
 .debug_ranges  0x00000418       0x30 .\CortexM0p\ARM_GCC_541\Debug\TJ Temperature Spatial Profile.a(AMux_1.o)
 .debug_ranges  0x00000448       0x38 .\CortexM0p\ARM_GCC_541\Debug\TJ Temperature Spatial Profile.a(PVref_1.o)
 .debug_ranges  0x00000480       0x38 .\CortexM0p\ARM_GCC_541\Debug\TJ Temperature Spatial Profile.a(Opamp_1.o)
 .debug_ranges  0x000004b8       0xe0 .\CortexM0p\ARM_GCC_541\Debug\TJ Temperature Spatial Profile.a(ADC_1.o)
 .debug_ranges  0x00000598       0x10 .\CortexM0p\ARM_GCC_541\Debug\TJ Temperature Spatial Profile.a(ADC_1_INT.o)
 .debug_ranges  0x000005a8       0x30 .\CortexM0p\ARM_GCC_541\Debug\TJ Temperature Spatial Profile.a(ADC_1_intSarClock.o)
 .debug_ranges  0x000005d8       0x70 .\CortexM0p\ARM_GCC_541\Debug\TJ Temperature Spatial Profile.a(ADC_1_IRQ.o)
 .debug_ranges  0x00000648       0x50 .\CortexM0p\ARM_GCC_541\Debug\TJ Temperature Spatial Profile.a(I2C_1.o)
 .debug_ranges  0x00000698       0x20 .\CortexM0p\ARM_GCC_541\Debug\TJ Temperature Spatial Profile.a(I2C_1_I2C.o)
 .debug_ranges  0x000006b8       0x60 .\CortexM0p\ARM_GCC_541\Debug\TJ Temperature Spatial Profile.a(I2C_1_I2C_SLAVE.o)
 .debug_ranges  0x00000718       0x48 .\CortexM0p\ARM_GCC_541\Debug\TJ Temperature Spatial Profile.a(UART_1.o)
 .debug_ranges  0x00000760       0x80 .\CortexM0p\ARM_GCC_541\Debug\TJ Temperature Spatial Profile.a(UART_1_UART.o)
 .debug_ranges  0x000007e0       0x18 .\CortexM0p\ARM_GCC_541\Debug\TJ Temperature Spatial Profile.a(Thermistor_1.o)
 .debug_ranges  0x000007f8       0x38 .\CortexM0p\ARM_GCC_541\Debug\TJ Temperature Spatial Profile.a(Opamp_2.o)
 .debug_ranges  0x00000830       0x38 .\CortexM0p\ARM_GCC_541\Debug\TJ Temperature Spatial Profile.a(Opamp_3.o)
 .debug_ranges  0x00000868       0x38 .\CortexM0p\ARM_GCC_541\Debug\TJ Temperature Spatial Profile.a(LED.o)
 .debug_ranges  0x000008a0       0x38 .\CortexM0p\ARM_GCC_541\Debug\TJ Temperature Spatial Profile.a(CyFlash.o)
 .debug_ranges  0x000008d8       0x10 .\CortexM0p\ARM_GCC_541\Debug\TJ Temperature Spatial Profile.a(I2C_1_I2C_INT.o)
 .debug_ranges  0x000008e8       0x50 .\CortexM0p\ARM_GCC_541\Debug\TJ Temperature Spatial Profile.a(UART_1_SPI_UART.o)

.comment        0x00000000       0x6e
 .comment       0x00000000       0x6e .\CortexM0p\ARM_GCC_541\Debug\main.o
                                 0x6f (size before relaxing)
 .comment       0x0000006e       0x6f .\CortexM0p\ARM_GCC_541\Debug\cyfitter_cfg.o
 .comment       0x0000006e       0x6f .\CortexM0p\ARM_GCC_541\Debug\cymetadata.o
 .comment       0x0000006e       0x6f .\CortexM0p\ARM_GCC_541\Debug\Cm0plusStart.o
 .comment       0x0000006e       0x6f .\CortexM0p\ARM_GCC_541\Debug\TJ Temperature Spatial Profile.a(CyLib.o)
 .comment       0x0000006e       0x6f .\CortexM0p\ARM_GCC_541\Debug\TJ Temperature Spatial Profile.a(CyLFClk.o)
 .comment       0x0000006e       0x6f .\CortexM0p\ARM_GCC_541\Debug\TJ Temperature Spatial Profile.a(AMux_1.o)
 .comment       0x0000006e       0x6f .\CortexM0p\ARM_GCC_541\Debug\TJ Temperature Spatial Profile.a(PVref_1.o)
 .comment       0x0000006e       0x6f .\CortexM0p\ARM_GCC_541\Debug\TJ Temperature Spatial Profile.a(Opamp_1.o)
 .comment       0x0000006e       0x6f .\CortexM0p\ARM_GCC_541\Debug\TJ Temperature Spatial Profile.a(ADC_1.o)
 .comment       0x0000006e       0x6f .\CortexM0p\ARM_GCC_541\Debug\TJ Temperature Spatial Profile.a(ADC_1_INIT.o)
 .comment       0x0000006e       0x6f .\CortexM0p\ARM_GCC_541\Debug\TJ Temperature Spatial Profile.a(ADC_1_INT.o)
 .comment       0x0000006e       0x6f .\CortexM0p\ARM_GCC_541\Debug\TJ Temperature Spatial Profile.a(ADC_1_intSarClock.o)
 .comment       0x0000006e       0x6f .\CortexM0p\ARM_GCC_541\Debug\TJ Temperature Spatial Profile.a(ADC_1_IRQ.o)
 .comment       0x0000006e       0x6f .\CortexM0p\ARM_GCC_541\Debug\TJ Temperature Spatial Profile.a(I2C_1.o)
 .comment       0x0000006e       0x6f .\CortexM0p\ARM_GCC_541\Debug\TJ Temperature Spatial Profile.a(I2C_1_I2C.o)
 .comment       0x0000006e       0x6f .\CortexM0p\ARM_GCC_541\Debug\TJ Temperature Spatial Profile.a(I2C_1_I2C_SLAVE.o)
 .comment       0x0000006e       0x6f .\CortexM0p\ARM_GCC_541\Debug\TJ Temperature Spatial Profile.a(UART_1.o)
 .comment       0x0000006e       0x6f .\CortexM0p\ARM_GCC_541\Debug\TJ Temperature Spatial Profile.a(UART_1_UART.o)
 .comment       0x0000006e       0x6f .\CortexM0p\ARM_GCC_541\Debug\TJ Temperature Spatial Profile.a(Thermistor_1.o)
 .comment       0x0000006e       0x6f .\CortexM0p\ARM_GCC_541\Debug\TJ Temperature Spatial Profile.a(Opamp_2.o)
 .comment       0x0000006e       0x6f .\CortexM0p\ARM_GCC_541\Debug\TJ Temperature Spatial Profile.a(Opamp_3.o)
 .comment       0x0000006e       0x6f .\CortexM0p\ARM_GCC_541\Debug\TJ Temperature Spatial Profile.a(LED.o)
 .comment       0x0000006e       0x6f .\CortexM0p\ARM_GCC_541\Debug\TJ Temperature Spatial Profile.a(CyFlash.o)
 .comment       0x0000006e       0x6f .\CortexM0p\ARM_GCC_541\Debug\TJ Temperature Spatial Profile.a(I2C_1_I2C_INT.o)
 .comment       0x0000006e       0x6f .\CortexM0p\ARM_GCC_541\Debug\TJ Temperature Spatial Profile.a(UART_1_SPI_UART.o)

.debug_weaknames
 *(.debug_weaknames)

.debug_funcnames
 *(.debug_funcnames)

.debug_typenames
 *(.debug_typenames)

.debug_varnames
 *(.debug_varnames)

.note.gnu.arm.ident
 *(.note.gnu.arm.ident)

.ARM.attributes
                0x00000000       0x28
 *(.ARM.attributes)
 .ARM.attributes
                0x00000000       0x1e c:/program files (x86)/cypress/psoc creator/4.4/psoc creator/import/gnu/arm/5.4.1/bin/../lib/gcc/arm-none-eabi/5.4.1/armv6-m/crti.o
 .ARM.attributes
                0x0000001e       0x2c c:/program files (x86)/cypress/psoc creator/4.4/psoc creator/import/gnu/arm/5.4.1/bin/../lib/gcc/arm-none-eabi/5.4.1/armv6-m/crtbegin.o
 .ARM.attributes
                0x0000004a       0x1b c:/program files (x86)/cypress/psoc creator/4.4/psoc creator/import/gnu/arm/5.4.1/bin/../lib/gcc/arm-none-eabi/5.4.1/../../../../arm-none-eabi/lib/armv6-m/crt0.o
 .ARM.attributes
                0x00000065       0x32 .\CortexM0p\ARM_GCC_541\Debug\main.o
 .ARM.attributes
                0x00000097       0x32 .\CortexM0p\ARM_GCC_541\Debug\cyfitter_cfg.o
 .ARM.attributes
                0x000000c9       0x32 .\CortexM0p\ARM_GCC_541\Debug\cymetadata.o
 .ARM.attributes
                0x000000fb       0x32 .\CortexM0p\ARM_GCC_541\Debug\Cm0plusStart.o
 .ARM.attributes
                0x0000012d       0x32 .\CortexM0p\ARM_GCC_541\Debug\TJ Temperature Spatial Profile.a(CyLib.o)
 .ARM.attributes
                0x0000015f       0x32 .\CortexM0p\ARM_GCC_541\Debug\TJ Temperature Spatial Profile.a(CyLFClk.o)
 .ARM.attributes
                0x00000191       0x32 .\CortexM0p\ARM_GCC_541\Debug\TJ Temperature Spatial Profile.a(AMux_1.o)
 .ARM.attributes
                0x000001c3       0x32 .\CortexM0p\ARM_GCC_541\Debug\TJ Temperature Spatial Profile.a(PVref_1.o)
 .ARM.attributes
                0x000001f5       0x32 .\CortexM0p\ARM_GCC_541\Debug\TJ Temperature Spatial Profile.a(Opamp_1.o)
 .ARM.attributes
                0x00000227       0x32 .\CortexM0p\ARM_GCC_541\Debug\TJ Temperature Spatial Profile.a(ADC_1.o)
 .ARM.attributes
                0x00000259       0x32 .\CortexM0p\ARM_GCC_541\Debug\TJ Temperature Spatial Profile.a(ADC_1_INIT.o)
 .ARM.attributes
                0x0000028b       0x32 .\CortexM0p\ARM_GCC_541\Debug\TJ Temperature Spatial Profile.a(ADC_1_INT.o)
 .ARM.attributes
                0x000002bd       0x32 .\CortexM0p\ARM_GCC_541\Debug\TJ Temperature Spatial Profile.a(ADC_1_intSarClock.o)
 .ARM.attributes
                0x000002ef       0x32 .\CortexM0p\ARM_GCC_541\Debug\TJ Temperature Spatial Profile.a(ADC_1_IRQ.o)
 .ARM.attributes
                0x00000321       0x32 .\CortexM0p\ARM_GCC_541\Debug\TJ Temperature Spatial Profile.a(I2C_1.o)
 .ARM.attributes
                0x00000353       0x32 .\CortexM0p\ARM_GCC_541\Debug\TJ Temperature Spatial Profile.a(I2C_1_I2C.o)
 .ARM.attributes
                0x00000385       0x32 .\CortexM0p\ARM_GCC_541\Debug\TJ Temperature Spatial Profile.a(I2C_1_I2C_SLAVE.o)
 .ARM.attributes
                0x000003b7       0x32 .\CortexM0p\ARM_GCC_541\Debug\TJ Temperature Spatial Profile.a(UART_1.o)
 .ARM.attributes
                0x000003e9       0x32 .\CortexM0p\ARM_GCC_541\Debug\TJ Temperature Spatial Profile.a(UART_1_UART.o)
 .ARM.attributes
                0x0000041b       0x32 .\CortexM0p\ARM_GCC_541\Debug\TJ Temperature Spatial Profile.a(Thermistor_1.o)
 .ARM.attributes
                0x0000044d       0x32 .\CortexM0p\ARM_GCC_541\Debug\TJ Temperature Spatial Profile.a(Opamp_2.o)
 .ARM.attributes
                0x0000047f       0x32 .\CortexM0p\ARM_GCC_541\Debug\TJ Temperature Spatial Profile.a(Opamp_3.o)
 .ARM.attributes
                0x000004b1       0x32 .\CortexM0p\ARM_GCC_541\Debug\TJ Temperature Spatial Profile.a(LED.o)
 .ARM.attributes
                0x000004e3       0x22 .\CortexM0p\ARM_GCC_541\Debug\TJ Temperature Spatial Profile.a(CyBootAsmGnu.o)
 .ARM.attributes
                0x00000505       0x32 .\CortexM0p\ARM_GCC_541\Debug\TJ Temperature Spatial Profile.a(CyFlash.o)
 .ARM.attributes
                0x00000537       0x32 .\CortexM0p\ARM_GCC_541\Debug\TJ Temperature Spatial Profile.a(I2C_1_I2C_INT.o)
 .ARM.attributes
                0x00000569       0x32 .\CortexM0p\ARM_GCC_541\Debug\TJ Temperature Spatial Profile.a(UART_1_SPI_UART.o)
 .ARM.attributes
                0x0000059b       0x2c c:/program files (x86)/cypress/psoc creator/4.4/psoc creator/import/gnu/arm/5.4.1/bin/../lib/gcc/arm-none-eabi/5.4.1/../../../../arm-none-eabi/lib/armv6-m\libm.a(lib_a-w_log.o)
 .ARM.attributes
                0x000005c7       0x2c c:/program files (x86)/cypress/psoc creator/4.4/psoc creator/import/gnu/arm/5.4.1/bin/../lib/gcc/arm-none-eabi/5.4.1/../../../../arm-none-eabi/lib/armv6-m\libm.a(lib_a-w_pow.o)
 .ARM.attributes
                0x000005f3       0x2c c:/program files (x86)/cypress/psoc creator/4.4/psoc creator/import/gnu/arm/5.4.1/bin/../lib/gcc/arm-none-eabi/5.4.1/../../../../arm-none-eabi/lib/armv6-m\libm.a(lib_a-e_log.o)
 .ARM.attributes
                0x0000061f       0x2c c:/program files (x86)/cypress/psoc creator/4.4/psoc creator/import/gnu/arm/5.4.1/bin/../lib/gcc/arm-none-eabi/5.4.1/../../../../arm-none-eabi/lib/armv6-m\libm.a(lib_a-e_pow.o)
 .ARM.attributes
                0x0000064b       0x2c c:/program files (x86)/cypress/psoc creator/4.4/psoc creator/import/gnu/arm/5.4.1/bin/../lib/gcc/arm-none-eabi/5.4.1/../../../../arm-none-eabi/lib/armv6-m\libm.a(lib_a-e_sqrt.o)
 .ARM.attributes
                0x00000677       0x2c c:/program files (x86)/cypress/psoc creator/4.4/psoc creator/import/gnu/arm/5.4.1/bin/../lib/gcc/arm-none-eabi/5.4.1/../../../../arm-none-eabi/lib/armv6-m\libm.a(lib_a-s_fabs.o)
 .ARM.attributes
                0x000006a3       0x2c c:/program files (x86)/cypress/psoc creator/4.4/psoc creator/import/gnu/arm/5.4.1/bin/../lib/gcc/arm-none-eabi/5.4.1/../../../../arm-none-eabi/lib/armv6-m\libm.a(lib_a-s_finite.o)
 .ARM.attributes
                0x000006cf       0x2c c:/program files (x86)/cypress/psoc creator/4.4/psoc creator/import/gnu/arm/5.4.1/bin/../lib/gcc/arm-none-eabi/5.4.1/../../../../arm-none-eabi/lib/armv6-m\libm.a(lib_a-s_lib_ver.o)
 .ARM.attributes
                0x000006fb       0x2c c:/program files (x86)/cypress/psoc creator/4.4/psoc creator/import/gnu/arm/5.4.1/bin/../lib/gcc/arm-none-eabi/5.4.1/../../../../arm-none-eabi/lib/armv6-m\libm.a(lib_a-s_matherr.o)
 .ARM.attributes
                0x00000727       0x2c c:/program files (x86)/cypress/psoc creator/4.4/psoc creator/import/gnu/arm/5.4.1/bin/../lib/gcc/arm-none-eabi/5.4.1/../../../../arm-none-eabi/lib/armv6-m\libm.a(lib_a-s_nan.o)
 .ARM.attributes
                0x00000753       0x2c c:/program files (x86)/cypress/psoc creator/4.4/psoc creator/import/gnu/arm/5.4.1/bin/../lib/gcc/arm-none-eabi/5.4.1/../../../../arm-none-eabi/lib/armv6-m\libm.a(lib_a-s_rint.o)
 .ARM.attributes
                0x0000077f       0x2c c:/program files (x86)/cypress/psoc creator/4.4/psoc creator/import/gnu/arm/5.4.1/bin/../lib/gcc/arm-none-eabi/5.4.1/../../../../arm-none-eabi/lib/armv6-m\libm.a(lib_a-s_scalbn.o)
 .ARM.attributes
                0x000007ab       0x2c c:/program files (x86)/cypress/psoc creator/4.4/psoc creator/import/gnu/arm/5.4.1/bin/../lib/gcc/arm-none-eabi/5.4.1/../../../../arm-none-eabi/lib/armv6-m\libm.a(lib_a-s_copysign.o)
 .ARM.attributes
                0x000007d7       0x1e c:/program files (x86)/cypress/psoc creator/4.4/psoc creator/import/gnu/arm/5.4.1/bin/../lib/gcc/arm-none-eabi/5.4.1/armv6-m\libgcc.a(_udivsi3.o)
 .ARM.attributes
                0x000007f5       0x1e c:/program files (x86)/cypress/psoc creator/4.4/psoc creator/import/gnu/arm/5.4.1/bin/../lib/gcc/arm-none-eabi/5.4.1/armv6-m\libgcc.a(_divsi3.o)
 .ARM.attributes
                0x00000813       0x1e c:/program files (x86)/cypress/psoc creator/4.4/psoc creator/import/gnu/arm/5.4.1/bin/../lib/gcc/arm-none-eabi/5.4.1/armv6-m\libgcc.a(_dvmd_tls.o)
 .ARM.attributes
                0x00000831       0x1e c:/program files (x86)/cypress/psoc creator/4.4/psoc creator/import/gnu/arm/5.4.1/bin/../lib/gcc/arm-none-eabi/5.4.1/armv6-m\libgcc.a(_arm_cmpdf2.o)
 .ARM.attributes
                0x0000084f       0x1e c:/program files (x86)/cypress/psoc creator/4.4/psoc creator/import/gnu/arm/5.4.1/bin/../lib/gcc/arm-none-eabi/5.4.1/armv6-m\libgcc.a(_aeabi_ldivmod.o)
 .ARM.attributes
                0x0000086d       0x2c c:/program files (x86)/cypress/psoc creator/4.4/psoc creator/import/gnu/arm/5.4.1/bin/../lib/gcc/arm-none-eabi/5.4.1/armv6-m\libgcc.a(_muldi3.o)
 .ARM.attributes
                0x00000899       0x2c c:/program files (x86)/cypress/psoc creator/4.4/psoc creator/import/gnu/arm/5.4.1/bin/../lib/gcc/arm-none-eabi/5.4.1/armv6-m\libgcc.a(bpabi.o)
 .ARM.attributes
                0x000008c5       0x2c c:/program files (x86)/cypress/psoc creator/4.4/psoc creator/import/gnu/arm/5.4.1/bin/../lib/gcc/arm-none-eabi/5.4.1/armv6-m\libgcc.a(divsf3.o)
 .ARM.attributes
                0x000008f1       0x2c c:/program files (x86)/cypress/psoc creator/4.4/psoc creator/import/gnu/arm/5.4.1/bin/../lib/gcc/arm-none-eabi/5.4.1/armv6-m\libgcc.a(mulsf3.o)
 .ARM.attributes
                0x0000091d       0x2c c:/program files (x86)/cypress/psoc creator/4.4/psoc creator/import/gnu/arm/5.4.1/bin/../lib/gcc/arm-none-eabi/5.4.1/armv6-m\libgcc.a(fixsfsi.o)
 .ARM.attributes
                0x00000949       0x2c c:/program files (x86)/cypress/psoc creator/4.4/psoc creator/import/gnu/arm/5.4.1/bin/../lib/gcc/arm-none-eabi/5.4.1/armv6-m\libgcc.a(floatsisf.o)
 .ARM.attributes
                0x00000975       0x2c c:/program files (x86)/cypress/psoc creator/4.4/psoc creator/import/gnu/arm/5.4.1/bin/../lib/gcc/arm-none-eabi/5.4.1/armv6-m\libgcc.a(adddf3.o)
 .ARM.attributes
                0x000009a1       0x2c c:/program files (x86)/cypress/psoc creator/4.4/psoc creator/import/gnu/arm/5.4.1/bin/../lib/gcc/arm-none-eabi/5.4.1/armv6-m\libgcc.a(divdf3.o)
 .ARM.attributes
                0x000009cd       0x2c c:/program files (x86)/cypress/psoc creator/4.4/psoc creator/import/gnu/arm/5.4.1/bin/../lib/gcc/arm-none-eabi/5.4.1/armv6-m\libgcc.a(eqdf2.o)
 .ARM.attributes
                0x000009f9       0x2c c:/program files (x86)/cypress/psoc creator/4.4/psoc creator/import/gnu/arm/5.4.1/bin/../lib/gcc/arm-none-eabi/5.4.1/armv6-m\libgcc.a(gedf2.o)
 .ARM.attributes
                0x00000a25       0x2c c:/program files (x86)/cypress/psoc creator/4.4/psoc creator/import/gnu/arm/5.4.1/bin/../lib/gcc/arm-none-eabi/5.4.1/armv6-m\libgcc.a(ledf2.o)
 .ARM.attributes
                0x00000a51       0x2c c:/program files (x86)/cypress/psoc creator/4.4/psoc creator/import/gnu/arm/5.4.1/bin/../lib/gcc/arm-none-eabi/5.4.1/armv6-m\libgcc.a(muldf3.o)
 .ARM.attributes
                0x00000a7d       0x2c c:/program files (x86)/cypress/psoc creator/4.4/psoc creator/import/gnu/arm/5.4.1/bin/../lib/gcc/arm-none-eabi/5.4.1/armv6-m\libgcc.a(subdf3.o)
 .ARM.attributes
                0x00000aa9       0x2c c:/program files (x86)/cypress/psoc creator/4.4/psoc creator/import/gnu/arm/5.4.1/bin/../lib/gcc/arm-none-eabi/5.4.1/armv6-m\libgcc.a(unorddf2.o)
 .ARM.attributes
                0x00000ad5       0x2c c:/program files (x86)/cypress/psoc creator/4.4/psoc creator/import/gnu/arm/5.4.1/bin/../lib/gcc/arm-none-eabi/5.4.1/armv6-m\libgcc.a(floatsidf.o)
 .ARM.attributes
                0x00000b01       0x2c c:/program files (x86)/cypress/psoc creator/4.4/psoc creator/import/gnu/arm/5.4.1/bin/../lib/gcc/arm-none-eabi/5.4.1/armv6-m\libgcc.a(floatunsidf.o)
 .ARM.attributes
                0x00000b2d       0x2c c:/program files (x86)/cypress/psoc creator/4.4/psoc creator/import/gnu/arm/5.4.1/bin/../lib/gcc/arm-none-eabi/5.4.1/armv6-m\libgcc.a(extendsfdf2.o)
 .ARM.attributes
                0x00000b59       0x2c c:/program files (x86)/cypress/psoc creator/4.4/psoc creator/import/gnu/arm/5.4.1/bin/../lib/gcc/arm-none-eabi/5.4.1/armv6-m\libgcc.a(truncdfsf2.o)
 .ARM.attributes
                0x00000b85       0x1e c:/program files (x86)/cypress/psoc creator/4.4/psoc creator/import/gnu/arm/5.4.1/bin/../lib/gcc/arm-none-eabi/5.4.1/armv6-m\libgcc.a(_clzsi2.o)
 .ARM.attributes
                0x00000ba3       0x2c c:/program files (x86)/cypress/psoc creator/4.4/psoc creator/import/gnu/arm/5.4.1/bin/../lib/gcc/arm-none-eabi/5.4.1/armv6-m\libgcc.a(_divdi3.o)
 .ARM.attributes
                0x00000bcf       0x1e c:/program files (x86)/cypress/psoc creator/4.4/psoc creator/import/gnu/arm/5.4.1/bin/../lib/gcc/arm-none-eabi/5.4.1/armv6-m\libgcc.a(_clzdi2.o)
 .ARM.attributes
                0x00000bed       0x2c c:/program files (x86)/cypress/psoc creator/4.4/psoc creator/import/gnu/arm/5.4.1/bin/../lib/gcc/arm-none-eabi/5.4.1/../../../../arm-none-eabi/lib/armv6-m\libg_nano.a(lib_a-errno.o)
 .ARM.attributes
                0x00000c19       0x2c c:/program files (x86)/cypress/psoc creator/4.4/psoc creator/import/gnu/arm/5.4.1/bin/../lib/gcc/arm-none-eabi/5.4.1/../../../../arm-none-eabi/lib/armv6-m\libg_nano.a(lib_a-exit.o)
 .ARM.attributes
                0x00000c45       0x2c c:/program files (x86)/cypress/psoc creator/4.4/psoc creator/import/gnu/arm/5.4.1/bin/../lib/gcc/arm-none-eabi/5.4.1/../../../../arm-none-eabi/lib/armv6-m\libg_nano.a(lib_a-impure.o)
 .ARM.attributes
                0x00000c71       0x2c c:/program files (x86)/cypress/psoc creator/4.4/psoc creator/import/gnu/arm/5.4.1/bin/../lib/gcc/arm-none-eabi/5.4.1/../../../../arm-none-eabi/lib/armv6-m\libg_nano.a(lib_a-init.o)
 .ARM.attributes
                0x00000c9d       0x2c c:/program files (x86)/cypress/psoc creator/4.4/psoc creator/import/gnu/arm/5.4.1/bin/../lib/gcc/arm-none-eabi/5.4.1/../../../../arm-none-eabi/lib/armv6-m\libg_nano.a(lib_a-memcpy-stub.o)
 .ARM.attributes
                0x00000cc9       0x2c c:/program files (x86)/cypress/psoc creator/4.4/psoc creator/import/gnu/arm/5.4.1/bin/../lib/gcc/arm-none-eabi/5.4.1/../../../../arm-none-eabi/lib/armv6-m\libg_nano.a(lib_a-memset.o)
 .ARM.attributes
                0x00000cf5       0x2c c:/program files (x86)/cypress/psoc creator/4.4/psoc creator/import/gnu/arm/5.4.1/bin/../lib/gcc/arm-none-eabi/5.4.1/armv6-m/crtend.o
 .ARM.attributes
                0x00000d21       0x1e c:/program files (x86)/cypress/psoc creator/4.4/psoc creator/import/gnu/arm/5.4.1/bin/../lib/gcc/arm-none-eabi/5.4.1/armv6-m/crtn.o

/DISCARD/
 *(.note.GNU-stack)
OUTPUT(C:\Users\cdrow\Downloads\PSoC Project TJ Temperature Spatial Profile.cydsn\TJ Temperature Spatial Profile.cydsn\CortexM0p\ARM_GCC_541\Debug\TJ Temperature Spatial Profile.elf elf32-littlearm)