Archive member included to satisfy reference by file (symbol)

.\CortexM0p\ARM_GCC_541\Debug\TJ Temperature Spatial Profile.a(CyLib.o)
                              .\CortexM0p\ARM_GCC_541\Debug\cyfitter_cfg.o (CyIntEnable)
.\CortexM0p\ARM_GCC_541\Debug\TJ Temperature Spatial Profile.a(CyLFClk.o)
                              .\CortexM0p\ARM_GCC_541\Debug\TJ Temperature Spatial Profile.a(CyLib.o) (CySysClkWcoEnabled)
.\CortexM0p\ARM_GCC_541\Debug\TJ Temperature Spatial Profile.a(AMux_1.o)
                              .\CortexM0p\ARM_GCC_541\Debug\main.o (AMux_1_Start)
.\CortexM0p\ARM_GCC_541\Debug\TJ Temperature Spatial Profile.a(PVref_1.o)
                              .\CortexM0p\ARM_GCC_541\Debug\main.o (PVref_1_Enable)
.\CortexM0p\ARM_GCC_541\Debug\TJ Temperature Spatial Profile.a(Opamp_1.o)
                              .\CortexM0p\ARM_GCC_541\Debug\main.o (Opamp_1_Start)
.\CortexM0p\ARM_GCC_541\Debug\TJ Temperature Spatial Profile.a(ADC_1.o)
                              .\CortexM0p\ARM_GCC_541\Debug\main.o (ADC_1_StartConvert)
.\CortexM0p\ARM_GCC_541\Debug\TJ Temperature Spatial Profile.a(ADC_1_INIT.o)
                              .\CortexM0p\ARM_GCC_541\Debug\TJ Temperature Spatial Profile.a(ADC_1.o) (ADC_1_allConfigs)
.\CortexM0p\ARM_GCC_541\Debug\TJ Temperature Spatial Profile.a(ADC_1_INT.o)
                              .\CortexM0p\ARM_GCC_541\Debug\TJ Temperature Spatial Profile.a(ADC_1.o) (ADC_1_ISR)
.\CortexM0p\ARM_GCC_541\Debug\TJ Temperature Spatial Profile.a(ADC_1_intSarClock.o)
                              .\CortexM0p\ARM_GCC_541\Debug\TJ Temperature Spatial Profile.a(ADC_1.o) (ADC_1_intSarClock_StartEx)
.\CortexM0p\ARM_GCC_541\Debug\TJ Temperature Spatial Profile.a(ADC_1_IRQ.o)
                              .\CortexM0p\ARM_GCC_541\Debug\TJ Temperature Spatial Profile.a(ADC_1.o) (ADC_1_IRQ_StartEx)
.\CortexM0p\ARM_GCC_541\Debug\TJ Temperature Spatial Profile.a(I2C_1.o)
                              .\CortexM0p\ARM_GCC_541\Debug\main.o (I2C_1_Start)
.\CortexM0p\ARM_GCC_541\Debug\TJ Temperature Spatial Profile.a(I2C_1_I2C.o)
                              .\CortexM0p\ARM_GCC_541\Debug\TJ Temperature Spatial Profile.a(I2C_1.o) (I2C_1_I2CInit)
.\CortexM0p\ARM_GCC_541\Debug\TJ Temperature Spatial Profile.a(I2C_1_I2C_SLAVE.o)
                              .\CortexM0p\ARM_GCC_541\Debug\TJ Temperature Spatial Profile.a(I2C_1_I2C.o) (I2C_1_slStatus)
.\CortexM0p\ARM_GCC_541\Debug\TJ Temperature Spatial Profile.a(UART_1.o)
                              .\CortexM0p\ARM_GCC_541\Debug\main.o (UART_1_Start)
.\CortexM0p\ARM_GCC_541\Debug\TJ Temperature Spatial Profile.a(UART_1_UART.o)
                              .\CortexM0p\ARM_GCC_541\Debug\TJ Temperature Spatial Profile.a(UART_1.o) (UART_1_UartInit)
.\CortexM0p\ARM_GCC_541\Debug\TJ Temperature Spatial Profile.a(Thermistor_1.o)
                              .\CortexM0p\ARM_GCC_541\Debug\main.o (Thermistor_1_GetResistance)
.\CortexM0p\ARM_GCC_541\Debug\TJ Temperature Spatial Profile.a(Opamp_2.o)
                              .\CortexM0p\ARM_GCC_541\Debug\main.o (Opamp_2_Start)
.\CortexM0p\ARM_GCC_541\Debug\TJ Temperature Spatial Profile.a(Opamp_3.o)
                              .\CortexM0p\ARM_GCC_541\Debug\main.o (Opamp_3_Start)
.\CortexM0p\ARM_GCC_541\Debug\TJ Temperature Spatial Profile.a(LED.o)
                              .\CortexM0p\ARM_GCC_541\Debug\main.o (LED_Write)
.\CortexM0p\ARM_GCC_541\Debug\TJ Temperature Spatial Profile.a(CyBootAsmGnu.o)
                              .\CortexM0p\ARM_GCC_541\Debug\TJ Temperature Spatial Profile.a(CyLib.o) (CyDelayCycles)
.\CortexM0p\ARM_GCC_541\Debug\TJ Temperature Spatial Profile.a(CyFlash.o)
                              .\CortexM0p\ARM_GCC_541\Debug\TJ Temperature Spatial Profile.a(CyLib.o) (CySysFlashSetWaitCycles)
.\CortexM0p\ARM_GCC_541\Debug\TJ Temperature Spatial Profile.a(I2C_1_I2C_INT.o)
                              .\CortexM0p\ARM_GCC_541\Debug\TJ Temperature Spatial Profile.a(I2C_1_I2C.o) (I2C_1_I2C_ISR)
.\CortexM0p\ARM_GCC_541\Debug\TJ Temperature Spatial Profile.a(UART_1_SPI_UART.o)
                              .\CortexM0p\ARM_GCC_541\Debug\TJ Temperature Spatial Profile.a(UART_1_UART.o) (UART_1_SpiUartReadRxData)
c:/program files (x86)/cypress/psoc creator/4.4/psoc creator/import/gnu/arm/5.4.1/bin/../lib/gcc/arm-none-eabi/5.4.1/../../../../arm-none-eabi/lib/armv6-m\libm.a(lib_a-w_log.o)
                              .\CortexM0p\ARM_GCC_541\Debug\TJ Temperature Spatial Profile.a(Thermistor_1.o) (log)
c:/program files (x86)/cypress/psoc creator/4.4/psoc creator/import/gnu/arm/5.4.1/bin/../lib/gcc/arm-none-eabi/5.4.1/../../../../arm-none-eabi/lib/armv6-m\libm.a(lib_a-w_pow.o)
                              .\CortexM0p\ARM_GCC_541\Debug\TJ Temperature Spatial Profile.a(Thermistor_1.o) (pow)
c:/program files (x86)/cypress/psoc creator/4.4/psoc creator/import/gnu/arm/5.4.1/bin/../lib/gcc/arm-none-eabi/5.4.1/../../../../arm-none-eabi/lib/armv6-m\libm.a(lib_a-e_log.o)
[...]
Memory Configuration

Name             Origin             Length             Attributes
rom              0x00000000         0x00008000         xr
ram              0x20000000         0x00001000         xrw
*default*        0x00000000         0xffffffff

Linker script and memory map

LOAD c:/program files (x86)/cypress/psoc creator/4.4/psoc creator/import/gnu/arm/5.4.1/bin/../lib/gcc/arm-none-eabi/5.4.1/armv6-m/crti.o
LOAD c:/program files (x86)/cypress/psoc creator/4.4/psoc creator/import/gnu/arm/5.4.1/bin/../lib/gcc/arm-none-eabi/5.4.1/armv6-m/crtbegin.o
LOAD c:/program files (x86)/cypress/psoc creator/4.4/psoc creator/import/gnu/arm/5.4.1/bin/../lib/gcc/arm-none-eabi/5.4.1/../../../../arm-none-eabi/lib/armv6-m/crt0.o
START GROUP
LOAD .\CortexM0p\ARM_GCC_541\Debug\main.o
LOAD .\CortexM0p\ARM_GCC_541\Debug\cyfitter_cfg.o
LOAD .\CortexM0p\ARM_GCC_541\Debug\cymetadata.o
LOAD .\CortexM0p\ARM_GCC_541\Debug\Cm0plusStart.o
LOAD .\CortexM0p\ARM_GCC_541\Debug\TJ Temperature Spatial Profile.a
LOAD c:/program files (x86)/cypress/psoc creator/4.4/psoc creator/import/gnu/arm/5.4.1/bin/../lib/gcc/arm-none-eabi/5.4.1/../../../../arm-none-eabi/lib/armv6-m\libm.a
END GROUP
START GROUP
LOAD c:/program files (x86)/cypress/psoc creator/4.4/psoc creator/import/gnu/arm/5.4.1/bin/../lib/gcc/arm-none-eabi/5.4.1/armv6-m\libgcc.a
LOAD c:/program files (x86)/cypress/psoc creator/4.4/psoc creator/import/gnu/arm/5.4.1/bin/../lib/gcc/arm-none-eabi/5.4.1/../../../../arm-none-eabi/lib/armv6-m\libg_nano.a
LOAD c:/program files (x86)/cypress/psoc creator/4.4/psoc creator/import/gnu/arm/5.4.1/bin/../lib/gcc/arm-none-eabi/5.4.1/../../../../arm-none-eabi/lib/armv6-m\libc_nano.a
END GROUP
START GROUP
LOAD c:/program files (x86)/cypress/psoc creator/4.4/psoc creator/import/gnu/arm/5.4.1/bin/../lib/gcc/arm-none-eabi/5.4.1/armv6-m\libgcc.a
LOAD c:/program files (x86)/cypress/psoc creator/4.4/psoc creator/import/gnu/arm/5.4.1/bin/../lib/gcc/arm-none-eabi/5.4.1/../../../../arm-none-eabi/lib/armv6-m\libc_nano.a
END GROUP
LOAD c:/program files (x86)/cypress/psoc creator/4.4/psoc creator/import/gnu/arm/5.4.1/bin/../lib/gcc/arm-none-eabi/5.4.1/armv6-m/crtend.o
LOAD c:/program files (x86)/cypress/psoc creator/4.4/psoc creator/import/gnu/arm/5.4.1/bin/../lib/gcc/arm-none-eabi/5.4.1/armv6-m/crtn.o
START GROUP
LOAD c:/program files (x86)/cypress/psoc creator/4.4/psoc creator/import/gnu/arm/5.4.1/bin/../lib/gcc/arm-none-eabi/5.4.1/armv6-m\libgcc.a
LOAD c:/program files (x86)/cypress/psoc creator/4.4/psoc creator/import/gnu/arm/5.4.1/bin/../lib/gcc/arm-none-eabi/5.4.1/../../../../arm-none-eabi/lib/armv6-m\libc.a
LOAD c:/program files (x86)/cypress/psoc creator/4.4/psoc creator/import/gnu/arm/5.4.1/bin/../lib/gcc/arm-none-eabi/5.4.1/../../../../arm-none-eabi/lib/armv6-m\libnosys.a
END GROUP
                0x00000000                CY_APPL_ORIGIN = 0x0
                0x00000080                CY_FLASH_ROW_SIZE = 0x80
                0x00000001                CY_APPL_NUM = 0x1
                0x00000001                CY_APPL_MAX = 0x1
                0x00000040                CY_METADATA_SIZE = 0x40
                0x00000000                CY_APPL_LOADABLE = 0x0
                0x00000000                CY_CHECKSUM_EXCLUDE_SIZE = ALIGN (0x0, CY_FLASH_ROW_SIZE)
                0x00000000                CY_APP_FOR_STACK_AND_COPIER = 0x0
                [!provide]                PROVIDE (__cy_heap_start, _end)
                0x00000001                PROVIDE (__cy_region_num, ((__cy_regions_end - __cy_regions) / 0x10))
                0x20001000                PROVIDE (__cy_stack, (ORIGIN (ram) + LENGTH (ram)))
                [!provide]                PROVIDE (__cy_heap_end, (__cy_stack - 0x400))

.cybootloader   0x00000000        0x0
 *(.cybootloader)
                0x00000000                appl1_start = CY_APPL_ORIGIN?CY_APPL_ORIGIN:ALIGN (CY_FLASH_ROW_SIZE)
                0x00003f80                appl2_start = (appl1_start + ALIGN ((((LENGTH (rom) - appl1_start) - (0x2 * CY_FLASH_ROW_SIZE)) / 0x2), CY_FLASH_ROW_SIZE))
                0x00000000                appl_start = (CY_APPL_NUM == 0x1)?appl1_start:appl2_start
                0x00000001                cy_project_type_bootloader = (appl_start == 0x0)?0x1:0x0
                0x00000000                cy_project_type_app_for_stack_and_copier = (CY_APP_FOR_STACK_AND_COPIER == 0x1)?0x1:0x0

.text           0x00000000     0x5d86
 CREATE_OBJECT_SYMBOLS
                0x00000000                PROVIDE (__cy_interrupt_vector, RomVectors)
 *(.romvectors)
 .romvectors    0x00000000       0x10 .\CortexM0p\ARM_GCC_541\Debug\Cm0plusStart.o
                0x00000000                RomVectors
                0x00000001                ASSERT ((. != __cy_interrupt_vector), No interrupt vector)
                0x00000001                ASSERT (CY_APPL_ORIGIN?(SIZEOF (.cybootloader) <= CY_APPL_ORIGIN):0x1, Wrong image location)
                0x00000010                PROVIDE (__cy_reset, Reset)
 *(.text.Reset)
 .text.Reset    0x00000010        0xc .\CortexM0p\ARM_GCC_541\Debug\Cm0plusStart.o
                0x00000010                Reset
                0x00000001                ASSERT ((. != __cy_reset), No reset code)
 *(.psocinit)
 .psocinit      0x0000001c      0x140 .\CortexM0p\ARM_GCC_541\Debug\cyfitter_cfg.o
                0x000000d0                cyfitter_cfg
                0x0000015c                . = MAX (., 0x100)
 *(.text .text.* .gnu.linkonce.t.*)
 .text          0x0000015c       0x60 c:/program files (x86)/cypress/psoc creator/4.4/psoc creator/import/gnu/arm/5.4.1/bin/../lib/gcc/arm-none-eabi/5.4.1/armv6-m/crtbegin.o
 .text.FilterSignal
                0x000001bc       0x48 .\CortexM0p\ARM_GCC_541\Debug\main.o
                0x000001bc                FilterSignal
 .text.main     0x00000204      0x130 .\CortexM0p\ARM_GCC_541\Debug\main.o
                0x00000204                main
 .text.SetAnalogRoutingPumps
                0x00000334       0x20 .\CortexM0p\ARM_GCC_541\Debug\cyfitter_cfg.o
                0x00000334                SetAnalogRoutingPumps
 .text.AnalogSetDefault
                0x00000354       0xc0 .\CortexM0p\ARM_GCC_541\Debug\cyfitter_cfg.o
 .text.AMux_1_CYAMUXSIDE_A_Set
                0x00000414      0x144 .\CortexM0p\ARM_GCC_541\Debug\cyfitter_cfg.o
                0x00000414                AMux_1_CYAMUXSIDE_A_Set
 .text.AMux_1_CYAMUXSIDE_A_Unset
                0x00000558      0x14c .\CortexM0p\ARM_GCC_541\Debug\cyfitter_cfg.o
                0x00000558                AMux_1_CYAMUXSIDE_A_Unset
 .text.AMux_1_CYAMUXSIDE_B_Set
                0x000006a4      0x170 .\CortexM0p\ARM_GCC_541\Debug\cyfitter_cfg.o
                0x000006a4                AMux_1_CYAMUXSIDE_B_Set
 .text.AMux_1_CYAMUXSIDE_B_Unset
                0x00000814      0x170 .\CortexM0p\ARM_GCC_541\Debug\cyfitter_cfg.o
                0x00000814                AMux_1_CYAMUXSIDE_B_Unset
 .text.IntDefaultHandler
                0x00000984       0x10 .\CortexM0p\ARM_GCC_541\Debug\Cm0plusStart.o
                0x00000984                IntDefaultHandler
 .text._sbrk    0x00000994       0x30 .\CortexM0p\ARM_GCC_541\Debug\Cm0plusStart.o
                0x00000994                _sbrk
 .text.Start_c  0x000009c4       0x48 .\CortexM0p\ARM_GCC_541\Debug\Cm0plusStart.o
                0x000009c4                Start_c
 .text.initialize_psoc
                0x00000a0c       0x40 .\CortexM0p\ARM_GCC_541\Debug\Cm0plusStart.o
                0x00000a0c                initialize_psoc
 .text.CySysClkImoDisableWcoLock
                0x00000a4c       0x4c .\CortexM0p\ARM_GCC_541\Debug\TJ Temperature Spatial Profile.a(CyLib.o)
                0x00000a4c                CySysClkImoDisableWcoLock
 .text.CySysClkImoGetWcoLock
                0x00000a98       0x14 .\CortexM0p\ARM_GCC_541\Debug\TJ Temperature Spatial Profile.a(CyLib.o)
                0x00000a98                CySysClkImoGetWcoLock
 .text.CyIntEnable
                0x00000aac       0x14 .\CortexM0p\ARM_GCC_541\Debug\TJ Temperature Spatial Profile.a(CyLib.o)
                0x00000aac                CyIntEnable
 .text.CyIntDisable
                0x00000ac0       0x14 .\CortexM0p\ARM_GCC_541\Debug\TJ Temperature Spatial Profile.a(CyLib.o)
                0x00000ac0                CyIntDisable
 .text.CyHalt   0x00000ad4        0x4 .\CortexM0p\ARM_GCC_541\Debug\TJ Temperature Spatial Profile.a(CyLib.o)
                0x00000ad4                CyHalt
 .text.CyIntSetVector
                0x00000ad8       0x24 .\CortexM0p\ARM_GCC_541\Debug\TJ Temperature Spatial Profile.a(CyLib.o)
                0x00000ad8                CyIntSetVector
 .text.CyIntSetPriority
                0x00000afc       0x4c .\CortexM0p\ARM_GCC_541\Debug\TJ Temperature Spatial Profile.a(CyLib.o)
                0x00000afc                CyIntSetPriority
 .text.CyDelay  0x00000b48       0x30 .\CortexM0p\ARM_GCC_541\Debug\TJ Temperature Spatial Profile.a(CyLib.o)
                0x00000b48                CyDelay
 .text.CySysClkImoEnableWcoLock
                0x00000b78       0xd0 .\CortexM0p\ARM_GCC_541\Debug\TJ Temperature Spatial Profile.a(CyLib.o)
                0x00000b78                CySysClkImoEnableWcoLock
 .text.CySysClkWriteImoFreq
                0x00000c48       0xd8 .\CortexM0p\ARM_GCC_541\Debug\TJ Temperature Spatial Profile.a(CyLib.o)
                0x00000c48                CySysClkWriteImoFreq
 .text.CyDelayUs
                0x00000d20       0x14 .\CortexM0p\ARM_GCC_541\Debug\TJ Temperature Spatial Profile.a(CyLib.o)
                0x00000d20                CyDelayUs
 .text.CySysClkGetTimerSource
                0x00000d34       0x10 .\CortexM0p\ARM_GCC_541\Debug\TJ Temperature Spatial Profile.a(CyLFClk.o)
 .text.CySysClkWcoEnabled
                0x00000d44       0x14 .\CortexM0p\ARM_GCC_541\Debug\TJ Temperature Spatial Profile.a(CyLFClk.o)
                0x00000d44                CySysClkWcoEnabled
 .text.CySysWdtDisable
                0x00000d58       0x10 .\CortexM0p\ARM_GCC_541\Debug\TJ Temperature Spatial Profile.a(CyLFClk.o)
                0x00000d58                CySysWdtDisable
 .text.CySysClkSetTimerSource
                0x00000d68       0x68 .\CortexM0p\ARM_GCC_541\Debug\TJ Temperature Spatial Profile.a(CyLFClk.o)
                0x00000d68                CySysClkSetTimerSource
 .text.CySysTimerClearInterrupt
                0x00000dd0       0x2c .\CortexM0p\ARM_GCC_541\Debug\TJ Temperature Spatial Profile.a(CyLFClk.o)
                0x00000dd0                CySysTimerClearInterrupt
 .text.CySysTimerIsr
                0x00000dfc       0xa4 .\CortexM0p\ARM_GCC_541\Debug\TJ Temperature Spatial Profile.a(CyLFClk.o)
                0x00000dfc                CySysTimerIsr
 .text.AMux_1_Start
                0x00000ea0       0x28 .\CortexM0p\ARM_GCC_541\Debug\TJ Temperature Spatial Profile.a(AMux_1.o)
                0x00000ea0                AMux_1_Start
 .text.AMux_1_Connect
                0x00000ec8       0x10 .\CortexM0p\ARM_GCC_541\Debug\TJ Temperature Spatial Profile.a(AMux_1.o)
                0x00000ec8                AMux_1_Connect
 .text.AMux_1_Select
                0x00000ed8       0x18 .\CortexM0p\ARM_GCC_541\Debug\TJ Temperature Spatial Profile.a(AMux_1.o)
                0x00000ed8                AMux_1_Select
 .text.PVref_1_Init
                0x00000ef0       0x1c .\CortexM0p\ARM_GCC_541\Debug\TJ Temperature Spatial Profile.a(PVref_1.o)
                0x00000ef0                PVref_1_Init
 .text.PVref_1_Enable
                0x00000f0c       0x10 .\CortexM0p\ARM_GCC_541\Debug\TJ Temperature Spatial Profile.a(PVref_1.o)
                0x00000f0c                PVref_1_Enable
 .text.PVref_1_Start
                0x00000f1c       0x20 .\CortexM0p\ARM_GCC_541\Debug\TJ Temperature Spatial Profile.a(PVref_1.o)
                0x00000f1c                PVref_1_Start
 .text.PVref_1_Stop
                0x00000f3c       0x10 .\CortexM0p\ARM_GCC_541\Debug\TJ Temperature Spatial Profile.a(PVref_1.o)
                0x00000f3c                PVref_1_Stop
 .text.Opamp_1_Init
                0x00000f4c       0x2c .\CortexM0p\ARM_GCC_541\Debug\TJ Temperature Spatial Profile.a(Opamp_1.o)
                0x00000f4c                Opamp_1_Init
 .text.Opamp_1_Enable
                0x00000f78       0x1c .\CortexM0p\ARM_GCC_541\Debug\TJ Temperature Spatial Profile.a(Opamp_1.o)
                0x00000f78                Opamp_1_Enable
 .text.Opamp_1_Start
                0x00000f94       0x20 .\CortexM0p\ARM_GCC_541\Debug\TJ Temperature Spatial Profile.a(Opamp_1.o)
                0x00000f94                Opamp_1_Start
 .text.ADC_1_SetDFTControl
                0x00000fb4       0x34 .\CortexM0p\ARM_GCC_541\Debug\TJ Temperature Spatial Profile.a(ADC_1.o)
 .text.ADC_1_IsChannelSigned
                0x00000fe8       0x58 .\CortexM0p\ARM_GCC_541\Debug\TJ Temperature Spatial Profile.a(ADC_1.o)
 .text.ADC_1_Stop
                0x00001040       0x10 .\CortexM0p\ARM_GCC_541\Debug\TJ Temperature Spatial Profile.a(ADC_1.o)
                0x00001040                ADC_1_Stop
 .text.ADC_1_InitConfig
                0x00001050       0xac .\CortexM0p\ARM_GCC_541\Debug\TJ Temperature Spatial Profile.a(ADC_1.o)
                0x00001050                ADC_1_InitConfig
 .text.ADC_1_StartConvert
                0x000010fc       0x28 .\CortexM0p\ARM_GCC_541\Debug\TJ Temperature Spatial Profile.a(ADC_1.o)
                0x000010fc                ADC_1_StartConvert
 .text.ADC_1_IsEndConversion
                0x00001124       0x38 .\CortexM0p\ARM_GCC_541\Debug\TJ Temperature Spatial Profile.a(ADC_1.o)
                0x00001124                ADC_1_IsEndConversion
 .text.ADC_1_GetResult32
                0x0000115c       0x64 .\CortexM0p\ARM_GCC_541\Debug\TJ Temperature Spatial Profile.a(ADC_1.o)
                0x0000115c                ADC_1_GetResult32
 .text.ADC_1_Init
                0x000011c0       0xa8 .\CortexM0p\ARM_GCC_541\Debug\TJ Temperature Spatial Profile.a(ADC_1.o)
                0x000011c0                ADC_1_Init
 .text.ADC_1_Enable
                0x00001268       0x48 .\CortexM0p\ARM_GCC_541\Debug\TJ Temperature Spatial Profile.a(ADC_1.o)
                0x00001268                ADC_1_Enable
 .text.ADC_1_Start
                0x000012b0       0x24 .\CortexM0p\ARM_GCC_541\Debug\TJ Temperature Spatial Profile.a(ADC_1.o)
                0x000012b0                ADC_1_Start
 .text.ADC_1_StopConvert
                0x000012d4       0x44 .\CortexM0p\ARM_GCC_541\Debug\TJ Temperature Spatial Profile.a(ADC_1.o)
                0x000012d4                ADC_1_StopConvert
 .text.ADC_1_ISR
                0x00001318        0xc .\CortexM0p\ARM_GCC_541\Debug\TJ Temperature Spatial Profile.a(ADC_1_INT.o)
                0x00001318                ADC_1_ISR
 .text.ADC_1_intSarClock_StartEx
                0x00001324       0x1c .\CortexM0p\ARM_GCC_541\Debug\TJ Temperature Spatial Profile.a(ADC_1_intSarClock.o)
                0x00001324                ADC_1_intSarClock_StartEx
 .text.ADC_1_intSarClock_Stop
                0x00001340       0x18 .\CortexM0p\ARM_GCC_541\Debug\TJ Temperature Spatial Profile.a(ADC_1_intSarClock.o)
                0x00001340                ADC_1_intSarClock_Stop
 .text.ADC_1_intSarClock_SetFractionalDividerRegister
                0x00001358       0x20 .\CortexM0p\ARM_GCC_541\Debug\TJ Temperature Spatial Profile.a(ADC_1_intSarClock.o)
                0x00001358                ADC_1_intSarClock_SetFractionalDividerRegister
 .text.I2C_1_ScbEnableIntr
                0x00001378        0xc .\CortexM0p\ARM_GCC_541\Debug\TJ Temperature Spatial Profile.a(I2C_1.o)
 .text.I2C_1_Init
                0x00001384        0x8 .\CortexM0p\ARM_GCC_541\Debug\TJ Temperature Spatial Profile.a(I2C_1.o)
                0x00001384                I2C_1_Init
 .text.I2C_1_Enable
                0x0000138c       0x18 .\CortexM0p\ARM_GCC_541\Debug\TJ Temperature Spatial Profile.a(I2C_1.o)
                0x0000138c                I2C_1_Enable
 .text.I2C_1_Start
                0x000013a4       0x20 .\CortexM0p\ARM_GCC_541\Debug\TJ Temperature Spatial Profile.a(I2C_1.o)
                0x000013a4                I2C_1_Start
 .text.I2C_1_I2CInit
                0x000013c4       0xcc .\CortexM0p\ARM_GCC_541\Debug\TJ Temperature Spatial Profile.a(I2C_1_I2C.o)
                0x000013c4                I2C_1_I2CInit
 .text.I2C_1_I2CFwBlockReset
                0x00001490       0x5c .\CortexM0p\ARM_GCC_541\Debug\TJ Temperature Spatial Profile.a(I2C_1_I2C.o)
                0x00001490                I2C_1_I2CFwBlockReset
 .text.I2C_1_I2CSlaveClearReadStatus
                0x000014ec       0x28 .\CortexM0p\ARM_GCC_541\Debug\TJ Temperature Spatial Profile.a(I2C_1_I2C_SLAVE.o)
                0x000014ec                I2C_1_I2CSlaveClearReadStatus
 .text.I2C_1_I2CSlaveInitReadBuf
                0x00001514       0x3c .\CortexM0p\ARM_GCC_541\Debug\TJ Temperature Spatial Profile.a(I2C_1_I2C_SLAVE.o)
                0x00001514                I2C_1_I2CSlaveInitReadBuf
 .text.I2C_1_I2CSlaveClearReadBuf
                0x00001550        0xc .\CortexM0p\ARM_GCC_541\Debug\TJ Temperature Spatial Profile.a(I2C_1_I2C_SLAVE.o)
                0x00001550                I2C_1_I2CSlaveClearReadBuf
 .text.UART_1_ScbModePostEnable
                0x0000155c        0x8 .\CortexM0p\ARM_GCC_541\Debug\TJ Temperature Spatial Profile.a(UART_1.o)
 .text.UART_1_Init
                0x00001564        0x8 .\CortexM0p\ARM_GCC_541\Debug\TJ Temperature Spatial Profile.a(UART_1.o)
                0x00001564                UART_1_Init
 .text.UART_1_Enable
                0x0000156c       0x18 .\CortexM0p\ARM_GCC_541\Debug\TJ Temperature Spatial Profile.a(UART_1.o)
                0x0000156c                UART_1_Enable
 .text.UART_1_Start
                0x00001584       0x20 .\CortexM0p\ARM_GCC_541\Debug\TJ Temperature Spatial Profile.a(UART_1.o)
                0x00001584                UART_1_Start
 .text.UART_1_UartInit
                0x000015a4       0xa8 .\CortexM0p\ARM_GCC_541\Debug\TJ Temperature Spatial Profile.a(UART_1_UART.o)
                0x000015a4                UART_1_UartInit
 .text.UART_1_UartPostEnable
                0x0000164c       0x14 .\CortexM0p\ARM_GCC_541\Debug\TJ Temperature Spatial Profile.a(UART_1_UART.o)
                0x0000164c                UART_1_UartPostEnable
 .text.UART_1_UartPutString
                0x00001660       0x18 .\CortexM0p\ARM_GCC_541\Debug\TJ Temperature Spatial Profile.a(UART_1_UART.o)
                0x00001660                UART_1_UartPutString
 .text.Thermistor_1_GetResistance
                0x00001678       0x2c .\CortexM0p\ARM_GCC_541\Debug\TJ Temperature Spatial Profile.a(Thermistor_1.o)
                0x00001678                Thermistor_1_GetResistance
 .text.Thermistor_1_GetTemperature
                0x000016a4       0xb4 .\CortexM0p\ARM_GCC_541\Debug\TJ Temperature Spatial Profile.a(Thermistor_1.o)
                0x000016a4                Thermistor_1_GetTemperature
 .text.Opamp_2_Init
                0x00001758       0x2c .\CortexM0p\ARM_GCC_541\Debug\TJ Temperature Spatial Profile.a(Opamp_2.o)
                0x00001758                Opamp_2_Init
 .text.Opamp_2_Enable
                0x00001784       0x1c .\CortexM0p\ARM_GCC_541\Debug\TJ Temperature Spatial Profile.a(Opamp_2.o)
                0x00001784                Opamp_2_Enable
 .text.Opamp_2_Start
                0x000017a0       0x20 .\CortexM0p\ARM_GCC_541\Debug\TJ Temperature Spatial Profile.a(Opamp_2.o)
                0x000017a0                Opamp_2_Start
 .text.Opamp_3_Init
                0x000017c0       0x2c .\CortexM0p\ARM_GCC_541\Debug\TJ Temperature Spatial Profile.a(Opamp_3.o)
                0x000017c0                Opamp_3_Init
 .text.Opamp_3_Enable
                0x000017ec       0x1c .\CortexM0p\ARM_GCC_541\Debug\TJ Temperature Spatial Profile.a(Opamp_3.o)
                0x000017ec                Opamp_3_Enable
 .text.Opamp_3_Start
                0x00001808       0x20 .\CortexM0p\ARM_GCC_541\Debug\TJ Temperature Spatial Profile.a(Opamp_3.o)
                0x00001808                Opamp_3_Start
 .text.LED_Write
                0x00001828       0x18 .\CortexM0p\ARM_GCC_541\Debug\TJ Temperature Spatial Profile.a(LED.o)
                0x00001828                LED_Write
 .text          0x00001840       0x20 .\CortexM0p\ARM_GCC_541\Debug\TJ Temperature Spatial Profile.a(CyBootAsmGnu.o)
                0x00001840                CyDelayCycles
                0x00001852                CyEnterCriticalSection
                0x0000185a                CyExitCriticalSection
 .text.CySysFlashSetWaitCycles
                0x00001860       0x54 .\CortexM0p\ARM_GCC_541\Debug\TJ Temperature Spatial Profile.a(CyFlash.o)
                0x00001860                CySysFlashSetWaitCycles
 .text.I2C_1_I2C_ISR
                0x000018b4      0x3b8 .\CortexM0p\ARM_GCC_541\Debug\TJ Temperature Spatial Profile.a(I2C_1_I2C_INT.o)
                0x000018b4                I2C_1_I2C_ISR
 .text.UART_1_SpiUartWriteTxData
                0x00001c6c       0x1c .\CortexM0p\ARM_GCC_541\Debug\TJ Temperature Spatial Profile.a(UART_1_SPI_UART.o)
                0x00001c6c                UART_1_SpiUartWriteTxData
 .text.log      0x00001c88      0x110 c:/program files (x86)/cypress/psoc creator/4.4/psoc creator/import/gnu/arm/5.4.1/bin/../lib/gcc/arm-none-eabi/5.4.1/../../../../arm-none-eabi/lib/armv6-m\libm.a(lib_a-w_log.o)
                0x00001c88                log
 .text.pow      0x00001d98      0x378 c:/program files (x86)/cypress/psoc creator/4.4/psoc creator/import/gnu/arm/5.4.1/bin/../lib/gcc/arm-none-eabi/5.4.1/../../../../arm-none-eabi/lib/armv6-m\libm.a(lib_a-w_pow.o)
                0x00001d98                pow
 .text.__ieee754_log
                0x00002110      0x404 c:/program files (x86)/cypress/psoc creator/4.4/psoc creator/import/gnu/arm/5.4.1/bin/../lib/gcc/arm-none-eabi/5.4.1/../../../../arm-none-eabi/lib/armv6-m\libm.a(lib_a-e_log.o)
                0x00002110                __ieee754_log
 .text.__ieee754_pow
                0x00002514      0xa6c c:/program files (x86)/cypress/psoc creator/4.4/psoc creator/import/gnu/arm/5.4.1/bin/../lib/gcc/arm-none-eabi/5.4.1/../../../../arm-none-eabi/lib/armv6-m\libm.a(lib_a-e_pow.o)
                0x00002514                __ieee754_pow
 .text.__ieee754_sqrt
                0x00002f80      0x1ec c:/program files (x86)/cypress/psoc creator/4.4/psoc creator/import/gnu/arm/5.4.1/bin/../lib/gcc/arm-none-eabi/5.4.1/../../../../arm-none-eabi/lib/armv6-m\libm.a(lib_a-e_sqrt.o)
                0x00002f80                __ieee754_sqrt
 .text.fabs     0x0000316c        0x8 c:/program files (x86)/cypress/psoc creator/4.4/psoc creator/import/gnu/arm/5.4.1/bin/../lib/gcc/arm-none-eabi/5.4.1/../../../../arm-none-eabi/lib/armv6-m\libm.a(lib_a-s_fabs.o)
                0x0000316c                fabs
 .text.finite   0x00003174       0x14 c:/program files (x86)/cypress/psoc creator/4.4/psoc creator/import/gnu/arm/5.4.1/bin/../lib/gcc/arm-none-eabi/5.4.1/../../../../arm-none-eabi/lib/armv6-m\libm.a(lib_a-s_finite.o)
                0x00003174                finite
 .text.matherr  0x00003188        0x4 c:/program files (x86)/cypress/psoc creator/4.4/psoc creator/import/gnu/arm/5.4.1/bin/../lib/gcc/arm-none-eabi/5.4.1/../../../../arm-none-eabi/lib/armv6-m\libm.a(lib_a-s_matherr.o)
                0x00003188                matherr
 .text.nan      0x0000318c        0xc c:/program files (x86)/cypress/psoc creator/4.4/psoc creator/import/gnu/arm/5.4.1/bin/../lib/gcc/arm-none-eabi/5.4.1/../../../../arm-none-eabi/lib/armv6-m\libm.a(lib_a-s_nan.o)
                0x0000318c                nan
 .text.rint     0x00003198      0x144 c:/program files (x86)/cypress/psoc creator/4.4/psoc creator/import/gnu/arm/5.4.1/bin/../lib/gcc/arm-none-eabi/5.4.1/../../../../arm-none-eabi/lib/armv6-m\libm.a(lib_a-s_rint.o)
                0x00003198                rint
 .text.scalbn   0x000032dc       0xd0 c:/program files (x86)/cypress/psoc creator/4.4/psoc creator/import/gnu/arm/5.4.1/bin/../lib/gcc/arm-none-eabi/5.4.1/../../../../arm-none-eabi/lib/armv6-m\libm.a(lib_a-s_scalbn.o)
                0x000032dc                scalbn
 .text.copysign
                0x000033ac       0x10 c:/program files (x86)/cypress/psoc creator/4.4/psoc creator/import/gnu/arm/5.4.1/bin/../lib/gcc/arm-none-eabi/5.4.1/../../../../arm-none-eabi/lib/armv6-m\libm.a(lib_a-s_copysign.o)
                0x000033ac                copysign
 .text          0x000033bc      0x114 c:/program files (x86)/cypress/psoc creator/4.4/psoc creator/import/gnu/arm/5.4.1/bin/../lib/gcc/arm-none-eabi/5.4.1/armv6-m\libgcc.a(_udivsi3.o)
                0x000033bc                __aeabi_uidiv
                0x000033bc                __udivsi3
                0x000034c8                __aeabi_uidivmod
 .text          0x000034d0      0x1d4 c:/program files (x86)/cypress/psoc creator/4.4/psoc creator/import/gnu/arm/5.4.1/bin/../lib/gcc/arm-none-eabi/5.4.1/armv6-m\libgcc.a(_divsi3.o)
                0x000034d0                __divsi3
                0x000034d0                __aeabi_idiv
                0x0000369c                __aeabi_idivmod
 .text          0x000036a4        0x4 c:/program files (x86)/cypress/psoc creator/4.4/psoc creator/import/gnu/arm/5.4.1/bin/../lib/gcc/arm-none-eabi/5.4.1/armv6-m\libgcc.a(_dvmd_tls.o)
                0x000036a4                __aeabi_idiv0
                0x000036a4                __aeabi_ldiv0
 .text          0x000036a8       0x7c c:/program files (x86)/cypress/psoc creator/4.4/psoc creator/import/gnu/arm/5.4.1/bin/../lib/gcc/arm-none-eabi/5.4.1/armv6-m\libgcc.a(_arm_cmpdf2.o)
                0x000036a8                __aeabi_cdrcmple
                0x000036b8                __aeabi_cdcmple
                0x000036b8                __aeabi_cdcmpeq
                0x000036c8                __aeabi_dcmpeq
                0x000036d4                __aeabi_dcmplt
                0x000036e8                __aeabi_dcmple
                0x000036fc                __aeabi_dcmpgt
                0x00003710                __aeabi_dcmpge
 .text          0x00003724       0x44 c:/program files (x86)/cypress/psoc creator/4.4/psoc creator/import/gnu/arm/5.4.1/bin/../lib/gcc/arm-none-eabi/5.4.1/armv6-m\libgcc.a(fixsfsi.o)
                0x00003724                __aeabi_f2iz
 .text          0x00003768      0x658 c:/program files (x86)/cypress/psoc creator/4.4/psoc creator/import/gnu/arm/5.4.1/bin/../lib/gcc/arm-none-eabi/5.4.1/armv6-m\libgcc.a(adddf3.o)
                0x00003768                __aeabi_dadd
 .text          0x00003dc0      0x62c c:/program files (x86)/cypress/psoc creator/4.4/psoc creator/import/gnu/arm/5.4.1/bin/../lib/gcc/arm-none-eabi/5.4.1/armv6-m\libgcc.a(divdf3.o)
                0x00003dc0                __aeabi_ddiv
 .text          0x000043ec       0x80 c:/program files (x86)/cypress/psoc creator/4.4/psoc creator/import/gnu/arm/5.4.1/bin/../lib/gcc/arm-none-eabi/5.4.1/armv6-m\libgcc.a(eqdf2.o)
                0x000043ec                __nedf2
                0x000043ec                __eqdf2
 .text          0x0000446c       0xc8 c:/program files (x86)/cypress/psoc creator/4.4/psoc creator/import/gnu/arm/5.4.1/bin/../lib/gcc/arm-none-eabi/5.4.1/armv6-m\libgcc.a(gedf2.o)
                0x0000446c                __gedf2
                0x0000446c                __gtdf2
 .text          0x00004534       0xd4 c:/program files (x86)/cypress/psoc creator/4.4/psoc creator/import/gnu/arm/5.4.1/bin/../lib/gcc/arm-none-eabi/5.4.1/armv6-m\libgcc.a(ledf2.o)
                0x00004534                __ledf2
                0x00004534                __ltdf2
 .text          0x00004608      0x4f4 c:/program files (x86)/cypress/psoc creator/4.4/psoc creator/import/gnu/arm/5.4.1/bin/../lib/gcc/arm-none-eabi/5.4.1/armv6-m\libgcc.a(muldf3.o)
                0x00004608                __aeabi_dmul
 .text          0x00004afc      0x6a8 c:/program files (x86)/cypress/psoc creator/4.4/psoc creator/import/gnu/arm/5.4.1/bin/../lib/gcc/arm-none-eabi/5.4.1/armv6-m\libgcc.a(subdf3.o)
                0x00004afc                __aeabi_dsub
 .text          0x000051a4       0x40 c:/program files (x86)/cypress/psoc creator/4.4/psoc creator/import/gnu/arm/5.4.1/bin/../lib/gcc/arm-none-eabi/5.4.1/armv6-m\libgcc.a(unorddf2.o)
                0x000051a4                __aeabi_dcmpun
 .text          0x000051e4       0x84 c:/program files (x86)/cypress/psoc creator/4.4/psoc creator/import/gnu/arm/5.4.1/bin/../lib/gcc/arm-none-eabi/5.4.1/armv6-m\libgcc.a(floatsidf.o)
                0x000051e4                __aeabi_i2d
 .text          0x00005268       0x70 c:/program files (x86)/cypress/psoc creator/4.4/psoc creator/import/gnu/arm/5.4.1/bin/../lib/gcc/arm-none-eabi/5.4.1/armv6-m\libgcc.a(floatunsidf.o)
                0x00005268                __aeabi_ui2d
 .text          0x000052d8       0xa8 c:/program files (x86)/cypress/psoc creator/4.4/psoc creator/import/gnu/arm/5.4.1/bin/../lib/gcc/arm-none-eabi/5.4.1/armv6-m\libgcc.a(extendsfdf2.o)
                0x000052d8                __aeabi_f2d
 .text          0x00005380      0x118 c:/program files (x86)/cypress/psoc creator/4.4/psoc creator/import/gnu/arm/5.4.1/bin/../lib/gcc/arm-none-eabi/5.4.1/armv6-m\libgcc.a(truncdfsf2.o)
                0x00005380                __aeabi_d2f
 .text          0x00005498       0x3c c:/program files (x86)/cypress/psoc creator/4.4/psoc creator/import/gnu/arm/5.4.1/bin/../lib/gcc/arm-none-eabi/5.4.1/armv6-m\libgcc.a(_clzsi2.o)
                0x00005498                __clzsi2
 .text.__errno  0x000054d4        0xc c:/program files (x86)/cypress/psoc creator/4.4/psoc creator/import/gnu/arm/5.4.1/bin/../lib/gcc/arm-none-eabi/5.4.1/../../../../arm-none-eabi/lib/armv6-m\libg_nano.a(lib_a-errno.o)
                0x000054d4                __errno
 .text.__libc_init_array
                0x000054e0       0x4c c:/program files (x86)/cypress/psoc creator/4.4/psoc creator/import/gnu/arm/5.4.1/bin/../lib/gcc/arm-none-eabi/5.4.1/../../../../arm-none-eabi/lib/armv6-m\libg_nano.a(lib_a-init.o)
                0x000054e0                __libc_init_array
 .text.memcpy   0x0000552c       0x12 c:/program files (x86)/cypress/psoc creator/4.4/psoc creator/import/gnu/arm/5.4.1/bin/../lib/gcc/arm-none-eabi/5.4.1/../../../../arm-none-eabi/lib/armv6-m\libg_nano.a(lib_a-memcpy-stub.o)
                0x0000552c                memcpy
 *fill*         0x0000553e        0x2 
 .text.sprintf  0x00005540       0x44 c:/program files (x86)/cypress/psoc creator/4.4/psoc creator/import/gnu/arm/5.4.1/bin/../lib/gcc/arm-none-eabi/5.4.1/../../../../arm-none-eabi/lib/armv6-m\libg_nano.a(lib_a-sprintf.o)
                0x00005540                siprintf
                0x00005540                sprintf
 .text.__ssputs_r
                0x00005584       0xc4 c:/program files (x86)/cypress/psoc creator/4.4/psoc creator/import/gnu/arm/5.4.1/bin/../lib/gcc/arm-none-eabi/5.4.1/../../../../arm-none-eabi/lib/armv6-m\libg_nano.a(lib_a-nano-svfprintf.o)
                0x00005584                __ssputs_r
 .text._svfprintf_r
                0x00005648      0x1fc c:/program files (x86)/cypress/psoc creator/4.4/psoc creator/import/gnu/arm/5.4.1/bin/../lib/gcc/arm-none-eabi/5.4.1/../../../../arm-none-eabi/lib/armv6-m\libg_nano.a(lib_a-nano-svfprintf.o)
                0x00005648                _svfiprintf_r
                0x00005648                _svfprintf_r
 .text._printf_common
                0x00005844       0xdc c:/program files (x86)/cypress/psoc creator/4.4/psoc creator/import/gnu/arm/5.4.1/bin/../lib/gcc/arm-none-eabi/5.4.1/../../../../arm-none-eabi/lib/armv6-m\libg_nano.a(lib_a-nano-vfprintf_i.o)
                0x00005844                _printf_common
 .text._printf_i
                0x00005920      0x244 c:/program files (x86)/cypress/psoc creator/4.4/psoc creator/import/gnu/arm/5.4.1/bin/../lib/gcc/arm-none-eabi/5.4.1/../../../../arm-none-eabi/lib/armv6-m\libg_nano.a(lib_a-nano-vfprintf_i.o)
                0x00005920                _printf_i
 .text.memchr   0x00005b64       0x16 c:/program files (x86)/cypress/psoc creator/4.4/psoc creator/import/gnu/arm/5.4.1/bin/../lib/gcc/arm-none-eabi/5.4.1/../../../../arm-none-eabi/lib/armv6-m\libg_nano.a(lib_a-memchr-stub.o)
                0x00005b64                memchr
 .text.memmove  0x00005b7a       0x2a c:/program files (x86)/cypress/psoc creator/4.4/psoc creator/import/gnu/arm/5.4.1/bin/../lib/gcc/arm-none-eabi/5.4.1/../../../../arm-none-eabi/lib/armv6-m\libg_nano.a(lib_a-memmove.o)
                0x00005b7a                memmove
 .text._free_r  0x00005ba4       0x98 c:/program files (x86)/cypress/psoc creator/4.4/psoc creator/import/gnu/arm/5.4.1/bin/../lib/gcc/arm-none-eabi/5.4.1/../../../../arm-none-eabi/lib/armv6-m\libg_nano.a(lib_a-nano-freer.o)
                0x00005ba4                _free_r
 .text._malloc_r
                0x00005c3c       0xc0 c:/program files (x86)/cypress/psoc creator/4.4/psoc creator/import/gnu/arm/5.4.1/bin/../lib/gcc/arm-none-eabi/5.4.1/../../../../arm-none-eabi/lib/armv6-m\libg_nano.a(lib_a-nano-mallocr.o)
                0x00005c3c                _malloc_r
 .text._realloc_r
                0x00005cfc       0x4c c:/program files (x86)/cypress/psoc creator/4.4/psoc creator/import/gnu/arm/5.4.1/bin/../lib/gcc/arm-none-eabi/5.4.1/../../../../arm-none-eabi/lib/armv6-m\libg_nano.a(lib_a-nano-reallocr.o)
                0x00005cfc                _realloc_r
 .text._sbrk_r  0x00005d48       0x24 c:/program files (x86)/cypress/psoc creator/4.4/psoc creator/import/gnu/arm/5.4.1/bin/../lib/gcc/arm-none-eabi/5.4.1/../../../../arm-none-eabi/lib/armv6-m\libg_nano.a(lib_a-sbrkr.o)
                0x00005d48                _sbrk_r
 .text.__malloc_lock
                0x00005d6c        0x2 c:/program files (x86)/cypress/psoc creator/4.4/psoc creator/import/gnu/arm/5.4.1/bin/../lib/gcc/arm-none-eabi/5.4.1/../../../../arm-none-eabi/lib/armv6-m\libg_nano.a(lib_a-mlock.o)
                0x00005d6c                __malloc_lock
 .text.__malloc_unlock
                0x00005d6e        0x2 c:/program files (x86)/cypress/psoc creator/4.4/psoc creator/import/gnu/arm/5.4.1/bin/../lib/gcc/arm-none-eabi/5.4.1/../../../../arm-none-eabi/lib/armv6-m\libg_nano.a(lib_a-mlock.o)
                0x00005d6e                __malloc_unlock
 .text._malloc_usable_size_r
                0x00005d70       0x16 c:/program files (x86)/cypress/psoc creator/4.4/psoc creator/import/gnu/arm/5.4.1/bin/../lib/gcc/arm-none-eabi/5.4.1/../../../../arm-none-eabi/lib/armv6-m\libg_nano.a(lib_a-nano-msizer.o)
                0x00005d70                _malloc_usable_size_r
 *(.plt)
 *(.gnu.warning)
 *(.glue_7t)
 .glue_7t       0x00005d86        0x0 linker stubs
 *(.glue_7)
 .glue_7        0x00005d86        0x0 linker stubs
 *(.vfp11_veneer)
 .vfp11_veneer  0x00005d86        0x0 linker stubs
 *(.bootloader)
 *(.ARM.extab* .gnu.linkonce.armextab.*)
 *(.gcc_except_table)

.v4_bx          0x00005d88        0x0
 .v4_bx         0x00005d88        0x0 linker stubs

.iplt           0x00005d88        0x0
 .iplt          0x00005d88        0x0 c:/program files (x86)/cypress/psoc creator/4.4/psoc creator/import/gnu/arm/5.4.1/bin/../lib/gcc/arm-none-eabi/5.4.1/armv6-m/crtbegin.o

.eh_frame_hdr
 *(.eh_frame_hdr)

.eh_frame       0x00005d88        0x4
 *(.eh_frame)
 .eh_frame      0x00005d88        0x0 c:/program files (x86)/cypress/psoc creator/4.4/psoc creator/import/gnu/arm/5.4.1/bin/../lib/gcc/arm-none-eabi/5.4.1/armv6-m/crtbegin.o
 .eh_frame      0x00005d88        0x4 c:/program files (x86)/cypress/psoc creator/4.4/psoc creator/import/gnu/arm/5.4.1/bin/../lib/gcc/arm-none-eabi/5.4.1/armv6-m/crtend.o
                [!provide]                PROVIDE (__exidx_start, .)

.ARM.exidx
 *(.ARM.exidx* .gnu.linkonce.armexidx.*)
                0x00005d8c                __exidx_end = .

.rodata         0x00005d90      0x370
 *(.rodata .rodata.* .gnu.linkonce.r.*)
 .rodata.str1.4
                0x00005d90       0x1b .\CortexM0p\ARM_GCC_541\Debug\main.o
 *fill*         0x00005dab        0x1 
 .rodata        0x00005dac      0x210 .\CortexM0p\ARM_GCC_541\Debug\cyfitter_cfg.o
 .rodata        0x00005fbc       0x38 .\CortexM0p\ARM_GCC_541\Debug\TJ Temperature Spatial Profile.a(ADC_1_INIT.o)
                0x00005fbc                ADC_1_allConfigs
 .rodata.str1.4
                0x00005ff4        0x5 c:/program files (x86)/cypress/psoc creator/4.4/psoc creator/import/gnu/arm/5.4.1/bin/../lib/gcc/arm-none-eabi/5.4.1/../../../../arm-none-eabi/lib/armv6-m\libm.a(lib_a-w_log.o)
 *fill*         0x00005ff9        0x3 
 .rodata.str1.4
                0x00005ffc        0x4 c:/program files (x86)/cypress/psoc creator/4.4/psoc creator/import/gnu/arm/5.4.1/bin/../lib/gcc/arm-none-eabi/5.4.1/../../../../arm-none-eabi/lib/armv6-m\libm.a(lib_a-w_pow.o)
 .rodata.str1.4
                0x00006000        0x1 c:/program files (x86)/cypress/psoc creator/4.4/psoc creator/import/gnu/arm/5.4.1/bin/../lib/gcc/arm-none-eabi/5.4.1/../../../../arm-none-eabi/lib/armv6-m\libm.a(lib_a-e_pow.o)
 .rodata.TWO52  0x00006000       0x10 c:/program files (x86)/cypress/psoc creator/4.4/psoc creator/import/gnu/arm/5.4.1/bin/../lib/gcc/arm-none-eabi/5.4.1/../../../../arm-none-eabi/lib/armv6-m\libm.a(lib_a-s_rint.o)
 .rodata        0x00006010       0x40 c:/program files (x86)/cypress/psoc creator/4.4/psoc creator/import/gnu/arm/5.4.1/bin/../lib/gcc/arm-none-eabi/5.4.1/armv6-m\libgcc.a(divdf3.o)
 .rodata        0x00006050       0x40 c:/program files (x86)/cypress/psoc creator/4.4/psoc creator/import/gnu/arm/5.4.1/bin/../lib/gcc/arm-none-eabi/5.4.1/armv6-m\libgcc.a(muldf3.o)
 .rodata.str1.1
                0x00006090        0x2 c:/program files (x86)/cypress/psoc creator/4.4/psoc creator/import/gnu/arm/5.4.1/bin/../lib/gcc/arm-none-eabi/5.4.1/../../../../arm-none-eabi/lib/armv6-m\libg_nano.a(lib_a-impure.o)
 .rodata.str1.1
                0x00006092       0x11 c:/program files (x86)/cypress/psoc creator/4.4/psoc creator/import/gnu/arm/5.4.1/bin/../lib/gcc/arm-none-eabi/5.4.1/../../../../arm-none-eabi/lib/armv6-m\libg_nano.a(lib_a-nano-svfprintf.o)
 .rodata.str1.1
                0x000060a3       0x22 c:/program files (x86)/cypress/psoc creator/4.4/psoc creator/import/gnu/arm/5.4.1/bin/../lib/gcc/arm-none-eabi/5.4.1/../../../../arm-none-eabi/lib/armv6-m\libg_nano.a(lib_a-nano-vfprintf_i.o)
                0x000060c8                . = ALIGN (0x4)
 *fill*         0x000060c5        0x3 
 *(.init)
 .init          0x000060c8        0x4 c:/program files (x86)/cypress/psoc creator/4.4/psoc creator/import/gnu/arm/5.4.1/bin/../lib/gcc/arm-none-eabi/5.4.1/armv6-m/crti.o
                0x000060c8                _init
 .init          0x000060cc        0x8 c:/program files (x86)/cypress/psoc creator/4.4/psoc creator/import/gnu/arm/5.4.1/bin/../lib/gcc/arm-none-eabi/5.4.1/armv6-m/crtn.o
                0x000060d4                . = ALIGN (0x4)
                0x000060d4                __preinit_array_start = .
 *(.preinit_array)
                0x000060d4                __preinit_array_end = .
                0x000060d4                . = ALIGN (0x4)
                0x000060d4                __init_array_start = .
 *(SORT(.init_array.*))
 *(.init_array)
 .init_array    0x000060d4        0x4 c:/program files (x86)/cypress/psoc creator/4.4/psoc creator/import/gnu/arm/5.4.1/bin/../lib/gcc/arm-none-eabi/5.4.1/armv6-m/crtbegin.o
 .init_array    0x000060d8        0x4 .\CortexM0p\ARM_GCC_541\Debug\Cm0plusStart.o
                0x000060dc                __init_array_end = .
                0x000060dc                . = ALIGN (0x4)
 *(.fini)
 .fini          0x000060dc        0x4 c:/program files (x86)/cypress/psoc creator/4.4/psoc creator/import/gnu/arm/5.4.1/bin/../lib/gcc/arm-none-eabi/5.4.1/armv6-m/crti.o
                0x000060dc                _fini
 .fini          0x000060e0        0x8 c:/program files (x86)/cypress/psoc creator/4.4/psoc creator/import/gnu/arm/5.4.1/bin/../lib/gcc/arm-none-eabi/5.4.1/armv6-m/crtn.o
                0x000060e8                . = ALIGN (0x4)
                0x000060e8                __fini_array_start = .
 *(.fini_array)
 .fini_array    0x000060e8        0x4 c:/program files (x86)/cypress/psoc creator/4.4/psoc creator/import/gnu/arm/5.4.1/bin/../lib/gcc/arm-none-eabi/5.4.1/armv6-m/crtbegin.o
 *(SORT(.fini_array.*))
                0x000060ec                __fini_array_end = .
                0x000060ec                . = ALIGN (0x4)
 *crtbegin.o(.ctors)
 *(EXCLUDE_FILE(*crtend.o) .ctors)
 *(SORT(.ctors.*))
 *crtend.o(.ctors)
                0x000060ec                . = ALIGN (0x4)
 *crtbegin.o(.dtors)
 *(EXCLUDE_FILE(*crtend.o) .dtors)
 *(SORT(.dtors.*))
 *crtend.o(.dtors)
                0x000060ec                . = ALIGN (0x4)
                0x000060ec                __cy_regions = .
                0x000060ec        0x4 LONG 0x6100 __cy_region_init_ram
                0x000060f0        0x4 LONG 0x200000a8 __cy_region_start_data
                0x000060f4        0x4 LONG 0x88 __cy_region_init_size_ram
                0x000060f8        0x4 LONG 0x130 __cy_region_zero_size_ram
                0x000060fc                __cy_regions_end = .
                0x00006100                . = ALIGN (0x8)
 *fill*         0x000060fc        0x4 
                0x00006100                _etext = .

.cy_checksum_exclude
                0x00006100        0x0
 *(.cy_checksum_exclude)

.ramvectors     0x20000000       0xa4
                0x20000000                __cy_region_start_ram = .
 *(.ramvectors)
 .ramvectors    0x20000000       0xa4 .\CortexM0p\ARM_GCC_541\Debug\Cm0plusStart.o
                0x20000000                CyRamVectors

.noinit
 *(.noinit)

.data           0x200000a8       0x88 load address 0x00006100
                0x200000a8                __cy_region_start_data = .
 *(.jcr)
 .jcr           0x200000a8        0x0 c:/program files (x86)/cypress/psoc creator/4.4/psoc creator/import/gnu/arm/5.4.1/bin/../lib/gcc/arm-none-eabi/5.4.1/armv6-m/crtbegin.o
 .jcr           0x200000a8        0x4 c:/program files (x86)/cypress/psoc creator/4.4/psoc creator/import/gnu/arm/5.4.1/bin/../lib/gcc/arm-none-eabi/5.4.1/armv6-m/crtend.o
 *(.got.plt)
 *(.got)
 *(.shdata)
 *(.data .data.* .gnu.linkonce.d.*)
 .data          0x200000ac        0x4 .\CortexM0p\ARM_GCC_541\Debug\Cm0plusStart.o
 .data          0x200000b0       0x14 .\CortexM0p\ARM_GCC_541\Debug\TJ Temperature Spatial Profile.a(CyLib.o)
                0x200000b0                CySysClkPumpConfig
                0x200000b4                cydelay32kMs
                0x200000b8                cydelayFreqKhz
                0x200000bc                cydelayFreqMhz
                0x200000c0                cydelayFreqHz
 .data          0x200000c4        0x4 .\CortexM0p\ARM_GCC_541\Debug\TJ Temperature Spatial Profile.a(CyLFClk.o)
 .data          0x200000c8        0x1 .\CortexM0p\ARM_GCC_541\Debug\TJ Temperature Spatial Profile.a(AMux_1.o)
 .data.__fdlib_version
                0x200000c9        0x1 c:/program files (x86)/cypress/psoc creator/4.4/psoc creator/import/gnu/arm/5.4.1/bin/../lib/gcc/arm-none-eabi/5.4.1/../../../../arm-none-eabi/lib/armv6-m\libm.a(lib_a-s_lib_ver.o)
                0x200000c9                __fdlib_version
 *fill*         0x200000ca        0x2 
 .data.impure_data
                0x200000cc       0x60 c:/program files (x86)/cypress/psoc creator/4.4/psoc creator/import/gnu/arm/5.4.1/bin/../lib/gcc/arm-none-eabi/5.4.1/../../../../arm-none-eabi/lib/armv6-m\libg_nano.a(lib_a-impure.o)
 .data._impure_ptr
                0x2000012c        0x4 c:/program files (x86)/cypress/psoc creator/4.4/psoc creator/import/gnu/arm/5.4.1/bin/../lib/gcc/arm-none-eabi/5.4.1/../../../../arm-none-eabi/lib/armv6-m\libg_nano.a(lib_a-impure.o)
                0x2000012c                _impure_ptr
                0x20000130                . = ALIGN (0x8)
 *(.ram)
                0x20000130                _edata = .

.igot.plt       0x20000130        0x0 load address 0x00006188
 .igot.plt      0x20000130        0x0 c:/program files (x86)/cypress/psoc creator/4.4/psoc creator/import/gnu/arm/5.4.1/bin/../lib/gcc/arm-none-eabi/5.4.1/armv6-m/crtbegin.o

.bss            0x20000130      0x130 load address 0x00006188
                0x20000130                PROVIDE (__bss_start__, .)
 *(.shbss)
 *(.bss .bss.* .gnu.linkonce.b.*)
 .bss           0x20000130       0x1c c:/program files (x86)/cypress/psoc creator/4.4/psoc creator/import/gnu/arm/5.4.1/bin/../lib/gcc/arm-none-eabi/5.4.1/armv6-m/crtbegin.o
 .bss           0x2000014c       0x80 .\CortexM0p\ARM_GCC_541\Debug\main.o
 .bss           0x200001cc       0x18 .\CortexM0p\ARM_GCC_541\Debug\TJ Temperature Spatial Profile.a(CyLFClk.o)
 .bss           0x200001e4        0x1 .\CortexM0p\ARM_GCC_541\Debug\TJ Temperature Spatial Profile.a(PVref_1.o)
                0x200001e4                PVref_1_initVar
 *fill*         0x200001e5        0x3 
 .bss           0x200001e8        0x5 .\CortexM0p\ARM_GCC_541\Debug\TJ Temperature Spatial Profile.a(Opamp_1.o)
                0x200001ec                Opamp_1_initVar
 *fill*         0x200001ed        0x3 
 .bss           0x200001f0        0x6 .\CortexM0p\ARM_GCC_541\Debug\TJ Temperature Spatial Profile.a(ADC_1.o)
                0x200001f4                ADC_1_initVar
                0x200001f5                ADC_1_selected
 *fill*         0x200001f6        0x2 
 .bss           0x200001f8        0x8 .\CortexM0p\ARM_GCC_541\Debug\TJ Temperature Spatial Profile.a(I2C_1.o)
                0x200001f8                I2C_1_initVar
                0x200001fc                I2C_1_customIntrHandler
 .bss           0x20000200        0x4 .\CortexM0p\ARM_GCC_541\Debug\TJ Temperature Spatial Profile.a(UART_1.o)
                0x20000200                UART_1_initVar
                0x20000202                UART_1_IntrTxMask
 .bss           0x20000204        0x5 .\CortexM0p\ARM_GCC_541\Debug\TJ Temperature Spatial Profile.a(Opamp_2.o)
                0x20000208                Opamp_2_initVar
 *fill*         0x20000209        0x3 
 .bss           0x2000020c        0x5 .\CortexM0p\ARM_GCC_541\Debug\TJ Temperature Spatial Profile.a(Opamp_3.o)
                0x20000210                Opamp_3_initVar
 *fill*         0x20000211        0x3 
 .bss.__malloc_sbrk_start
                0x20000214        0x4 c:/program files (x86)/cypress/psoc creator/4.4/psoc creator/import/gnu/arm/5.4.1/bin/../lib/gcc/arm-none-eabi/5.4.1/../../../../arm-none-eabi/lib/armv6-m\libg_nano.a(lib_a-nano-mallocr.o)
                0x20000214                __malloc_sbrk_start
 .bss.__malloc_free_list
                0x20000218        0x4 c:/program files (x86)/cypress/psoc creator/4.4/psoc creator/import/gnu/arm/5.4.1/bin/../lib/gcc/arm-none-eabi/5.4.1/../../../../arm-none-eabi/lib/armv6-m\libg_nano.a(lib_a-nano-mallocr.o)
                0x20000218                __malloc_free_list
 *(COMMON)
 COMMON         0x2000021c       0x10 .\CortexM0p\ARM_GCC_541\Debug\main.o
                0x2000021c                string
 COMMON         0x2000022c        0x8 .\CortexM0p\ARM_GCC_541\Debug\TJ Temperature Spatial Profile.a(ADC_1.o)
                0x2000022c                ADC_1_offset
                0x20000230                ADC_1_countsPer10Volt
 COMMON         0x20000234        0x1 .\CortexM0p\ARM_GCC_541\Debug\TJ Temperature Spatial Profile.a(I2C_1_I2C.o)
                0x20000234                I2C_1_state
 *fill*         0x20000235        0x3 
 COMMON         0x20000238       0x20 .\CortexM0p\ARM_GCC_541\Debug\TJ Temperature Spatial Profile.a(I2C_1_I2C_SLAVE.o)
                0x20000238                I2C_1_slRdBufIndex
                0x2000023c                I2C_1_slOverFlowCount
                0x2000023d                I2C_1_slStatus
                0x20000240                I2C_1_slWrBufSize
                0x20000244                I2C_1_slRdBufPtr
                0x20000248                I2C_1_slRdBufIndexTmp
                0x2000024c                I2C_1_slWrBufIndex
                0x20000250                I2C_1_slWrBufPtr
                0x20000254                I2C_1_slRdBufSize
 COMMON         0x20000258        0x4 c:/program files (x86)/cypress/psoc creator/4.4/psoc creator/import/gnu/arm/5.4.1/bin/../lib/gcc/arm-none-eabi/5.4.1/../../../../arm-none-eabi/lib/armv6-m\libg_nano.a(lib_a-reent.o)
                0x20000258                errno
                0x20000260                . = ALIGN (0x8)
 *fill*         0x2000025c        0x4 
 *(.ram.b)
                0x20000260                _end = .
                0x20000260                __end = .
                0x20000260                PROVIDE (end, .)
                0x20000260                PROVIDE (__bss_end__, .)
                0x00006100                __cy_region_init_ram = LOADADDR (.data)
                0x00000088                __cy_region_init_size_ram = (_edata - ADDR (.data))
                0x00000130                __cy_region_zero_size_ram = (_end - _edata)

.heap           0x20000260       0x80 load address 0x00006188
                0x20000260                . = _end
                0x200002e0                . = (. + 0x80)
 *fill*         0x20000260       0x80 
                0x200002e0                __cy_heap_limit = .

.stack          0x20000c00      0x400
                0x20000c00                __cy_stack_limit = .
                0x20001000                . = (. + 0x400)
 *fill*         0x20000c00      0x400 
                0x00000001                ASSERT ((__cy_stack_limit >= __cy_heap_limit), region RAM overflowed with stack)
                0x00000000                cy_checksum_exclude_size = (CY_APPL_LOADABLE == 0x1)?SIZEOF (.cy_checksum_exclude):0x0
                0x00000001                ASSERT ((cy_checksum_exclude_size <= CY_CHECKSUM_EXCLUDE_SIZE), CY_BOOT: Section .cy_checksum_exclude size exceedes specified limit.)
                0x00007fc0                cyloadermeta_start = (cy_project_type_bootloader || cy_project_type_app_for_stack_and_copier)?(LENGTH (rom) - CY_METADATA_SIZE):0xf0000000

.cyloadermeta
 *(.cyloadermeta)
                0x00007fc0                cyloadablemeta_start = cy_project_type_app_for_stack_and_copier?((LENGTH (rom) - CY_FLASH_ROW_SIZE) - CY_METADATA_SIZE):((LENGTH (rom) - (CY_FLASH_ROW_SIZE * (CY_APPL_NUM - 0x1))) - CY_METADATA_SIZE)

.cyloadablemeta
 *(.cyloadablemeta)

.cyflashprotect
                0x90400000       0x20
 *(.cyflashprotect)
 .cyflashprotect
                0x90400000       0x20 .\CortexM0p\ARM_GCC_541\Debug\cymetadata.o
                0x90400000                cy_meta_flashprotect

.cymeta         0x90500000        0xc
 *(.cymeta)
 .cymeta        0x90500000        0xc .\CortexM0p\ARM_GCC_541\Debug\cymetadata.o
                0x90500000                cy_metadata

.cychipprotect  0x90600000        0x1
 *(.cychipprotect)
 .cychipprotect
                0x90600000        0x1 .\CortexM0p\ARM_GCC_541\Debug\cymetadata.o
                0x90600000                cy_meta_chipprotect

.rel.dyn        0x00006188        0x0 load address 0x90600004
 .rel.iplt      0x00006188        0x0 c:/program files (x86)/cypress/psoc creator/4.4/psoc creator/import/gnu/arm/5.4.1/bin/../lib/gcc/arm-none-eabi/5.4.1/armv6-m/crtbegin.o

.stab
 *(.stab)

.stabstr
 *(.stabstr)

.debug
 *(.debug)

.line
 *(.line)

.debug_srcinfo
 *(.debug_srcinfo)

.debug_sfnames
 *(.debug_sfnames)

.debug_aranges  0x00000000      0xb08
 *(.debug_aranges)
 .debug_aranges
                0x00000000       0x28 .\CortexM0p\ARM_GCC_541\Debug\main.o
 .debug_aranges
                0x00000028       0x58 .\CortexM0p\ARM_GCC_541\Debug\cyfitter_cfg.o
 .debug_aranges
                0x00000080       0x18 .\CortexM0p\ARM_GCC_541\Debug\cymetadata.o
 .debug_aranges
                0x00000098       0x48 .\CortexM0p\ARM_GCC_541\Debug\Cm0plusStart.o
 .debug_aranges
                0x000000e0      0x1f8 .\CortexM0p\ARM_GCC_541\Debug\TJ Temperature Spatial Profile.a(CyLib.o)
 .debug_aranges
                0x000002d8      0x1a8 .\CortexM0p\ARM_GCC_541\Debug\TJ Temperature Spatial Profile.a(CyLFClk.o)
 .debug_aranges
                0x00000480       0x40 .\CortexM0p\ARM_GCC_541\Debug\TJ Temperature Spatial Profile.a(AMux_1.o)
 .debug_aranges
                0x000004c0       0x48 .\CortexM0p\ARM_GCC_541\Debug\TJ Temperature Spatial Profile.a(PVref_1.o)
 .debug_aranges
                0x00000508       0x48 .\CortexM0p\ARM_GCC_541\Debug\TJ Temperature Spatial Profile.a(Opamp_1.o)
 .debug_aranges
                0x00000550       0xf0 .\CortexM0p\ARM_GCC_541\Debug\TJ Temperature Spatial Profile.a(ADC_1.o)
 .debug_aranges
                0x00000640       0x18 .\CortexM0p\ARM_GCC_541\Debug\TJ Temperature Spatial Profile.a(ADC_1_INIT.o)
 .debug_aranges
                0x00000658       0x20 .\CortexM0p\ARM_GCC_541\Debug\TJ Temperature Spatial Profile.a(ADC_1_INT.o)
 .debug_aranges
                0x00000678       0x40 .\CortexM0p\ARM_GCC_541\Debug\TJ Temperature Spatial Profile.a(ADC_1_intSarClock.o)
 .debug_aranges
                0x000006b8       0x80 .\CortexM0p\ARM_GCC_541\Debug\TJ Temperature Spatial Profile.a(ADC_1_IRQ.o)
 .debug_aranges
                0x00000738       0x60 .\CortexM0p\ARM_GCC_541\Debug\TJ Temperature Spatial Profile.a(I2C_1.o)
 .debug_aranges
                0x00000798       0x30 .\CortexM0p\ARM_GCC_541\Debug\TJ Temperature Spatial Profile.a(I2C_1_I2C.o)
 .debug_aranges
                0x000007c8       0x70 .\CortexM0p\ARM_GCC_541\Debug\TJ Temperature Spatial Profile.a(I2C_1_I2C_SLAVE.o)
 .debug_aranges
                0x00000838       0x58 .\CortexM0p\ARM_GCC_541\Debug\TJ Temperature Spatial Profile.a(UART_1.o)
 .debug_aranges
                0x00000890       0x90 .\CortexM0p\ARM_GCC_541\Debug\TJ Temperature Spatial Profile.a(UART_1_UART.o)
 .debug_aranges
                0x00000920       0x28 .\CortexM0p\ARM_GCC_541\Debug\TJ Temperature Spatial Profile.a(Thermistor_1.o)
 .debug_aranges
                0x00000948       0x48 .\CortexM0p\ARM_GCC_541\Debug\TJ Temperature Spatial Profile.a(Opamp_2.o)
 .debug_aranges
                0x00000990       0x48 .\CortexM0p\ARM_GCC_541\Debug\TJ Temperature Spatial Profile.a(Opamp_3.o)
 .debug_aranges
                0x000009d8       0x48 .\CortexM0p\ARM_GCC_541\Debug\TJ Temperature Spatial Profile.a(LED.o)
 .debug_aranges
                0x00000a20       0x20 .\CortexM0p\ARM_GCC_541\Debug\TJ Temperature Spatial Profile.a(CyBootAsmGnu.o)
 .debug_aranges
                0x00000a40       0x48 .\CortexM0p\ARM_GCC_541\Debug\TJ Temperature Spatial Profile.a(CyFlash.o)
 .debug_aranges
                0x00000a88       0x20 .\CortexM0p\ARM_GCC_541\Debug\TJ Temperature Spatial Profile.a(I2C_1_I2C_INT.o)
 .debug_aranges
                0x00000aa8       0x60 .\CortexM0p\ARM_GCC_541\Debug\TJ Temperature Spatial Profile.a(UART_1_SPI_UART.o)

.debug_pubnames
 *(.debug_pubnames)

.debug_info     0x00000000     0x5a37
 *(.debug_info .gnu.linkonce.wi.*)
 .debug_info    0x00000000      0x598 .\CortexM0p\ARM_GCC_541\Debug\main.o
 .debug_info    0x00000598      0x261 .\CortexM0p\ARM_GCC_541\Debug\cyfitter_cfg.o
 .debug_info    0x000007f9       0xf8 .\CortexM0p\ARM_GCC_541\Debug\cymetadata.o
 .debug_info    0x000008f1      0x3a5 .\CortexM0p\ARM_GCC_541\Debug\Cm0plusStart.o
 .debug_info    0x00000c96      0xe0e .\CortexM0p\ARM_GCC_541\Debug\TJ Temperature Spatial Profile.a(CyLib.o)
 .debug_info    0x00001aa4      0xd06 .\CortexM0p\ARM_GCC_541\Debug\TJ Temperature Spatial Profile.a(CyLFClk.o)
 .debug_info    0x000027aa      0x235 .\CortexM0p\ARM_GCC_541\Debug\TJ Temperature Spatial Profile.a(AMux_1.o)
 .debug_info    0x000029df      0x15e .\CortexM0p\ARM_GCC_541\Debug\TJ Temperature Spatial Profile.a(PVref_1.o)
 .debug_info    0x00002b3d      0x17c .\CortexM0p\ARM_GCC_541\Debug\TJ Temperature Spatial Profile.a(Opamp_1.o)
 .debug_info    0x00002cb9      0xa55 .\CortexM0p\ARM_GCC_541\Debug\TJ Temperature Spatial Profile.a(ADC_1.o)
 .debug_info    0x0000370e      0x192 .\CortexM0p\ARM_GCC_541\Debug\TJ Temperature Spatial Profile.a(ADC_1_INIT.o)
 .debug_info    0x000038a0       0xcb .\CortexM0p\ARM_GCC_541\Debug\TJ Temperature Spatial Profile.a(ADC_1_INT.o)
 .debug_info    0x0000396b      0x166 .\CortexM0p\ARM_GCC_541\Debug\TJ Temperature Spatial Profile.a(ADC_1_intSarClock.o)
 .debug_info    0x00003ad1      0x305 .\CortexM0p\ARM_GCC_541\Debug\TJ Temperature Spatial Profile.a(ADC_1_IRQ.o)
 .debug_info    0x00003dd6      0x298 .\CortexM0p\ARM_GCC_541\Debug\TJ Temperature Spatial Profile.a(I2C_1.o)
 .debug_info    0x0000406e      0x18f .\CortexM0p\ARM_GCC_541\Debug\TJ Temperature Spatial Profile.a(I2C_1_I2C.o)
 .debug_info    0x000041fd      0x38d .\CortexM0p\ARM_GCC_541\Debug\TJ Temperature Spatial Profile.a(I2C_1_I2C_SLAVE.o)
 .debug_info    0x0000458a      0x23a .\CortexM0p\ARM_GCC_541\Debug\TJ Temperature Spatial Profile.a(UART_1.o)
 .debug_info    0x000047c4      0x3b5 .\CortexM0p\ARM_GCC_541\Debug\TJ Temperature Spatial Profile.a(UART_1_UART.o)
 .debug_info    0x00004b79      0x1a9 .\CortexM0p\ARM_GCC_541\Debug\TJ Temperature Spatial Profile.a(Thermistor_1.o)
 .debug_info    0x00004d22      0x17c .\CortexM0p\ARM_GCC_541\Debug\TJ Temperature Spatial Profile.a(Opamp_2.o)
 .debug_info    0x00004e9e      0x17c .\CortexM0p\ARM_GCC_541\Debug\TJ Temperature Spatial Profile.a(Opamp_3.o)
 .debug_info    0x0000501a      0x19d .\CortexM0p\ARM_GCC_541\Debug\TJ Temperature Spatial Profile.a(LED.o)
 .debug_info    0x000051b7       0xb2 .\CortexM0p\ARM_GCC_541\Debug\TJ Temperature Spatial Profile.a(CyBootAsmGnu.o)
 .debug_info    0x00005269      0x417 .\CortexM0p\ARM_GCC_541\Debug\TJ Temperature Spatial Profile.a(CyFlash.o)
 .debug_info    0x00005680      0x197 .\CortexM0p\ARM_GCC_541\Debug\TJ Temperature Spatial Profile.a(I2C_1_I2C_INT.o)
 .debug_info    0x00005817      0x220 .\CortexM0p\ARM_GCC_541\Debug\TJ Temperature Spatial Profile.a(UART_1_SPI_UART.o)

.debug_abbrev   0x00000000     0x1b94
 *(.debug_abbrev)
 .debug_abbrev  0x00000000      0x12f .\CortexM0p\ARM_GCC_541\Debug\main.o
 .debug_abbrev  0x0000012f       0xdd .\CortexM0p\ARM_GCC_541\Debug\cyfitter_cfg.o
 .debug_abbrev  0x0000020c       0x5d .\CortexM0p\ARM_GCC_541\Debug\cymetadata.o
 .debug_abbrev  0x00000269      0x1d0 .\CortexM0p\ARM_GCC_541\Debug\Cm0plusStart.o
 .debug_abbrev  0x00000439      0x1f5 .\CortexM0p\ARM_GCC_541\Debug\TJ Temperature Spatial Profile.a(CyLib.o)
 .debug_abbrev  0x0000062e      0x207 .\CortexM0p\ARM_GCC_541\Debug\TJ Temperature Spatial Profile.a(CyLFClk.o)
 .debug_abbrev  0x00000835       0xbe .\CortexM0p\ARM_GCC_541\Debug\TJ Temperature Spatial Profile.a(AMux_1.o)
 .debug_abbrev  0x000008f3       0xaa .\CortexM0p\ARM_GCC_541\Debug\TJ Temperature Spatial Profile.a(PVref_1.o)
 .debug_abbrev  0x0000099d       0xc8 .\CortexM0p\ARM_GCC_541\Debug\TJ Temperature Spatial Profile.a(Opamp_1.o)
 .debug_abbrev  0x00000a65      0x21e .\CortexM0p\ARM_GCC_541\Debug\TJ Temperature Spatial Profile.a(ADC_1.o)
 .debug_abbrev  0x00000c83       0x86 .\CortexM0p\ARM_GCC_541\Debug\TJ Temperature Spatial Profile.a(ADC_1_INIT.o)
 .debug_abbrev  0x00000d09       0x65 .\CortexM0p\ARM_GCC_541\Debug\TJ Temperature Spatial Profile.a(ADC_1_INT.o)
 .debug_abbrev  0x00000d6e       0xb7 .\CortexM0p\ARM_GCC_541\Debug\TJ Temperature Spatial Profile.a(ADC_1_intSarClock.o)
 .debug_abbrev  0x00000e25      0x19a .\CortexM0p\ARM_GCC_541\Debug\TJ Temperature Spatial Profile.a(ADC_1_IRQ.o)
 .debug_abbrev  0x00000fbf      0x118 .\CortexM0p\ARM_GCC_541\Debug\TJ Temperature Spatial Profile.a(I2C_1.o)
 .debug_abbrev  0x000010d7       0xc7 .\CortexM0p\ARM_GCC_541\Debug\TJ Temperature Spatial Profile.a(I2C_1_I2C.o)
 .debug_abbrev  0x0000119e      0x156 .\CortexM0p\ARM_GCC_541\Debug\TJ Temperature Spatial Profile.a(I2C_1_I2C_SLAVE.o)
 .debug_abbrev  0x000012f4       0xd5 .\CortexM0p\ARM_GCC_541\Debug\TJ Temperature Spatial Profile.a(UART_1.o)
 .debug_abbrev  0x000013c9      0x132 .\CortexM0p\ARM_GCC_541\Debug\TJ Temperature Spatial Profile.a(UART_1_UART.o)
 .debug_abbrev  0x000014fb       0x9c .\CortexM0p\ARM_GCC_541\Debug\TJ Temperature Spatial Profile.a(Thermistor_1.o)
 .debug_abbrev  0x00001597       0xc8 .\CortexM0p\ARM_GCC_541\Debug\TJ Temperature Spatial Profile.a(Opamp_2.o)
 .debug_abbrev  0x0000165f       0xc8 .\CortexM0p\ARM_GCC_541\Debug\TJ Temperature Spatial Profile.a(Opamp_3.o)
 .debug_abbrev  0x00001727       0xc8 .\CortexM0p\ARM_GCC_541\Debug\TJ Temperature Spatial Profile.a(LED.o)
 .debug_abbrev  0x000017ef       0x14 .\CortexM0p\ARM_GCC_541\Debug\TJ Temperature Spatial Profile.a(CyBootAsmGnu.o)
 .debug_abbrev  0x00001803      0x19e .\CortexM0p\ARM_GCC_541\Debug\TJ Temperature Spatial Profile.a(CyFlash.o)
 .debug_abbrev  0x000019a1       0xa4 .\CortexM0p\ARM_GCC_541\Debug\TJ Temperature Spatial Profile.a(I2C_1_I2C_INT.o)
 .debug_abbrev  0x00001a45      0x14f .\CortexM0p\ARM_GCC_541\Debug\TJ Temperature Spatial Profile.a(UART_1_SPI_UART.o)

.debug_line     0x00000000     0x29f8
 *(.debug_line)
 .debug_line    0x00000000      0x1f5 .\CortexM0p\ARM_GCC_541\Debug\main.o
 .debug_line    0x000001f5      0x22a .\CortexM0p\ARM_GCC_541\Debug\cyfitter_cfg.o
 .debug_line    0x0000041f      0x141 .\CortexM0p\ARM_GCC_541\Debug\cymetadata.o
 .debug_line    0x00000560      0x247 .\CortexM0p\ARM_GCC_541\Debug\Cm0plusStart.o
 .debug_line    0x000007a7      0x5df .\CortexM0p\ARM_GCC_541\Debug\TJ Temperature Spatial Profile.a(CyLib.o)
 .debug_line    0x00000d86      0x5c1 .\CortexM0p\ARM_GCC_541\Debug\TJ Temperature Spatial Profile.a(CyLFClk.o)
 .debug_line    0x00001347       0xdb .\CortexM0p\ARM_GCC_541\Debug\TJ Temperature Spatial Profile.a(AMux_1.o)
 .debug_line    0x00001422       0xc1 .\CortexM0p\ARM_GCC_541\Debug\TJ Temperature Spatial Profile.a(PVref_1.o)
 .debug_line    0x000014e3       0xc3 .\CortexM0p\ARM_GCC_541\Debug\TJ Temperature Spatial Profile.a(Opamp_1.o)
 .debug_line    0x000015a6      0x3af .\CortexM0p\ARM_GCC_541\Debug\TJ Temperature Spatial Profile.a(ADC_1.o)
 .debug_line    0x00001955       0x5c .\CortexM0p\ARM_GCC_541\Debug\TJ Temperature Spatial Profile.a(ADC_1_INIT.o)
 .debug_line    0x000019b1       0x64 .\CortexM0p\ARM_GCC_541\Debug\TJ Temperature Spatial Profile.a(ADC_1_INT.o)
 .debug_line    0x00001a15       0xc4 .\CortexM0p\ARM_GCC_541\Debug\TJ Temperature Spatial Profile.a(ADC_1_intSarClock.o)
 .debug_line    0x00001ad9      0x155 .\CortexM0p\ARM_GCC_541\Debug\TJ Temperature Spatial Profile.a(ADC_1_IRQ.o)
 .debug_line    0x00001c2e      0x128 .\CortexM0p\ARM_GCC_541\Debug\TJ Temperature Spatial Profile.a(I2C_1.o)
 .debug_line    0x00001d56       0xc7 .\CortexM0p\ARM_GCC_541\Debug\TJ Temperature Spatial Profile.a(I2C_1_I2C.o)
 .debug_line    0x00001e1d      0x13e .\CortexM0p\ARM_GCC_541\Debug\TJ Temperature Spatial Profile.a(I2C_1_I2C_SLAVE.o)
 .debug_line    0x00001f5b      0x10c .\CortexM0p\ARM_GCC_541\Debug\TJ Temperature Spatial Profile.a(UART_1.o)
 .debug_line    0x00002067      0x1cf .\CortexM0p\ARM_GCC_541\Debug\TJ Temperature Spatial Profile.a(UART_1_UART.o)
 .debug_line    0x00002236       0xf8 .\CortexM0p\ARM_GCC_541\Debug\TJ Temperature Spatial Profile.a(Thermistor_1.o)
 .debug_line    0x0000232e       0xc3 .\CortexM0p\ARM_GCC_541\Debug\TJ Temperature Spatial Profile.a(Opamp_2.o)
 .debug_line    0x000023f1       0xc3 .\CortexM0p\ARM_GCC_541\Debug\TJ Temperature Spatial Profile.a(Opamp_3.o)
 .debug_line    0x000024b4       0xbb .\CortexM0p\ARM_GCC_541\Debug\TJ Temperature Spatial Profile.a(LED.o)
 .debug_line    0x0000256f       0x68 .\CortexM0p\ARM_GCC_541\Debug\TJ Temperature Spatial Profile.a(CyBootAsmGnu.o)
 .debug_line    0x000025d7      0x1e1 .\CortexM0p\ARM_GCC_541\Debug\TJ Temperature Spatial Profile.a(CyFlash.o)
 .debug_line    0x000027b8      0x124 .\CortexM0p\ARM_GCC_541\Debug\TJ Temperature Spatial Profile.a(I2C_1_I2C_INT.o)
 .debug_line    0x000028dc      0x11c .\CortexM0p\ARM_GCC_541\Debug\TJ Temperature Spatial Profile.a(UART_1_SPI_UART.o)

.debug_frame    0x00000000     0x2250
 *(.debug_frame)
 .debug_frame   0x00000000       0x48 .\CortexM0p\ARM_GCC_541\Debug\main.o
 .debug_frame   0x00000048       0xb4 .\CortexM0p\ARM_GCC_541\Debug\cyfitter_cfg.o
 .debug_frame   0x000000fc       0xbc .\CortexM0p\ARM_GCC_541\Debug\Cm0plusStart.o
 .debug_frame   0x000001b8      0x500 .\CortexM0p\ARM_GCC_541\Debug\TJ Temperature Spatial Profile.a(CyLib.o)
 .debug_frame   0x000006b8      0x484 .\CortexM0p\ARM_GCC_541\Debug\TJ Temperature Spatial Profile.a(CyLFClk.o)
 .debug_frame   0x00000b3c       0x9c .\CortexM0p\ARM_GCC_541\Debug\TJ Temperature Spatial Profile.a(AMux_1.o)
 .debug_frame   0x00000bd8       0x7c .\CortexM0p\ARM_GCC_541\Debug\TJ Temperature Spatial Profile.a(PVref_1.o)
 .debug_frame   0x00000c54       0x7c .\CortexM0p\ARM_GCC_541\Debug\TJ Temperature Spatial Profile.a(Opamp_1.o)
 .debug_frame   0x00000cd0      0x2a0 .\CortexM0p\ARM_GCC_541\Debug\TJ Temperature Spatial Profile.a(ADC_1.o)
 .debug_frame   0x00000f70       0x20 .\CortexM0p\ARM_GCC_541\Debug\TJ Temperature Spatial Profile.a(ADC_1_INT.o)
 .debug_frame   0x00000f90       0x6c .\CortexM0p\ARM_GCC_541\Debug\TJ Temperature Spatial Profile.a(ADC_1_intSarClock.o)
 .debug_frame   0x00000ffc      0x110 .\CortexM0p\ARM_GCC_541\Debug\TJ Temperature Spatial Profile.a(ADC_1_IRQ.o)
 .debug_frame   0x0000110c       0xe8 .\CortexM0p\ARM_GCC_541\Debug\TJ Temperature Spatial Profile.a(I2C_1.o)
 .debug_frame   0x000011f4       0x58 .\CortexM0p\ARM_GCC_541\Debug\TJ Temperature Spatial Profile.a(I2C_1_I2C.o)
 .debug_frame   0x0000124c       0xf8 .\CortexM0p\ARM_GCC_541\Debug\TJ Temperature Spatial Profile.a(I2C_1_I2C_SLAVE.o)
 .debug_frame   0x00001344       0xd8 .\CortexM0p\ARM_GCC_541\Debug\TJ Temperature Spatial Profile.a(UART_1.o)
 .debug_frame   0x0000141c      0x144 .\CortexM0p\ARM_GCC_541\Debug\TJ Temperature Spatial Profile.a(UART_1_UART.o)
 .debug_frame   0x00001560       0x54 .\CortexM0p\ARM_GCC_541\Debug\TJ Temperature Spatial Profile.a(Thermistor_1.o)
 .debug_frame   0x000015b4       0x7c .\CortexM0p\ARM_GCC_541\Debug\TJ Temperature Spatial Profile.a(Opamp_2.o)
 .debug_frame   0x00001630       0x7c .\CortexM0p\ARM_GCC_541\Debug\TJ Temperature Spatial Profile.a(Opamp_3.o)
 .debug_frame   0x000016ac       0x70 .\CortexM0p\ARM_GCC_541\Debug\TJ Temperature Spatial Profile.a(LED.o)
 .debug_frame   0x0000171c       0xa8 .\CortexM0p\ARM_GCC_541\Debug\TJ Temperature Spatial Profile.a(CyFlash.o)
 .debug_frame   0x000017c4       0x2c .\CortexM0p\ARM_GCC_541\Debug\TJ Temperature Spatial Profile.a(I2C_1_I2C_INT.o)
 .debug_frame   0x000017f0       0xb0 .\CortexM0p\ARM_GCC_541\Debug\TJ Temperature Spatial Profile.a(UART_1_SPI_UART.o)
 .debug_frame   0x000018a0       0x38 c:/program files (x86)/cypress/psoc creator/4.4/psoc creator/import/gnu/arm/5.4.1/bin/../lib/gcc/arm-none-eabi/5.4.1/../../../../arm-none-eabi/lib/armv6-m\libm.a(lib_a-w_log.o)
 .debug_frame   0x000018d8       0x3c c:/program files (x86)/cypress/psoc creator/4.4/psoc creator/import/gnu/arm/5.4.1/bin/../lib/gcc/arm-none-eabi/5.4.1/../../../../arm-none-eabi/lib/armv6-m\libm.a(lib_a-w_pow.o)
 .debug_frame   0x00001914       0x3c c:/program files (x86)/cypress/psoc creator/4.4/psoc creator/import/gnu/arm/5.4.1/bin/../lib/gcc/arm-none-eabi/5.4.1/../../../../arm-none-eabi/lib/armv6-m\libm.a(lib_a-e_log.o)
 .debug_frame   0x00001950       0x3c c:/program files (x86)/cypress/psoc creator/4.4/psoc creator/import/gnu/arm/5.4.1/bin/../lib/gcc/arm-none-eabi/5.4.1/../../../../arm-none-eabi/lib/armv6-m\libm.a(lib_a-e_pow.o)
 .debug_frame   0x0000198c       0x3c c:/program files (x86)/cypress/psoc creator/4.4/psoc creator/import/gnu/arm/5.4.1/bin/../lib/gcc/arm-none-eabi/5.4.1/../../../../arm-none-eabi/lib/armv6-m\libm.a(lib_a-e_sqrt.o)
 .debug_frame   0x000019c8       0x20 c:/program files (x86)/cypress/psoc creator/4.4/psoc creator/import/gnu/arm/5.4.1/bin/../lib/gcc/arm-none-eabi/5.4.1/../../../../arm-none-eabi/lib/armv6-m\libm.a(lib_a-s_fabs.o)
 .debug_frame   0x000019e8       0x20 c:/program files (x86)/cypress/psoc creator/4.4/psoc creator/import/gnu/arm/5.4.1/bin/../lib/gcc/arm-none-eabi/5.4.1/../../../../arm-none-eabi/lib/armv6-m\libm.a(lib_a-s_finite.o)
 .debug_frame   0x00001a08       0x20 c:/program files (x86)/cypress/psoc creator/4.4/psoc creator/import/gnu/arm/5.4.1/bin/../lib/gcc/arm-none-eabi/5.4.1/../../../../arm-none-eabi/lib/armv6-m\libm.a(lib_a-s_matherr.o)
 .debug_frame   0x00001a28       0x20 c:/program files (x86)/cypress/psoc creator/4.4/psoc creator/import/gnu/arm/5.4.1/bin/../lib/gcc/arm-none-eabi/5.4.1/../../../../arm-none-eabi/lib/armv6-m\libm.a(lib_a-s_nan.o)
 .debug_frame   0x00001a48       0x38 c:/program files (x86)/cypress/psoc creator/4.4/psoc creator/import/gnu/arm/5.4.1/bin/../lib/gcc/arm-none-eabi/5.4.1/../../../../arm-none-eabi/lib/armv6-m\libm.a(lib_a-s_rint.o)
 .debug_frame   0x00001a80       0x2c c:/program files (x86)/cypress/psoc creator/4.4/psoc creator/import/gnu/arm/5.4.1/bin/../lib/gcc/arm-none-eabi/5.4.1/../../../../arm-none-eabi/lib/armv6-m\libm.a(lib_a-s_scalbn.o)
 .debug_frame   0x00001aac       0x2c c:/program files (x86)/cypress/psoc creator/4.4/psoc creator/import/gnu/arm/5.4.1/bin/../lib/gcc/arm-none-eabi/5.4.1/../../../../arm-none-eabi/lib/armv6-m\libm.a(lib_a-s_copysign.o)
 .debug_frame   0x00001ad8       0x20 c:/program files (x86)/cypress/psoc creator/4.4/psoc creator/import/gnu/arm/5.4.1/bin/../lib/gcc/arm-none-eabi/5.4.1/armv6-m\libgcc.a(_udivsi3.o)
 .debug_frame   0x00001af8       0x20 c:/program files (x86)/cypress/psoc creator/4.4/psoc creator/import/gnu/arm/5.4.1/bin/../lib/gcc/arm-none-eabi/5.4.1/armv6-m\libgcc.a(_divsi3.o)
 .debug_frame   0x00001b18       0x34 c:/program files (x86)/cypress/psoc creator/4.4/psoc creator/import/gnu/arm/5.4.1/bin/../lib/gcc/arm-none-eabi/5.4.1/armv6-m\libgcc.a(_muldi3.o)
 .debug_frame   0x00001b4c       0x30 c:/program files (x86)/cypress/psoc creator/4.4/psoc creator/import/gnu/arm/5.4.1/bin/../lib/gcc/arm-none-eabi/5.4.1/armv6-m\libgcc.a(bpabi.o)
 .debug_frame   0x00001b7c       0x3c c:/program files (x86)/cypress/psoc creator/4.4/psoc creator/import/gnu/arm/5.4.1/bin/../lib/gcc/arm-none-eabi/5.4.1/armv6-m\libgcc.a(divsf3.o)
 .debug_frame   0x00001bb8       0x38 c:/program files (x86)/cypress/psoc creator/4.4/psoc creator/import/gnu/arm/5.4.1/bin/../lib/gcc/arm-none-eabi/5.4.1/armv6-m\libgcc.a(mulsf3.o)
 .debug_frame   0x00001bf0       0x20 c:/program files (x86)/cypress/psoc creator/4.4/psoc creator/import/gnu/arm/5.4.1/bin/../lib/gcc/arm-none-eabi/5.4.1/armv6-m\libgcc.a(fixsfsi.o)
 .debug_frame   0x00001c10       0x2c c:/program files (x86)/cypress/psoc creator/4.4/psoc creator/import/gnu/arm/5.4.1/bin/../lib/gcc/arm-none-eabi/5.4.1/armv6-m\libgcc.a(floatsisf.o)
 .debug_frame   0x00001c3c       0x3c c:/program files (x86)/cypress/psoc creator/4.4/psoc creator/import/gnu/arm/5.4.1/bin/../lib/gcc/arm-none-eabi/5.4.1/armv6-m\libgcc.a(adddf3.o)
 .debug_frame   0x00001c78       0x3c c:/program files (x86)/cypress/psoc creator/4.4/psoc creator/import/gnu/arm/5.4.1/bin/../lib/gcc/arm-none-eabi/5.4.1/armv6-m\libgcc.a(divdf3.o)
 .debug_frame   0x00001cb4       0x38 c:/program files (x86)/cypress/psoc creator/4.4/psoc creator/import/gnu/arm/5.4.1/bin/../lib/gcc/arm-none-eabi/5.4.1/armv6-m\libgcc.a(eqdf2.o)
 .debug_frame   0x00001cec       0x38 c:/program files (x86)/cypress/psoc creator/4.4/psoc creator/import/gnu/arm/5.4.1/bin/../lib/gcc/arm-none-eabi/5.4.1/armv6-m\libgcc.a(gedf2.o)
 .debug_frame   0x00001d24       0x38 c:/program files (x86)/cypress/psoc creator/4.4/psoc creator/import/gnu/arm/5.4.1/bin/../lib/gcc/arm-none-eabi/5.4.1/armv6-m\libgcc.a(ledf2.o)
 .debug_frame   0x00001d5c       0x3c c:/program files (x86)/cypress/psoc creator/4.4/psoc creator/import/gnu/arm/5.4.1/bin/../lib/gcc/arm-none-eabi/5.4.1/armv6-m\libgcc.a(muldf3.o)
 .debug_frame   0x00001d98       0x38 c:/program files (x86)/cypress/psoc creator/4.4/psoc creator/import/gnu/arm/5.4.1/bin/../lib/gcc/arm-none-eabi/5.4.1/armv6-m\libgcc.a(subdf3.o)
 .debug_frame   0x00001dd0       0x2c c:/program files (x86)/cypress/psoc creator/4.4/psoc creator/import/gnu/arm/5.4.1/bin/../lib/gcc/arm-none-eabi/5.4.1/armv6-m\libgcc.a(unorddf2.o)
 .debug_frame   0x00001dfc       0x2c c:/program files (x86)/cypress/psoc creator/4.4/psoc creator/import/gnu/arm/5.4.1/bin/../lib/gcc/arm-none-eabi/5.4.1/armv6-m\libgcc.a(floatsidf.o)
 .debug_frame   0x00001e28       0x2c c:/program files (x86)/cypress/psoc creator/4.4/psoc creator/import/gnu/arm/5.4.1/bin/../lib/gcc/arm-none-eabi/5.4.1/armv6-m\libgcc.a(floatunsidf.o)
 .debug_frame   0x00001e54       0x2c c:/program files (x86)/cypress/psoc creator/4.4/psoc creator/import/gnu/arm/5.4.1/bin/../lib/gcc/arm-none-eabi/5.4.1/armv6-m\libgcc.a(extendsfdf2.o)
 .debug_frame   0x00001e80       0x2c c:/program files (x86)/cypress/psoc creator/4.4/psoc creator/import/gnu/arm/5.4.1/bin/../lib/gcc/arm-none-eabi/5.4.1/armv6-m\libgcc.a(truncdfsf2.o)
 .debug_frame   0x00001eac       0x3c c:/program files (x86)/cypress/psoc creator/4.4/psoc creator/import/gnu/arm/5.4.1/bin/../lib/gcc/arm-none-eabi/5.4.1/armv6-m\libgcc.a(_divdi3.o)
 .debug_frame   0x00001ee8       0x20 c:/program files (x86)/cypress/psoc creator/4.4/psoc creator/import/gnu/arm/5.4.1/bin/../lib/gcc/arm-none-eabi/5.4.1/../../../../arm-none-eabi/lib/armv6-m\libg_nano.a(lib_a-errno.o)
 .debug_frame   0x00001f08       0x28 c:/program files (x86)/cypress/psoc creator/4.4/psoc creator/import/gnu/arm/5.4.1/bin/../lib/gcc/arm-none-eabi/5.4.1/../../../../arm-none-eabi/lib/armv6-m\libg_nano.a(lib_a-exit.o)
 .debug_frame   0x00001f30       0x2c c:/program files (x86)/cypress/psoc creator/4.4/psoc creator/import/gnu/arm/5.4.1/bin/../lib/gcc/arm-none-eabi/5.4.1/../../../../arm-none-eabi/lib/armv6-m\libg_nano.a(lib_a-init.o)
 .debug_frame   0x00001f5c       0x28 c:/program files (x86)/cypress/psoc creator/4.4/psoc creator/import/gnu/arm/5.4.1/bin/../lib/gcc/arm-none-eabi/5.4.1/../../../../arm-none-eabi/lib/armv6-m\libg_nano.a(lib_a-memcpy-stub.o)
 .debug_frame   0x00001f84       0x20 c:/program files (x86)/cypress/psoc creator/4.4/psoc creator/import/gnu/arm/5.4.1/bin/../lib/gcc/arm-none-eabi/5.4.1/../../../../arm-none-eabi/lib/armv6-m\libg_nano.a(lib_a-memset.o)
 .debug_frame   0x00001fa4       0x50 c:/program files (x86)/cypress/psoc creator/4.4/psoc creator/import/gnu/arm/5.4.1/bin/../lib/gcc/arm-none-eabi/5.4.1/../../../../arm-none-eabi/lib/armv6-m\libg_nano.a(lib_a-sprintf.o)
 .debug_frame   0x00001ff4       0x74 c:/program files (x86)/cypress/psoc creator/4.4/psoc creator/import/gnu/arm/5.4.1/bin/../lib/gcc/arm-none-eabi/5.4.1/../../../../arm-none-eabi/lib/armv6-m\libg_nano.a(lib_a-nano-svfprintf.o)
 .debug_frame   0x00002068       0x54 c:/program files (x86)/cypress/psoc creator/4.4/psoc creator/import/gnu/arm/5.4.1/bin/../lib/gcc/arm-none-eabi/5.4.1/../../../../arm-none-eabi/lib/armv6-m\libg_nano.a(lib_a-nano-vfprintf_i.o)
 .debug_frame   0x000020bc       0x20 c:/program files (x86)/cypress/psoc creator/4.4/psoc creator/import/gnu/arm/5.4.1/bin/../lib/gcc/arm-none-eabi/5.4.1/../../../../arm-none-eabi/lib/armv6-m\libg_nano.a(lib_a-memchr-stub.o)
 .debug_frame   0x000020dc       0x28 c:/program files (x86)/cypress/psoc creator/4.4/psoc creator/import/gnu/arm/5.4.1/bin/../lib/gcc/arm-none-eabi/5.4.1/../../../../arm-none-eabi/lib/armv6-m\libg_nano.a(lib_a-memmove.o)
 .debug_frame   0x00002104       0x2c c:/program files (x86)/cypress/psoc creator/4.4/psoc creator/import/gnu/arm/5.4.1/bin/../lib/gcc/arm-none-eabi/5.4.1/../../../../arm-none-eabi/lib/armv6-m\libg_nano.a(lib_a-nano-freer.o)
 .debug_frame   0x00002130       0x2c c:/program files (x86)/cypress/psoc creator/4.4/psoc creator/import/gnu/arm/5.4.1/bin/../lib/gcc/arm-none-eabi/5.4.1/../../../../arm-none-eabi/lib/armv6-m\libg_nano.a(lib_a-nano-mallocr.o)
 .debug_frame   0x0000215c       0x30 c:/program files (x86)/cypress/psoc creator/4.4/psoc creator/import/gnu/arm/5.4.1/bin/../lib/gcc/arm-none-eabi/5.4.1/../../../../arm-none-eabi/lib/armv6-m\libg_nano.a(lib_a-nano-reallocr.o)
 .debug_frame   0x0000218c       0x2c c:/program files (x86)/cypress/psoc creator/4.4/psoc creator/import/gnu/arm/5.4.1/bin/../lib/gcc/arm-none-eabi/5.4.1/../../../../arm-none-eabi/lib/armv6-m\libg_nano.a(lib_a-sbrkr.o)
 .debug_frame   0x000021b8       0x30 c:/program files (x86)/cypress/psoc creator/4.4/psoc creator/import/gnu/arm/5.4.1/bin/../lib/gcc/arm-none-eabi/5.4.1/../../../../arm-none-eabi/lib/armv6-m\libg_nano.a(lib_a-mlock.o)
 .debug_frame   0x000021e8       0x20 c:/program files (x86)/cypress/psoc creator/4.4/psoc creator/import/gnu/arm/5.4.1/bin/../lib/gcc/arm-none-eabi/5.4.1/../../../../arm-none-eabi/lib/armv6-m\libg_nano.a(lib_a-nano-msizer.o)
 .debug_frame   0x00002208       0x48 c:/program files (x86)/cypress/psoc creator/4.4/psoc creator/import/gnu/arm/5.4.1/bin/../lib/gcc/arm-none-eabi/5.4.1/../../../../arm-none-eabi/lib/armv6-m\libg_nano.a(lib_a-reent.o)

.debug_str      0x00000000     0x25e2
 *(.debug_str)
 .debug_str     0x00000000      0x3a3 .\CortexM0p\ARM_GCC_541\Debug\main.o
                                0x3ef (size before relaxing)
 .debug_str     0x000003a3      0x127 .\CortexM0p\ARM_GCC_541\Debug\cyfitter_cfg.o
                                0x2dd (size before relaxing)
 .debug_str     0x000004ca       0x63 .\CortexM0p\ARM_GCC_541\Debug\cymetadata.o
                                0x1ee (size before relaxing)
 .debug_str     0x0000052d      0x15b .\CortexM0p\ARM_GCC_541\Debug\Cm0plusStart.o
                                0x335 (size before relaxing)
 .debug_str     0x00000688      0x6bc .\CortexM0p\ARM_GCC_541\Debug\TJ Temperature Spatial Profile.a(CyLib.o)
                                0x8db (size before relaxing)
 .debug_str     0x00000d44      0x642 .\CortexM0p\ARM_GCC_541\Debug\TJ Temperature Spatial Profile.a(CyLFClk.o)
                                0x8bf (size before relaxing)
 .debug_str     0x00001386       0x66 .\CortexM0p\ARM_GCC_541\Debug\TJ Temperature Spatial Profile.a(AMux_1.o)
                                0x284 (size before relaxing)
 .debug_str     0x000013ec       0x75 .\CortexM0p\ARM_GCC_541\Debug\TJ Temperature Spatial Profile.a(PVref_1.o)
                                0x23e (size before relaxing)
 .debug_str     0x00001461       0xa1 .\CortexM0p\ARM_GCC_541\Debug\TJ Temperature Spatial Profile.a(Opamp_1.o)
                                0x24e (size before relaxing)
 .debug_str     0x00001502      0x460 .\CortexM0p\ARM_GCC_541\Debug\TJ Temperature Spatial Profile.a(ADC_1.o)
                                0x6e1 (size before relaxing)
 .debug_str     0x00001962       0x24 .\CortexM0p\ARM_GCC_541\Debug\TJ Temperature Spatial Profile.a(ADC_1_INIT.o)
                                0x296 (size before relaxing)
 .debug_str     0x00001986       0x39 .\CortexM0p\ARM_GCC_541\Debug\TJ Temperature Spatial Profile.a(ADC_1_INT.o)
                                0x1e7 (size before relaxing)
 .debug_str     0x000019bf       0xa8 .\CortexM0p\ARM_GCC_541\Debug\TJ Temperature Spatial Profile.a(ADC_1_intSarClock.o)
                                0x2b9 (size before relaxing)
 .debug_str     0x00001a67      0x11b .\CortexM0p\ARM_GCC_541\Debug\TJ Temperature Spatial Profile.a(ADC_1_IRQ.o)
                                0x348 (size before relaxing)
 .debug_str     0x00001b82      0x115 .\CortexM0p\ARM_GCC_541\Debug\TJ Temperature Spatial Profile.a(I2C_1.o)
                                0x300 (size before relaxing)
 .debug_str     0x00001c97       0x90 .\CortexM0p\ARM_GCC_541\Debug\TJ Temperature Spatial Profile.a(I2C_1_I2C.o)
                                0x28d (size before relaxing)
 .debug_str     0x00001d27      0x184 .\CortexM0p\ARM_GCC_541\Debug\TJ Temperature Spatial Profile.a(I2C_1_I2C_SLAVE.o)
                                0x404 (size before relaxing)
 .debug_str     0x00001eab       0xf5 .\CortexM0p\ARM_GCC_541\Debug\TJ Temperature Spatial Profile.a(UART_1.o)
                                0x2d9 (size before relaxing)
 .debug_str     0x00001fa0      0x1da .\CortexM0p\ARM_GCC_541\Debug\TJ Temperature Spatial Profile.a(UART_1_UART.o)
                                0x416 (size before relaxing)
 .debug_str     0x0000217a       0x58 .\CortexM0p\ARM_GCC_541\Debug\TJ Temperature Spatial Profile.a(Thermistor_1.o)
                                0x25c (size before relaxing)
 .debug_str     0x000021d2       0x95 .\CortexM0p\ARM_GCC_541\Debug\TJ Temperature Spatial Profile.a(Opamp_2.o)
                                0x24e (size before relaxing)
 .debug_str     0x00002267       0x95 .\CortexM0p\ARM_GCC_541\Debug\TJ Temperature Spatial Profile.a(Opamp_3.o)
                                0x24e (size before relaxing)
 .debug_str     0x000022fc       0x93 .\CortexM0p\ARM_GCC_541\Debug\TJ Temperature Spatial Profile.a(LED.o)
                                0x24e (size before relaxing)
 .debug_str     0x0000238f      0x11d .\CortexM0p\ARM_GCC_541\Debug\TJ Temperature Spatial Profile.a(CyFlash.o)
                                0x348 (size before relaxing)
 .debug_str     0x000024ac       0x4b .\CortexM0p\ARM_GCC_541\Debug\TJ Temperature Spatial Profile.a(I2C_1_I2C_INT.o)
                                0x2ed (size before relaxing)
 .debug_str     0x000024f7       0xeb .\CortexM0p\ARM_GCC_541\Debug\TJ Temperature Spatial Profile.a(UART_1_SPI_UART.o)
                                0x308 (size before relaxing)

.debug_loc      0x00000000     0x2a0a
 *(.debug_loc)
 .debug_loc     0x00000000      0x1be .\CortexM0p\ARM_GCC_541\Debug\main.o
 .debug_loc     0x000001be       0xa2 .\CortexM0p\ARM_GCC_541\Debug\cyfitter_cfg.o
 .debug_loc     0x00000260      0x14f .\CortexM0p\ARM_GCC_541\Debug\Cm0plusStart.o
 .debug_loc     0x000003af      0x868 .\CortexM0p\ARM_GCC_541\Debug\TJ Temperature Spatial Profile.a(CyLib.o)
 .debug_loc     0x00000c17      0xa88 .\CortexM0p\ARM_GCC_541\Debug\TJ Temperature Spatial Profile.a(CyLFClk.o)
 .debug_loc     0x0000169f       0xae .\CortexM0p\ARM_GCC_541\Debug\TJ Temperature Spatial Profile.a(AMux_1.o)
 .debug_loc     0x0000174d       0x2e .\CortexM0p\ARM_GCC_541\Debug\TJ Temperature Spatial Profile.a(PVref_1.o)
 .debug_loc     0x0000177b       0x21 .\CortexM0p\ARM_GCC_541\Debug\TJ Temperature Spatial Profile.a(Opamp_1.o)
 .debug_loc     0x0000179c      0x815 .\CortexM0p\ARM_GCC_541\Debug\TJ Temperature Spatial Profile.a(ADC_1.o)
 .debug_loc     0x00001fb1       0x76 .\CortexM0p\ARM_GCC_541\Debug\TJ Temperature Spatial Profile.a(ADC_1_intSarClock.o)
 .debug_loc     0x00002027       0x82 .\CortexM0p\ARM_GCC_541\Debug\TJ Temperature Spatial Profile.a(ADC_1_IRQ.o)
 .debug_loc     0x000020a9       0x7e .\CortexM0p\ARM_GCC_541\Debug\TJ Temperature Spatial Profile.a(I2C_1.o)
 .debug_loc     0x00002127      0x180 .\CortexM0p\ARM_GCC_541\Debug\TJ Temperature Spatial Profile.a(I2C_1_I2C_SLAVE.o)
 .debug_loc     0x000022a7       0x7e .\CortexM0p\ARM_GCC_541\Debug\TJ Temperature Spatial Profile.a(UART_1.o)
 .debug_loc     0x00002325      0x223 .\CortexM0p\ARM_GCC_541\Debug\TJ Temperature Spatial Profile.a(UART_1_UART.o)
 .debug_loc     0x00002548       0xe9 .\CortexM0p\ARM_GCC_541\Debug\TJ Temperature Spatial Profile.a(Thermistor_1.o)
 .debug_loc     0x00002631       0x21 .\CortexM0p\ARM_GCC_541\Debug\TJ Temperature Spatial Profile.a(Opamp_2.o)
 .debug_loc     0x00002652       0x21 .\CortexM0p\ARM_GCC_541\Debug\TJ Temperature Spatial Profile.a(Opamp_3.o)
 .debug_loc     0x00002673       0xa2 .\CortexM0p\ARM_GCC_541\Debug\TJ Temperature Spatial Profile.a(LED.o)
 .debug_loc     0x00002715      0x1bd .\CortexM0p\ARM_GCC_541\Debug\TJ Temperature Spatial Profile.a(CyFlash.o)
 .debug_loc     0x000028d2       0xa2 .\CortexM0p\ARM_GCC_541\Debug\TJ Temperature Spatial Profile.a(I2C_1_I2C_INT.o)
 .debug_loc     0x00002974       0x96 .\CortexM0p\ARM_GCC_541\Debug\TJ Temperature Spatial Profile.a(UART_1_SPI_UART.o)

.debug_macinfo
 *(.debug_macinfo)

.debug_ranges   0x00000000      0x938
 *(.debug_ranges)
 .debug_ranges  0x00000000       0x18 .\CortexM0p\ARM_GCC_541\Debug\main.o
 .debug_ranges  0x00000018       0x48 .\CortexM0p\ARM_GCC_541\Debug\cyfitter_cfg.o
 .debug_ranges  0x00000060       0x38 .\CortexM0p\ARM_GCC_541\Debug\Cm0plusStart.o
 .debug_ranges  0x00000098      0x1e8 .\CortexM0p\ARM_GCC_541\Debug\TJ Temperature Spatial Profile.a(CyLib.o)
 .debug_ranges  0x00000280      0x198 .\CortexM0p\ARM_GCC_541\Debug\TJ Temperature Spatial Profile.a(CyLFClk.o)
 .debug_ranges  0x00000418       0x30 .\CortexM0p\ARM_GCC_541\Debug\TJ Temperature Spatial Profile.a(AMux_1.o)
 .debug_ranges  0x00000448       0x38 .\CortexM0p\ARM_GCC_541\Debug\TJ Temperature Spatial Profile.a(PVref_1.o)
 .debug_ranges  0x00000480       0x38 .\CortexM0p\ARM_GCC_541\Debug\TJ Temperature Spatial Profile.a(Opamp_1.o)
 .debug_ranges  0x000004b8       0xe0 .\CortexM0p\ARM_GCC_541\Debug\TJ Temperature Spatial Profile.a(ADC_1.o)
 .debug_ranges  0x00000598       0x10 .\CortexM0p\ARM_GCC_541\Debug\TJ Temperature Spatial Profile.a(ADC_1_INT.o)
 .debug_ranges  0x000005a8       0x30 .\CortexM0p\ARM_GCC_541\Debug\TJ Temperature Spatial Profile.a(ADC_1_intSarClock.o)
 .debug_ranges  0x000005d8       0x70 .\CortexM0p\ARM_GCC_541\Debug\TJ Temperature Spatial Profile.a(ADC_1_IRQ.o)
 .debug_ranges  0x00000648       0x50 .\CortexM0p\ARM_GCC_541\Debug\TJ Temperature Spatial Profile.a(I2C_1.o)
 .debug_ranges  0x00000698       0x20 .\CortexM0p\ARM_GCC_541\Debug\TJ Temperature Spatial Profile.a(I2C_1_I2C.o)
 .debug_ranges  0x000006b8       0x60 .\CortexM0p\ARM_GCC_541\Debug\TJ Temperature Spatial Profile.a(I2C_1_I2C_SLAVE.o)
 .debug_ranges  0x00000718       0x48 .\CortexM0p\ARM_GCC_541\Debug\TJ Temperature Spatial Profile.a(UART_1.o)
 .debug_ranges  0x00000760       0x80 .\CortexM0p\ARM_GCC_541\Debug\TJ Temperature Spatial Profile.a(UART_1_UART.o)
 .debug_ranges  0x000007e0       0x18 .\CortexM0p\ARM_GCC_541\Debug\TJ Temperature Spatial Profile.a(Thermistor_1.o)
 .debug_ranges  0x000007f8       0x38 .\CortexM0p\ARM_GCC_541\Debug\TJ Temperature Spatial Profile.a(Opamp_2.o)
 .debug_ranges  0x00000830       0x38 .\CortexM0p\ARM_GCC_541\Debug\TJ Temperature Spatial Profile.a(Opamp_3.o)
 .debug_ranges  0x00000868       0x38 .\CortexM0p\ARM_GCC_541\Debug\TJ Temperature Spatial Profile.a(LED.o)
 .debug_ranges  0x000008a0       0x38 .\CortexM0p\ARM_GCC_541\Debug\TJ Temperature Spatial Profile.a(CyFlash.o)
 .debug_ranges  0x000008d8       0x10 .\CortexM0p\ARM_GCC_541\Debug\TJ Temperature Spatial Profile.a(I2C_1_I2C_INT.o)
 .debug_ranges  0x000008e8       0x50 .\CortexM0p\ARM_GCC_541\Debug\TJ Temperature Spatial Profile.a(UART_1_SPI_UART.o)

.comment        0x00000000       0x6e
 .comment       0x00000000       0x6e .\CortexM0p\ARM_GCC_541\Debug\main.o
                                 0x6f (size before relaxing)
 .comment       0x0000006e       0x6f .\CortexM0p\ARM_GCC_541\Debug\cyfitter_cfg.o
 .comment       0x0000006e       0x6f .\CortexM0p\ARM_GCC_541\Debug\cymetadata.o
 .comment       0x0000006e       0x6f .\CortexM0p\ARM_GCC_541\Debug\Cm0plusStart.o
 .comment       0x0000006e       0x6f .\CortexM0p\ARM_GCC_541\Debug\TJ Temperature Spatial Profile.a(CyLib.o)
 .comment       0x0000006e       0x6f .\CortexM0p\ARM_GCC_541\Debug\TJ Temperature Spatial Profile.a(CyLFClk.o)
 .comment       0x0000006e       0x6f .\CortexM0p\ARM_GCC_541\Debug\TJ Temperature Spatial Profile.a(AMux_1.o)
 .comment       0x0000006e       0x6f .\CortexM0p\ARM_GCC_541\Debug\TJ Temperature Spatial Profile.a(PVref_1.o)
 .comment       0x0000006e       0x6f .\CortexM0p\ARM_GCC_541\Debug\TJ Temperature Spatial Profile.a(Opamp_1.o)
 .comment       0x0000006e       0x6f .\CortexM0p\ARM_GCC_541\Debug\TJ Temperature Spatial Profile.a(ADC_1.o)
 .comment       0x0000006e       0x6f .\CortexM0p\ARM_GCC_541\Debug\TJ Temperature Spatial Profile.a(ADC_1_INIT.o)
 .comment       0x0000006e       0x6f .\CortexM0p\ARM_GCC_541\Debug\TJ Temperature Spatial Profile.a(ADC_1_INT.o)
 .comment       0x0000006e       0x6f .\CortexM0p\ARM_GCC_541\Debug\TJ Temperature Spatial Profile.a(ADC_1_intSarClock.o)
 .comment       0x0000006e       0x6f .\CortexM0p\ARM_GCC_541\Debug\TJ Temperature Spatial Profile.a(ADC_1_IRQ.o)
 .comment       0x0000006e       0x6f .\CortexM0p\ARM_GCC_541\Debug\TJ Temperature Spatial Profile.a(I2C_1.o)
 .comment       0x0000006e       0x6f .\CortexM0p\ARM_GCC_541\Debug\TJ Temperature Spatial Profile.a(I2C_1_I2C.o)
 .comment       0x0000006e       0x6f .\CortexM0p\ARM_GCC_541\Debug\TJ Temperature Spatial Profile.a(I2C_1_I2C_SLAVE.o)
 .comment       0x0000006e       0x6f .\CortexM0p\ARM_GCC_541\Debug\TJ Temperature Spatial Profile.a(UART_1.o)
 .comment       0x0000006e       0x6f .\CortexM0p\ARM_GCC_541\Debug\TJ Temperature Spatial Profile.a(UART_1_UART.o)
 .comment       0x0000006e       0x6f .\CortexM0p\ARM_GCC_541\Debug\TJ Temperature Spatial Profile.a(Thermistor_1.o)
 .comment       0x0000006e       0x6f .\CortexM0p\ARM_GCC_541\Debug\TJ Temperature Spatial Profile.a(Opamp_2.o)
 .comment       0x0000006e       0x6f .\CortexM0p\ARM_GCC_541\Debug\TJ Temperature Spatial Profile.a(Opamp_3.o)
 .comment       0x0000006e       0x6f .\CortexM0p\ARM_GCC_541\Debug\TJ Temperature Spatial Profile.a(LED.o)
 .comment       0x0000006e       0x6f .\CortexM0p\ARM_GCC_541\Debug\TJ Temperature Spatial Profile.a(CyFlash.o)
 .comment       0x0000006e       0x6f .\CortexM0p\ARM_GCC_541\Debug\TJ Temperature Spatial Profile.a(I2C_1_I2C_INT.o)
 .comment       0x0000006e       0x6f .\CortexM0p\ARM_GCC_541\Debug\TJ Temperature Spatial Profile.a(UART_1_SPI_UART.o)

.debug_weaknames
 *(.debug_weaknames)

.debug_funcnames
 *(.debug_funcnames)

.debug_typenames
 *(.debug_typenames)

.debug_varnames
 *(.debug_varnames)

.note.gnu.arm.ident
 *(.note.gnu.arm.ident)

.ARM.attributes
                0x00000000       0x28
 *(.ARM.attributes)
 .ARM.attributes
                0x00000000       0x1e c:/program files (x86)/cypress/psoc creator/4.4/psoc creator/import/gnu/arm/5.4.1/bin/../lib/gcc/arm-none-eabi/5.4.1/armv6-m/crti.o
 .ARM.attributes
                0x0000001e       0x2c c:/program files (x86)/cypress/psoc creator/4.4/psoc creator/import/gnu/arm/5.4.1/bin/../lib/gcc/arm-none-eabi/5.4.1/armv6-m/crtbegin.o
 .ARM.attributes
                0x0000004a       0x1b c:/program files (x86)/cypress/psoc creator/4.4/psoc creator/import/gnu/arm/5.4.1/bin/../lib/gcc/arm-none-eabi/5.4.1/../../../../arm-none-eabi/lib/armv6-m/crt0.o
 .ARM.attributes
                0x00000065       0x32 .\CortexM0p\ARM_GCC_541\Debug\main.o
 .ARM.attributes
                0x00000097       0x32 .\CortexM0p\ARM_GCC_541\Debug\cyfitter_cfg.o
 .ARM.attributes
                0x000000c9       0x32 .\CortexM0p\ARM_GCC_541\Debug\cymetadata.o
 .ARM.attributes
                0x000000fb       0x32 .\CortexM0p\ARM_GCC_541\Debug\Cm0plusStart.o
 .ARM.attributes
                0x0000012d       0x32 .\CortexM0p\ARM_GCC_541\Debug\TJ Temperature Spatial Profile.a(CyLib.o)
 .ARM.attributes
                0x0000015f       0x32 .\CortexM0p\ARM_GCC_541\Debug\TJ Temperature Spatial Profile.a(CyLFClk.o)
 .ARM.attributes
                0x00000191       0x32 .\CortexM0p\ARM_GCC_541\Debug\TJ Temperature Spatial Profile.a(AMux_1.o)
 .ARM.attributes
                0x000001c3       0x32 .\CortexM0p\ARM_GCC_541\Debug\TJ Temperature Spatial Profile.a(PVref_1.o)
 .ARM.attributes
                0x000001f5       0x32 .\CortexM0p\ARM_GCC_541\Debug\TJ Temperature Spatial Profile.a(Opamp_1.o)
 .ARM.attributes
                0x00000227       0x32 .\CortexM0p\ARM_GCC_541\Debug\TJ Temperature Spatial Profile.a(ADC_1.o)
 .ARM.attributes
                0x00000259       0x32 .\CortexM0p\ARM_GCC_541\Debug\TJ Temperature Spatial Profile.a(ADC_1_INIT.o)
 .ARM.attributes
                0x0000028b       0x32 .\CortexM0p\ARM_GCC_541\Debug\TJ Temperature Spatial Profile.a(ADC_1_INT.o)
 .ARM.attributes
                0x000002bd       0x32 .\CortexM0p\ARM_GCC_541\Debug\TJ Temperature Spatial Profile.a(ADC_1_intSarClock.o)
 .ARM.attributes
                0x000002ef       0x32 .\CortexM0p\ARM_GCC_541\Debug\TJ Temperature Spatial Profile.a(ADC_1_IRQ.o)
 .ARM.attributes
                0x00000321       0x32 .\CortexM0p\ARM_GCC_541\Debug\TJ Temperature Spatial Profile.a(I2C_1.o)
 .ARM.attributes
                0x00000353       0x32 .\CortexM0p\ARM_GCC_541\Debug\TJ Temperature Spatial Profile.a(I2C_1_I2C.o)
 .ARM.attributes
                0x00000385       0x32 .\CortexM0p\ARM_GCC_541\Debug\TJ Temperature Spatial Profile.a(I2C_1_I2C_SLAVE.o)
 .ARM.attributes
                0x000003b7       0x32 .\CortexM0p\ARM_GCC_541\Debug\TJ Temperature Spatial Profile.a(UART_1.o)
 .ARM.attributes
                0x000003e9       0x32 .\CortexM0p\ARM_GCC_541\Debug\TJ Temperature Spatial Profile.a(UART_1_UART.o)
 .ARM.attributes
                0x0000041b       0x32 .\CortexM0p\ARM_GCC_541\Debug\TJ Temperature Spatial Profile.a(Thermistor_1.o)
 .ARM.attributes
                0x0000044d       0x32 .\CortexM0p\ARM_GCC_541\Debug\TJ Temperature Spatial Profile.a(Opamp_2.o)
 .ARM.attributes
                0x0000047f       0x32 .\CortexM0p\ARM_GCC_541\Debug\TJ Temperature Spatial Profile.a(Opamp_3.o)
 .ARM.attributes
                0x000004b1       0x32 .\CortexM0p\ARM_GCC_541\Debug\TJ Temperature Spatial Profile.a(LED.o)
 .ARM.attributes
                0x000004e3       0x22 .\CortexM0p\ARM_GCC_541\Debug\TJ Temperature Spatial Profile.a(CyBootAsmGnu.o)
 .ARM.attributes
                0x00000505       0x32 .\CortexM0p\ARM_GCC_541\Debug\TJ Temperature Spatial Profile.a(CyFlash.o)
 .ARM.attributes
                0x00000537       0x32 .\CortexM0p\ARM_GCC_541\Debug\TJ Temperature Spatial Profile.a(I2C_1_I2C_INT.o)
 .ARM.attributes
                0x00000569       0x32 .\CortexM0p\ARM_GCC_541\Debug\TJ Temperature Spatial Profile.a(UART_1_SPI_UART.o)
 .ARM.attributes
                0x0000059b       0x2c c:/program files (x86)/cypress/psoc creator/4.4/psoc creator/import/gnu/arm/5.4.1/bin/../lib/gcc/arm-none-eabi/5.4.1/../../../../arm-none-eabi/lib/armv6-m\libm.a(lib_a-w_log.o)
 .ARM.attributes
                0x000005c7       0x2c c:/program files (x86)/cypress/psoc creator/4.4/psoc creator/import/gnu/arm/5.4.1/bin/../lib/gcc/arm-none-eabi/5.4.1/../../../../arm-none-eabi/lib/armv6-m\libm.a(lib_a-w_pow.o)
 .ARM.attributes
                0x000005f3       0x2c c:/program files (x86)/cypress/psoc creator/4.4/psoc creator/import/gnu/arm/5.4.1/bin/../lib/gcc/arm-none-eabi/5.4.1/../../../../arm-none-eabi/lib/armv6-m\libm.a(lib_a-e_log.o)
 .ARM.attributes
                0x0000061f       0x2c c:/program files (x86)/cypress/psoc creator/4.4/psoc creator/import/gnu/arm/5.4.1/bin/../lib/gcc/arm-none-eabi/5.4.1/../../../../arm-none-eabi/lib/armv6-m\libm.a(lib_a-e_pow.o)
 .ARM.attributes
                0x0000064b       0x2c c:/program files (x86)/cypress/psoc creator/4.4/psoc creator/import/gnu/arm/5.4.1/bin/../lib/gcc/arm-none-eabi/5.4.1/../../../../arm-none-eabi/lib/armv6-m\libm.a(lib_a-e_sqrt.o)
 .ARM.attributes