Archive member included to satisfy reference by file (symbol)

c:/program files (x86)/cypress/psoc creator/4.4/psoc creator/import/gnu/arm/5.4.1/bin/../lib/gcc/arm-none-eabi/5.4.1/armv7e-m/softfp\libgcc.a(_arm_addsubdf3.o)
                              .\CortexM4\ARM_GCC_541\Debug\main_cm4.o (__aeabi_i2d)
c:/program files (x86)/cypress/psoc creator/4.4/psoc creator/import/gnu/arm/5.4.1/bin/../lib/gcc/arm-none-eabi/5.4.1/armv7e-m/softfp\libgcc.a(_arm_muldivdf3.o)
                              .\CortexM4\ARM_GCC_541\Debug\main_cm4.o (__aeabi_dmul)
c:/program files (x86)/cypress/psoc creator/4.4/psoc creator/import/gnu/arm/5.4.1/bin/../lib/gcc/arm-none-eabi/5.4.1/armv7e-m/softfp\libgcc.a(_arm_fixdfsi.o)
                              .\CortexM4\ARM_GCC_541\Debug\main_cm4.o (__aeabi_d2iz)
c:/program files (x86)/cypress/psoc creator/4.4/psoc creator/import/gnu/arm/5.4.1/bin/../lib/gcc/arm-none-eabi/5.4.1/armv7e-m/softfp\libgcc.a(_arm_fixunsdfsi.o)
                              .\CortexM4\ARM_GCC_541\Debug\cy_sysclk.o (__aeabi_d2uiz)
c:/program files (x86)/cypress/psoc creator/4.4/psoc creator/import/gnu/arm/5.4.1/bin/../lib/gcc/arm-none-eabi/5.4.1/armv7e-m/softfp\libgcc.a(_aeabi_ldivmod.o)
                              .\CortexM4\ARM_GCC_541\Debug\cy_sar.o (__aeabi_ldivmod)
c:/program files (x86)/cypress/psoc creator/4.4/psoc creator/import/gnu/arm/5.4.1/bin/../lib/gcc/arm-none-eabi/5.4.1/armv7e-m/softfp\libgcc.a(_aeabi_uldivmod.o)
                              .\CortexM4\ARM_GCC_541\Debug\cy_sysclk.o (__aeabi_uldivmod)
c:/program files (x86)/cypress/psoc creator/4.4/psoc creator/import/gnu/arm/5.4.1/bin/../lib/gcc/arm-none-eabi/5.4.1/armv7e-m/softfp\libgcc.a(_udivmoddi4.o)
                              c:/program files (x86)/cypress/psoc creator/4.4/psoc creator/import/gnu/arm/5.4.1/bin/../lib/gcc/arm-none-eabi/5.4.1/armv7e-m/softfp\libgcc.a(_aeabi_ldivmod.o) (__udivmoddi4)
c:/program files (x86)/cypress/psoc creator/4.4/psoc creator/import/gnu/arm/5.4.1/bin/../lib/gcc/arm-none-eabi/5.4.1/armv7e-m/softfp\libgcc.a(_dvmd_tls.o)
                              c:/program files (x86)/cypress/psoc creator/4.4/psoc creator/import/gnu/arm/5.4.1/bin/../lib/gcc/arm-none-eabi/5.4.1/armv7e-m/softfp\libgcc.a(_aeabi_ldivmod.o) (__aeabi_ldiv0)
c:/program files (x86)/cypress/psoc creator/4.4/psoc creator/import/gnu/arm/5.4.1/bin/../lib/gcc/arm-none-eabi/5.4.1/../../../../arm-none-eabi/lib/armv7e-m/softfp\libg_nano.a(lib_a-exit.o)
                              c:/program files (x86)/cypress/psoc creator/4.4/psoc creator/import/gnu/arm/5.4.1/bin/../lib/gcc/arm-none-eabi/5.4.1/../../../../arm-none-eabi/lib/armv7e-m/softfp/crt0.o (exit)
c:/program files (x86)/cypress/psoc creator/4.4/psoc creator/import/gnu/arm/5.4.1/bin/../lib/gcc/arm-none-eabi/5.4.1/../../../../arm-none-eabi/lib/armv7e-m/softfp\libg_nano.a(lib_a-impure.o)
                              c:/program files (x86)/cypress/psoc creator/4.4/psoc creator/import/gnu/arm/5.4.1/bin/../lib/gcc/arm-none-eabi/5.4.1/../../../../arm-none-eabi/lib/armv7e-m/softfp\libg_nano.a(lib_a-exit.o) (_global_impure_ptr)
c:/program files (x86)/cypress/psoc creator/4.4/psoc creator/import/gnu/arm/5.4.1/bin/../lib/gcc/arm-none-eabi/5.4.1/../../../../arm-none-eabi/lib/armv7e-m/softfp\libg_nano.a(lib_a-init.o)
                              c:/program files (x86)/cypress/psoc creator/4.4/psoc creator/import/gnu/arm/5.4.1/bin/../lib/gcc/arm-none-eabi/5.4.1/../../../../arm-none-eabi/lib/armv7e-m/softfp/crt0.o (__libc_init_array)
c:/program files (x86)/cypress/psoc creator/4.4/psoc creator/import/gnu/arm/5.4.1/bin/../lib/gcc/arm-none-eabi/5.4.1/../../../../arm-none-eabi/lib/armv7e-m/softfp\libg_nano.a(lib_a-memset.o)
                              c:/program files (x86)/cypress/psoc creator/4.4/psoc creator/import/gnu/arm/5.4.1/bin/../lib/gcc/arm-none-eabi/5.4.1/../../../../arm-none-eabi/lib/armv7e-m/softfp/crt0.o (memset)
c:/program files (x86)/cypress/psoc creator/4.4/psoc creator/import/gnu/arm/5.4.1/bin/../lib/gcc/arm-none-eabi/5.4.1/../../../../arm-none-eabi/lib/armv7e-m/softfp\libg_nano.a(lib_a-sprintf.o)
                              .\CortexM4\ARM_GCC_541\Debug\main_cm4.o (sprintf)
c:/program files (x86)/cypress/psoc creator/4.4/psoc creator/import/gnu/arm/5.4.1/bin/../lib/gcc/arm-none-eabi/5.4.1/../../../../arm-none-eabi/lib/armv7e-m/softfp\libg_nano.a(lib_a-strncpy.o)
                              .\CortexM4\ARM_GCC_541\Debug\cy_syslib.o (strncpy)
c:/program files (x86)/cypress/psoc creator/4.4/psoc creator/import/gnu/arm/5.4.1/bin/../lib/gcc/arm-none-eabi/5.4.1/../../../../arm-none-eabi/lib/armv7e-m/softfp\libg_nano.a(lib_a-nano-svfprintf.o)
                              c:/program files (x86)/cypress/psoc creator/4.4/psoc creator/import/gnu/arm/5.4.1/bin/../lib/gcc/arm-none-eabi/5.4.1/../../../../arm-none-eabi/lib/armv7e-m/softfp\libg_nano.a(lib_a-sprintf.o) (_svfprintf_r)
[...]
Memory Configuration

Name             Origin             Length             Attributes
ram              0x08024000         0x00023800         xrw
flash            0x10080000         0x00080000         xr
em_eeprom        0x14000000         0x00008000         xr
sflash_user_data 0x16000800         0x00000800         xr
sflash_nar       0x16001a00         0x00000200         xr
sflash_public_key 0x16005a00         0x00000c00         xr
sflash_toc_2     0x16007c00         0x00000200         xr
sflash_rtoc_2    0x16007e00         0x00000200         xr
xip              0x18000000         0x08000000         xr
efuse            0x90700000         0x00100000         r
*default*        0x00000000         0xffffffff

Linker script and memory map

LOAD c:/program files (x86)/cypress/psoc creator/4.4/psoc creator/import/gnu/arm/5.4.1/bin/../lib/gcc/arm-none-eabi/5.4.1/armv7e-m/softfp/crti.o
LOAD c:/program files (x86)/cypress/psoc creator/4.4/psoc creator/import/gnu/arm/5.4.1/bin/../lib/gcc/arm-none-eabi/5.4.1/armv7e-m/softfp/crtbegin.o
LOAD c:/program files (x86)/cypress/psoc creator/4.4/psoc creator/import/gnu/arm/5.4.1/bin/../lib/gcc/arm-none-eabi/5.4.1/../../../../arm-none-eabi/lib/armv7e-m/softfp/crt0.o
START GROUP
LOAD .\CortexM4\ARM_GCC_541\Debug\startup_psoc6_01_cm4.o
LOAD .\CortexM4\ARM_GCC_541\Debug\system_psoc6_cm4.o
LOAD .\CortexM4\ARM_GCC_541\Debug\main_cm4.o
LOAD .\CortexM4\ARM_GCC_541\Debug\cyfitter_sysint_cfg.o
LOAD .\CortexM4\ARM_GCC_541\Debug\cymetadata.o
LOAD .\CortexM4\ARM_GCC_541\Debug\cy_efuse.o
LOAD .\CortexM4\ARM_GCC_541\Debug\cy_flash.o
LOAD .\CortexM4\ARM_GCC_541\Debug\cy_gpio.o
LOAD .\CortexM4\ARM_GCC_541\Debug\cy_ipc_drv.o
LOAD .\CortexM4\ARM_GCC_541\Debug\cy_ipc_sema.o
LOAD .\CortexM4\ARM_GCC_541\Debug\cy_ipc_pipe.o
LOAD .\CortexM4\ARM_GCC_541\Debug\cy_lvd.o
LOAD .\CortexM4\ARM_GCC_541\Debug\cy_profile.o
LOAD .\CortexM4\ARM_GCC_541\Debug\cy_prot.o
LOAD .\CortexM4\ARM_GCC_541\Debug\cy_sysanalog.o
LOAD .\CortexM4\ARM_GCC_541\Debug\cy_sysclk.o
LOAD .\CortexM4\ARM_GCC_541\Debug\cy_sysint.o
LOAD .\CortexM4\ARM_GCC_541\Debug\cy_syslib.o
LOAD .\CortexM4\ARM_GCC_541\Debug\cy_syslib_gcc.o
LOAD .\CortexM4\ARM_GCC_541\Debug\cy_syspm.o
LOAD .\CortexM4\ARM_GCC_541\Debug\cy_systick.o
LOAD .\CortexM4\ARM_GCC_541\Debug\cy_trigmux.o
LOAD .\CortexM4\ARM_GCC_541\Debug\cy_wdt.o
LOAD .\CortexM4\ARM_GCC_541\Debug\cy_device.o
LOAD .\CortexM4\ARM_GCC_541\Debug\cy_scb_common.o
LOAD .\CortexM4\ARM_GCC_541\Debug\cy_scb_i2c.o
LOAD .\CortexM4\ARM_GCC_541\Debug\cy_scb_ezi2c.o
LOAD .\CortexM4\ARM_GCC_541\Debug\cy_scb_spi.o
LOAD .\CortexM4\ARM_GCC_541\Debug\cy_scb_uart.o
LOAD .\CortexM4\ARM_GCC_541\Debug\cy_tcpwm_counter.o
LOAD .\CortexM4\ARM_GCC_541\Debug\cy_tcpwm_pwm.o
LOAD .\CortexM4\ARM_GCC_541\Debug\cy_tcpwm_quaddec.o
LOAD .\CortexM4\ARM_GCC_541\Debug\cy_sar.o
LOAD .\CortexM4\ARM_GCC_541\Debug\cy_ble_clk.o
LOAD .\CortexM4\ARM_GCC_541\Debug\UART.o
LOAD .\CortexM4\ARM_GCC_541\Debug\SensorBus.o
LOAD .\CortexM4\ARM_GCC_541\Debug\Timer.o
LOAD .\CortexM4\ARM_GCC_541\Debug\ADC_1.o
LOAD .\CortexM4\ARM_GCC_541\Debug\ADC_1_INT.o
LOAD .\CortexM4\ARM_GCC_541\Debug\ADC_1_INIT.o
LOAD .\CortexM4\ARM_GCC_541\Debug\ADC_1_PM.o
END GROUP
START GROUP
LOAD c:/program files (x86)/cypress/psoc creator/4.4/psoc creator/import/gnu/arm/5.4.1/bin/../lib/gcc/arm-none-eabi/5.4.1/armv7e-m/softfp\libgcc.a
LOAD c:/program files (x86)/cypress/psoc creator/4.4/psoc creator/import/gnu/arm/5.4.1/bin/../lib/gcc/arm-none-eabi/5.4.1/../../../../arm-none-eabi/lib/armv7e-m/softfp\libg_nano.a
LOAD c:/program files (x86)/cypress/psoc creator/4.4/psoc creator/import/gnu/arm/5.4.1/bin/../lib/gcc/arm-none-eabi/5.4.1/../../../../arm-none-eabi/lib/armv7e-m/softfp\libc_nano.a
END GROUP
START GROUP
LOAD c:/program files (x86)/cypress/psoc creator/4.4/psoc creator/import/gnu/arm/5.4.1/bin/../lib/gcc/arm-none-eabi/5.4.1/armv7e-m/softfp\libgcc.a
LOAD c:/program files (x86)/cypress/psoc creator/4.4/psoc creator/import/gnu/arm/5.4.1/bin/../lib/gcc/arm-none-eabi/5.4.1/../../../../arm-none-eabi/lib/armv7e-m/softfp\libc_nano.a
END GROUP
LOAD c:/program files (x86)/cypress/psoc creator/4.4/psoc creator/import/gnu/arm/5.4.1/bin/../lib/gcc/arm-none-eabi/5.4.1/armv7e-m/softfp/crtend.o
LOAD c:/program files (x86)/cypress/psoc creator/4.4/psoc creator/import/gnu/arm/5.4.1/bin/../lib/gcc/arm-none-eabi/5.4.1/armv7e-m/softfp/crtn.o
START GROUP
LOAD c:/program files (x86)/cypress/psoc creator/4.4/psoc creator/import/gnu/arm/5.4.1/bin/../lib/gcc/arm-none-eabi/5.4.1/armv7e-m/softfp\libgcc.a
LOAD c:/program files (x86)/cypress/psoc creator/4.4/psoc creator/import/gnu/arm/5.4.1/bin/../lib/gcc/arm-none-eabi/5.4.1/../../../../arm-none-eabi/lib/armv7e-m/softfp\libc.a
LOAD c:/program files (x86)/cypress/psoc creator/4.4/psoc creator/import/gnu/arm/5.4.1/bin/../lib/gcc/arm-none-eabi/5.4.1/../../../../arm-none-eabi/lib/armv7e-m/softfp\libnosys.a
END GROUP
START GROUP
LOAD c:/program files (x86)/cypress/psoc creator/4.4/psoc creator/import/gnu/arm/5.4.1/bin/../lib/gcc/arm-none-eabi/5.4.1/armv7e-m/softfp\libgcc.a
LOAD c:/program files (x86)/cypress/psoc creator/4.4/psoc creator/import/gnu/arm/5.4.1/bin/../lib/gcc/arm-none-eabi/5.4.1/../../../../arm-none-eabi/lib/armv7e-m/softfp\libc.a
LOAD c:/program files (x86)/cypress/psoc creator/4.4/psoc creator/import/gnu/arm/5.4.1/bin/../lib/gcc/arm-none-eabi/5.4.1/../../../../arm-none-eabi/lib/armv7e-m/softfp\libm.a
LOAD c:/program files (x86)/cypress/psoc creator/4.4/psoc creator/import/gnu/arm/5.4.1/bin/../lib/gcc/arm-none-eabi/5.4.1/../../../../arm-none-eabi/lib/armv7e-m/softfp\libnosys.a
END GROUP

.text           0x10080000     0x423c
                0x10080000                . = ALIGN (0x4)
                0x10080000                __Vectors = .
 *(.vectors)
 .vectors       0x10080000      0x28c .\CortexM4\ARM_GCC_541\Debug\startup_psoc6_01_cm4.o
                0x1008028c                . = ALIGN (0x4)
                0x1008028c                __Vectors_End = .
                0x0000028c                __Vectors_Size = (__Vectors_End - __Vectors)
                0x1008028c                __end__ = .
                0x1008028c                . = ALIGN (0x4)
 *(.text*)
 .text          0x1008028c       0x5c c:/program files (x86)/cypress/psoc creator/4.4/psoc creator/import/gnu/arm/5.4.1/bin/../lib/gcc/arm-none-eabi/5.4.1/armv7e-m/softfp/crtbegin.o
 .text          0x100802e8       0x84 .\CortexM4\ARM_GCC_541\Debug\startup_psoc6_01_cm4.o
                0x100802e8                Cy_OnResetUser
                0x100802ea                Reset_Handler
                0x1008034c                cpuss_interrupts_ipc_6_IRQHandler
                0x1008034c                DebugMon_Handler
                0x1008034c                tcpwm_1_interrupts_11_IRQHandler
                0x1008034c                cpuss_interrupts_ipc_0_IRQHandler
                0x1008034c                tcpwm_1_interrupts_15_IRQHandler
                0x1008034c                ioss_interrupts_gpio_13_IRQHandler
                0x1008034c                tcpwm_1_interrupts_13_IRQHandler
                0x1008034c                cpuss_interrupts_dw1_8_IRQHandler
                0x1008034c                tcpwm_0_interrupts_0_IRQHandler
                0x1008034c                SysTick_Handler
                0x1008034c                cpuss_interrupt_fm_IRQHandler
                0x1008034c                cpuss_interrupts_ipc_7_IRQHandler
                0x1008034c                tcpwm_1_interrupts_14_IRQHandler
                0x1008034c                cpuss_interrupts_dw0_5_IRQHandler
                0x1008034c                tcpwm_1_interrupts_9_IRQHandler
                0x1008034c                cpuss_interrupts_cm0_cti_1_IRQHandler
                0x1008034c                tcpwm_1_interrupts_22_IRQHandler
                0x1008034c                cpuss_interrupts_dw0_4_IRQHandler
                0x1008034c                PendSV_Handler
                0x1008034c                NMI_Handler
                0x1008034c                cpuss_interrupts_dw1_12_IRQHandler
                0x1008034c                tcpwm_1_interrupts_12_IRQHandler
                0x1008034c                smif_interrupt_IRQHandler
                0x1008034c                tcpwm_1_interrupts_2_IRQHandler
                0x1008034c                cpuss_interrupts_ipc_13_IRQHandler
                0x1008034c                udb_interrupts_11_IRQHandler
                0x1008034c                tcpwm_1_interrupts_18_IRQHandler
                0x1008034c                cpuss_interrupts_dw0_11_IRQHandler
                0x1008034c                tcpwm_0_interrupts_2_IRQHandler
                0x1008034c                cpuss_interrupts_dw0_13_IRQHandler
                0x1008034c                udb_interrupts_2_IRQHandler
                0x1008034c                cpuss_interrupts_dw1_7_IRQHandler
                0x1008034c                ioss_interrupts_gpio_1_IRQHandler
                0x1008034c                ioss_interrupts_gpio_7_IRQHandler
                0x1008034c                scb_5_interrupt_IRQHandler
                0x1008034c                udb_interrupts_6_IRQHandler
                0x1008034c                cpuss_interrupts_fault_1_IRQHandler
                0x1008034c                cpuss_interrupts_ipc_4_IRQHandler
                0x1008034c                cpuss_interrupts_ipc_5_IRQHandler
                0x1008034c                cpuss_interrupts_dw1_10_IRQHandler
                0x1008034c                udb_interrupts_0_IRQHandler
                0x1008034c                tcpwm_1_interrupts_6_IRQHandler
                0x1008034c                scb_4_interrupt_IRQHandler
                0x1008034c                pass_interrupt_dacs_IRQHandler
                0x1008034c                ioss_interrupts_gpio_2_IRQHandler
                0x1008034c                cpuss_interrupts_dw1_9_IRQHandler
                0x1008034c                cpuss_interrupts_dw1_13_IRQHandler
                0x1008034c                scb_2_interrupt_IRQHandler
                0x1008034c                cpuss_interrupts_cm0_cti_0_IRQHandler
                0x1008034c                udb_interrupts_5_IRQHandler
                0x1008034c                srss_interrupt_IRQHandler
                0x1008034c                udb_interrupts_12_IRQHandler
                0x1008034c                scb_0_interrupt_IRQHandler
                0x1008034c                csd_interrupt_IRQHandler
                0x1008034c                udb_interrupts_1_IRQHandler
                0x1008034c                profile_interrupt_IRQHandler
                0x1008034c                tcpwm_1_interrupts_1_IRQHandler
                0x1008034c                cpuss_interrupts_ipc_12_IRQHandler
                0x1008034c                tcpwm_1_interrupts_3_IRQHandler
                0x1008034c                tcpwm_0_interrupts_7_IRQHandler
                0x1008034c                cpuss_interrupts_dw1_1_IRQHandler
                0x1008034c                cpuss_interrupts_dw1_0_IRQHandler
                0x1008034c                cpuss_interrupts_dw0_9_IRQHandler
                0x1008034c                lpcomp_interrupt_IRQHandler
                0x1008034c                tcpwm_1_interrupts_23_IRQHandler
                0x1008034c                udb_interrupts_4_IRQHandler
                0x1008034c                tcpwm_1_interrupts_20_IRQHandler
                0x1008034c                ioss_interrupt_gpio_IRQHandler
                0x1008034c                tcpwm_0_interrupts_1_IRQHandler
                0x1008034c                ioss_interrupts_gpio_8_IRQHandler
                0x1008034c                tcpwm_0_interrupts_6_IRQHandler
                0x1008034c                scb_7_interrupt_IRQHandler
                0x1008034c                tcpwm_1_interrupts_7_IRQHandler
                0x1008034c                cpuss_interrupts_ipc_11_IRQHandler
                0x1008034c                udb_interrupts_13_IRQHandler
                0x1008034c                cpuss_interrupts_dw0_15_IRQHandler
                0x1008034c                udb_interrupts_7_IRQHandler
                0x1008034c                cpuss_interrupts_dw1_6_IRQHandler
                0x1008034c                cpuss_interrupt_crypto_IRQHandler
                0x1008034c                scb_1_interrupt_IRQHandler
                0x1008034c                Default_Handler
                0x1008034c                usb_interrupt_hi_IRQHandler
                0x1008034c                tcpwm_1_interrupts_0_IRQHandler
                0x1008034c                udb_interrupts_9_IRQHandler
                0x1008034c                audioss_interrupt_pdm_IRQHandler
                0x1008034c                srss_interrupt_mcwdt_0_IRQHandler
                0x1008034c                scb_3_interrupt_IRQHandler
                0x1008034c                pass_interrupt_ctbs_IRQHandler
                0x1008034c                udb_interrupts_8_IRQHandler
                0x1008034c                ioss_interrupts_gpio_3_IRQHandler
                0x1008034c                scb_6_interrupt_IRQHandler
                0x1008034c                cpuss_interrupts_cm4_cti_0_IRQHandler
                0x1008034c                cpuss_interrupts_dw1_3_IRQHandler
                0x1008034c                pass_interrupt_sar_IRQHandler
                0x1008034c                ioss_interrupts_gpio_0_IRQHandler
                0x1008034c                ioss_interrupts_gpio_14_IRQHandler
                0x1008034c                tcpwm_0_interrupts_4_IRQHandler
                0x1008034c                udb_interrupts_3_IRQHandler
                0x1008034c                tcpwm_0_interrupts_5_IRQHandler
                0x1008034c                cpuss_interrupts_ipc_15_IRQHandler
                0x1008034c                cpuss_interrupts_cm4_cti_1_IRQHandler
                0x1008034c                scb_8_interrupt_IRQHandler
                0x1008034c                srss_interrupt_mcwdt_1_IRQHandler
                0x1008034c                cpuss_interrupts_dw1_2_IRQHandler
                0x1008034c                SVC_Handler
                0x1008034c                cpuss_interrupts_dw1_5_IRQHandler
                0x1008034c                cpuss_interrupts_ipc_1_IRQHandler
                0x1008034c                cpuss_interrupts_dw0_0_IRQHandler
                0x1008034c                ioss_interrupts_gpio_12_IRQHandler
                0x1008034c                cpuss_interrupts_ipc_3_IRQHandler
                0x1008034c                tcpwm_1_interrupts_17_IRQHandler
                0x1008034c                srss_interrupt_backup_IRQHandler
                0x1008034c                bless_interrupt_IRQHandler
                0x1008034c                cpuss_interrupts_ipc_10_IRQHandler
                0x1008034c                cpuss_interrupts_ipc_9_IRQHandler
                0x1008034c                cpuss_interrupts_dw0_14_IRQHandler
                0x1008034c                tcpwm_1_interrupts_4_IRQHandler
                0x1008034c                tcpwm_0_interrupts_3_IRQHandler
                0x1008034c                cpuss_interrupts_dw1_15_IRQHandler
                0x1008034c                ioss_interrupts_gpio_10_IRQHandler
                0x1008034c                udb_interrupts_10_IRQHandler
                0x1008034c                cpuss_interrupts_dw0_8_IRQHandler
                0x1008034c                ioss_interrupts_gpio_11_IRQHandler
                0x1008034c                cpuss_interrupts_ipc_14_IRQHandler
                0x1008034c                ioss_interrupts_gpio_5_IRQHandler
                0x1008034c                ioss_interrupts_gpio_4_IRQHandler
                0x1008034c                tcpwm_1_interrupts_8_IRQHandler
                0x1008034c                cpuss_interrupts_dw1_14_IRQHandler
                0x1008034c                usb_interrupt_med_IRQHandler
                0x1008034c                cpuss_interrupts_dw0_2_IRQHandler
                0x1008034c                tcpwm_1_interrupts_10_IRQHandler
                0x1008034c                cpuss_interrupts_fault_0_IRQHandler
                0x1008034c                cpuss_interrupts_dw0_12_IRQHandler
                0x1008034c                ioss_interrupts_gpio_6_IRQHandler
                0x1008034c                tcpwm_1_interrupts_21_IRQHandler
                0x1008034c                tcpwm_1_interrupts_16_IRQHandler
                0x1008034c                cpuss_interrupts_dw1_4_IRQHandler
                0x1008034c                udb_interrupts_15_IRQHandler
                0x1008034c                cpuss_interrupts_dw1_11_IRQHandler
                0x1008034c                cpuss_interrupts_dw0_6_IRQHandler
                0x1008034c                ioss_interrupt_vdd_IRQHandler
                0x1008034c                cpuss_interrupts_dw0_7_IRQHandler
                0x1008034c                audioss_interrupt_i2s_IRQHandler
                0x1008034c                tcpwm_1_interrupts_5_IRQHandler
                0x1008034c                cpuss_interrupts_ipc_2_IRQHandler
                0x1008034c                cpuss_interrupts_dw0_10_IRQHandler
                0x1008034c                tcpwm_1_interrupts_19_IRQHandler
                0x1008034c                cpuss_interrupts_dw0_1_IRQHandler
                0x1008034c                ioss_interrupts_gpio_9_IRQHandler
                0x1008034c                usb_interrupt_lo_IRQHandler
                0x1008034c                cpuss_interrupts_ipc_8_IRQHandler
                0x1008034c                udb_interrupts_14_IRQHandler
                0x1008034c                cpuss_interrupts_dw0_3_IRQHandler
                0x10080350                UsageFault_Handler
                0x10080350                HardFault_Handler
                0x10080350                MemManage_Handler
                0x10080350                BusFault_Handler
 .text.Cy_SysIpcPipeIsrCm4
                0x1008036c        0xc .\CortexM4\ARM_GCC_541\Debug\system_psoc6_cm4.o
                0x1008036c                Cy_SysIpcPipeIsrCm4
 .text.Cy_SystemInit
                0x10080378        0x4 .\CortexM4\ARM_GCC_541\Debug\system_psoc6_cm4.o
                0x10080378                Cy_SystemInit
 .text.SystemCoreClockUpdate
                0x1008037c      0x190 .\CortexM4\ARM_GCC_541\Debug\system_psoc6_cm4.o
                0x1008037c                SystemCoreClockUpdate
 .text.SystemInit
                0x1008050c       0x48 .\CortexM4\ARM_GCC_541\Debug\system_psoc6_cm4.o
                0x1008050c                SystemInit
 .text.Cy_SystemInitFpuEnable
                0x10080554       0x28 .\CortexM4\ARM_GCC_541\Debug\system_psoc6_cm4.o
                0x10080554                Cy_SystemInitFpuEnable
 .text.WaitForOperation
                0x1008057c       0x20 .\CortexM4\ARM_GCC_541\Debug\main_cm4.o
 .text.ReadRegister
                0x1008059c       0x4c .\CortexM4\ARM_GCC_541\Debug\main_cm4.o
 .text.Cy_SCB_UART_PutString
                0x100805e8       0x20 .\CortexM4\ARM_GCC_541\Debug\main_cm4.o
 .text.Shutdown_Test
                0x10080608       0x14 .\CortexM4\ARM_GCC_541\Debug\main_cm4.o
                0x10080608                Shutdown_Test
 .text.Print_headers
                0x1008061c       0x68 .\CortexM4\ARM_GCC_541\Debug\main_cm4.o
                0x1008061c                Print_headers
 .text.main     0x10080684      0x1e4 .\CortexM4\ARM_GCC_541\Debug\main_cm4.o
                0x10080684                main
 .text.Cy_Flash_ProcessOpcode
                0x10080868       0xac .\CortexM4\ARM_GCC_541\Debug\cy_flash.o
 .text.Cy_Flash_OperationStatus
                0x10080914       0x5c .\CortexM4\ARM_GCC_541\Debug\cy_flash.o
 .text.Cy_Flash_InitExt
                0x10080970       0x80 .\CortexM4\ARM_GCC_541\Debug\cy_flash.o
                0x10080970                Cy_Flash_InitExt
 .text.Cy_Flash_Init
                0x100809f0       0x10 .\CortexM4\ARM_GCC_541\Debug\cy_flash.o
                0x100809f0                Cy_Flash_Init
 .text.Cy_IPC_Drv_LockRelease
                0x10080a00       0x3c .\CortexM4\ARM_GCC_541\Debug\cy_ipc_drv.o
                0x10080a00                Cy_IPC_Drv_LockRelease
 .text.Cy_IPC_Drv_SendMsgWord
                0x10080a3c       0x3c .\CortexM4\ARM_GCC_541\Debug\cy_ipc_drv.o
                0x10080a3c                Cy_IPC_Drv_SendMsgWord
 .text.Cy_IPC_Drv_ReadMsgWord
                0x10080a78       0x38 .\CortexM4\ARM_GCC_541\Debug\cy_ipc_drv.o
                0x10080a78                Cy_IPC_Drv_ReadMsgWord
 .text.Cy_IPC_Sema_InitExt
                0x10080ab0       0xac .\CortexM4\ARM_GCC_541\Debug\cy_ipc_sema.o
                0x10080ab0                Cy_IPC_Sema_InitExt
 .text.Cy_IPC_Sema_Init
                0x10080b5c       0x64 .\CortexM4\ARM_GCC_541\Debug\cy_ipc_sema.o
                0x10080b5c                Cy_IPC_Sema_Init
 .text.Cy_IPC_Sema_Clear
                0x10080bc0       0x88 .\CortexM4\ARM_GCC_541\Debug\cy_ipc_sema.o
                0x10080bc0                Cy_IPC_Sema_Clear
 .text.Cy_IPC_Sema_Status
                0x10080c48       0x40 .\CortexM4\ARM_GCC_541\Debug\cy_ipc_sema.o
                0x10080c48                Cy_IPC_Sema_Status
 .text.Cy_IPC_Pipe_Config
                0x10080c88       0x10 .\CortexM4\ARM_GCC_541\Debug\cy_ipc_pipe.o
                0x10080c88                Cy_IPC_Pipe_Config
 .text.Cy_IPC_Pipe_EndpointInit
                0x10080c98       0xd0 .\CortexM4\ARM_GCC_541\Debug\cy_ipc_pipe.o
                0x10080c98                Cy_IPC_Pipe_EndpointInit
 .text.Cy_IPC_Pipe_Init
                0x10080d68       0xb4 .\CortexM4\ARM_GCC_541\Debug\cy_ipc_pipe.o
                0x10080d68                Cy_IPC_Pipe_Init
 .text.Cy_IPC_Pipe_SendMessage
                0x10080e1c       0xa4 .\CortexM4\ARM_GCC_541\Debug\cy_ipc_pipe.o
                0x10080e1c                Cy_IPC_Pipe_SendMessage
 .text.Cy_IPC_Pipe_RegisterCallback
                0x10080ec0       0x50 .\CortexM4\ARM_GCC_541\Debug\cy_ipc_pipe.o
                0x10080ec0                Cy_IPC_Pipe_RegisterCallback
 .text.Cy_IPC_Pipe_ExecCallback
                0x10080f10       0xbc .\CortexM4\ARM_GCC_541\Debug\cy_ipc_pipe.o
                0x10080f10                Cy_IPC_Pipe_ExecCallback
 .text.Cy_IPC_Pipe_ExecuteCallback
                0x10080fcc       0x2c .\CortexM4\ARM_GCC_541\Debug\cy_ipc_pipe.o
                0x10080fcc                Cy_IPC_Pipe_ExecuteCallback
 .text.Cy_SysInt_SetVector
                0x10080ff8       0x48 .\CortexM4\ARM_GCC_541\Debug\cy_sysint.o
                0x10080ff8                Cy_SysInt_SetVector
 .text.Cy_SysInt_Init
                0x10081040       0x74 .\CortexM4\ARM_GCC_541\Debug\cy_sysint.o
                0x10081040                Cy_SysInt_Init
 .text.Cy_SysLib_Delay
                0x100810b4       0x30 .\CortexM4\ARM_GCC_541\Debug\cy_syslib.o
                0x100810b4                Cy_SysLib_Delay
 .text.Cy_SysLib_DelayUs
                0x100810e4       0x14 .\CortexM4\ARM_GCC_541\Debug\cy_syslib.o
                0x100810e4                Cy_SysLib_DelayUs
 .text.Cy_SysLib_Halt
                0x100810f8        0x4 .\CortexM4\ARM_GCC_541\Debug\cy_syslib.o
                0x100810f8                Cy_SysLib_Halt
 .text.Cy_SysLib_AssertFailed
                0x100810fc       0x1c .\CortexM4\ARM_GCC_541\Debug\cy_syslib.o
                0x100810fc                Cy_SysLib_AssertFailed
 .text.Cy_SysLib_ProcessingFault
                0x10081118        0x4 .\CortexM4\ARM_GCC_541\Debug\cy_syslib.o
                0x10081118                Cy_SysLib_ProcessingFault
 .text.Cy_SysLib_FaultHandler
                0x1008111c       0xa4 .\CortexM4\ARM_GCC_541\Debug\cy_syslib.o
                0x1008111c                Cy_SysLib_FaultHandler
 .text          0x100811c0       0x20 .\CortexM4\ARM_GCC_541\Debug\cy_syslib_gcc.o
                0x100811c0                Cy_SysLib_DelayCycles
                0x100811d2                Cy_SysLib_EnterCriticalSection
                0x100811da                Cy_SysLib_ExitCriticalSection
 .text.Cy_PDL_Init
                0x100811e0        0xc .\CortexM4\ARM_GCC_541\Debug\cy_device.o
                0x100811e0                Cy_PDL_Init
 .text.Cy_SCB_ReadArrayNoCheck
                0x100811ec       0x38 .\CortexM4\ARM_GCC_541\Debug\cy_scb_common.o
                0x100811ec                Cy_SCB_ReadArrayNoCheck
 .text.Cy_SCB_ReadArray
                0x10081224       0x1c .\CortexM4\ARM_GCC_541\Debug\cy_scb_common.o
                0x10081224                Cy_SCB_ReadArray
 .text.Cy_SCB_WriteArrayNoCheck
                0x10081240       0x38 .\CortexM4\ARM_GCC_541\Debug\cy_scb_common.o
                0x10081240                Cy_SCB_WriteArrayNoCheck
 .text.Cy_SCB_WriteArray
                0x10081278       0x2c .\CortexM4\ARM_GCC_541\Debug\cy_scb_common.o
                0x10081278                Cy_SCB_WriteArray
 .text.Cy_SCB_WriteString
                0x100812a4       0x30 .\CortexM4\ARM_GCC_541\Debug\cy_scb_common.o
                0x100812a4                Cy_SCB_WriteString
 .text.Cy_SCB_WriteDefaultArrayNoCheck
                0x100812d4       0x10 .\CortexM4\ARM_GCC_541\Debug\cy_scb_common.o
                0x100812d4                Cy_SCB_WriteDefaultArrayNoCheck
 .text.Cy_SCB_WriteDefaultArray
                0x100812e4       0x2c .\CortexM4\ARM_GCC_541\Debug\cy_scb_common.o
                0x100812e4                Cy_SCB_WriteDefaultArray
 .text.SlaveHandleStop
                0x10081310       0xec .\CortexM4\ARM_GCC_541\Debug\cy_scb_i2c.o
 .text.MasterHandleEvents
                0x100813fc       0x74 .\CortexM4\ARM_GCC_541\Debug\cy_scb_i2c.o
 .text.MasterHandleStop
                0x10081470       0x2c .\CortexM4\ARM_GCC_541\Debug\cy_scb_i2c.o
 .text.MasterHandleComplete
                0x1008149c       0xf4 .\CortexM4\ARM_GCC_541\Debug\cy_scb_i2c.o
 .text.SlaveHandleDataTransmit
                0x10081590       0xe8 .\CortexM4\ARM_GCC_541\Debug\cy_scb_i2c.o
 .text.MasterHandleDataTransmit
                0x10081678       0xb8 .\CortexM4\ARM_GCC_541\Debug\cy_scb_i2c.o
 .text.SlaveHandleAddress
                0x10081730      0x158 .\CortexM4\ARM_GCC_541\Debug\cy_scb_i2c.o
 .text.MasterHandleDataReceive
                0x10081888       0xf0 .\CortexM4\ARM_GCC_541\Debug\cy_scb_i2c.o
 .text.SlaveHandleDataReceive
                0x10081978       0xbc .\CortexM4\ARM_GCC_541\Debug\cy_scb_i2c.o
 .text.Cy_SCB_I2C_Init
                0x10081a34      0x18c .\CortexM4\ARM_GCC_541\Debug\cy_scb_i2c.o
                0x10081a34                Cy_SCB_I2C_Init
 .text.Cy_SCB_I2C_GetDataRate
                0x10081bc0       0x90 .\CortexM4\ARM_GCC_541\Debug\cy_scb_i2c.o
                0x10081bc0                Cy_SCB_I2C_GetDataRate
 .text.Cy_SCB_I2C_SetDataRate
                0x10081c50      0x1d0 .\CortexM4\ARM_GCC_541\Debug\cy_scb_i2c.o
                0x10081c50                Cy_SCB_I2C_SetDataRate
 .text.Cy_SCB_I2C_MasterGetStatus
                0x10081e20        0x4 .\CortexM4\ARM_GCC_541\Debug\cy_scb_i2c.o
                0x10081e20                Cy_SCB_I2C_MasterGetStatus
 .text.Cy_SCB_I2C_MasterRead
                0x10081e24      0x170 .\CortexM4\ARM_GCC_541\Debug\cy_scb_i2c.o
                0x10081e24                Cy_SCB_I2C_MasterRead
 .text.Cy_SCB_I2C_MasterWrite
                0x10081f94      0x148 .\CortexM4\ARM_GCC_541\Debug\cy_scb_i2c.o
                0x10081f94                Cy_SCB_I2C_MasterWrite
 .text.Cy_SCB_I2C_SlaveInterrupt
                0x100820dc       0xe4 .\CortexM4\ARM_GCC_541\Debug\cy_scb_i2c.o
                0x100820dc                Cy_SCB_I2C_SlaveInterrupt
 .text.Cy_SCB_I2C_MasterInterrupt
                0x100821c0       0x8c .\CortexM4\ARM_GCC_541\Debug\cy_scb_i2c.o
                0x100821c0                Cy_SCB_I2C_MasterInterrupt
 .text.Cy_SCB_I2C_Interrupt
                0x1008224c       0x18 .\CortexM4\ARM_GCC_541\Debug\cy_scb_i2c.o
                0x1008224c                Cy_SCB_I2C_Interrupt
 .text.HandleDataTransmit
                0x10082264       0xdc .\CortexM4\ARM_GCC_541\Debug\cy_scb_uart.o
 .text.HandleDataReceive
                0x10082340       0xf8 .\CortexM4\ARM_GCC_541\Debug\cy_scb_uart.o
 .text.Cy_SCB_UART_Init
                0x10082438      0x364 .\CortexM4\ARM_GCC_541\Debug\cy_scb_uart.o
                0x10082438                Cy_SCB_UART_Init
 .text.Cy_SCB_UART_GetNumInRingBuffer
                0x1008279c       0x18 .\CortexM4\ARM_GCC_541\Debug\cy_scb_uart.o
                0x1008279c                Cy_SCB_UART_GetNumInRingBuffer
 .text.HandleRingBuffer
                0x100827b4       0xcc .\CortexM4\ARM_GCC_541\Debug\cy_scb_uart.o
 .text.Cy_SCB_UART_Interrupt
                0x10082880       0xe8 .\CortexM4\ARM_GCC_541\Debug\cy_scb_uart.o
                0x10082880                Cy_SCB_UART_Interrupt
 .text.Cy_TCPWM_Counter_Init
                0x10082968      0x110 .\CortexM4\ARM_GCC_541\Debug\cy_tcpwm_counter.o
                0x10082968                Cy_TCPWM_Counter_Init
 .text.Cy_SAR_Init
                0x10082a78      0x200 .\CortexM4\ARM_GCC_541\Debug\cy_sar.o
                0x10082a78                Cy_SAR_Init
 .text.Cy_SAR_DeInit
                0x10082c78       0x70 .\CortexM4\ARM_GCC_541\Debug\cy_sar.o
                0x10082c78                Cy_SAR_DeInit
 .text.Cy_SAR_Enable
                0x10082ce8       0x20 .\CortexM4\ARM_GCC_541\Debug\cy_sar.o
                0x10082ce8                Cy_SAR_Enable
 .text.Cy_SAR_StartConvert
                0x10082d08       0x2c .\CortexM4\ARM_GCC_541\Debug\cy_sar.o
                0x10082d08                Cy_SAR_StartConvert
 .text.Cy_SAR_StopConvert
                0x10082d34       0x14 .\CortexM4\ARM_GCC_541\Debug\cy_sar.o
                0x10082d34                Cy_SAR_StopConvert
 .text.Cy_SAR_IsEndConversion
                0x10082d48       0x64 .\CortexM4\ARM_GCC_541\Debug\cy_sar.o
                0x10082d48                Cy_SAR_IsEndConversion
 .text.Cy_SAR_IsChannelSingleEnded
                0x10082dac       0x34 .\CortexM4\ARM_GCC_541\Debug\cy_sar.o
                0x10082dac                Cy_SAR_IsChannelSingleEnded
 .text.Cy_SAR_IsChannelSigned
                0x10082de0       0x54 .\CortexM4\ARM_GCC_541\Debug\cy_sar.o
                0x10082de0                Cy_SAR_IsChannelSigned
 .text.Cy_SAR_GetResult32
                0x10082e34       0x3c .\CortexM4\ARM_GCC_541\Debug\cy_sar.o
                0x10082e34                Cy_SAR_GetResult32
 .text.Cy_SAR_RawCounts2Counts
                0x10082e70       0x80 .\CortexM4\ARM_GCC_541\Debug\cy_sar.o
                0x10082e70                Cy_SAR_RawCounts2Counts
 .text.Cy_SAR_CountsTo_mVolts
                0x10082ef0       0x74 .\CortexM4\ARM_GCC_541\Debug\cy_sar.o
                0x10082ef0                Cy_SAR_CountsTo_mVolts
 .text.UART_Interrupt
                0x10082f64       0x14 .\CortexM4\ARM_GCC_541\Debug\UART.o
 .text.UART_Start
                0x10082f78       0x64 .\CortexM4\ARM_GCC_541\Debug\UART.o
                0x10082f78                UART_Start
 .text.SensorBus_Interrupt
                0x10082fdc       0x14 .\CortexM4\ARM_GCC_541\Debug\SensorBus.o
 .text.SensorBus_Start
                0x10082ff0       0x78 .\CortexM4\ARM_GCC_541\Debug\SensorBus.o
                0x10082ff0                SensorBus_Start
 .text.Timer_Start
                0x10083068       0x30 .\CortexM4\ARM_GCC_541\Debug\Timer.o
                0x10083068                Timer_Start
 .text.ADC_1_InitConfig
                0x10083098       0x88 .\CortexM4\ARM_GCC_541\Debug\ADC_1.o
                0x10083098                ADC_1_InitConfig
 .text.ADC_1_StartConvert
                0x10083120       0x24 .\CortexM4\ARM_GCC_541\Debug\ADC_1.o
                0x10083120                ADC_1_StartConvert
 .text.ADC_1_IsEndConversion
                0x10083144       0x18 .\CortexM4\ARM_GCC_541\Debug\ADC_1.o
                0x10083144                ADC_1_IsEndConversion
 .text.ADC_1_Init
                0x1008315c       0x34 .\CortexM4\ARM_GCC_541\Debug\ADC_1.o
                0x1008315c                ADC_1_Init
 .text.ADC_1_Start
                0x10083190       0x2c .\CortexM4\ARM_GCC_541\Debug\ADC_1.o
                0x10083190                ADC_1_Start
 .text.ADC_1_ISR
                0x100831bc       0x30 .\CortexM4\ARM_GCC_541\Debug\ADC_1_INT.o
                0x100831bc                ADC_1_ISR
 .text.memset   0x100831ec       0x10 c:/program files (x86)/cypress/psoc creator/4.4/psoc creator/import/gnu/arm/5.4.1/bin/../lib/gcc/arm-none-eabi/5.4.1/../../../../arm-none-eabi/lib/armv7e-m/softfp\libg_nano.a(lib_a-memset.o)
                0x100831ec                memset
 .text.sprintf  0x100831fc       0x48 c:/program files (x86)/cypress/psoc creator/4.4/psoc creator/import/gnu/arm/5.4.1/bin/../lib/gcc/arm-none-eabi/5.4.1/../../../../arm-none-eabi/lib/armv7e-m/softfp\libg_nano.a(lib_a-sprintf.o)
                0x100831fc                siprintf
                0x100831fc                sprintf
 .text.strncpy  0x10083244       0x26 c:/program files (x86)/cypress/psoc creator/4.4/psoc creator/import/gnu/arm/5.4.1/bin/../lib/gcc/arm-none-eabi/5.4.1/../../../../arm-none-eabi/lib/armv7e-m/softfp\libg_nano.a(lib_a-strncpy.o)
                0x10083244                strncpy
 .text.__ssputs_r
                0x1008326a       0xb2 c:/program files (x86)/cypress/psoc creator/4.4/psoc creator/import/gnu/arm/5.4.1/bin/../lib/gcc/arm-none-eabi/5.4.1/../../../../arm-none-eabi/lib/armv7e-m/softfp\libg_nano.a(lib_a-nano-svfprintf.o)
                0x1008326a                __ssputs_r
 .text._svfprintf_r
                0x1008331c      0x1e8 c:/program files (x86)/cypress/psoc creator/4.4/psoc creator/import/gnu/arm/5.4.1/bin/../lib/gcc/arm-none-eabi/5.4.1/../../../../arm-none-eabi/lib/armv7e-m/softfp\libg_nano.a(lib_a-nano-svfprintf.o)
                0x1008331c                _svfiprintf_r
                0x1008331c                _svfprintf_r
 .text._printf_common
                0x10083504       0xec c:/program files (x86)/cypress/psoc creator/4.4/psoc creator/import/gnu/arm/5.4.1/bin/../lib/gcc/arm-none-eabi/5.4.1/../../../../arm-none-eabi/lib/armv7e-m/softfp\libg_nano.a(lib_a-nano-vfprintf_i.o)
                0x10083504                _printf_common
 .text._printf_i
                0x100835f0      0x24c c:/program files (x86)/cypress/psoc creator/4.4/psoc creator/import/gnu/arm/5.4.1/bin/../lib/gcc/arm-none-eabi/5.4.1/../../../../arm-none-eabi/lib/armv7e-m/softfp\libg_nano.a(lib_a-nano-vfprintf_i.o)
                0x100835f0                _printf_i
 *fill*         0x1008383c        0x4 
 .text          0x10083840       0xa0 c:/program files (x86)/cypress/psoc creator/4.4/psoc creator/import/gnu/arm/5.4.1/bin/../lib/gcc/arm-none-eabi/5.4.1/../../../../arm-none-eabi/lib/armv7e-m/softfp\libg_nano.a(lib_a-memchr.o)
                0x10083840                memchr
 .text.memcpy   0x100838e0       0x16 c:/program files (x86)/cypress/psoc creator/4.4/psoc creator/import/gnu/arm/5.4.1/bin/../lib/gcc/arm-none-eabi/5.4.1/../../../../arm-none-eabi/lib/armv7e-m/softfp\libg_nano.a(lib_a-memcpy-stub.o)
                0x100838e0                memcpy
 .text.memmove  0x100838f6       0x36 c:/program files (x86)/cypress/psoc creator/4.4/psoc creator/import/gnu/arm/5.4.1/bin/../lib/gcc/arm-none-eabi/5.4.1/../../../../arm-none-eabi/lib/armv7e-m/softfp\libg_nano.a(lib_a-memmove.o)
                0x100838f6                memmove
 .text._free_r  0x1008392c       0x9c c:/program files (x86)/cypress/psoc creator/4.4/psoc creator/import/gnu/arm/5.4.1/bin/../lib/gcc/arm-none-eabi/5.4.1/../../../../arm-none-eabi/lib/armv7e-m/softfp\libg_nano.a(lib_a-nano-freer.o)
                0x1008392c                _free_r
 .text._malloc_r
                0x100839c8       0xbc c:/program files (x86)/cypress/psoc creator/4.4/psoc creator/import/gnu/arm/5.4.1/bin/../lib/gcc/arm-none-eabi/5.4.1/../../../../arm-none-eabi/lib/armv7e-m/softfp\libg_nano.a(lib_a-nano-mallocr.o)
                0x100839c8                _malloc_r
 .text._realloc_r
                0x10083a84       0x4c c:/program files (x86)/cypress/psoc creator/4.4/psoc creator/import/gnu/arm/5.4.1/bin/../lib/gcc/arm-none-eabi/5.4.1/../../../../arm-none-eabi/lib/armv7e-m/softfp\libg_nano.a(lib_a-nano-reallocr.o)
                0x10083a84                _realloc_r
 .text._sbrk_r  0x10083ad0       0x20 c:/program files (x86)/cypress/psoc creator/4.4/psoc creator/import/gnu/arm/5.4.1/bin/../lib/gcc/arm-none-eabi/5.4.1/../../../../arm-none-eabi/lib/armv7e-m/softfp\libg_nano.a(lib_a-sbrkr.o)
                0x10083ad0                _sbrk_r
 .text.__malloc_lock
                0x10083af0        0x2 c:/program files (x86)/cypress/psoc creator/4.4/psoc creator/import/gnu/arm/5.4.1/bin/../lib/gcc/arm-none-eabi/5.4.1/../../../../arm-none-eabi/lib/armv7e-m/softfp\libg_nano.a(lib_a-mlock.o)
                0x10083af0                __malloc_lock
 .text.__malloc_unlock
                0x10083af2        0x2 c:/program files (x86)/cypress/psoc creator/4.4/psoc creator/import/gnu/arm/5.4.1/bin/../lib/gcc/arm-none-eabi/5.4.1/../../../../arm-none-eabi/lib/armv7e-m/softfp\libg_nano.a(lib_a-mlock.o)
                0x10083af2                __malloc_unlock
 .text._malloc_usable_size_r
                0x10083af4       0x14 c:/program files (x86)/cypress/psoc creator/4.4/psoc creator/import/gnu/arm/5.4.1/bin/../lib/gcc/arm-none-eabi/5.4.1/../../../../arm-none-eabi/lib/armv7e-m/softfp\libg_nano.a(lib_a-nano-msizer.o)
                0x10083af4                _malloc_usable_size_r
 .text._sbrk    0x10083b08       0x1c c:/program files (x86)/cypress/psoc creator/4.4/psoc creator/import/gnu/arm/5.4.1/bin/../lib/gcc/arm-none-eabi/5.4.1/../../../../arm-none-eabi/lib/armv7e-m/softfp\libnosys.a(sbrk.o)
                0x10083b08                _sbrk
 *(.init)
 .init          0x10083b24        0x4 c:/program files (x86)/cypress/psoc creator/4.4/psoc creator/import/gnu/arm/5.4.1/bin/../lib/gcc/arm-none-eabi/5.4.1/armv7e-m/softfp/crti.o
                0x10083b24                _init
 .init          0x10083b28        0x8 c:/program files (x86)/cypress/psoc creator/4.4/psoc creator/import/gnu/arm/5.4.1/bin/../lib/gcc/arm-none-eabi/5.4.1/armv7e-m/softfp/crtn.o
 *(.fini)
 .fini          0x10083b30        0x4 c:/program files (x86)/cypress/psoc creator/4.4/psoc creator/import/gnu/arm/5.4.1/bin/../lib/gcc/arm-none-eabi/5.4.1/armv7e-m/softfp/crti.o
                0x10083b30                _fini
 .fini          0x10083b34        0x8 c:/program files (x86)/cypress/psoc creator/4.4/psoc creator/import/gnu/arm/5.4.1/bin/../lib/gcc/arm-none-eabi/5.4.1/armv7e-m/softfp/crtn.o
 *crtbegin.o(.ctors)
 *crtbegin?.o(.ctors)
 *(EXCLUDE_FILE(*crtend.o *crtend?.o) .ctors)
 *(SORT(.ctors.*))
 *(.ctors)
 *crtbegin.o(.dtors)
 *crtbegin?.o(.dtors)
 *(EXCLUDE_FILE(*crtend.o *crtend?.o) .dtors)
 *(SORT(.dtors.*))
 *(.dtors)
 *(.rodata .rodata.* .constdata .constdata.* .conststring .conststring.*)
 .rodata        0x10083b3c       0x34 .\CortexM4\ARM_GCC_541\Debug\system_psoc6_cm4.o
 .rodata.str1.4
                0x10083b70       0xdc .\CortexM4\ARM_GCC_541\Debug\main_cm4.o
 .rodata        0x10083c4c       0x18 .\CortexM4\ARM_GCC_541\Debug\cyfitter_sysint_cfg.o
                0x10083c4c                ADC_1_IRQ_cfg
                0x10083c54                SensorBus_SCB_IRQ_cfg
                0x10083c5c                UART_SCB_IRQ_cfg
 .rodata.str1.4
                0x10083c64       0x3f .\CortexM4\ARM_GCC_541\Debug\cy_flash.o
 *fill*         0x10083ca3        0x1 
 .rodata.str1.4
                0x10083ca4       0x7f .\CortexM4\ARM_GCC_541\Debug\cy_ipc_drv.o
 .rodata.str1.4
                0x10083d23       0x3f .\CortexM4\ARM_GCC_541\Debug\cy_ipc_sema.o
 *fill*         0x10083d23        0x1 
 .rodata.str1.4
                0x10083d24       0x40 .\CortexM4\ARM_GCC_541\Debug\cy_ipc_pipe.o
                                 0x7f (size before relaxing)
 .rodata.str1.4
                0x10083d64       0x41 .\CortexM4\ARM_GCC_541\Debug\cy_sysint.o
 *fill*         0x10083da5        0x3 
 .rodata        0x10083da8      0x170 .\CortexM4\ARM_GCC_541\Debug\cy_device.o
                0x10083da8                cy_deviceIpBlockCfgPSoC6_02
                0x10083e60                cy_deviceIpBlockCfgPSoC6_01
 .rodata.str1.4
                0x10083f18       0xc3 .\CortexM4\ARM_GCC_541\Debug\cy_scb_i2c.o
 *fill*         0x10083fdb        0x1 
 .rodata.str1.4
                0x10083fdc       0x80 .\CortexM4\ARM_GCC_541\Debug\cy_scb_uart.o
                                 0xc4 (size before relaxing)
 .rodata.str1.4
                0x1008405c       0x3b .\CortexM4\ARM_GCC_541\Debug\cy_sar.o
 *fill*         0x10084097        0x1 
 .rodata        0x10084098       0x40 .\CortexM4\ARM_GCC_541\Debug\UART.o
                0x10084098                UART_config
 .rodata        0x100840d8       0x14 .\CortexM4\ARM_GCC_541\Debug\SensorBus.o
                0x100840d8                SensorBus_config
 .rodata        0x100840ec       0x4c .\CortexM4\ARM_GCC_541\Debug\Timer.o
                0x100840ec                Timer_config
 .rodata.str1.4
                0x10084138       0x3c .\CortexM4\ARM_GCC_541\Debug\ADC_1_INT.o
                                 0x3b (size before relaxing)
 .rodata        0x10084174       0x8c .\CortexM4\ARM_GCC_541\Debug\ADC_1_INIT.o
                0x10084174                ADC_1_allConfigs
 .rodata.str1.1
                0x10084200        0x2 c:/program files (x86)/cypress/psoc creator/4.4/psoc creator/import/gnu/arm/5.4.1/bin/../lib/gcc/arm-none-eabi/5.4.1/../../../../arm-none-eabi/lib/armv7e-m/softfp\libg_nano.a(lib_a-impure.o)
 .rodata.str1.1
                0x10084202       0x11 c:/program files (x86)/cypress/psoc creator/4.4/psoc creator/import/gnu/arm/5.4.1/bin/../lib/gcc/arm-none-eabi/5.4.1/../../../../arm-none-eabi/lib/armv7e-m/softfp\libg_nano.a(lib_a-nano-svfprintf.o)
 .rodata.str1.1
                0x10084213       0x22 c:/program files (x86)/cypress/psoc creator/4.4/psoc creator/import/gnu/arm/5.4.1/bin/../lib/gcc/arm-none-eabi/5.4.1/../../../../arm-none-eabi/lib/armv7e-m/softfp\libg_nano.a(lib_a-nano-vfprintf_i.o)
 *(.eh_frame*)
 *fill*         0x10084235        0x3 
 .eh_frame      0x10084238        0x0 c:/program files (x86)/cypress/psoc creator/4.4/psoc creator/import/gnu/arm/5.4.1/bin/../lib/gcc/arm-none-eabi/5.4.1/armv7e-m/softfp/crtbegin.o
 .eh_frame      0x10084238        0x4 c:/program files (x86)/cypress/psoc creator/4.4/psoc creator/import/gnu/arm/5.4.1/bin/../lib/gcc/arm-none-eabi/5.4.1/armv7e-m/softfp/crtend.o

.glue_7         0x1008423c        0x0
 .glue_7        0x1008423c        0x0 linker stubs

.glue_7t        0x1008423c        0x0
 .glue_7t       0x1008423c        0x0 linker stubs

.vfp11_veneer   0x1008423c        0x0
 .vfp11_veneer  0x1008423c        0x0 linker stubs

.v4_bx          0x1008423c        0x0
 .v4_bx         0x1008423c        0x0 linker stubs

.iplt           0x1008423c        0x0
 .iplt          0x1008423c        0x0 c:/program files (x86)/cypress/psoc creator/4.4/psoc creator/import/gnu/arm/5.4.1/bin/../lib/gcc/arm-none-eabi/5.4.1/armv7e-m/softfp/crtbegin.o

.ARM.extab
 *(.ARM.extab* .gnu.linkonce.armextab.*)
                0x1008423c                __exidx_start = .

.ARM.exidx
 *(.ARM.exidx* .gnu.linkonce.armexidx.*)
                0x1008423c                __exidx_end = .

.copy.table     0x1008423c       0x18
                0x1008423c                . = ALIGN (0x4)
                0x1008423c                __copy_table_start__ = .
                0x1008423c        0x4 LONG 0x10080000 __Vectors
                0x10084240        0x4 LONG 0x8024000 __ram_vectors_start__
                0x10084244        0x4 LONG 0x28c (__Vectors_End - __Vectors)
                0x10084248        0x4 LONG 0x1008425c __etext
                0x1008424c        0x4 LONG 0x802428c __data_start__
                0x10084250        0x4 LONG 0x62c (__data_end__ - __data_start__)
                0x10084254                __copy_table_end__ = .

.zero.table     0x10084254        0x8
                0x10084254                . = ALIGN (0x4)
                0x10084254                __zero_table_start__ = .
                0x10084254        0x4 LONG 0x802494c __bss_start__
                0x10084258        0x4 LONG 0x31c (__bss_end__ - __bss_start__)
                0x1008425c                __zero_table_end__ = .
                0x1008425c                __etext = .

.ramVectors     0x08024000      0x28c
                0x08024000                __ram_vectors_start__ = .
 *(.ram_vectors)
 .ram_vectors   0x08024000      0x28c .\CortexM4\ARM_GCC_541\Debug\startup_psoc6_01_cm4.o
                0x08024000                __ramVectors
                0x0802428c                __ram_vectors_end__ = .

.data           0x0802428c      0x62c load address 0x1008425c
                0x0802428c                __data_start__ = .
 *(vtable)
 *(.data*)
 .data          0x0802428c       0x20 .\CortexM4\ARM_GCC_541\Debug\system_psoc6_cm4.o
                0x0802428c                cy_BleEcoClockFreqHz
                0x08024290                cy_Hfclk0FreqHz
                0x08024294                cy_PeriClkFreqHz
                0x08024298                SystemCoreClock
                0x0802429c                cy_delayFreqHz
                0x080242a0                cy_delayFreqMhz
                0x080242a4                cy_delayFreqKhz
                0x080242a8                cy_delay32kMs
 .data          0x080242ac        0x2 .\CortexM4\ARM_GCC_541\Debug\main_cm4.o
                0x080242ac                lowTemp
                0x080242ad                lowCurrent
 *fill*         0x080242ae        0x2 
 .data.impure_data
                0x080242b0       0x60 c:/program files (x86)/cypress/psoc creator/4.4/psoc creator/import/gnu/arm/5.4.1/bin/../lib/gcc/arm-none-eabi/5.4.1/../../../../arm-none-eabi/lib/armv7e-m/softfp\libg_nano.a(lib_a-impure.o)
 .data._impure_ptr
                0x08024310        0x4 c:/program files (x86)/cypress/psoc creator/4.4/psoc creator/import/gnu/arm/5.4.1/bin/../lib/gcc/arm-none-eabi/5.4.1/../../../../arm-none-eabi/lib/armv7e-m/softfp\libg_nano.a(lib_a-impure.o)
                0x08024310                _impure_ptr
                0x08024314                . = ALIGN (0x4)
                0x08024314                PROVIDE (__preinit_array_start, .)
 *(.preinit_array)
                0x08024314                PROVIDE (__preinit_array_end, .)
                0x08024314                . = ALIGN (0x4)
                0x08024314                PROVIDE (__init_array_start, .)
 *(SORT(.init_array.*))
 *(.init_array)
 .init_array    0x08024314        0x4 c:/program files (x86)/cypress/psoc creator/4.4/psoc creator/import/gnu/arm/5.4.1/bin/../lib/gcc/arm-none-eabi/5.4.1/armv7e-m/softfp/crtbegin.o
                0x08024318                PROVIDE (__init_array_end, .)
                0x08024318                . = ALIGN (0x4)
                [!provide]                PROVIDE (__fini_array_start, .)
 *(SORT(.fini_array.*))
 *(.fini_array)
 .fini_array    0x08024318        0x4 c:/program files (x86)/cypress/psoc creator/4.4/psoc creator/import/gnu/arm/5.4.1/bin/../lib/gcc/arm-none-eabi/5.4.1/armv7e-m/softfp/crtbegin.o
                [!provide]                PROVIDE (__fini_array_end, .)
 *(.jcr*)
 .jcr           0x0802431c        0x0 c:/program files (x86)/cypress/psoc creator/4.4/psoc creator/import/gnu/arm/5.4.1/bin/../lib/gcc/arm-none-eabi/5.4.1/armv7e-m/softfp/crtbegin.o
 .jcr           0x0802431c        0x4 c:/program files (x86)/cypress/psoc creator/4.4/psoc creator/import/gnu/arm/5.4.1/bin/../lib/gcc/arm-none-eabi/5.4.1/armv7e-m/softfp/crtend.o
                0x08024320                . = ALIGN (0x4)
 *(.cy_ramfunc*)
 .cy_ramfunc    0x08024320      0x300 .\CortexM4\ARM_GCC_541\Debug\cy_flash.o
                0x0802438c                Cy_Flash_ResumeIrqHandler
 .cy_ramfunc    0x08024620      0x218 .\CortexM4\ARM_GCC_541\Debug\cy_syspm.o
 .cy_ramfunc.__stub
                0x08024838       0x80 linker stubs
                0x080248b8                . = ALIGN (0x4)
                0x080248b8                __data_end__ = .

.igot.plt       0x080248b8        0x0 load address 0x10084888
 .igot.plt      0x080248b8        0x0 c:/program files (x86)/cypress/psoc creator/4.4/psoc creator/import/gnu/arm/5.4.1/bin/../lib/gcc/arm-none-eabi/5.4.1/armv7e-m/softfp/crtbegin.o

.noinit         0x080248b8       0x94 load address 0x10084888
 *(.noinit)
 .noinit        0x080248b8       0x94 .\CortexM4\ARM_GCC_541\Debug\cy_syslib.o
                0x080248b8                cy_assertFileName
                0x080248d0                cy_assertLine
                0x080248d4                cy_faultFrame

.bss            0x0802494c      0x31c load address 0x1008491c
                0x0802494c                . = ALIGN (0x4)
                0x0802494c                __bss_start__ = .
 *(.bss*)
 .bss           0x0802494c       0x1c c:/program files (x86)/cypress/psoc creator/4.4/psoc creator/import/gnu/arm/5.4.1/bin/../lib/gcc/arm-none-eabi/5.4.1/armv7e-m/softfp/crtbegin.o
 .bss           0x08024968      0x180 .\CortexM4\ARM_GCC_541\Debug\system_psoc6_cm4.o
 .bss           0x08024ae8       0x17 .\CortexM4\ARM_GCC_541\Debug\main_cm4.o
                0x08024afe                stopPlease
 *fill*         0x08024aff        0x1 
 .bss           0x08024b00       0x18 .\CortexM4\ARM_GCC_541\Debug\cy_flash.o
 .bss           0x08024b18        0xc .\CortexM4\ARM_GCC_541\Debug\cy_ipc_sema.o
 .bss           0x08024b24        0x4 .\CortexM4\ARM_GCC_541\Debug\cy_ipc_pipe.o
 .bss           0x08024b28       0x3c .\CortexM4\ARM_GCC_541\Debug\cy_syspm.o
 .bss           0x08024b64        0x1 .\CortexM4\ARM_GCC_541\Debug\UART.o
                0x08024b64                UART_initVar
 .bss           0x08024b65        0x1 .\CortexM4\ARM_GCC_541\Debug\SensorBus.o
                0x08024b65                SensorBus_initVar
 .bss           0x08024b66        0x1 .\CortexM4\ARM_GCC_541\Debug\Timer.o
                0x08024b66                Timer_initVar
 *fill*         0x08024b67        0x1 
 .bss           0x08024b68        0x6 .\CortexM4\ARM_GCC_541\Debug\ADC_1.o
                0x08024b68                ADC_1_currentConfig
                0x08024b6c                ADC_1_initVar
                0x08024b6d                ADC_1_selected
 *fill*         0x08024b6e        0x2 
 .bss.__malloc_sbrk_start
                0x08024b70        0x4 c:/program files (x86)/cypress/psoc creator/4.4/psoc creator/import/gnu/arm/5.4.1/bin/../lib/gcc/arm-none-eabi/5.4.1/../../../../arm-none-eabi/lib/armv7e-m/softfp\libg_nano.a(lib_a-nano-mallocr.o)
                0x08024b70                __malloc_sbrk_start
 .bss.__malloc_free_list
                0x08024b74        0x4 c:/program files (x86)/cypress/psoc creator/4.4/psoc creator/import/gnu/arm/5.4.1/bin/../lib/gcc/arm-none-eabi/5.4.1/../../../../arm-none-eabi/lib/armv7e-m/softfp\libg_nano.a(lib_a-nano-mallocr.o)
                0x08024b74                __malloc_free_list
 .bss.heap_end.4169
                0x08024b78        0x4 c:/program files (x86)/cypress/psoc creator/4.4/psoc creator/import/gnu/arm/5.4.1/bin/../lib/gcc/arm-none-eabi/5.4.1/../../../../arm-none-eabi/lib/armv7e-m/softfp\libnosys.a(sbrk.o)
 *(COMMON)
 COMMON         0x08024b7c        0x4 .\CortexM4\ARM_GCC_541\Debug\cy_device.o
                0x08024b7c                cy_device
 COMMON         0x08024b80       0x60 .\CortexM4\ARM_GCC_541\Debug\cy_sar.o
                0x08024b80                Cy_SAR_offset
                0x08024ba0                Cy_SAR_countsPer10Volt
 COMMON         0x08024be0       0x38 .\CortexM4\ARM_GCC_541\Debug\UART.o
                0x08024be0                UART_context
 COMMON         0x08024c18       0x4c .\CortexM4\ARM_GCC_541\Debug\SensorBus.o
                0x08024c18                SensorBus_context
 COMMON         0x08024c64        0x4 c:/program files (x86)/cypress/psoc creator/4.4/psoc creator/import/gnu/arm/5.4.1/bin/../lib/gcc/arm-none-eabi/5.4.1/../../../../arm-none-eabi/lib/armv7e-m/softfp\libg_nano.a(lib_a-reent.o)
                0x08024c64                errno
                0x08024c68                . = ALIGN (0x4)
                0x08024c68                __bss_end__ = .

.heap           0x08024c68      0x400
                0x08024c68                __HeapBase = .
                0x08024c68                __end__ = .
                0x08024c68                end = __end__
 *(.heap*)
 .heap          0x08024c68      0x400 .\CortexM4\ARM_GCC_541\Debug\startup_psoc6_01_cm4.o
                0x08025068                __HeapLimit = .

.stack_dummy    0x08024c68     0x1000
 *(.stack*)
 .stack         0x08024c68     0x1000 .\CortexM4\ARM_GCC_541\Debug\startup_psoc6_01_cm4.o
                0x08047800                __StackTop = (ORIGIN (ram) + LENGTH (ram))
                0x08046800                __StackLimit = (__StackTop - SIZEOF (.stack_dummy))
                0x08047800                PROVIDE (__stack, __StackTop)
                0x00000001                ASSERT ((__StackLimit >= __HeapLimit), region RAM overflowed with stack)

.cy_app_signature
 *(.cy_app_signature)

.cy_em_eeprom
 *(.cy_em_eeprom)

.cy_sflash_user_data
 *(.cy_sflash_user_data)

.cy_sflash_nar
 *(.cy_sflash_nar)

.cy_sflash_public_key
 *(.cy_sflash_public_key)

.cy_toc_part2
 *(.cy_toc_part2)

.cy_rtoc_part2
 *(.cy_rtoc_part2)

.cy_xip
 *(.cy_xip)

.cy_efuse
 *(.cy_efuse)

.cymeta         0x90500000        0xc
 *(.cymeta)
 .cymeta        0x90500000        0xc .\CortexM4\ARM_GCC_541\Debug\cymetadata.o
                0x90500000                cy_metadata
                0x10000000                __cy_memory_0_start = 0x10000000
                0x00100000                __cy_memory_0_length = 0x100000
                0x00000200                __cy_memory_0_row_size = 0x200
                0x14000000                __cy_memory_1_start = 0x14000000
                0x00008000                __cy_memory_1_length = 0x8000
                0x00000200                __cy_memory_1_row_size = 0x200
                0x16000000                __cy_memory_2_start = 0x16000000
                0x00008000                __cy_memory_2_length = 0x8000
                0x00000200                __cy_memory_2_row_size = 0x200
                0x18000000                __cy_memory_3_start = 0x18000000
                0x08000000                __cy_memory_3_length = 0x8000000
                0x00000200                __cy_memory_3_row_size = 0x200
                0x90700000                __cy_memory_4_start = 0x90700000
                0x00100000                __cy_memory_4_length = 0x100000
                0x00000001                __cy_memory_4_row_size = 0x1
OUTPUT(C:\Users\cdrow\Documents\GitHub\Li-CellTesting_Script\Master_read\master_read.cydsn\CortexM4\ARM_GCC_541\Debug\master_read_link.elf elf32-littlearm)

.rel.dyn        0x08024c68        0x0 load address 0x9855ffdc
 .rel.iplt      0x08024c68        0x0 c:/program files (x86)/cypress/psoc creator/4.4/psoc creator/import/gnu/arm/5.4.1/bin/../lib/gcc/arm-none-eabi/5.4.1/armv7e-m/softfp/crtbegin.o

.ARM.attributes
                0x00000000       0x2e
 .ARM.attributes
                0x00000000       0x22 c:/program files (x86)/cypress/psoc creator/4.4/psoc creator/import/gnu/arm/5.4.1/bin/../lib/gcc/arm-none-eabi/5.4.1/armv7e-m/softfp/crti.o
 .ARM.attributes
                0x00000022       0x32 c:/program files (x86)/cypress/psoc creator/4.4/psoc creator/import/gnu/arm/5.4.1/bin/../lib/gcc/arm-none-eabi/5.4.1/armv7e-m/softfp/crtbegin.o
 .ARM.attributes
                0x00000054       0x1f .\CortexM4\ARM_GCC_541\Debug\startup_psoc6_01_cm4.o
 .ARM.attributes
                0x00000073       0x37 .\CortexM4\ARM_GCC_541\Debug\system_psoc6_cm4.o
 .ARM.attributes
                0x000000aa       0x37 .\CortexM4\ARM_GCC_541\Debug\main_cm4.o
 .ARM.attributes
                0x000000e1       0x37 .\CortexM4\ARM_GCC_541\Debug\cyfitter_sysint_cfg.o
 .ARM.attributes
                0x00000118       0x37 .\CortexM4\ARM_GCC_541\Debug\cymetadata.o
 .ARM.attributes
                0x0000014f       0x37 .\CortexM4\ARM_GCC_541\Debug\cy_flash.o
 .ARM.attributes
                0x00000186       0x37 .\CortexM4\ARM_GCC_541\Debug\cy_ipc_drv.o
 .ARM.attributes
                0x000001bd       0x37 .\CortexM4\ARM_GCC_541\Debug\cy_ipc_sema.o
 .ARM.attributes
                0x000001f4       0x37 .\CortexM4\ARM_GCC_541\Debug\cy_ipc_pipe.o
 .ARM.attributes
                0x0000022b       0x37 .\CortexM4\ARM_GCC_541\Debug\cy_sysint.o
 .ARM.attributes
                0x00000262       0x37 .\CortexM4\ARM_GCC_541\Debug\cy_syslib.o
 .ARM.attributes
                0x00000299       0x25 .\CortexM4\ARM_GCC_541\Debug\cy_syslib_gcc.o
 .ARM.attributes
                0x000002be       0x37 .\CortexM4\ARM_GCC_541\Debug\cy_syspm.o
 .ARM.attributes
                0x000002f5       0x37 .\CortexM4\ARM_GCC_541\Debug\cy_device.o
 .ARM.attributes
                0x0000032c       0x37 .\CortexM4\ARM_GCC_541\Debug\cy_scb_common.o
 .ARM.attributes
                0x00000363       0x37 .\CortexM4\ARM_GCC_541\Debug\cy_scb_i2c.o
 .ARM.attributes
                0x0000039a       0x37 .\CortexM4\ARM_GCC_541\Debug\cy_scb_uart.o
 .ARM.attributes
                0x000003d1       0x37 .\CortexM4\ARM_GCC_541\Debug\cy_tcpwm_counter.o
 .ARM.attributes
                0x00000408       0x37 .\CortexM4\ARM_GCC_541\Debug\cy_sar.o
 .ARM.attributes
                0x0000043f       0x37 .\CortexM4\ARM_GCC_541\Debug\UART.o
 .ARM.attributes
                0x00000476       0x37 .\CortexM4\ARM_GCC_541\Debug\SensorBus.o
 .ARM.attributes
                0x000004ad       0x37 .\CortexM4\ARM_GCC_541\Debug\Timer.o
 .ARM.attributes
                0x000004e4       0x37 .\CortexM4\ARM_GCC_541\Debug\ADC_1.o
 .ARM.attributes
                0x0000051b       0x37 .\CortexM4\ARM_GCC_541\Debug\ADC_1_INT.o
 .ARM.attributes
                0x00000552       0x37 .\CortexM4\ARM_GCC_541\Debug\ADC_1_INIT.o
 .ARM.attributes
                0x00000589       0x32 c:/program files (x86)/cypress/psoc creator/4.4/psoc creator/import/gnu/arm/5.4.1/bin/../lib/gcc/arm-none-eabi/5.4.1/../../../../arm-none-eabi/lib/armv7e-m/softfp\libg_nano.a(lib_a-impure.o)
 .ARM.attributes
                0x000005bb       0x32 c:/program files (x86)/cypress/psoc creator/4.4/psoc creator/import/gnu/arm/5.4.1/bin/../lib/gcc/arm-none-eabi/5.4.1/../../../../arm-none-eabi/lib/armv7e-m/softfp\libg_nano.a(lib_a-memset.o)
 .ARM.attributes
                0x000005ed       0x32 c:/program files (x86)/cypress/psoc creator/4.4/psoc creator/import/gnu/arm/5.4.1/bin/../lib/gcc/arm-none-eabi/5.4.1/../../../../arm-none-eabi/lib/armv7e-m/softfp\libg_nano.a(lib_a-sprintf.o)
 .ARM.attributes
                0x0000061f       0x32 c:/program files (x86)/cypress/psoc creator/4.4/psoc creator/import/gnu/arm/5.4.1/bin/../lib/gcc/arm-none-eabi/5.4.1/../../../../arm-none-eabi/lib/armv7e-m/softfp\libg_nano.a(lib_a-strncpy.o)
 .ARM.attributes
                0x00000651       0x32 c:/program files (x86)/cypress/psoc creator/4.4/psoc creator/import/gnu/arm/5.4.1/bin/../lib/gcc/arm-none-eabi/5.4.1/../../../../arm-none-eabi/lib/armv7e-m/softfp\libg_nano.a(lib_a-nano-svfprintf.o)
 .ARM.attributes
                0x00000683       0x32 c:/program files (x86)/cypress/psoc creator/4.4/psoc creator/import/gnu/arm/5.4.1/bin/../lib/gcc/arm-none-eabi/5.4.1/../../../../arm-none-eabi/lib/armv7e-m/softfp\libg_nano.a(lib_a-nano-vfprintf_i.o)
 .ARM.attributes
                0x000006b5       0x20 c:/program files (x86)/cypress/psoc creator/4.4/psoc creator/import/gnu/arm/5.4.1/bin/../lib/gcc/arm-none-eabi/5.4.1/../../../../arm-none-eabi/lib/armv7e-m/softfp\libg_nano.a(lib_a-memchr.o)
 .ARM.attributes
                0x000006d5       0x32 c:/program files (x86)/cypress/psoc creator/4.4/psoc creator/import/gnu/arm/5.4.1/bin/../lib/gcc/arm-none-eabi/5.4.1/../../../../arm-none-eabi/lib/armv7e-m/softfp\libg_nano.a(lib_a-memcpy-stub.o)
 .ARM.attributes
                0x00000707       0x32 c:/program files (x86)/cypress/psoc creator/4.4/psoc creator/import/gnu/arm/5.4.1/bin/../lib/gcc/arm-none-eabi/5.4.1/../../../../arm-none-eabi/lib/armv7e-m/softfp\libg_nano.a(lib_a-memmove.o)
 .ARM.attributes
                0x00000739       0x32 c:/program files (x86)/cypress/psoc creator/4.4/psoc creator/import/gnu/arm/5.4.1/bin/../lib/gcc/arm-none-eabi/5.4.1/../../../../arm-none-eabi/lib/armv7e-m/softfp\libg_nano.a(lib_a-nano-freer.o)
 .ARM.attributes
                0x0000076b       0x32 c:/program files (x86)/cypress/psoc creator/4.4/psoc creator/import/gnu/arm/5.4.1/bin/../lib/gcc/arm-none-eabi/5.4.1/../../../../arm-none-eabi/lib/armv7e-m/softfp\libg_nano.a(lib_a-nano-mallocr.o)
 .ARM.attributes
                0x0000079d       0x32 c:/program files (x86)/cypress/psoc creator/4.4/psoc creator/import/gnu/arm/5.4.1/bin/../lib/gcc/arm-none-eabi/5.4.1/../../../../arm-none-eabi/lib/armv7e-m/softfp\libg_nano.a(lib_a-nano-reallocr.o)
 .ARM.attributes
                0x000007cf       0x32 c:/program files (x86)/cypress/psoc creator/4.4/psoc creator/import/gnu/arm/5.4.1/bin/../lib/gcc/arm-none-eabi/5.4.1/../../../../arm-none-eabi/lib/armv7e-m/softfp\libg_nano.a(lib_a-sbrkr.o)
 .ARM.attributes
                0x00000801       0x32 c:/program files (x86)/cypress/psoc creator/4.4/psoc creator/import/gnu/arm/5.4.1/bin/../lib/gcc/arm-none-eabi/5.4.1/../../../../arm-none-eabi/lib/armv7e-m/softfp\libg_nano.a(lib_a-mlock.o)
 .ARM.attributes
                0x00000833       0x32 c:/program files (x86)/cypress/psoc creator/4.4/psoc creator/import/gnu/arm/5.4.1/bin/../lib/gcc/arm-none-eabi/5.4.1/../../../../arm-none-eabi/lib/armv7e-m/softfp\libg_nano.a(lib_a-nano-msizer.o)
 .ARM.attributes
                0x00000865       0x32 c:/program files (x86)/cypress/psoc creator/4.4/psoc creator/import/gnu/arm/5.4.1/bin/../lib/gcc/arm-none-eabi/5.4.1/../../../../arm-none-eabi/lib/armv7e-m/softfp\libg_nano.a(lib_a-reent.o)
 .ARM.attributes
                0x00000897       0x32 c:/program files (x86)/cypress/psoc creator/4.4/psoc creator/import/gnu/arm/5.4.1/bin/../lib/gcc/arm-none-eabi/5.4.1/armv7e-m/softfp/crtend.o
 .ARM.attributes
                0x000008c9       0x22 c:/program files (x86)/cypress/psoc creator/4.4/psoc creator/import/gnu/arm/5.4.1/bin/../lib/gcc/arm-none-eabi/5.4.1/armv7e-m/softfp/crtn.o
 .ARM.attributes
                0x000008eb       0x32 c:/program files (x86)/cypress/psoc creator/4.4/psoc creator/import/gnu/arm/5.4.1/bin/../lib/gcc/arm-none-eabi/5.4.1/../../../../arm-none-eabi/lib/armv7e-m/softfp\libnosys.a(sbrk.o)

.comment        0x00000000       0x6e
 .comment       0x00000000       0x6e .\CortexM4\ARM_GCC_541\Debug\system_psoc6_cm4.o
                                 0x6f (size before relaxing)
 .comment       0x0000006e       0x6f .\CortexM4\ARM_GCC_541\Debug\main_cm4.o
 .comment       0x0000006e       0x6f .\CortexM4\ARM_GCC_541\Debug\cyfitter_sysint_cfg.o
 .comment       0x0000006e       0x6f .\CortexM4\ARM_GCC_541\Debug\cymetadata.o
 .comment       0x0000006e       0x6f .\CortexM4\ARM_GCC_541\Debug\cy_flash.o
 .comment       0x0000006e       0x6f .\CortexM4\ARM_GCC_541\Debug\cy_ipc_drv.o
 .comment       0x0000006e       0x6f .\CortexM4\ARM_GCC_541\Debug\cy_ipc_sema.o
 .comment       0x0000006e       0x6f .\CortexM4\ARM_GCC_541\Debug\cy_ipc_pipe.o
 .comment       0x0000006e       0x6f .\CortexM4\ARM_GCC_541\Debug\cy_sysint.o
 .comment       0x0000006e       0x6f .\CortexM4\ARM_GCC_541\Debug\cy_syslib.o
 .comment       0x0000006e       0x6f .\CortexM4\ARM_GCC_541\Debug\cy_syspm.o
 .comment       0x0000006e       0x6f .\CortexM4\ARM_GCC_541\Debug\cy_device.o
 .comment       0x0000006e       0x6f .\CortexM4\ARM_GCC_541\Debug\cy_scb_common.o
 .comment       0x0000006e       0x6f .\CortexM4\ARM_GCC_541\Debug\cy_scb_i2c.o
 .comment       0x0000006e       0x6f .\CortexM4\ARM_GCC_541\Debug\cy_scb_uart.o
 .comment       0x0000006e       0x6f .\CortexM4\ARM_GCC_541\Debug\cy_tcpwm_counter.o
 .comment       0x0000006e       0x6f .\CortexM4\ARM_GCC_541\Debug\cy_sar.o
 .comment       0x0000006e       0x6f .\CortexM4\ARM_GCC_541\Debug\UART.o
 .comment       0x0000006e       0x6f .\CortexM4\ARM_GCC_541\Debug\SensorBus.o
 .comment       0x0000006e       0x6f .\CortexM4\ARM_GCC_541\Debug\Timer.o
 .comment       0x0000006e       0x6f .\CortexM4\ARM_GCC_541\Debug\ADC_1.o
 .comment       0x0000006e       0x6f .\CortexM4\ARM_GCC_541\Debug\ADC_1_INT.o
 .comment       0x0000006e       0x6f .\CortexM4\ARM_GCC_541\Debug\ADC_1_INIT.o

.debug_line     0x00000000     0x74dd
 .debug_line    0x00000000       0x8e .\CortexM4\ARM_GCC_541\Debug\startup_psoc6_01_cm4.o
 .debug_line    0x0000008e      0x435 .\CortexM4\ARM_GCC_541\Debug\system_psoc6_cm4.o
 .debug_line    0x000004c3      0x728 .\CortexM4\ARM_GCC_541\Debug\main_cm4.o
 .debug_line    0x00000beb      0x24f .\CortexM4\ARM_GCC_541\Debug\cyfitter_sysint_cfg.o
 .debug_line    0x00000e3a      0x141 .\CortexM4\ARM_GCC_541\Debug\cymetadata.o
 .debug_line    0x00000f7b      0x7d2 .\CortexM4\ARM_GCC_541\Debug\cy_flash.o
 .debug_line    0x0000174d      0x33e .\CortexM4\ARM_GCC_541\Debug\cy_ipc_drv.o
 .debug_line    0x00001a8b      0x407 .\CortexM4\ARM_GCC_541\Debug\cy_ipc_sema.o
 .debug_line    0x00001e92      0x57c .\CortexM4\ARM_GCC_541\Debug\cy_ipc_pipe.o
 .debug_line    0x0000240e      0x2db .\CortexM4\ARM_GCC_541\Debug\cy_sysint.o
 .debug_line    0x000026e9      0x482 .\CortexM4\ARM_GCC_541\Debug\cy_syslib.o
 .debug_line    0x00002b6b       0x89 .\CortexM4\ARM_GCC_541\Debug\cy_syslib_gcc.o
 .debug_line    0x00002bf4      0xa5a .\CortexM4\ARM_GCC_541\Debug\cy_syspm.o
 .debug_line    0x0000364e      0x17e .\CortexM4\ARM_GCC_541\Debug\cy_device.o
 .debug_line    0x000037cc      0x4d9 .\CortexM4\ARM_GCC_541\Debug\cy_scb_common.o
 .debug_line    0x00003ca5     0x1128 .\CortexM4\ARM_GCC_541\Debug\cy_scb_i2c.o
 .debug_line    0x00004dcd      0xa5f .\CortexM4\ARM_GCC_541\Debug\cy_scb_uart.o
 .debug_line    0x0000582c      0x2af .\CortexM4\ARM_GCC_541\Debug\cy_tcpwm_counter.o
 .debug_line    0x00005adb      0x6e6 .\CortexM4\ARM_GCC_541\Debug\cy_sar.o
 .debug_line    0x000061c1      0x332 .\CortexM4\ARM_GCC_541\Debug\UART.o
 .debug_line    0x000064f3      0x33e .\CortexM4\ARM_GCC_541\Debug\SensorBus.o
 .debug_line    0x00006831      0x271 .\CortexM4\ARM_GCC_541\Debug\Timer.o
 .debug_line    0x00006aa2      0x504 .\CortexM4\ARM_GCC_541\Debug\ADC_1.o
 .debug_line    0x00006fa6      0x2ee .\CortexM4\ARM_GCC_541\Debug\ADC_1_INT.o
 .debug_line    0x00007294      0x249 .\CortexM4\ARM_GCC_541\Debug\ADC_1_INIT.o

.debug_info     0x00000000    0x20fcf
 .debug_info    0x00000000       0x86 .\CortexM4\ARM_GCC_541\Debug\startup_psoc6_01_cm4.o
 .debug_info    0x00000086     0x1bb3 .\CortexM4\ARM_GCC_541\Debug\system_psoc6_cm4.o
 .debug_info    0x00001c39     0x24cd .\CortexM4\ARM_GCC_541\Debug\main_cm4.o
 .debug_info    0x00004106      0x96c .\CortexM4\ARM_GCC_541\Debug\cyfitter_sysint_cfg.o
 .debug_info    0x00004a72       0xac .\CortexM4\ARM_GCC_541\Debug\cymetadata.o
 .debug_info    0x00004b1e     0x2a10 .\CortexM4\ARM_GCC_541\Debug\cy_flash.o
 .debug_info    0x0000752e      0x906 .\CortexM4\ARM_GCC_541\Debug\cy_ipc_drv.o
 .debug_info    0x00007e34      0xc1e .\CortexM4\ARM_GCC_541\Debug\cy_ipc_sema.o
 .debug_info    0x00008a52     0x1952 .\CortexM4\ARM_GCC_541\Debug\cy_ipc_pipe.o
 .debug_info    0x0000a3a4      0xe11 .\CortexM4\ARM_GCC_541\Debug\cy_sysint.o
 .debug_info    0x0000b1b5     0x24fa .\CortexM4\ARM_GCC_541\Debug\cy_syslib.o
 .debug_info    0x0000d6af       0xb4 .\CortexM4\ARM_GCC_541\Debug\cy_syslib_gcc.o
 .debug_info    0x0000d763     0x4014 .\CortexM4\ARM_GCC_541\Debug\cy_syspm.o
 .debug_info    0x00011777      0x551 .\CortexM4\ARM_GCC_541\Debug\cy_device.o
 .debug_info    0x00011cc8     0x11b0 .\CortexM4\ARM_GCC_541\Debug\cy_scb_common.o
 .debug_info    0x00012e78     0x3ee5 .\CortexM4\ARM_GCC_541\Debug\cy_scb_i2c.o
 .debug_info    0x00016d5d     0x29bc .\CortexM4\ARM_GCC_541\Debug\cy_scb_uart.o
 .debug_info    0x00019719      0x43d .\CortexM4\ARM_GCC_541\Debug\cy_tcpwm_counter.o
 .debug_info    0x00019b56     0x1a25 .\CortexM4\ARM_GCC_541\Debug\cy_sar.o
 .debug_info    0x0001b57b     0x13db .\CortexM4\ARM_GCC_541\Debug\UART.o
 .debug_info    0x0001c956     0x1369 .\CortexM4\ARM_GCC_541\Debug\SensorBus.o
 .debug_info    0x0001dcbf      0x48d .\CortexM4\ARM_GCC_541\Debug\Timer.o
 .debug_info    0x0001e14c     0x1b9f .\CortexM4\ARM_GCC_541\Debug\ADC_1.o
 .debug_info    0x0001fceb      0xbc6 .\CortexM4\ARM_GCC_541\Debug\ADC_1_INT.o
 .debug_info    0x000208b1      0x71e .\CortexM4\ARM_GCC_541\Debug\ADC_1_INIT.o

.debug_abbrev   0x00000000     0x33b0
 .debug_abbrev  0x00000000       0x14 .\CortexM4\ARM_GCC_541\Debug\startup_psoc6_01_cm4.o
 .debug_abbrev  0x00000014      0x23a .\CortexM4\ARM_GCC_541\Debug\system_psoc6_cm4.o
 .debug_abbrev  0x0000024e      0x3d8 .\CortexM4\ARM_GCC_541\Debug\main_cm4.o
 .debug_abbrev  0x00000626       0xe3 .\CortexM4\ARM_GCC_541\Debug\cyfitter_sysint_cfg.o
 .debug_abbrev  0x00000709       0x5d .\CortexM4\ARM_GCC_541\Debug\cymetadata.o
 .debug_abbrev  0x00000766      0x356 .\CortexM4\ARM_GCC_541\Debug\cy_flash.o
 .debug_abbrev  0x00000abc      0x188 .\CortexM4\ARM_GCC_541\Debug\cy_ipc_drv.o
 .debug_abbrev  0x00000c44      0x219 .\CortexM4\ARM_GCC_541\Debug\cy_ipc_sema.o
 .debug_abbrev  0x00000e5d      0x32b .\CortexM4\ARM_GCC_541\Debug\cy_ipc_pipe.o
 .debug_abbrev  0x00001188      0x230 .\CortexM4\ARM_GCC_541\Debug\cy_sysint.o
 .debug_abbrev  0x000013b8      0x337 .\CortexM4\ARM_GCC_541\Debug\cy_syslib.o
 .debug_abbrev  0x000016ef       0x14 .\CortexM4\ARM_GCC_541\Debug\cy_syslib_gcc.o
 .debug_abbrev  0x00001703      0x320 .\CortexM4\ARM_GCC_541\Debug\cy_syspm.o
 .debug_abbrev  0x00001a23       0x9d .\CortexM4\ARM_GCC_541\Debug\cy_device.o
 .debug_abbrev  0x00001ac0      0x294 .\CortexM4\ARM_GCC_541\Debug\cy_scb_common.o
 .debug_abbrev  0x00001d54      0x37f .\CortexM4\ARM_GCC_541\Debug\cy_scb_i2c.o
 .debug_abbrev  0x000020d3      0x332 .\CortexM4\ARM_GCC_541\Debug\cy_scb_uart.o
 .debug_abbrev  0x00002405      0x158 .\CortexM4\ARM_GCC_541\Debug\cy_tcpwm_counter.o
 .debug_abbrev  0x0000255d      0x2c4 .\CortexM4\ARM_GCC_541\Debug\cy_sar.o
 .debug_abbrev  0x00002821      0x21d .\CortexM4\ARM_GCC_541\Debug\UART.o
 .debug_abbrev  0x00002a3e      0x221 .\CortexM4\ARM_GCC_541\Debug\SensorBus.o
 .debug_abbrev  0x00002c5f      0x15f .\CortexM4\ARM_GCC_541\Debug\Timer.o
 .debug_abbrev  0x00002dbe      0x343 .\CortexM4\ARM_GCC_541\Debug\ADC_1.o
 .debug_abbrev  0x00003101      0x1b4 .\CortexM4\ARM_GCC_541\Debug\ADC_1_INT.o
 .debug_abbrev  0x000032b5       0xfb .\CortexM4\ARM_GCC_541\Debug\ADC_1_INIT.o

.debug_aranges  0x00000000      0x968
 .debug_aranges
                0x00000000       0x20 .\CortexM4\ARM_GCC_541\Debug\startup_psoc6_01_cm4.o
 .debug_aranges
                0x00000020       0x40 .\CortexM4\ARM_GCC_541\Debug\system_psoc6_cm4.o
 .debug_aranges
                0x00000060       0x88 .\CortexM4\ARM_GCC_541\Debug\main_cm4.o
 .debug_aranges
                0x000000e8       0x18 .\CortexM4\ARM_GCC_541\Debug\cyfitter_sysint_cfg.o
 .debug_aranges
                0x00000100       0x18 .\CortexM4\ARM_GCC_541\Debug\cymetadata.o
 .debug_aranges
                0x00000118       0xb8 .\CortexM4\ARM_GCC_541\Debug\cy_flash.o
 .debug_aranges
                0x000001d0       0x30 .\CortexM4\ARM_GCC_541\Debug\cy_ipc_drv.o
 .debug_aranges
                0x00000200       0x48 .\CortexM4\ARM_GCC_541\Debug\cy_ipc_sema.o
 .debug_aranges
                0x00000248       0x68 .\CortexM4\ARM_GCC_541\Debug\cy_ipc_pipe.o
 .debug_aranges
                0x000002b0       0x30 .\CortexM4\ARM_GCC_541\Debug\cy_sysint.o
 .debug_aranges
                0x000002e0       0x78 .\CortexM4\ARM_GCC_541\Debug\cy_syslib.o
 .debug_aranges
                0x00000358       0x20 .\CortexM4\ARM_GCC_541\Debug\cy_syslib_gcc.o
 .debug_aranges
                0x00000378      0x118 .\CortexM4\ARM_GCC_541\Debug\cy_syspm.o
 .debug_aranges
                0x00000490       0x20 .\CortexM4\ARM_GCC_541\Debug\cy_device.o
 .debug_aranges
                0x000004b0       0x68 .\CortexM4\ARM_GCC_541\Debug\cy_scb_common.o
 .debug_aranges
                0x00000518      0x160 .\CortexM4\ARM_GCC_541\Debug\cy_scb_i2c.o
 .debug_aranges
                0x00000678       0xc8 .\CortexM4\ARM_GCC_541\Debug\cy_scb_uart.o
 .debug_aranges
                0x00000740       0x28 .\CortexM4\ARM_GCC_541\Debug\cy_tcpwm_counter.o
 .debug_aranges
                0x00000768       0xe0 .\CortexM4\ARM_GCC_541\Debug\cy_sar.o
 .debug_aranges
                0x00000848       0x28 .\CortexM4\ARM_GCC_541\Debug\UART.o
 .debug_aranges
                0x00000870       0x28 .\CortexM4\ARM_GCC_541\Debug\SensorBus.o
 .debug_aranges
                0x00000898       0x20 .\CortexM4\ARM_GCC_541\Debug\Timer.o
 .debug_aranges
                0x000008b8       0x78 .\CortexM4\ARM_GCC_541\Debug\ADC_1.o
 .debug_aranges
                0x00000930       0x20 .\CortexM4\ARM_GCC_541\Debug\ADC_1_INT.o
 .debug_aranges
                0x00000950       0x18 .\CortexM4\ARM_GCC_541\Debug\ADC_1_INIT.o

.debug_loc      0x00000000     0x9933
 .debug_loc     0x00000000      0x1fe .\CortexM4\ARM_GCC_541\Debug\system_psoc6_cm4.o
 .debug_loc     0x000001fe      0x7af .\CortexM4\ARM_GCC_541\Debug\main_cm4.o
 .debug_loc     0x000009ad      0xd86 .\CortexM4\ARM_GCC_541\Debug\cy_flash.o
 .debug_loc     0x00001733      0x2a1 .\CortexM4\ARM_GCC_541\Debug\cy_ipc_drv.o
 .debug_loc     0x000019d4      0x76b .\CortexM4\ARM_GCC_541\Debug\cy_ipc_sema.o
 .debug_loc     0x0000213f      0x7e2 .\CortexM4\ARM_GCC_541\Debug\cy_ipc_pipe.o
 .debug_loc     0x00002921      0x223 .\CortexM4\ARM_GCC_541\Debug\cy_sysint.o
 .debug_loc     0x00002b44      0x215 .\CortexM4\ARM_GCC_541\Debug\cy_syslib.o
 .debug_loc     0x00002d59      0xe9a .\CortexM4\ARM_GCC_541\Debug\cy_syspm.o
 .debug_loc     0x00003bf3      0x588 .\CortexM4\ARM_GCC_541\Debug\cy_scb_common.o
 .debug_loc     0x0000417b     0x308b .\CortexM4\ARM_GCC_541\Debug\cy_scb_i2c.o
 .debug_loc     0x00007206     0x1386 .\CortexM4\ARM_GCC_541\Debug\cy_scb_uart.o
 .debug_loc     0x0000858c      0x103 .\CortexM4\ARM_GCC_541\Debug\cy_tcpwm_counter.o
 .debug_loc     0x0000868f      0xeaa .\CortexM4\ARM_GCC_541\Debug\cy_sar.o
 .debug_loc     0x00009539       0x2b .\CortexM4\ARM_GCC_541\Debug\UART.o
 .debug_loc     0x00009564       0x2b .\CortexM4\ARM_GCC_541\Debug\SensorBus.o
 .debug_loc     0x0000958f       0x58 .\CortexM4\ARM_GCC_541\Debug\Timer.o
 .debug_loc     0x000095e7      0x304 .\CortexM4\ARM_GCC_541\Debug\ADC_1.o
 .debug_loc     0x000098eb       0x48 .\CortexM4\ARM_GCC_541\Debug\ADC_1_INT.o

.debug_ranges   0x00000000      0x8a0
 .debug_ranges  0x00000000       0x48 .\CortexM4\ARM_GCC_541\Debug\system_psoc6_cm4.o
 .debug_ranges  0x00000048       0xa8 .\CortexM4\ARM_GCC_541\Debug\main_cm4.o
 .debug_ranges  0x000000f0       0xd0 .\CortexM4\ARM_GCC_541\Debug\cy_flash.o
 .debug_ranges  0x000001c0       0x20 .\CortexM4\ARM_GCC_541\Debug\cy_ipc_drv.o
 .debug_ranges  0x000001e0       0x38 .\CortexM4\ARM_GCC_541\Debug\cy_ipc_sema.o
 .debug_ranges  0x00000218       0x58 .\CortexM4\ARM_GCC_541\Debug\cy_ipc_pipe.o
 .debug_ranges  0x00000270       0x20 .\CortexM4\ARM_GCC_541\Debug\cy_sysint.o
 .debug_ranges  0x00000290       0x68 .\CortexM4\ARM_GCC_541\Debug\cy_syslib.o
 .debug_ranges  0x000002f8      0x138 .\CortexM4\ARM_GCC_541\Debug\cy_syspm.o
 .debug_ranges  0x00000430       0x10 .\CortexM4\ARM_GCC_541\Debug\cy_device.o
 .debug_ranges  0x00000440       0x88 .\CortexM4\ARM_GCC_541\Debug\cy_scb_common.o
 .debug_ranges  0x000004c8      0x168 .\CortexM4\ARM_GCC_541\Debug\cy_scb_i2c.o
 .debug_ranges  0x00000630       0xd0 .\CortexM4\ARM_GCC_541\Debug\cy_scb_uart.o
 .debug_ranges  0x00000700       0x18 .\CortexM4\ARM_GCC_541\Debug\cy_tcpwm_counter.o
 .debug_ranges  0x00000718       0xd0 .\CortexM4\ARM_GCC_541\Debug\cy_sar.o
 .debug_ranges  0x000007e8       0x18 .\CortexM4\ARM_GCC_541\Debug\UART.o
 .debug_ranges  0x00000800       0x18 .\CortexM4\ARM_GCC_541\Debug\SensorBus.o
 .debug_ranges  0x00000818       0x10 .\CortexM4\ARM_GCC_541\Debug\Timer.o
 .debug_ranges  0x00000828       0x68 .\CortexM4\ARM_GCC_541\Debug\ADC_1.o
 .debug_ranges  0x00000890       0x10 .\CortexM4\ARM_GCC_541\Debug\ADC_1_INT.o

.debug_str      0x00000000     0x8886
 .debug_str     0x00000000     0x2304 .\CortexM4\ARM_GCC_541\Debug\system_psoc6_cm4.o
                               0x23dc (size before relaxing)
 .debug_str     0x00002304     0x1081 .\CortexM4\ARM_GCC_541\Debug\main_cm4.o
                               0x18ff (size before relaxing)
 .debug_str     0x00003385       0x87 .\CortexM4\ARM_GCC_541\Debug\cyfitter_sysint_cfg.o
                               0x17d3 (size before relaxing)
 .debug_str     0x0000340c       0x30 .\CortexM4\ARM_GCC_541\Debug\cymetadata.o
                                0x1c5 (size before relaxing)
 .debug_str     0x0000343c     0x10c4 .\CortexM4\ARM_GCC_541\Debug\cy_flash.o
                               0x2dc4 (size before relaxing)
 .debug_str     0x00004500       0xfd .\CortexM4\ARM_GCC_541\Debug\cy_ipc_drv.o
                                0x986 (size before relaxing)
 .debug_str     0x000045fd       0xed .\CortexM4\ARM_GCC_541\Debug\cy_ipc_sema.o
                                0xb73 (size before relaxing)
 .debug_str     0x000046ea      0x318 .\CortexM4\ARM_GCC_541\Debug\cy_ipc_pipe.o
                               0x2095 (size before relaxing)
 .debug_str     0x00004a02       0xf0 .\CortexM4\ARM_GCC_541\Debug\cy_sysint.o
                               0x1966 (size before relaxing)
 .debug_str     0x00004af2      0xa99 .\CortexM4\ARM_GCC_541\Debug\cy_syslib.o
                               0x1cb9 (size before relaxing)
 .debug_str     0x0000558b     0x12b6 .\CortexM4\ARM_GCC_541\Debug\cy_syspm.o
                               0x2b80 (size before relaxing)
 .debug_str     0x00006841       0x5d .\CortexM4\ARM_GCC_541\Debug\cy_device.o
                                0x7d3 (size before relaxing)
 .debug_str     0x0000689e      0x1c5 .\CortexM4\ARM_GCC_541\Debug\cy_scb_common.o
                                0xcaf (size before relaxing)
 .debug_str     0x00006a63      0xa0d .\CortexM4\ARM_GCC_541\Debug\cy_scb_i2c.o
                               0x1ae1 (size before relaxing)
 .debug_str     0x00007470      0x729 .\CortexM4\ARM_GCC_541\Debug\cy_scb_uart.o
                               0x16df (size before relaxing)
 .debug_str     0x00007b99      0x15a .\CortexM4\ARM_GCC_541\Debug\cy_tcpwm_counter.o
                                0x4c8 (size before relaxing)
 .debug_str     0x00007cf3      0x703 .\CortexM4\ARM_GCC_541\Debug\cy_sar.o
                               0x146c (size before relaxing)
 .debug_str     0x000083f6       0x37 .\CortexM4\ARM_GCC_541\Debug\UART.o
                               0x2006 (size before relaxing)
 .debug_str     0x0000842d       0x5a .\CortexM4\ARM_GCC_541\Debug\SensorBus.o
                               0x1eb0 (size before relaxing)
 .debug_str     0x00008487       0x65 .\CortexM4\ARM_GCC_541\Debug\Timer.o
                                0x4ab (size before relaxing)
 .debug_str     0x000084ec      0x2fd .\CortexM4\ARM_GCC_541\Debug\ADC_1.o
                               0x2302 (size before relaxing)
 .debug_str     0x000087e9       0x69 .\CortexM4\ARM_GCC_541\Debug\ADC_1_INT.o
                                0xcb4 (size before relaxing)
 .debug_str     0x00008852       0x34 .\CortexM4\ARM_GCC_541\Debug\ADC_1_INIT.o
                                0x96e (size before relaxing)

.debug_frame    0x00000000     0x1ea0
 .debug_frame   0x00000000       0x84 .\CortexM4\ARM_GCC_541\Debug\system_psoc6_cm4.o
 .debug_frame   0x00000084      0x1b0 .\CortexM4\ARM_GCC_541\Debug\main_cm4.o
 .debug_frame   0x00000234      0x258 .\CortexM4\ARM_GCC_541\Debug\cy_flash.o
 .debug_frame   0x0000048c       0x70 .\CortexM4\ARM_GCC_541\Debug\cy_ipc_drv.o
 .debug_frame   0x000004fc       0xd8 .\CortexM4\ARM_GCC_541\Debug\cy_ipc_sema.o
 .debug_frame   0x000005d4      0x164 .\CortexM4\ARM_GCC_541\Debug\cy_ipc_pipe.o
 .debug_frame   0x00000738       0x7c .\CortexM4\ARM_GCC_541\Debug\cy_sysint.o
 .debug_frame   0x000007b4      0x12c .\CortexM4\ARM_GCC_541\Debug\cy_syslib.o
 .debug_frame   0x000008e0      0x3dc .\CortexM4\ARM_GCC_541\Debug\cy_syspm.o
 .debug_frame   0x00000cbc       0x20 .\CortexM4\ARM_GCC_541\Debug\cy_device.o
 .debug_frame   0x00000cdc      0x12c .\CortexM4\ARM_GCC_541\Debug\cy_scb_common.o
 .debug_frame   0x00000e08      0x4c0 .\CortexM4\ARM_GCC_541\Debug\cy_scb_i2c.o
 .debug_frame   0x000012c8      0x27c .\CortexM4\ARM_GCC_541\Debug\cy_scb_uart.o
 .debug_frame   0x00001544       0x6c .\CortexM4\ARM_GCC_541\Debug\cy_tcpwm_counter.o
 .debug_frame   0x000015b0      0x328 .\CortexM4\ARM_GCC_541\Debug\cy_sar.o
 .debug_frame   0x000018d8       0x48 .\CortexM4\ARM_GCC_541\Debug\UART.o
 .debug_frame   0x00001920       0x48 .\CortexM4\ARM_GCC_541\Debug\SensorBus.o
 .debug_frame   0x00001968       0x2c .\CortexM4\ARM_GCC_541\Debug\Timer.o
 .debug_frame   0x00001994      0x150 .\CortexM4\ARM_GCC_541\Debug\ADC_1.o
 .debug_frame   0x00001ae4       0x2c .\CortexM4\ARM_GCC_541\Debug\ADC_1_INT.o
 .debug_frame   0x00001b10       0x20 c:/program files (x86)/cypress/psoc creator/4.4/psoc creator/import/gnu/arm/5.4.1/bin/../lib/gcc/arm-none-eabi/5.4.1/../../../../arm-none-eabi/lib/armv7e-m/softfp\libg_nano.a(lib_a-memset.o)
 .debug_frame   0x00001b30       0x70 c:/program files (x86)/cypress/psoc creator/4.4/psoc creator/import/gnu/arm/5.4.1/bin/../lib/gcc/arm-none-eabi/5.4.1/../../../../arm-none-eabi/lib/armv7e-m/softfp\libg_nano.a(lib_a-sprintf.o)
 .debug_frame   0x00001ba0       0x28 c:/program files (x86)/cypress/psoc creator/4.4/psoc creator/import/gnu/arm/5.4.1/bin/../lib/gcc/arm-none-eabi/5.4.1/../../../../arm-none-eabi/lib/armv7e-m/softfp\libg_nano.a(lib_a-strncpy.o)
 .debug_frame   0x00001bc8       0x90 c:/program files (x86)/cypress/psoc creator/4.4/psoc creator/import/gnu/arm/5.4.1/bin/../lib/gcc/arm-none-eabi/5.4.1/../../../../arm-none-eabi/lib/armv7e-m/softfp\libg_nano.a(lib_a-nano-svfprintf.o)
 .debug_frame   0x00001c58       0x60 c:/program files (x86)/cypress/psoc creator/4.4/psoc creator/import/gnu/arm/5.4.1/bin/../lib/gcc/arm-none-eabi/5.4.1/../../../../arm-none-eabi/lib/armv7e-m/softfp\libg_nano.a(lib_a-nano-vfprintf_i.o)
 .debug_frame   0x00001cb8       0x28 c:/program files (x86)/cypress/psoc creator/4.4/psoc creator/import/gnu/arm/5.4.1/bin/../lib/gcc/arm-none-eabi/5.4.1/../../../../arm-none-eabi/lib/armv7e-m/softfp\libg_nano.a(lib_a-memcpy-stub.o)
 .debug_frame   0x00001ce0       0x28 c:/program files (x86)/cypress/psoc creator/4.4/psoc creator/import/gnu/arm/5.4.1/bin/../lib/gcc/arm-none-eabi/5.4.1/../../../../arm-none-eabi/lib/armv7e-m/softfp\libg_nano.a(lib_a-memmove.o)
 .debug_frame   0x00001d08       0x38 c:/program files (x86)/cypress/psoc creator/4.4/psoc creator/import/gnu/arm/5.4.1/bin/../lib/gcc/arm-none-eabi/5.4.1/../../../../arm-none-eabi/lib/armv7e-m/softfp\libg_nano.a(lib_a-nano-freer.o)
 .debug_frame   0x00001d40       0x2c c:/program files (x86)/cypress/psoc creator/4.4/psoc creator/import/gnu/arm/5.4.1/bin/../lib/gcc/arm-none-eabi/5.4.1/../../../../arm-none-eabi/lib/armv7e-m/softfp\libg_nano.a(lib_a-nano-mallocr.o)
 .debug_frame   0x00001d6c       0x3c c:/program files (x86)/cypress/psoc creator/4.4/psoc creator/import/gnu/arm/5.4.1/bin/../lib/gcc/arm-none-eabi/5.4.1/../../../../arm-none-eabi/lib/armv7e-m/softfp\libg_nano.a(lib_a-nano-reallocr.o)
 .debug_frame   0x00001da8       0x2c c:/program files (x86)/cypress/psoc creator/4.4/psoc creator/import/gnu/arm/5.4.1/bin/../lib/gcc/arm-none-eabi/5.4.1/../../../../arm-none-eabi/lib/armv7e-m/softfp\libg_nano.a(lib_a-sbrkr.o)
 .debug_frame   0x00001dd4       0x30 c:/program files (x86)/cypress/psoc creator/4.4/psoc creator/import/gnu/arm/5.4.1/bin/../lib/gcc/arm-none-eabi/5.4.1/../../../../arm-none-eabi/lib/armv7e-m/softfp\libg_nano.a(lib_a-mlock.o)
 .debug_frame   0x00001e04       0x20 c:/program files (x86)/cypress/psoc creator/4.4/psoc creator/import/gnu/arm/5.4.1/bin/../lib/gcc/arm-none-eabi/5.4.1/../../../../arm-none-eabi/lib/armv7e-m/softfp\libg_nano.a(lib_a-nano-msizer.o)
 .debug_frame   0x00001e24       0x5c c:/program files (x86)/cypress/psoc creator/4.4/psoc creator/import/gnu/arm/5.4.1/bin/../lib/gcc/arm-none-eabi/5.4.1/../../../../arm-none-eabi/lib/armv7e-m/softfp\libg_nano.a(lib_a-reent.o)
 .debug_frame   0x00001e80       0x20 c:/program files (x86)/cypress/psoc creator/4.4/psoc creator/import/gnu/arm/5.4.1/bin/../lib/gcc/arm-none-eabi/5.4.1/../../../../arm-none-eabi/lib/armv7e-m/softfp\libnosys.a(sbrk.o)
