Archive member included to satisfy reference by file (symbol)

.\CortexM0p\ARM_GCC_541\Debug\PSOC4_Main.a(Timer_1.o)
                              .\CortexM0p\ARM_GCC_541\Debug\main.o (Timer_1_ReadCounter)
.\CortexM0p\ARM_GCC_541\Debug\PSOC4_Main.a(UART_1.o)
                              .\CortexM0p\ARM_GCC_541\Debug\main.o (UART_1_Start)
.\CortexM0p\ARM_GCC_541\Debug\PSOC4_Main.a(UART_1_UART.o)
                              .\CortexM0p\ARM_GCC_541\Debug\PSOC4_Main.a(UART_1.o) (UART_1_UartInit)
.\CortexM0p\ARM_GCC_541\Debug\PSOC4_Main.a(I2C_1.o)
                              .\CortexM0p\ARM_GCC_541\Debug\main.o (I2C_1_Start)
.\CortexM0p\ARM_GCC_541\Debug\PSOC4_Main.a(I2C_1_I2C.o)
                              .\CortexM0p\ARM_GCC_541\Debug\PSOC4_Main.a(I2C_1.o) (I2C_1_I2CInit)
.\CortexM0p\ARM_GCC_541\Debug\PSOC4_Main.a(I2C_1_I2C_MASTER.o)
                              .\CortexM0p\ARM_GCC_541\Debug\PSOC4_Main.a(I2C_1_I2C.o) (I2C_1_mstrRdBufIndex)
.\CortexM0p\ARM_GCC_541\Debug\PSOC4_Main.a(ADC_1.o)
                              .\CortexM0p\ARM_GCC_541\Debug\main.o (ADC_1_StartConvert)
.\CortexM0p\ARM_GCC_541\Debug\PSOC4_Main.a(ADC_1_INIT.o)
                              .\CortexM0p\ARM_GCC_541\Debug\PSOC4_Main.a(ADC_1.o) (ADC_1_allConfigs)
.\CortexM0p\ARM_GCC_541\Debug\PSOC4_Main.a(ADC_1_INT.o)
                              .\CortexM0p\ARM_GCC_541\Debug\PSOC4_Main.a(ADC_1.o) (ADC_1_ISR)
.\CortexM0p\ARM_GCC_541\Debug\PSOC4_Main.a(PGA_1.o)
                              .\CortexM0p\ARM_GCC_541\Debug\main.o (PGA_1_Start)
.\CortexM0p\ARM_GCC_541\Debug\PSOC4_Main.a(Opamp_1.o)
                              .\CortexM0p\ARM_GCC_541\Debug\main.o (Opamp_1_Start)
.\CortexM0p\ARM_GCC_541\Debug\PSOC4_Main.a(AMux_1.o)
                              .\CortexM0p\ARM_GCC_541\Debug\main.o (AMux_1_Start)
.\CortexM0p\ARM_GCC_541\Debug\PSOC4_Main.a(ADC_1_intSarClock.o)
                              .\CortexM0p\ARM_GCC_541\Debug\PSOC4_Main.a(ADC_1.o) (ADC_1_intSarClock_StartEx)
.\CortexM0p\ARM_GCC_541\Debug\PSOC4_Main.a(ADC_1_IRQ.o)
                              .\CortexM0p\ARM_GCC_541\Debug\PSOC4_Main.a(ADC_1.o) (ADC_1_IRQ_StartEx)
.\CortexM0p\ARM_GCC_541\Debug\PSOC4_Main.a(CyLib.o)
                              .\CortexM0p\ARM_GCC_541\Debug\cyfitter_cfg.o (CyIntEnable)
.\CortexM0p\ARM_GCC_541\Debug\PSOC4_Main.a(CyLFClk.o)
                              .\CortexM0p\ARM_GCC_541\Debug\PSOC4_Main.a(CyLib.o) (CySysClkWcoEnabled)
.\CortexM0p\ARM_GCC_541\Debug\PSOC4_Main.a(RELAY.o)
                              .\CortexM0p\ARM_GCC_541\Debug\main.o (RELAY_Write)
.\CortexM0p\ARM_GCC_541\Debug\PSOC4_Main.a(RED_LED.o)
                              .\CortexM0p\ARM_GCC_541\Debug\main.o (RED_LED_Write)
.\CortexM0p\ARM_GCC_541\Debug\PSOC4_Main.a(PVref_1.o)
                              .\CortexM0p\ARM_GCC_541\Debug\main.o (PVref_1_Start)
.\CortexM0p\ARM_GCC_541\Debug\PSOC4_Main.a(CyBootAsmGnu.o)
                              .\CortexM0p\ARM_GCC_541\Debug\PSOC4_Main.a(CyLib.o) (CyDelayCycles)
.\CortexM0p\ARM_GCC_541\Debug\PSOC4_Main.a(UART_1_SPI_UART.o)
                              .\CortexM0p\ARM_GCC_541\Debug\PSOC4_Main.a(UART_1_UART.o) (UART_1_SpiUartReadRxData)
.\CortexM0p\ARM_GCC_541\Debug\PSOC4_Main.a(I2C_1_I2C_INT.o)
                              .\CortexM0p\ARM_GCC_541\Debug\PSOC4_Main.a(I2C_1_I2C.o) (I2C_1_I2C_ISR)
.\CortexM0p\ARM_GCC_541\Debug\PSOC4_Main.a(CyFlash.o)
                              .\CortexM0p\ARM_GCC_541\Debug\PSOC4_Main.a(CyLib.o) (CySysFlashSetWaitCycles)
c:/program files (x86)/cypress/psoc creator/4.4/psoc creator/import/gnu/arm/5.4.1/bin/../lib/gcc/arm-none-eabi/5.4.1/armv6-m\libgcc.a(_udivsi3.o)
                              .\CortexM0p\ARM_GCC_541\Debug\PSOC4_Main.a(ADC_1.o) (__aeabi_uidiv)
c:/program files (x86)/cypress/psoc creator/4.4/psoc creator/import/gnu/arm/5.4.1/bin/../lib/gcc/arm-none-eabi/5.4.1/armv6-m\libgcc.a(_divsi3.o)
                              .\CortexM0p\ARM_GCC_541\Debug\PSOC4_Main.a(ADC_1.o) (__aeabi_idiv)
c:/program files (x86)/cypress/psoc creator/4.4/psoc creator/import/gnu/arm/5.4.1/bin/../lib/gcc/arm-none-eabi/5.4.1/armv6-m\libgcc.a(_dvmd_tls.o)
                              c:/program files (x86)/cypress/psoc creator/4.4/psoc creator/import/gnu/arm/5.4.1/bin/../lib/gcc/arm-none-eabi/5.4.1/armv6-m\libgcc.a(_udivsi3.o) (__aeabi_idiv0)
c:/program files (x86)/cypress/psoc creator/4.4/psoc creator/import/gnu/arm/5.4.1/bin/../lib/gcc/arm-none-eabi/5.4.1/armv6-m\libgcc.a(_aeabi_ldivmod.o)
                              .\CortexM0p\ARM_GCC_541\Debug\PSOC4_Main.a(ADC_1.o) (__aeabi_ldivmod)
c:/program files (x86)/cypress/psoc creator/4.4/psoc creator/import/gnu/arm/5.4.1/bin/../lib/gcc/arm-none-eabi/5.4.1/armv6-m\libgcc.a(_muldi3.o)
                              .\CortexM0p\ARM_GCC_541\Debug\PSOC4_Main.a(ADC_1.o) (__aeabi_lmul)
c:/program files (x86)/cypress/psoc creator/4.4/psoc creator/import/gnu/arm/5.4.1/bin/../lib/gcc/arm-none-eabi/5.4.1/armv6-m\libgcc.a(bpabi.o)
[...]
Memory Configuration

Name             Origin             Length             Attributes
rom              0x00000000         0x00008000         xr
ram              0x20000000         0x00001000         xrw
*default*        0x00000000         0xffffffff

Linker script and memory map

LOAD c:/program files (x86)/cypress/psoc creator/4.4/psoc creator/import/gnu/arm/5.4.1/bin/../lib/gcc/arm-none-eabi/5.4.1/armv6-m/crti.o
LOAD c:/program files (x86)/cypress/psoc creator/4.4/psoc creator/import/gnu/arm/5.4.1/bin/../lib/gcc/arm-none-eabi/5.4.1/armv6-m/crtbegin.o
LOAD c:/program files (x86)/cypress/psoc creator/4.4/psoc creator/import/gnu/arm/5.4.1/bin/../lib/gcc/arm-none-eabi/5.4.1/../../../../arm-none-eabi/lib/armv6-m/crt0.o
START GROUP
LOAD .\CortexM0p\ARM_GCC_541\Debug\main.o
LOAD .\CortexM0p\ARM_GCC_541\Debug\cyfitter_cfg.o
LOAD .\CortexM0p\ARM_GCC_541\Debug\cymetadata.o
LOAD .\CortexM0p\ARM_GCC_541\Debug\Cm0plusStart.o
LOAD .\CortexM0p\ARM_GCC_541\Debug\PSOC4_Main.a
END GROUP
START GROUP
LOAD c:/program files (x86)/cypress/psoc creator/4.4/psoc creator/import/gnu/arm/5.4.1/bin/../lib/gcc/arm-none-eabi/5.4.1/armv6-m\libgcc.a
LOAD c:/program files (x86)/cypress/psoc creator/4.4/psoc creator/import/gnu/arm/5.4.1/bin/../lib/gcc/arm-none-eabi/5.4.1/../../../../arm-none-eabi/lib/armv6-m\libg_nano.a
LOAD c:/program files (x86)/cypress/psoc creator/4.4/psoc creator/import/gnu/arm/5.4.1/bin/../lib/gcc/arm-none-eabi/5.4.1/../../../../arm-none-eabi/lib/armv6-m\libc_nano.a
END GROUP
START GROUP
LOAD c:/program files (x86)/cypress/psoc creator/4.4/psoc creator/import/gnu/arm/5.4.1/bin/../lib/gcc/arm-none-eabi/5.4.1/armv6-m\libgcc.a
LOAD c:/program files (x86)/cypress/psoc creator/4.4/psoc creator/import/gnu/arm/5.4.1/bin/../lib/gcc/arm-none-eabi/5.4.1/../../../../arm-none-eabi/lib/armv6-m\libc_nano.a
END GROUP
LOAD c:/program files (x86)/cypress/psoc creator/4.4/psoc creator/import/gnu/arm/5.4.1/bin/../lib/gcc/arm-none-eabi/5.4.1/armv6-m/crtend.o
LOAD c:/program files (x86)/cypress/psoc creator/4.4/psoc creator/import/gnu/arm/5.4.1/bin/../lib/gcc/arm-none-eabi/5.4.1/armv6-m/crtn.o
START GROUP
LOAD c:/program files (x86)/cypress/psoc creator/4.4/psoc creator/import/gnu/arm/5.4.1/bin/../lib/gcc/arm-none-eabi/5.4.1/armv6-m\libgcc.a
LOAD c:/program files (x86)/cypress/psoc creator/4.4/psoc creator/import/gnu/arm/5.4.1/bin/../lib/gcc/arm-none-eabi/5.4.1/../../../../arm-none-eabi/lib/armv6-m\libc.a
LOAD c:/program files (x86)/cypress/psoc creator/4.4/psoc creator/import/gnu/arm/5.4.1/bin/../lib/gcc/arm-none-eabi/5.4.1/../../../../arm-none-eabi/lib/armv6-m\libnosys.a
END GROUP
                0x00000000                CY_APPL_ORIGIN = 0x0
                0x00000080                CY_FLASH_ROW_SIZE = 0x80
                0x00000001                CY_APPL_NUM = 0x1
                0x00000001                CY_APPL_MAX = 0x1
                0x00000040                CY_METADATA_SIZE = 0x40
                0x00000000                CY_APPL_LOADABLE = 0x0
                0x00000000                CY_CHECKSUM_EXCLUDE_SIZE = ALIGN (0x0, CY_FLASH_ROW_SIZE)
                0x00000000                CY_APP_FOR_STACK_AND_COPIER = 0x0
                [!provide]                PROVIDE (__cy_heap_start, _end)
                0x00000001                PROVIDE (__cy_region_num, ((__cy_regions_end - __cy_regions) / 0x10))
                0x20001000                PROVIDE (__cy_stack, (ORIGIN (ram) + LENGTH (ram)))
                [!provide]                PROVIDE (__cy_heap_end, (__cy_stack - 0x800))

.cybootloader   0x00000000        0x0
 *(.cybootloader)
                0x00000000                appl1_start = CY_APPL_ORIGIN?CY_APPL_ORIGIN:ALIGN (CY_FLASH_ROW_SIZE)
                0x00003f80                appl2_start = (appl1_start + ALIGN ((((LENGTH (rom) - appl1_start) - (0x2 * CY_FLASH_ROW_SIZE)) / 0x2), CY_FLASH_ROW_SIZE))
                0x00000000                appl_start = (CY_APPL_NUM == 0x1)?appl1_start:appl2_start
                0x00000001                cy_project_type_bootloader = (appl_start == 0x0)?0x1:0x0
                0x00000000                cy_project_type_app_for_stack_and_copier = (CY_APP_FOR_STACK_AND_COPIER == 0x1)?0x1:0x0

.text           0x00000000     0x62a0
 CREATE_OBJECT_SYMBOLS
                0x00000000                PROVIDE (__cy_interrupt_vector, RomVectors)
 *(.romvectors)
 .romvectors    0x00000000       0x10 .\CortexM0p\ARM_GCC_541\Debug\Cm0plusStart.o
                0x00000000                RomVectors
                0x00000001                ASSERT ((. != __cy_interrupt_vector), No interrupt vector)
                0x00000001                ASSERT (CY_APPL_ORIGIN?(SIZEOF (.cybootloader) <= CY_APPL_ORIGIN):0x1, Wrong image location)
                0x00000010                PROVIDE (__cy_reset, Reset)
 *(.text.Reset)
 .text.Reset    0x00000010        0xc .\CortexM0p\ARM_GCC_541\Debug\Cm0plusStart.o
                0x00000010                Reset
                0x00000001                ASSERT ((. != __cy_reset), No reset code)
 *(.psocinit)
 .psocinit      0x0000001c      0x14c .\CortexM0p\ARM_GCC_541\Debug\cyfitter_cfg.o
                0x000000f0                cyfitter_cfg
                0x00000168                . = MAX (., 0x100)
 *(.text .text.* .gnu.linkonce.t.*)
 .text          0x00000168       0x60 c:/program files (x86)/cypress/psoc creator/4.4/psoc creator/import/gnu/arm/5.4.1/bin/../lib/gcc/arm-none-eabi/5.4.1/armv6-m/crtbegin.o
 .text.Shutdown_Test
                0x000001c8       0x10 .\CortexM0p\ARM_GCC_541\Debug\main.o
                0x000001c8                Shutdown_Test
 .text.Print_headers
                0x000001d8       0x8c .\CortexM0p\ARM_GCC_541\Debug\main.o
                0x000001d8                Print_headers
 .text.main     0x00000264      0x25c .\CortexM0p\ARM_GCC_541\Debug\main.o
                0x00000264                main
 .text.SetAnalogRoutingPumps
                0x000004c0       0x20 .\CortexM0p\ARM_GCC_541\Debug\cyfitter_cfg.o
                0x000004c0                SetAnalogRoutingPumps
 .text.AnalogSetDefault
                0x000004e0       0x74 .\CortexM0p\ARM_GCC_541\Debug\cyfitter_cfg.o
 .text.AMux_1_Set
                0x00000554       0x40 .\CortexM0p\ARM_GCC_541\Debug\cyfitter_cfg.o
                0x00000554                AMux_1_Set
 .text.AMux_1_Unset
                0x00000594       0x40 .\CortexM0p\ARM_GCC_541\Debug\cyfitter_cfg.o
                0x00000594                AMux_1_Unset
 .text.IntDefaultHandler
                0x000005d4       0x10 .\CortexM0p\ARM_GCC_541\Debug\Cm0plusStart.o
                0x000005d4                IntDefaultHandler
 .text._sbrk    0x000005e4       0x34 .\CortexM0p\ARM_GCC_541\Debug\Cm0plusStart.o
                0x000005e4                _sbrk
 .text.Start_c  0x00000618       0x48 .\CortexM0p\ARM_GCC_541\Debug\Cm0plusStart.o
                0x00000618                Start_c
 .text.initialize_psoc
                0x00000660       0x40 .\CortexM0p\ARM_GCC_541\Debug\Cm0plusStart.o
                0x00000660                initialize_psoc
 .text.Timer_1_WriteCounter
                0x000006a0       0x10 .\CortexM0p\ARM_GCC_541\Debug\PSOC4_Main.a(Timer_1.o)
                0x000006a0                Timer_1_WriteCounter
 .text.Timer_1_ReadCounter
                0x000006b0       0x10 .\CortexM0p\ARM_GCC_541\Debug\PSOC4_Main.a(Timer_1.o)
                0x000006b0                Timer_1_ReadCounter
 .text.Timer_1_WritePeriod
                0x000006c0       0x10 .\CortexM0p\ARM_GCC_541\Debug\PSOC4_Main.a(Timer_1.o)
                0x000006c0                Timer_1_WritePeriod
 .text.Timer_1_TriggerCommand
                0x000006d0       0x1c .\CortexM0p\ARM_GCC_541\Debug\PSOC4_Main.a(Timer_1.o)
                0x000006d0                Timer_1_TriggerCommand
 .text.Timer_1_Enable
                0x000006ec       0x24 .\CortexM0p\ARM_GCC_541\Debug\PSOC4_Main.a(Timer_1.o)
                0x000006ec                Timer_1_Enable
 .text.Timer_1_SetInterruptMode
                0x00000710        0xc .\CortexM0p\ARM_GCC_541\Debug\PSOC4_Main.a(Timer_1.o)
                0x00000710                Timer_1_SetInterruptMode
 .text.Timer_1_Init
                0x0000071c       0x34 .\CortexM0p\ARM_GCC_541\Debug\PSOC4_Main.a(Timer_1.o)
                0x0000071c                Timer_1_Init
 .text.Timer_1_Start
                0x00000750       0x20 .\CortexM0p\ARM_GCC_541\Debug\PSOC4_Main.a(Timer_1.o)
                0x00000750                Timer_1_Start
 .text.UART_1_ScbModePostEnable
                0x00000770        0x8 .\CortexM0p\ARM_GCC_541\Debug\PSOC4_Main.a(UART_1.o)
 .text.UART_1_Init
                0x00000778        0x8 .\CortexM0p\ARM_GCC_541\Debug\PSOC4_Main.a(UART_1.o)
                0x00000778                UART_1_Init
 .text.UART_1_Enable
                0x00000780       0x18 .\CortexM0p\ARM_GCC_541\Debug\PSOC4_Main.a(UART_1.o)
                0x00000780                UART_1_Enable
 .text.UART_1_Start
                0x00000798       0x20 .\CortexM0p\ARM_GCC_541\Debug\PSOC4_Main.a(UART_1.o)
                0x00000798                UART_1_Start
 .text.UART_1_UartInit
                0x000007b8       0xa8 .\CortexM0p\ARM_GCC_541\Debug\PSOC4_Main.a(UART_1_UART.o)
                0x000007b8                UART_1_UartInit
 .text.UART_1_UartPostEnable
                0x00000860       0x2c .\CortexM0p\ARM_GCC_541\Debug\PSOC4_Main.a(UART_1_UART.o)
                0x00000860                UART_1_UartPostEnable
 .text.UART_1_UartGetChar
                0x0000088c       0x2c .\CortexM0p\ARM_GCC_541\Debug\PSOC4_Main.a(UART_1_UART.o)
                0x0000088c                UART_1_UartGetChar
 .text.UART_1_UartPutString
                0x000008b8       0x18 .\CortexM0p\ARM_GCC_541\Debug\PSOC4_Main.a(UART_1_UART.o)
                0x000008b8                UART_1_UartPutString
 .text.I2C_1_ScbEnableIntr
                0x000008d0        0xc .\CortexM0p\ARM_GCC_541\Debug\PSOC4_Main.a(I2C_1.o)
 .text.I2C_1_Init
                0x000008dc        0x8 .\CortexM0p\ARM_GCC_541\Debug\PSOC4_Main.a(I2C_1.o)
                0x000008dc                I2C_1_Init
 .text.I2C_1_Enable
                0x000008e4       0x18 .\CortexM0p\ARM_GCC_541\Debug\PSOC4_Main.a(I2C_1.o)
                0x000008e4                I2C_1_Enable
 .text.I2C_1_Start
                0x000008fc       0x20 .\CortexM0p\ARM_GCC_541\Debug\PSOC4_Main.a(I2C_1.o)
                0x000008fc                I2C_1_Start
 .text.I2C_1_I2CInit
                0x0000091c       0xb8 .\CortexM0p\ARM_GCC_541\Debug\PSOC4_Main.a(I2C_1_I2C.o)
                0x0000091c                I2C_1_I2CInit
 .text.I2C_1_I2CFwBlockReset
                0x000009d4       0x5c .\CortexM0p\ARM_GCC_541\Debug\PSOC4_Main.a(I2C_1_I2C.o)
                0x000009d4                I2C_1_I2CFwBlockReset
 .text.I2C_1_I2CReStartGeneration
                0x00000a30       0x20 .\CortexM0p\ARM_GCC_541\Debug\PSOC4_Main.a(I2C_1_I2C_MASTER.o)
                0x00000a30                I2C_1_I2CReStartGeneration
 .text.I2C_1_I2CMasterReadBuf
                0x00000a50      0x108 .\CortexM0p\ARM_GCC_541\Debug\PSOC4_Main.a(I2C_1_I2C_MASTER.o)
                0x00000a50                I2C_1_I2CMasterReadBuf
 .text.ADC_1_SetDFTControl
                0x00000b58       0x34 .\CortexM0p\ARM_GCC_541\Debug\PSOC4_Main.a(ADC_1.o)
 .text.ADC_1_IsChannelSigned
                0x00000b8c       0x58 .\CortexM0p\ARM_GCC_541\Debug\PSOC4_Main.a(ADC_1.o)
 .text.ADC_1_Stop
                0x00000be4       0x10 .\CortexM0p\ARM_GCC_541\Debug\PSOC4_Main.a(ADC_1.o)
                0x00000be4                ADC_1_Stop
 .text.ADC_1_InitConfig
                0x00000bf4       0xac .\CortexM0p\ARM_GCC_541\Debug\PSOC4_Main.a(ADC_1.o)
                0x00000bf4                ADC_1_InitConfig
 .text.ADC_1_StartConvert
                0x00000ca0       0x28 .\CortexM0p\ARM_GCC_541\Debug\PSOC4_Main.a(ADC_1.o)
                0x00000ca0                ADC_1_StartConvert
 .text.ADC_1_IsEndConversion
                0x00000cc8       0x38 .\CortexM0p\ARM_GCC_541\Debug\PSOC4_Main.a(ADC_1.o)
                0x00000cc8                ADC_1_IsEndConversion
 .text.ADC_1_GetResult32
                0x00000d00       0x64 .\CortexM0p\ARM_GCC_541\Debug\PSOC4_Main.a(ADC_1.o)
                0x00000d00                ADC_1_GetResult32
 .text.ADC_1_RawCounts2Counts
                0x00000d64       0x88 .\CortexM0p\ARM_GCC_541\Debug\PSOC4_Main.a(ADC_1.o)
                0x00000d64                ADC_1_RawCounts2Counts
 .text.ADC_1_CountsTo_mVolts
                0x00000dec       0x68 .\CortexM0p\ARM_GCC_541\Debug\PSOC4_Main.a(ADC_1.o)
                0x00000dec                ADC_1_CountsTo_mVolts
 .text.ADC_1_Init
                0x00000e54       0xdc .\CortexM0p\ARM_GCC_541\Debug\PSOC4_Main.a(ADC_1.o)
                0x00000e54                ADC_1_Init
 .text.ADC_1_Enable
                0x00000f30       0x48 .\CortexM0p\ARM_GCC_541\Debug\PSOC4_Main.a(ADC_1.o)
                0x00000f30                ADC_1_Enable
 .text.ADC_1_Start
                0x00000f78       0x24 .\CortexM0p\ARM_GCC_541\Debug\PSOC4_Main.a(ADC_1.o)
                0x00000f78                ADC_1_Start
 .text.ADC_1_StopConvert
                0x00000f9c       0x44 .\CortexM0p\ARM_GCC_541\Debug\PSOC4_Main.a(ADC_1.o)
                0x00000f9c                ADC_1_StopConvert
 .text.ADC_1_ISR
                0x00000fe0        0xc .\CortexM0p\ARM_GCC_541\Debug\PSOC4_Main.a(ADC_1_INT.o)
                0x00000fe0                ADC_1_ISR
 .text.PGA_1_Enable
                0x00000fec       0x1c .\CortexM0p\ARM_GCC_541\Debug\PSOC4_Main.a(PGA_1.o)
                0x00000fec                PGA_1_Enable
 .text.PGA_1_SetGain
                0x00001008       0xa4 .\CortexM0p\ARM_GCC_541\Debug\PSOC4_Main.a(PGA_1.o)
                0x00001008                PGA_1_SetGain
 .text.PGA_1_Init
                0x000010ac       0x50 .\CortexM0p\ARM_GCC_541\Debug\PSOC4_Main.a(PGA_1.o)
                0x000010ac                PGA_1_Init
 .text.PGA_1_Start
                0x000010fc       0x20 .\CortexM0p\ARM_GCC_541\Debug\PSOC4_Main.a(PGA_1.o)
                0x000010fc                PGA_1_Start
 .text.Opamp_1_Init
                0x0000111c       0x2c .\CortexM0p\ARM_GCC_541\Debug\PSOC4_Main.a(Opamp_1.o)
                0x0000111c                Opamp_1_Init
 .text.Opamp_1_Enable
                0x00001148       0x1c .\CortexM0p\ARM_GCC_541\Debug\PSOC4_Main.a(Opamp_1.o)
                0x00001148                Opamp_1_Enable
 .text.Opamp_1_Start
                0x00001164       0x20 .\CortexM0p\ARM_GCC_541\Debug\PSOC4_Main.a(Opamp_1.o)
                0x00001164                Opamp_1_Start
 .text.AMux_1_Start
                0x00001184       0x20 .\CortexM0p\ARM_GCC_541\Debug\PSOC4_Main.a(AMux_1.o)
                0x00001184                AMux_1_Start
 .text.AMux_1_FastSelect
                0x000011a4       0x20 .\CortexM0p\ARM_GCC_541\Debug\PSOC4_Main.a(AMux_1.o)
                0x000011a4                AMux_1_FastSelect
 .text.ADC_1_intSarClock_StartEx
                0x000011c4       0x1c .\CortexM0p\ARM_GCC_541\Debug\PSOC4_Main.a(ADC_1_intSarClock.o)
                0x000011c4                ADC_1_intSarClock_StartEx
 .text.ADC_1_intSarClock_Stop
                0x000011e0       0x18 .\CortexM0p\ARM_GCC_541\Debug\PSOC4_Main.a(ADC_1_intSarClock.o)
                0x000011e0                ADC_1_intSarClock_Stop
 .text.ADC_1_intSarClock_SetFractionalDividerRegister
                0x000011f8       0x20 .\CortexM0p\ARM_GCC_541\Debug\PSOC4_Main.a(ADC_1_intSarClock.o)
                0x000011f8                ADC_1_intSarClock_SetFractionalDividerRegister
 .text.CySysClkImoDisableWcoLock
                0x00001218       0x4c .\CortexM0p\ARM_GCC_541\Debug\PSOC4_Main.a(CyLib.o)
                0x00001218                CySysClkImoDisableWcoLock
 .text.CySysClkImoGetWcoLock
                0x00001264       0x14 .\CortexM0p\ARM_GCC_541\Debug\PSOC4_Main.a(CyLib.o)
                0x00001264                CySysClkImoGetWcoLock
 .text.CyIntEnable
                0x00001278       0x14 .\CortexM0p\ARM_GCC_541\Debug\PSOC4_Main.a(CyLib.o)
                0x00001278                CyIntEnable
 .text.CyIntDisable
                0x0000128c       0x14 .\CortexM0p\ARM_GCC_541\Debug\PSOC4_Main.a(CyLib.o)
                0x0000128c                CyIntDisable
 .text.CyHalt   0x000012a0        0x4 .\CortexM0p\ARM_GCC_541\Debug\PSOC4_Main.a(CyLib.o)
                0x000012a0                CyHalt
 .text.CyIntSetVector
                0x000012a4       0x24 .\CortexM0p\ARM_GCC_541\Debug\PSOC4_Main.a(CyLib.o)
                0x000012a4                CyIntSetVector
 .text.CyIntSetPriority
                0x000012c8       0x4c .\CortexM0p\ARM_GCC_541\Debug\PSOC4_Main.a(CyLib.o)
                0x000012c8                CyIntSetPriority
 .text.CyDelay  0x00001314       0x30 .\CortexM0p\ARM_GCC_541\Debug\PSOC4_Main.a(CyLib.o)
                0x00001314                CyDelay
 .text.CySysClkImoEnableWcoLock
                0x00001344       0xd0 .\CortexM0p\ARM_GCC_541\Debug\PSOC4_Main.a(CyLib.o)
                0x00001344                CySysClkImoEnableWcoLock
 .text.CySysClkWriteImoFreq
                0x00001414       0xd8 .\CortexM0p\ARM_GCC_541\Debug\PSOC4_Main.a(CyLib.o)
                0x00001414                CySysClkWriteImoFreq
 .text.CyDelayUs
                0x000014ec       0x14 .\CortexM0p\ARM_GCC_541\Debug\PSOC4_Main.a(CyLib.o)
                0x000014ec                CyDelayUs
 .text.CySysClkGetTimerSource
                0x00001500       0x10 .\CortexM0p\ARM_GCC_541\Debug\PSOC4_Main.a(CyLFClk.o)
 .text.CySysClkWcoEnabled
                0x00001510       0x14 .\CortexM0p\ARM_GCC_541\Debug\PSOC4_Main.a(CyLFClk.o)
                0x00001510                CySysClkWcoEnabled
 .text.CySysWdtDisable
                0x00001524       0x10 .\CortexM0p\ARM_GCC_541\Debug\PSOC4_Main.a(CyLFClk.o)
                0x00001524                CySysWdtDisable
 .text.CySysClkSetTimerSource
                0x00001534       0x68 .\CortexM0p\ARM_GCC_541\Debug\PSOC4_Main.a(CyLFClk.o)
                0x00001534                CySysClkSetTimerSource
 .text.CySysTimerClearInterrupt
                0x0000159c       0x2c .\CortexM0p\ARM_GCC_541\Debug\PSOC4_Main.a(CyLFClk.o)
                0x0000159c                CySysTimerClearInterrupt
 .text.CySysTimerIsr
                0x000015c8       0xa4 .\CortexM0p\ARM_GCC_541\Debug\PSOC4_Main.a(CyLFClk.o)
                0x000015c8                CySysTimerIsr
 .text.RELAY_Write
                0x0000166c       0x18 .\CortexM0p\ARM_GCC_541\Debug\PSOC4_Main.a(RELAY.o)
                0x0000166c                RELAY_Write
 .text.RED_LED_Write
                0x00001684       0x18 .\CortexM0p\ARM_GCC_541\Debug\PSOC4_Main.a(RED_LED.o)
                0x00001684                RED_LED_Write
 .text.PVref_1_Init
                0x0000169c       0x1c .\CortexM0p\ARM_GCC_541\Debug\PSOC4_Main.a(PVref_1.o)
                0x0000169c                PVref_1_Init
 .text.PVref_1_Enable
                0x000016b8       0x10 .\CortexM0p\ARM_GCC_541\Debug\PSOC4_Main.a(PVref_1.o)
                0x000016b8                PVref_1_Enable
 .text.PVref_1_Start
                0x000016c8       0x20 .\CortexM0p\ARM_GCC_541\Debug\PSOC4_Main.a(PVref_1.o)
                0x000016c8                PVref_1_Start
 .text          0x000016e8       0x20 .\CortexM0p\ARM_GCC_541\Debug\PSOC4_Main.a(CyBootAsmGnu.o)
                0x000016e8                CyDelayCycles
                0x000016fa                CyEnterCriticalSection
                0x00001702                CyExitCriticalSection
 .text.UART_1_SpiUartReadRxData
                0x00001708        0xc .\CortexM0p\ARM_GCC_541\Debug\PSOC4_Main.a(UART_1_SPI_UART.o)
                0x00001708                UART_1_SpiUartReadRxData
 .text.UART_1_SpiUartGetRxBufferSize
                0x00001714       0x10 .\CortexM0p\ARM_GCC_541\Debug\PSOC4_Main.a(UART_1_SPI_UART.o)
                0x00001714                UART_1_SpiUartGetRxBufferSize
 .text.UART_1_SpiUartWriteTxData
                0x00001724       0x1c .\CortexM0p\ARM_GCC_541\Debug\PSOC4_Main.a(UART_1_SPI_UART.o)
                0x00001724                UART_1_SpiUartWriteTxData
 .text.I2C_1_I2C_ISR
                0x00001740      0x340 .\CortexM0p\ARM_GCC_541\Debug\PSOC4_Main.a(I2C_1_I2C_INT.o)
                0x00001740                I2C_1_I2C_ISR
 .text.CySysFlashSetWaitCycles
                0x00001a80       0x54 .\CortexM0p\ARM_GCC_541\Debug\PSOC4_Main.a(CyFlash.o)
                0x00001a80                CySysFlashSetWaitCycles
 .text          0x00001ad4      0x114 c:/program files (x86)/cypress/psoc creator/4.4/psoc creator/import/gnu/arm/5.4.1/bin/../lib/gcc/arm-none-eabi/5.4.1/armv6-m\libgcc.a(_udivsi3.o)
                0x00001ad4                __aeabi_uidiv
                0x00001ad4                __udivsi3
                0x00001be0                __aeabi_uidivmod
 .text          0x00001be8      0x1d4 c:/program files (x86)/cypress/psoc creator/4.4/psoc creator/import/gnu/arm/5.4.1/bin/../lib/gcc/arm-none-eabi/5.4.1/armv6-m\libgcc.a(_divsi3.o)
                0x00001be8                __divsi3
                0x00001be8                __aeabi_idiv
                0x00001db4                __aeabi_idivmod
 .text          0x00001dbc        0x4 c:/program files (x86)/cypress/psoc creator/4.4/psoc creator/import/gnu/arm/5.4.1/bin/../lib/gcc/arm-none-eabi/5.4.1/armv6-m\libgcc.a(_dvmd_tls.o)
                0x00001dbc                __aeabi_idiv0
                0x00001dbc                __aeabi_ldiv0
 .text          0x00001dc0      0x234 c:/program files (x86)/cypress/psoc creator/4.4/psoc creator/import/gnu/arm/5.4.1/bin/../lib/gcc/arm-none-eabi/5.4.1/armv6-m\libgcc.a(divsf3.o)
                0x00001dc0                __aeabi_fdiv
 .text          0x00001ff4      0x30c c:/program files (x86)/cypress/psoc creator/4.4/psoc creator/import/gnu/arm/5.4.1/bin/../lib/gcc/arm-none-eabi/5.4.1/armv6-m\libgcc.a(subsf3.o)
                0x00001ff4                __aeabi_fsub
 .text          0x00002300       0x90 c:/program files (x86)/cypress/psoc creator/4.4/psoc creator/import/gnu/arm/5.4.1/bin/../lib/gcc/arm-none-eabi/5.4.1/armv6-m\libgcc.a(floatsisf.o)
                0x00002300                __aeabi_i2f
 .text          0x00002390       0x7c c:/program files (x86)/cypress/psoc creator/4.4/psoc creator/import/gnu/arm/5.4.1/bin/../lib/gcc/arm-none-eabi/5.4.1/armv6-m\libgcc.a(floatunsisf.o)
                0x00002390                __aeabi_ui2f
 .text          0x0000240c       0xa8 c:/program files (x86)/cypress/psoc creator/4.4/psoc creator/import/gnu/arm/5.4.1/bin/../lib/gcc/arm-none-eabi/5.4.1/armv6-m\libgcc.a(extendsfdf2.o)
                0x0000240c                __aeabi_f2d
 .text          0x000024b4       0x3c c:/program files (x86)/cypress/psoc creator/4.4/psoc creator/import/gnu/arm/5.4.1/bin/../lib/gcc/arm-none-eabi/5.4.1/armv6-m\libgcc.a(_clzsi2.o)
                0x000024b4                __clzsi2
 .text.__errno  0x000024f0        0xc c:/program files (x86)/cypress/psoc creator/4.4/psoc creator/import/gnu/arm/5.4.1/bin/../lib/gcc/arm-none-eabi/5.4.1/../../../../arm-none-eabi/lib/armv6-m\libg_nano.a(lib_a-errno.o)
                0x000024f0                __errno
 .text.__libc_init_array
                0x000024fc       0x4c c:/program files (x86)/cypress/psoc creator/4.4/psoc creator/import/gnu/arm/5.4.1/bin/../lib/gcc/arm-none-eabi/5.4.1/../../../../arm-none-eabi/lib/armv6-m\libg_nano.a(lib_a-init.o)
                0x000024fc                __libc_init_array
 .text.memcpy   0x00002548       0x12 c:/program files (x86)/cypress/psoc creator/4.4/psoc creator/import/gnu/arm/5.4.1/bin/../lib/gcc/arm-none-eabi/5.4.1/../../../../arm-none-eabi/lib/armv6-m\libg_nano.a(lib_a-memcpy-stub.o)
                0x00002548                memcpy
 .text.memset   0x0000255a       0x10 c:/program files (x86)/cypress/psoc creator/4.4/psoc creator/import/gnu/arm/5.4.1/bin/../lib/gcc/arm-none-eabi/5.4.1/../../../../arm-none-eabi/lib/armv6-m\libg_nano.a(lib_a-memset.o)
                0x0000255a                memset
 .text.__cvt    0x0000256a       0xca c:/program files (x86)/cypress/psoc creator/4.4/psoc creator/import/gnu/arm/5.4.1/bin/../lib/gcc/arm-none-eabi/5.4.1/../../../../arm-none-eabi/lib/armv6-m\libg_nano.a(lib_a-nano-vfprintf_float.o)
                0x0000256a                __cvt
 .text.__exponent
                0x00002634       0x62 c:/program files (x86)/cypress/psoc creator/4.4/psoc creator/import/gnu/arm/5.4.1/bin/../lib/gcc/arm-none-eabi/5.4.1/../../../../arm-none-eabi/lib/armv6-m\libg_nano.a(lib_a-nano-vfprintf_float.o)
                0x00002634                __exponent
 *fill*         0x00002696        0x2 
 .text._printf_float
                0x00002698      0x4a0 c:/program files (x86)/cypress/psoc creator/4.4/psoc creator/import/gnu/arm/5.4.1/bin/../lib/gcc/arm-none-eabi/5.4.1/../../../../arm-none-eabi/lib/armv6-m\libg_nano.a(lib_a-nano-vfprintf_float.o)
                0x00002698                _printf_float
 .text._printf_common
                0x00002b38       0xdc c:/program files (x86)/cypress/psoc creator/4.4/psoc creator/import/gnu/arm/5.4.1/bin/../lib/gcc/arm-none-eabi/5.4.1/../../../../arm-none-eabi/lib/armv6-m\libg_nano.a(lib_a-nano-vfprintf_i.o)
                0x00002b38                _printf_common
 .text._printf_i
                0x00002c14      0x244 c:/program files (x86)/cypress/psoc creator/4.4/psoc creator/import/gnu/arm/5.4.1/bin/../lib/gcc/arm-none-eabi/5.4.1/../../../../arm-none-eabi/lib/armv6-m\libg_nano.a(lib_a-nano-vfprintf_i.o)
                0x00002c14                _printf_i
 .text.sprintf  0x00002e58       0x44 c:/program files (x86)/cypress/psoc creator/4.4/psoc creator/import/gnu/arm/5.4.1/bin/../lib/gcc/arm-none-eabi/5.4.1/../../../../arm-none-eabi/lib/armv6-m\libg_nano.a(lib_a-sprintf.o)
                0x00002e58                siprintf
                0x00002e58                sprintf
 .text          0x00002e9c        0xe c:/program files (x86)/cypress/psoc creator/4.4/psoc creator/import/gnu/arm/5.4.1/bin/../lib/gcc/arm-none-eabi/5.4.1/../../../../arm-none-eabi/lib/armv6-m\libg_nano.a(lib_a-strlen.o)
                0x00002e9c                strlen
 .text.quorem   0x00002eaa      0x10c c:/program files (x86)/cypress/psoc creator/4.4/psoc creator/import/gnu/arm/5.4.1/bin/../lib/gcc/arm-none-eabi/5.4.1/../../../../arm-none-eabi/lib/armv6-m\libg_nano.a(lib_a-dtoa.o)
 *fill*         0x00002fb6        0x2 
 .text._dtoa_r  0x00002fb8      0xb8c c:/program files (x86)/cypress/psoc creator/4.4/psoc creator/import/gnu/arm/5.4.1/bin/../lib/gcc/arm-none-eabi/5.4.1/../../../../arm-none-eabi/lib/armv6-m\libg_nano.a(lib_a-dtoa.o)
                0x00002fb8                _dtoa_r
 .text._localeconv_r
                0x00003b44        0x8 c:/program files (x86)/cypress/psoc creator/4.4/psoc creator/import/gnu/arm/5.4.1/bin/../lib/gcc/arm-none-eabi/5.4.1/../../../../arm-none-eabi/lib/armv6-m\libg_nano.a(lib_a-locale.o)
                0x00003b44                _localeconv_r
 .text.malloc   0x00003b4c       0x14 c:/program files (x86)/cypress/psoc creator/4.4/psoc creator/import/gnu/arm/5.4.1/bin/../lib/gcc/arm-none-eabi/5.4.1/../../../../arm-none-eabi/lib/armv6-m\libg_nano.a(lib_a-malloc.o)
                0x00003b4c                malloc
 .text.memchr   0x00003b60       0x16 c:/program files (x86)/cypress/psoc creator/4.4/psoc creator/import/gnu/arm/5.4.1/bin/../lib/gcc/arm-none-eabi/5.4.1/../../../../arm-none-eabi/lib/armv6-m\libg_nano.a(lib_a-memchr-stub.o)
                0x00003b60                memchr
 .text._Balloc  0x00003b76       0x70 c:/program files (x86)/cypress/psoc creator/4.4/psoc creator/import/gnu/arm/5.4.1/bin/../lib/gcc/arm-none-eabi/5.4.1/../../../../arm-none-eabi/lib/armv6-m\libg_nano.a(lib_a-mprec.o)
                0x00003b76                _Balloc
 .text._Bfree   0x00003be6       0x32 c:/program files (x86)/cypress/psoc creator/4.4/psoc creator/import/gnu/arm/5.4.1/bin/../lib/gcc/arm-none-eabi/5.4.1/../../../../arm-none-eabi/lib/armv6-m\libg_nano.a(lib_a-mprec.o)
                0x00003be6                _Bfree
 .text.__multadd
                0x00003c18       0x7a c:/program files (x86)/cypress/psoc creator/4.4/psoc creator/import/gnu/arm/5.4.1/bin/../lib/gcc/arm-none-eabi/5.4.1/../../../../arm-none-eabi/lib/armv6-m\libg_nano.a(lib_a-mprec.o)
                0x00003c18                __multadd
 .text.__hi0bits
                0x00003c92       0x36 c:/program files (x86)/cypress/psoc creator/4.4/psoc creator/import/gnu/arm/5.4.1/bin/../lib/gcc/arm-none-eabi/5.4.1/../../../../arm-none-eabi/lib/armv6-m\libg_nano.a(lib_a-mprec.o)
                0x00003c92                __hi0bits
 .text.__lo0bits
                0x00003cc8       0x5e c:/program files (x86)/cypress/psoc creator/4.4/psoc creator/import/gnu/arm/5.4.1/bin/../lib/gcc/arm-none-eabi/5.4.1/../../../../arm-none-eabi/lib/armv6-m\libg_nano.a(lib_a-mprec.o)
                0x00003cc8                __lo0bits
 .text.__i2b    0x00003d26       0x12 c:/program files (x86)/cypress/psoc creator/4.4/psoc creator/import/gnu/arm/5.4.1/bin/../lib/gcc/arm-none-eabi/5.4.1/../../../../arm-none-eabi/lib/armv6-m\libg_nano.a(lib_a-mprec.o)
                0x00003d26                __i2b
 .text.__multiply
                0x00003d38      0x112 c:/program files (x86)/cypress/psoc creator/4.4/psoc creator/import/gnu/arm/5.4.1/bin/../lib/gcc/arm-none-eabi/5.4.1/../../../../arm-none-eabi/lib/armv6-m\libg_nano.a(lib_a-mprec.o)
                0x00003d38                __multiply
 *fill*         0x00003e4a        0x2 
 .text.__pow5mult
                0x00003e4c       0xa8 c:/program files (x86)/cypress/psoc creator/4.4/psoc creator/import/gnu/arm/5.4.1/bin/../lib/gcc/arm-none-eabi/5.4.1/../../../../arm-none-eabi/lib/armv6-m\libg_nano.a(lib_a-mprec.o)
                0x00003e4c                __pow5mult
 .text.__lshift
                0x00003ef4       0xa4 c:/program files (x86)/cypress/psoc creator/4.4/psoc creator/import/gnu/arm/5.4.1/bin/../lib/gcc/arm-none-eabi/5.4.1/../../../../arm-none-eabi/lib/armv6-m\libg_nano.a(lib_a-mprec.o)
                0x00003ef4                __lshift
 .text.__mcmp   0x00003f98       0x36 c:/program files (x86)/cypress/psoc creator/4.4/psoc creator/import/gnu/arm/5.4.1/bin/../lib/gcc/arm-none-eabi/5.4.1/../../../../arm-none-eabi/lib/armv6-m\libg_nano.a(lib_a-mprec.o)
                0x00003f98                __mcmp
 .text.__mdiff  0x00003fce       0xd6 c:/program files (x86)/cypress/psoc creator/4.4/psoc creator/import/gnu/arm/5.4.1/bin/../lib/gcc/arm-none-eabi/5.4.1/../../../../arm-none-eabi/lib/armv6-m\libg_nano.a(lib_a-mprec.o)
                0x00003fce                __mdiff
 .text.__d2b    0x000040a4       0xa8 c:/program files (x86)/cypress/psoc creator/4.4/psoc creator/import/gnu/arm/5.4.1/bin/../lib/gcc/arm-none-eabi/5.4.1/../../../../arm-none-eabi/lib/armv6-m\libg_nano.a(lib_a-mprec.o)
                0x000040a4                __d2b
 .text._calloc_r
                0x0000414c       0x1c c:/program files (x86)/cypress/psoc creator/4.4/psoc creator/import/gnu/arm/5.4.1/bin/../lib/gcc/arm-none-eabi/5.4.1/../../../../arm-none-eabi/lib/armv6-m\libg_nano.a(lib_a-nano-callocr.o)
                0x0000414c                _calloc_r
 .text._free_r  0x00004168       0x98 c:/program files (x86)/cypress/psoc creator/4.4/psoc creator/import/gnu/arm/5.4.1/bin/../lib/gcc/arm-none-eabi/5.4.1/../../../../arm-none-eabi/lib/armv6-m\libg_nano.a(lib_a-nano-freer.o)
                0x00004168                _free_r
 .text._malloc_r
                0x00004200       0xc0 c:/program files (x86)/cypress/psoc creator/4.4/psoc creator/import/gnu/arm/5.4.1/bin/../lib/gcc/arm-none-eabi/5.4.1/../../../../arm-none-eabi/lib/armv6-m\libg_nano.a(lib_a-nano-mallocr.o)
                0x00004200                _malloc_r
 .text.__ssputs_r
                0x000042c0       0xc4 c:/program files (x86)/cypress/psoc creator/4.4/psoc creator/import/gnu/arm/5.4.1/bin/../lib/gcc/arm-none-eabi/5.4.1/../../../../arm-none-eabi/lib/armv6-m\libg_nano.a(lib_a-nano-svfprintf.o)
                0x000042c0                __ssputs_r
 .text._svfprintf_r
                0x00004384      0x1fc c:/program files (x86)/cypress/psoc creator/4.4/psoc creator/import/gnu/arm/5.4.1/bin/../lib/gcc/arm-none-eabi/5.4.1/../../../../arm-none-eabi/lib/armv6-m\libg_nano.a(lib_a-nano-svfprintf.o)
                0x00004384                _svfiprintf_r
                0x00004384                _svfprintf_r
 .text._sbrk_r  0x00004580       0x24 c:/program files (x86)/cypress/psoc creator/4.4/psoc creator/import/gnu/arm/5.4.1/bin/../lib/gcc/arm-none-eabi/5.4.1/../../../../arm-none-eabi/lib/armv6-m\libg_nano.a(lib_a-sbrkr.o)
                0x00004580                _sbrk_r
 .text.memmove  0x000045a4       0x2a c:/program files (x86)/cypress/psoc creator/4.4/psoc creator/import/gnu/arm/5.4.1/bin/../lib/gcc/arm-none-eabi/5.4.1/../../../../arm-none-eabi/lib/armv6-m\libg_nano.a(lib_a-memmove.o)
                0x000045a4                memmove
 .text.__malloc_lock
                0x000045ce        0x2 c:/program files (x86)/cypress/psoc creator/4.4/psoc creator/import/gnu/arm/5.4.1/bin/../lib/gcc/arm-none-eabi/5.4.1/../../../../arm-none-eabi/lib/armv6-m\libg_nano.a(lib_a-mlock.o)
                0x000045ce                __malloc_lock
 .text.__malloc_unlock
                0x000045d0        0x2 c:/program files (x86)/cypress/psoc creator/4.4/psoc creator/import/gnu/arm/5.4.1/bin/../lib/gcc/arm-none-eabi/5.4.1/../../../../arm-none-eabi/lib/armv6-m\libg_nano.a(lib_a-mlock.o)
                0x000045d0                __malloc_unlock
 .text._realloc_r
                0x000045d2       0x4c c:/program files (x86)/cypress/psoc creator/4.4/psoc creator/import/gnu/arm/5.4.1/bin/../lib/gcc/arm-none-eabi/5.4.1/../../../../arm-none-eabi/lib/armv6-m\libg_nano.a(lib_a-nano-reallocr.o)
                0x000045d2                _realloc_r
 .text._malloc_usable_size_r
                0x0000461e       0x16 c:/program files (x86)/cypress/psoc creator/4.4/psoc creator/import/gnu/arm/5.4.1/bin/../lib/gcc/arm-none-eabi/5.4.1/../../../../arm-none-eabi/lib/armv6-m\libg_nano.a(lib_a-nano-msizer.o)
                0x0000461e                _malloc_usable_size_r
 .text          0x00004634       0x14 c:/program files (x86)/cypress/psoc creator/4.4/psoc creator/import/gnu/arm/5.4.1/bin/../lib/gcc/arm-none-eabi/5.4.1/armv6-m\libgcc.a(_thumb1_case_uqi.o)
                0x00004634                __gnu_thumb1_case_uqi
 .text          0x00004648       0x7c c:/program files (x86)/cypress/psoc creator/4.4/psoc creator/import/gnu/arm/5.4.1/bin/../lib/gcc/arm-none-eabi/5.4.1/armv6-m\libgcc.a(_arm_cmpdf2.o)
                0x00004648                __aeabi_cdrcmple
                0x00004658                __aeabi_cdcmple
                0x00004658                __aeabi_cdcmpeq
                0x00004668                __aeabi_dcmpeq
                0x00004674                __aeabi_dcmplt
                0x00004688                __aeabi_dcmple
                0x0000469c                __aeabi_dcmpgt
                0x000046b0                __aeabi_dcmpge
 .text          0x000046c4      0x658 c:/program files (x86)/cypress/psoc creator/4.4/psoc creator/import/gnu/arm/5.4.1/bin/../lib/gcc/arm-none-eabi/5.4.1/armv6-m\libgcc.a(adddf3.o)
                0x000046c4                __aeabi_dadd
 .text          0x00004d1c      0x62c c:/program files (x86)/cypress/psoc creator/4.4/psoc creator/import/gnu/arm/5.4.1/bin/../lib/gcc/arm-none-eabi/5.4.1/armv6-m\libgcc.a(divdf3.o)
                0x00004d1c                __aeabi_ddiv
 .text          0x00005348       0x80 c:/program files (x86)/cypress/psoc creator/4.4/psoc creator/import/gnu/arm/5.4.1/bin/../lib/gcc/arm-none-eabi/5.4.1/armv6-m\libgcc.a(eqdf2.o)
                0x00005348                __nedf2
                0x00005348                __eqdf2
 .text          0x000053c8       0xc8 c:/program files (x86)/cypress/psoc creator/4.4/psoc creator/import/gnu/arm/5.4.1/bin/../lib/gcc/arm-none-eabi/5.4.1/armv6-m\libgcc.a(gedf2.o)
                0x000053c8                __gedf2
                0x000053c8                __gtdf2
 .text          0x00005490       0xd4 c:/program files (x86)/cypress/psoc creator/4.4/psoc creator/import/gnu/arm/5.4.1/bin/../lib/gcc/arm-none-eabi/5.4.1/armv6-m\libgcc.a(ledf2.o)
                0x00005490                __ledf2
                0x00005490                __ltdf2
 .text          0x00005564      0x4f4 c:/program files (x86)/cypress/psoc creator/4.4/psoc creator/import/gnu/arm/5.4.1/bin/../lib/gcc/arm-none-eabi/5.4.1/armv6-m\libgcc.a(muldf3.o)
                0x00005564                __aeabi_dmul
 .text          0x00005a58      0x6a8 c:/program files (x86)/cypress/psoc creator/4.4/psoc creator/import/gnu/arm/5.4.1/bin/../lib/gcc/arm-none-eabi/5.4.1/armv6-m\libgcc.a(subdf3.o)
                0x00005a58                __aeabi_dsub
 .text          0x00006100       0x40 c:/program files (x86)/cypress/psoc creator/4.4/psoc creator/import/gnu/arm/5.4.1/bin/../lib/gcc/arm-none-eabi/5.4.1/armv6-m\libgcc.a(unorddf2.o)
                0x00006100                __aeabi_dcmpun
 .text          0x00006140       0x6c c:/program files (x86)/cypress/psoc creator/4.4/psoc creator/import/gnu/arm/5.4.1/bin/../lib/gcc/arm-none-eabi/5.4.1/armv6-m\libgcc.a(fixdfsi.o)
                0x00006140                __aeabi_d2iz
 .text          0x000061ac       0x84 c:/program files (x86)/cypress/psoc creator/4.4/psoc creator/import/gnu/arm/5.4.1/bin/../lib/gcc/arm-none-eabi/5.4.1/armv6-m\libgcc.a(floatsidf.o)
                0x000061ac                __aeabi_i2d
 .text          0x00006230       0x70 c:/program files (x86)/cypress/psoc creator/4.4/psoc creator/import/gnu/arm/5.4.1/bin/../lib/gcc/arm-none-eabi/5.4.1/armv6-m\libgcc.a(floatunsidf.o)
                0x00006230                __aeabi_ui2d
 *(.plt)
 *(.gnu.warning)
 *(.glue_7t)
 .glue_7t       0x000062a0        0x0 linker stubs
 *(.glue_7)
 .glue_7        0x000062a0        0x0 linker stubs
 *(.vfp11_veneer)
 .vfp11_veneer  0x000062a0        0x0 linker stubs
 *(.bootloader)
 *(.ARM.extab* .gnu.linkonce.armextab.*)
 *(.gcc_except_table)

.v4_bx          0x000062a0        0x0
 .v4_bx         0x000062a0        0x0 linker stubs

.iplt           0x000062a0        0x0
 .iplt          0x000062a0        0x0 c:/program files (x86)/cypress/psoc creator/4.4/psoc creator/import/gnu/arm/5.4.1/bin/../lib/gcc/arm-none-eabi/5.4.1/armv6-m/crtbegin.o

.eh_frame_hdr
 *(.eh_frame_hdr)

.eh_frame       0x000062a0        0x4
 *(.eh_frame)
 .eh_frame      0x000062a0        0x0 c:/program files (x86)/cypress/psoc creator/4.4/psoc creator/import/gnu/arm/5.4.1/bin/../lib/gcc/arm-none-eabi/5.4.1/armv6-m/crtbegin.o
 .eh_frame      0x000062a0        0x4 c:/program files (x86)/cypress/psoc creator/4.4/psoc creator/import/gnu/arm/5.4.1/bin/../lib/gcc/arm-none-eabi/5.4.1/armv6-m/crtend.o
                [!provide]                PROVIDE (__exidx_start, .)

.ARM.exidx
 *(.ARM.exidx* .gnu.linkonce.armexidx.*)
                0x000062a4                __exidx_end = .

.rodata         0x000062a8      0x3e0
 *(.rodata .rodata.* .gnu.linkonce.r.*)
 .rodata.str1.4
                0x000062a8       0xc8 .\CortexM0p\ARM_GCC_541\Debug\main.o
 .rodata        0x00006370       0x38 .\CortexM0p\ARM_GCC_541\Debug\PSOC4_Main.a(ADC_1_INIT.o)
                0x00006370                ADC_1_allConfigs
 .rodata        0x000063a8       0x48 .\CortexM0p\ARM_GCC_541\Debug\PSOC4_Main.a(PGA_1.o)
                0x000063a8                PGA_1_compTab
 .rodata        0x000063f0       0x80 c:/program files (x86)/cypress/psoc creator/4.4/psoc creator/import/gnu/arm/5.4.1/bin/../lib/gcc/arm-none-eabi/5.4.1/armv6-m\libgcc.a(divsf3.o)
 .rodata.str1.1
                0x00006470        0x2 c:/program files (x86)/cypress/psoc creator/4.4/psoc creator/import/gnu/arm/5.4.1/bin/../lib/gcc/arm-none-eabi/5.4.1/../../../../arm-none-eabi/lib/armv6-m\libg_nano.a(lib_a-impure.o)
 .rodata.str1.1
                0x00006472       0x12 c:/program files (x86)/cypress/psoc creator/4.4/psoc creator/import/gnu/arm/5.4.1/bin/../lib/gcc/arm-none-eabi/5.4.1/../../../../arm-none-eabi/lib/armv6-m\libg_nano.a(lib_a-nano-vfprintf_float.o)
 .rodata.str1.1
                0x00006484       0x22 c:/program files (x86)/cypress/psoc creator/4.4/psoc creator/import/gnu/arm/5.4.1/bin/../lib/gcc/arm-none-eabi/5.4.1/../../../../arm-none-eabi/lib/armv6-m\libg_nano.a(lib_a-nano-vfprintf_i.o)
 .rodata.str1.1
                0x000064a6        0xd c:/program files (x86)/cypress/psoc creator/4.4/psoc creator/import/gnu/arm/5.4.1/bin/../lib/gcc/arm-none-eabi/5.4.1/../../../../arm-none-eabi/lib/armv6-m\libg_nano.a(lib_a-dtoa.o)
                                  0xf (size before relaxing)
 .rodata.str1.1
                0x000064b3        0x8 c:/program files (x86)/cypress/psoc creator/4.4/psoc creator/import/gnu/arm/5.4.1/bin/../lib/gcc/arm-none-eabi/5.4.1/../../../../arm-none-eabi/lib/armv6-m\libg_nano.a(lib_a-locale.o)
                                  0xb (size before relaxing)
 *fill*         0x000064bb        0x5 
 .rodata.__mprec_tens
                0x000064c0       0xc8 c:/program files (x86)/cypress/psoc creator/4.4/psoc creator/import/gnu/arm/5.4.1/bin/../lib/gcc/arm-none-eabi/5.4.1/../../../../arm-none-eabi/lib/armv6-m\libg_nano.a(lib_a-mprec.o)
                0x000064c0                __mprec_tens
 .rodata.p05.5408
                0x00006588        0xc c:/program files (x86)/cypress/psoc creator/4.4/psoc creator/import/gnu/arm/5.4.1/bin/../lib/gcc/arm-none-eabi/5.4.1/../../../../arm-none-eabi/lib/armv6-m\libg_nano.a(lib_a-mprec.o)
 *fill*         0x00006594        0x4 
 .rodata.__mprec_bigtens
                0x00006598       0x28 c:/program files (x86)/cypress/psoc creator/4.4/psoc creator/import/gnu/arm/5.4.1/bin/../lib/gcc/arm-none-eabi/5.4.1/../../../../arm-none-eabi/lib/armv6-m\libg_nano.a(lib_a-mprec.o)
                0x00006598                __mprec_bigtens
 .rodata.str1.1
                0x000065c0       0x11 c:/program files (x86)/cypress/psoc creator/4.4/psoc creator/import/gnu/arm/5.4.1/bin/../lib/gcc/arm-none-eabi/5.4.1/../../../../arm-none-eabi/lib/armv6-m\libg_nano.a(lib_a-nano-svfprintf.o)
 *fill*         0x000065d1        0x3 
 .rodata        0x000065d4       0x40 c:/program files (x86)/cypress/psoc creator/4.4/psoc creator/import/gnu/arm/5.4.1/bin/../lib/gcc/arm-none-eabi/5.4.1/armv6-m\libgcc.a(divdf3.o)
 .rodata        0x00006614       0x40 c:/program files (x86)/cypress/psoc creator/4.4/psoc creator/import/gnu/arm/5.4.1/bin/../lib/gcc/arm-none-eabi/5.4.1/armv6-m\libgcc.a(muldf3.o)
                0x00006654                . = ALIGN (0x4)
 *(.init)
 .init          0x00006654        0x4 c:/program files (x86)/cypress/psoc creator/4.4/psoc creator/import/gnu/arm/5.4.1/bin/../lib/gcc/arm-none-eabi/5.4.1/armv6-m/crti.o
                0x00006654                _init
 .init          0x00006658        0x8 c:/program files (x86)/cypress/psoc creator/4.4/psoc creator/import/gnu/arm/5.4.1/bin/../lib/gcc/arm-none-eabi/5.4.1/armv6-m/crtn.o
                0x00006660                . = ALIGN (0x4)
                0x00006660                __preinit_array_start = .
 *(.preinit_array)
                0x00006660                __preinit_array_end = .
                0x00006660                . = ALIGN (0x4)
                0x00006660                __init_array_start = .
 *(SORT(.init_array.*))
 *(.init_array)
 .init_array    0x00006660        0x4 c:/program files (x86)/cypress/psoc creator/4.4/psoc creator/import/gnu/arm/5.4.1/bin/../lib/gcc/arm-none-eabi/5.4.1/armv6-m/crtbegin.o
 .init_array    0x00006664        0x4 .\CortexM0p\ARM_GCC_541\Debug\Cm0plusStart.o
                0x00006668                __init_array_end = .
                0x00006668                . = ALIGN (0x4)
 *(.fini)
 .fini          0x00006668        0x4 c:/program files (x86)/cypress/psoc creator/4.4/psoc creator/import/gnu/arm/5.4.1/bin/../lib/gcc/arm-none-eabi/5.4.1/armv6-m/crti.o
                0x00006668                _fini
 .fini          0x0000666c        0x8 c:/program files (x86)/cypress/psoc creator/4.4/psoc creator/import/gnu/arm/5.4.1/bin/../lib/gcc/arm-none-eabi/5.4.1/armv6-m/crtn.o
                0x00006674                . = ALIGN (0x4)
                0x00006674                __fini_array_start = .
 *(.fini_array)
 .fini_array    0x00006674        0x4 c:/program files (x86)/cypress/psoc creator/4.4/psoc creator/import/gnu/arm/5.4.1/bin/../lib/gcc/arm-none-eabi/5.4.1/armv6-m/crtbegin.o
 *(SORT(.fini_array.*))
                0x00006678                __fini_array_end = .
                0x00006678                . = ALIGN (0x4)
 *crtbegin.o(.ctors)
 *(EXCLUDE_FILE(*crtend.o) .ctors)
 *(SORT(.ctors.*))
 *crtend.o(.ctors)
                0x00006678                . = ALIGN (0x4)
 *crtbegin.o(.dtors)
 *(EXCLUDE_FILE(*crtend.o) .dtors)
 *(SORT(.dtors.*))
 *crtend.o(.dtors)
                0x00006678                . = ALIGN (0x4)
                0x00006678                __cy_regions = .
                0x00006678        0x4 LONG 0x6688 __cy_region_init_ram
                0x0000667c        0x4 LONG 0x200000a8 __cy_region_start_data
                0x00006680        0x4 LONG 0xc0 __cy_region_init_size_ram
                0x00006684        0x4 LONG 0x98 __cy_region_zero_size_ram
                0x00006688                __cy_regions_end = .
                0x00006688                . = ALIGN (0x8)
                0x00006688                _etext = .

.cy_checksum_exclude
                0x00006688        0x0
 *(.cy_checksum_exclude)

.ramvectors     0x20000000       0xa4
                0x20000000                __cy_region_start_ram = .
 *(.ramvectors)
 .ramvectors    0x20000000       0xa4 .\CortexM0p\ARM_GCC_541\Debug\Cm0plusStart.o
                0x20000000                CyRamVectors

.noinit
 *(.noinit)

.data           0x200000a8       0xc0 load address 0x00006688
                0x200000a8                __cy_region_start_data = .
 *(.jcr)
 .jcr           0x200000a8        0x0 c:/program files (x86)/cypress/psoc creator/4.4/psoc creator/import/gnu/arm/5.4.1/bin/../lib/gcc/arm-none-eabi/5.4.1/armv6-m/crtbegin.o
 .jcr           0x200000a8        0x4 c:/program files (x86)/cypress/psoc creator/4.4/psoc creator/import/gnu/arm/5.4.1/bin/../lib/gcc/arm-none-eabi/5.4.1/armv6-m/crtend.o
 *(.got.plt)
 *(.got)
 *(.shdata)
 *(.data .data.* .gnu.linkonce.d.*)
 .data          0x200000ac        0x4 .\CortexM0p\ARM_GCC_541\Debug\Cm0plusStart.o
 .data          0x200000b0        0x1 .\CortexM0p\ARM_GCC_541\Debug\PSOC4_Main.a(AMux_1.o)
 *fill*         0x200000b1        0x3 
 .data          0x200000b4       0x14 .\CortexM0p\ARM_GCC_541\Debug\PSOC4_Main.a(CyLib.o)
                0x200000b4                CySysClkPumpConfig
                0x200000b8                cydelay32kMs
                0x200000bc                cydelayFreqKhz
                0x200000c0                cydelayFreqMhz
                0x200000c4                cydelayFreqHz
 .data          0x200000c8        0x4 .\CortexM0p\ARM_GCC_541\Debug\PSOC4_Main.a(CyLFClk.o)
 .data.impure_data
                0x200000cc       0x60 c:/program files (x86)/cypress/psoc creator/4.4/psoc creator/import/gnu/arm/5.4.1/bin/../lib/gcc/arm-none-eabi/5.4.1/../../../../arm-none-eabi/lib/armv6-m\libg_nano.a(lib_a-impure.o)
 .data._impure_ptr
                0x2000012c        0x4 c:/program files (x86)/cypress/psoc creator/4.4/psoc creator/import/gnu/arm/5.4.1/bin/../lib/gcc/arm-none-eabi/5.4.1/../../../../arm-none-eabi/lib/armv6-m\libg_nano.a(lib_a-impure.o)
                0x2000012c                _impure_ptr
 .data.lconv    0x20000130       0x38 c:/program files (x86)/cypress/psoc creator/4.4/psoc creator/import/gnu/arm/5.4.1/bin/../lib/gcc/arm-none-eabi/5.4.1/../../../../arm-none-eabi/lib/armv6-m\libg_nano.a(lib_a-locale.o)
                0x20000168                . = ALIGN (0x8)
 *(.ram)
                0x20000168                _edata = .

.igot.plt       0x20000168        0x0 load address 0x00006748
 .igot.plt      0x20000168        0x0 c:/program files (x86)/cypress/psoc creator/4.4/psoc creator/import/gnu/arm/5.4.1/bin/../lib/gcc/arm-none-eabi/5.4.1/armv6-m/crtbegin.o

.bss            0x20000168       0x98 load address 0x00006748
                0x20000168                PROVIDE (__bss_start__, .)
 *(.shbss)
 *(.bss .bss.* .gnu.linkonce.b.*)
 .bss           0x20000168       0x1c c:/program files (x86)/cypress/psoc creator/4.4/psoc creator/import/gnu/arm/5.4.1/bin/../lib/gcc/arm-none-eabi/5.4.1/armv6-m/crtbegin.o
 .bss           0x20000184        0x1 .\CortexM0p\ARM_GCC_541\Debug\PSOC4_Main.a(Timer_1.o)
                0x20000184                Timer_1_initVar
 *fill*         0x20000185        0x1 
 .bss           0x20000186        0x4 .\CortexM0p\ARM_GCC_541\Debug\PSOC4_Main.a(UART_1.o)
                0x20000186                UART_1_initVar
                0x20000188                UART_1_IntrTxMask
 *fill*         0x2000018a        0x2 
 .bss           0x2000018c        0x8 .\CortexM0p\ARM_GCC_541\Debug\PSOC4_Main.a(I2C_1.o)
                0x2000018c                I2C_1_initVar
                0x20000190                I2C_1_customIntrHandler
 .bss           0x20000194        0x6 .\CortexM0p\ARM_GCC_541\Debug\PSOC4_Main.a(ADC_1.o)
                0x20000198                ADC_1_initVar
                0x20000199                ADC_1_selected
 *fill*         0x2000019a        0x2 
 .bss           0x2000019c        0x5 .\CortexM0p\ARM_GCC_541\Debug\PSOC4_Main.a(PGA_1.o)
                0x2000019c                PGA_1_internalGainPower
                0x200001a0                PGA_1_initVar
 *fill*         0x200001a1        0x3 
 .bss           0x200001a4        0x5 .\CortexM0p\ARM_GCC_541\Debug\PSOC4_Main.a(Opamp_1.o)
                0x200001a8                Opamp_1_initVar
 *fill*         0x200001a9        0x3 
 .bss           0x200001ac       0x18 .\CortexM0p\ARM_GCC_541\Debug\PSOC4_Main.a(CyLFClk.o)
 .bss           0x200001c4        0x1 .\CortexM0p\ARM_GCC_541\Debug\PSOC4_Main.a(PVref_1.o)
                0x200001c4                PVref_1_initVar
 *fill*         0x200001c5        0x3 
 .bss.__malloc_sbrk_start
                0x200001c8        0x4 c:/program files (x86)/cypress/psoc creator/4.4/psoc creator/import/gnu/arm/5.4.1/bin/../lib/gcc/arm-none-eabi/5.4.1/../../../../arm-none-eabi/lib/armv6-m\libg_nano.a(lib_a-nano-mallocr.o)
                0x200001c8                __malloc_sbrk_start
 .bss.__malloc_free_list
                0x200001cc        0x4 c:/program files (x86)/cypress/psoc creator/4.4/psoc creator/import/gnu/arm/5.4.1/bin/../lib/gcc/arm-none-eabi/5.4.1/../../../../arm-none-eabi/lib/armv6-m\libg_nano.a(lib_a-nano-mallocr.o)
                0x200001cc                __malloc_free_list
 *(COMMON)
 COMMON         0x200001d0        0x1 .\CortexM0p\ARM_GCC_541\Debug\PSOC4_Main.a(I2C_1_I2C.o)
                0x200001d0                I2C_1_state
 *fill*         0x200001d1        0x3 
 COMMON         0x200001d4       0x20 .\CortexM0p\ARM_GCC_541\Debug\PSOC4_Main.a(I2C_1_I2C_MASTER.o)
                0x200001d4                I2C_1_mstrWrBufIndexTmp
                0x200001d8                I2C_1_mstrWrBufIndex
                0x200001dc                I2C_1_mstrControl
                0x200001de                I2C_1_mstrStatus
                0x200001e0                I2C_1_mstrWrBufSize
                0x200001e4                I2C_1_mstrRdBufIndex
                0x200001e8                I2C_1_mstrWrBufPtr
                0x200001ec                I2C_1_mstrRdBufPtr
                0x200001f0                I2C_1_mstrRdBufSize
 COMMON         0x200001f4        0x8 .\CortexM0p\ARM_GCC_541\Debug\PSOC4_Main.a(ADC_1.o)
                0x200001f4                ADC_1_offset
                0x200001f8                ADC_1_countsPer10Volt
 COMMON         0x200001fc        0x4 c:/program files (x86)/cypress/psoc creator/4.4/psoc creator/import/gnu/arm/5.4.1/bin/../lib/gcc/arm-none-eabi/5.4.1/../../../../arm-none-eabi/lib/armv6-m\libg_nano.a(lib_a-reent.o)
                0x200001fc                errno
                0x20000200                . = ALIGN (0x8)
 *(.ram.b)
                0x20000200                _end = .
                0x20000200                __end = .
                0x20000200                PROVIDE (end, .)
                0x20000200                PROVIDE (__bss_end__, .)
                0x00006688                __cy_region_init_ram = LOADADDR (.data)
                0x000000c0                __cy_region_init_size_ram = (_edata - ADDR (.data))
                0x00000098                __cy_region_zero_size_ram = (_end - _edata)

.heap           0x20000200       0x80 load address 0x00006748
                0x20000200                . = _end
                0x20000280                . = (. + 0x80)
 *fill*         0x20000200       0x80 
                0x20000280                __cy_heap_limit = .

.stack          0x20000800      0x800
                0x20000800                __cy_stack_limit = .
                0x20001000                . = (. + 0x800)
 *fill*         0x20000800      0x800 
                0x00000001                ASSERT ((__cy_stack_limit >= __cy_heap_limit), region RAM overflowed with stack)
                0x00000000                cy_checksum_exclude_size = (CY_APPL_LOADABLE == 0x1)?SIZEOF (.cy_checksum_exclude):0x0
                0x00000001                ASSERT ((cy_checksum_exclude_size <= CY_CHECKSUM_EXCLUDE_SIZE), CY_BOOT: Section .cy_checksum_exclude size exceedes specified limit.)
                0x00007fc0                cyloadermeta_start = (cy_project_type_bootloader || cy_project_type_app_for_stack_and_copier)?(LENGTH (rom) - CY_METADATA_SIZE):0xf0000000

.cyloadermeta
 *(.cyloadermeta)
                0x00007fc0                cyloadablemeta_start = cy_project_type_app_for_stack_and_copier?((LENGTH (rom) - CY_FLASH_ROW_SIZE) - CY_METADATA_SIZE):((LENGTH (rom) - (CY_FLASH_ROW_SIZE * (CY_APPL_NUM - 0x1))) - CY_METADATA_SIZE)

.cyloadablemeta
 *(.cyloadablemeta)

.cyflashprotect
                0x90400000       0x20
 *(.cyflashprotect)
 .cyflashprotect
                0x90400000       0x20 .\CortexM0p\ARM_GCC_541\Debug\cymetadata.o
                0x90400000                cy_meta_flashprotect

.cymeta         0x90500000        0xc
 *(.cymeta)
 .cymeta        0x90500000        0xc .\CortexM0p\ARM_GCC_541\Debug\cymetadata.o
                0x90500000                cy_metadata

.cychipprotect  0x90600000        0x1
 *(.cychipprotect)
 .cychipprotect
                0x90600000        0x1 .\CortexM0p\ARM_GCC_541\Debug\cymetadata.o
                0x90600000                cy_meta_chipprotect

.rel.dyn        0x00006748        0x0 load address 0x90600004
 .rel.iplt      0x00006748        0x0 c:/program files (x86)/cypress/psoc creator/4.4/psoc creator/import/gnu/arm/5.4.1/bin/../lib/gcc/arm-none-eabi/5.4.1/armv6-m/crtbegin.o

.stab
 *(.stab)

.stabstr
 *(.stabstr)

.debug
 *(.debug)

.line
 *(.line)

.debug_srcinfo
 *(.debug_srcinfo)

.debug_sfnames
 *(.debug_sfnames)

.debug_aranges  0x00000000      0xc50
 *(.debug_aranges)
 .debug_aranges
                0x00000000       0x30 .\CortexM0p\ARM_GCC_541\Debug\main.o
 .debug_aranges
                0x00000030       0x48 .\CortexM0p\ARM_GCC_541\Debug\cyfitter_cfg.o
 .debug_aranges
                0x00000078       0x18 .\CortexM0p\ARM_GCC_541\Debug\cymetadata.o
 .debug_aranges
                0x00000090       0x48 .\CortexM0p\ARM_GCC_541\Debug\Cm0plusStart.o
 .debug_aranges
                0x000000d8      0x158 .\CortexM0p\ARM_GCC_541\Debug\PSOC4_Main.a(Timer_1.o)
 .debug_aranges
                0x00000230       0x58 .\CortexM0p\ARM_GCC_541\Debug\PSOC4_Main.a(UART_1.o)
 .debug_aranges
                0x00000288       0x90 .\CortexM0p\ARM_GCC_541\Debug\PSOC4_Main.a(UART_1_UART.o)
 .debug_aranges
                0x00000318       0x60 .\CortexM0p\ARM_GCC_541\Debug\PSOC4_Main.a(I2C_1.o)
 .debug_aranges
                0x00000378       0x30 .\CortexM0p\ARM_GCC_541\Debug\PSOC4_Main.a(I2C_1_I2C.o)
 .debug_aranges
                0x000003a8       0x98 .\CortexM0p\ARM_GCC_541\Debug\PSOC4_Main.a(I2C_1_I2C_MASTER.o)
 .debug_aranges
                0x00000440       0xf0 .\CortexM0p\ARM_GCC_541\Debug\PSOC4_Main.a(ADC_1.o)
 .debug_aranges
                0x00000530       0x18 .\CortexM0p\ARM_GCC_541\Debug\PSOC4_Main.a(ADC_1_INIT.o)
 .debug_aranges
                0x00000548       0x20 .\CortexM0p\ARM_GCC_541\Debug\PSOC4_Main.a(ADC_1_INT.o)
 .debug_aranges
                0x00000568       0x50 .\CortexM0p\ARM_GCC_541\Debug\PSOC4_Main.a(PGA_1.o)
 .debug_aranges
                0x000005b8       0x48 .\CortexM0p\ARM_GCC_541\Debug\PSOC4_Main.a(Opamp_1.o)
 .debug_aranges
                0x00000600       0x30 .\CortexM0p\ARM_GCC_541\Debug\PSOC4_Main.a(AMux_1.o)
 .debug_aranges
                0x00000630       0x40 .\CortexM0p\ARM_GCC_541\Debug\PSOC4_Main.a(ADC_1_intSarClock.o)
 .debug_aranges
                0x00000670       0x80 .\CortexM0p\ARM_GCC_541\Debug\PSOC4_Main.a(ADC_1_IRQ.o)
 .debug_aranges
                0x000006f0      0x1f8 .\CortexM0p\ARM_GCC_541\Debug\PSOC4_Main.a(CyLib.o)
 .debug_aranges
                0x000008e8      0x1a8 .\CortexM0p\ARM_GCC_541\Debug\PSOC4_Main.a(CyLFClk.o)
 .debug_aranges
                0x00000a90       0x48 .\CortexM0p\ARM_GCC_541\Debug\PSOC4_Main.a(RELAY.o)
 .debug_aranges
                0x00000ad8       0x48 .\CortexM0p\ARM_GCC_541\Debug\PSOC4_Main.a(RED_LED.o)
 .debug_aranges
                0x00000b20       0x48 .\CortexM0p\ARM_GCC_541\Debug\PSOC4_Main.a(PVref_1.o)
 .debug_aranges
                0x00000b68       0x20 .\CortexM0p\ARM_GCC_541\Debug\PSOC4_Main.a(CyBootAsmGnu.o)
 .debug_aranges
                0x00000b88       0x60 .\CortexM0p\ARM_GCC_541\Debug\PSOC4_Main.a(UART_1_SPI_UART.o)
 .debug_aranges
                0x00000be8       0x20 .\CortexM0p\ARM_GCC_541\Debug\PSOC4_Main.a(I2C_1_I2C_INT.o)
 .debug_aranges
                0x00000c08       0x48 .\CortexM0p\ARM_GCC_541\Debug\PSOC4_Main.a(CyFlash.o)

.debug_pubnames
 *(.debug_pubnames)

.debug_info     0x00000000     0x688d
 *(.debug_info .gnu.linkonce.wi.*)
 .debug_info    0x00000000      0x88d .\CortexM0p\ARM_GCC_541\Debug\main.o
 .debug_info    0x0000088d      0x20f .\CortexM0p\ARM_GCC_541\Debug\cyfitter_cfg.o
 .debug_info    0x00000a9c       0xf8 .\CortexM0p\ARM_GCC_541\Debug\cymetadata.o
 .debug_info    0x00000b94      0x3a5 .\CortexM0p\ARM_GCC_541\Debug\Cm0plusStart.o
 .debug_info    0x00000f39      0x8f6 .\CortexM0p\ARM_GCC_541\Debug\PSOC4_Main.a(Timer_1.o)
 .debug_info    0x0000182f      0x23a .\CortexM0p\ARM_GCC_541\Debug\PSOC4_Main.a(UART_1.o)
 .debug_info    0x00001a69      0x3b5 .\CortexM0p\ARM_GCC_541\Debug\PSOC4_Main.a(UART_1_UART.o)
 .debug_info    0x00001e1e      0x298 .\CortexM0p\ARM_GCC_541\Debug\PSOC4_Main.a(I2C_1.o)
 .debug_info    0x000020b6      0x195 .\CortexM0p\ARM_GCC_541\Debug\PSOC4_Main.a(I2C_1_I2C.o)
 .debug_info    0x0000224b      0x813 .\CortexM0p\ARM_GCC_541\Debug\PSOC4_Main.a(I2C_1_I2C_MASTER.o)
 .debug_info    0x00002a5e      0xa71 .\CortexM0p\ARM_GCC_541\Debug\PSOC4_Main.a(ADC_1.o)
 .debug_info    0x000034cf      0x192 .\CortexM0p\ARM_GCC_541\Debug\PSOC4_Main.a(ADC_1_INIT.o)
 .debug_info    0x00003661       0xcb .\CortexM0p\ARM_GCC_541\Debug\PSOC4_Main.a(ADC_1_INT.o)
 .debug_info    0x0000372c      0x209 .\CortexM0p\ARM_GCC_541\Debug\PSOC4_Main.a(PGA_1.o)
 .debug_info    0x00003935      0x17c .\CortexM0p\ARM_GCC_541\Debug\PSOC4_Main.a(Opamp_1.o)
 .debug_info    0x00003ab1      0x146 .\CortexM0p\ARM_GCC_541\Debug\PSOC4_Main.a(AMux_1.o)
 .debug_info    0x00003bf7      0x166 .\CortexM0p\ARM_GCC_541\Debug\PSOC4_Main.a(ADC_1_intSarClock.o)
 .debug_info    0x00003d5d      0x305 .\CortexM0p\ARM_GCC_541\Debug\PSOC4_Main.a(ADC_1_IRQ.o)
 .debug_info    0x00004062      0xe0e .\CortexM0p\ARM_GCC_541\Debug\PSOC4_Main.a(CyLib.o)
 .debug_info    0x00004e70      0xd06 .\CortexM0p\ARM_GCC_541\Debug\PSOC4_Main.a(CyLFClk.o)
 .debug_info    0x00005b76      0x19d .\CortexM0p\ARM_GCC_541\Debug\PSOC4_Main.a(RELAY.o)
 .debug_info    0x00005d13      0x19d .\CortexM0p\ARM_GCC_541\Debug\PSOC4_Main.a(RED_LED.o)
 .debug_info    0x00005eb0      0x15e .\CortexM0p\ARM_GCC_541\Debug\PSOC4_Main.a(PVref_1.o)
 .debug_info    0x0000600e       0xa0 .\CortexM0p\ARM_GCC_541\Debug\PSOC4_Main.a(CyBootAsmGnu.o)
 .debug_info    0x000060ae      0x220 .\CortexM0p\ARM_GCC_541\Debug\PSOC4_Main.a(UART_1_SPI_UART.o)
 .debug_info    0x000062ce      0x1a8 .\CortexM0p\ARM_GCC_541\Debug\PSOC4_Main.a(I2C_1_I2C_INT.o)
 .debug_info    0x00006476      0x417 .\CortexM0p\ARM_GCC_541\Debug\PSOC4_Main.a(CyFlash.o)

.debug_abbrev   0x00000000     0x1cca
 *(.debug_abbrev)
 .debug_abbrev  0x00000000      0x16a .\CortexM0p\ARM_GCC_541\Debug\main.o
 .debug_abbrev  0x0000016a       0xce .\CortexM0p\ARM_GCC_541\Debug\cyfitter_cfg.o
 .debug_abbrev  0x00000238       0x5d .\CortexM0p\ARM_GCC_541\Debug\cymetadata.o
 .debug_abbrev  0x00000295      0x1d0 .\CortexM0p\ARM_GCC_541\Debug\Cm0plusStart.o
 .debug_abbrev  0x00000465      0x119 .\CortexM0p\ARM_GCC_541\Debug\PSOC4_Main.a(Timer_1.o)
 .debug_abbrev  0x0000057e       0xd5 .\CortexM0p\ARM_GCC_541\Debug\PSOC4_Main.a(UART_1.o)
 .debug_abbrev  0x00000653      0x132 .\CortexM0p\ARM_GCC_541\Debug\PSOC4_Main.a(UART_1_UART.o)
 .debug_abbrev  0x00000785      0x118 .\CortexM0p\ARM_GCC_541\Debug\PSOC4_Main.a(I2C_1.o)
 .debug_abbrev  0x0000089d       0xc7 .\CortexM0p\ARM_GCC_541\Debug\PSOC4_Main.a(I2C_1_I2C.o)
 .debug_abbrev  0x00000964      0x1c2 .\CortexM0p\ARM_GCC_541\Debug\PSOC4_Main.a(I2C_1_I2C_MASTER.o)
 .debug_abbrev  0x00000b26      0x211 .\CortexM0p\ARM_GCC_541\Debug\PSOC4_Main.a(ADC_1.o)
 .debug_abbrev  0x00000d37       0x86 .\CortexM0p\ARM_GCC_541\Debug\PSOC4_Main.a(ADC_1_INIT.o)
 .debug_abbrev  0x00000dbd       0x65 .\CortexM0p\ARM_GCC_541\Debug\PSOC4_Main.a(ADC_1_INT.o)
 .debug_abbrev  0x00000e22      0x103 .\CortexM0p\ARM_GCC_541\Debug\PSOC4_Main.a(PGA_1.o)
 .debug_abbrev  0x00000f25       0xc8 .\CortexM0p\ARM_GCC_541\Debug\PSOC4_Main.a(Opamp_1.o)
 .debug_abbrev  0x00000fed       0xb1 .\CortexM0p\ARM_GCC_541\Debug\PSOC4_Main.a(AMux_1.o)
 .debug_abbrev  0x0000109e       0xb7 .\CortexM0p\ARM_GCC_541\Debug\PSOC4_Main.a(ADC_1_intSarClock.o)
 .debug_abbrev  0x00001155      0x19a .\CortexM0p\ARM_GCC_541\Debug\PSOC4_Main.a(ADC_1_IRQ.o)
 .debug_abbrev  0x000012ef      0x1f5 .\CortexM0p\ARM_GCC_541\Debug\PSOC4_Main.a(CyLib.o)
 .debug_abbrev  0x000014e4      0x207 .\CortexM0p\ARM_GCC_541\Debug\PSOC4_Main.a(CyLFClk.o)
 .debug_abbrev  0x000016eb       0xc8 .\CortexM0p\ARM_GCC_541\Debug\PSOC4_Main.a(RELAY.o)
 .debug_abbrev  0x000017b3       0xc8 .\CortexM0p\ARM_GCC_541\Debug\PSOC4_Main.a(RED_LED.o)
 .debug_abbrev  0x0000187b       0xaa .\CortexM0p\ARM_GCC_541\Debug\PSOC4_Main.a(PVref_1.o)
 .debug_abbrev  0x00001925       0x14 .\CortexM0p\ARM_GCC_541\Debug\PSOC4_Main.a(CyBootAsmGnu.o)
 .debug_abbrev  0x00001939      0x14f .\CortexM0p\ARM_GCC_541\Debug\PSOC4_Main.a(UART_1_SPI_UART.o)
 .debug_abbrev  0x00001a88       0xa4 .\CortexM0p\ARM_GCC_541\Debug\PSOC4_Main.a(I2C_1_I2C_INT.o)
 .debug_abbrev  0x00001b2c      0x19e .\CortexM0p\ARM_GCC_541\Debug\PSOC4_Main.a(CyFlash.o)

.debug_line     0x00000000     0x2e37
 *(.debug_line)
 .debug_line    0x00000000      0x2cb .\CortexM0p\ARM_GCC_541\Debug\main.o
 .debug_line    0x000002cb      0x109 .\CortexM0p\ARM_GCC_541\Debug\cyfitter_cfg.o
 .debug_line    0x000003d4      0x141 .\CortexM0p\ARM_GCC_541\Debug\cymetadata.o
 .debug_line    0x00000515      0x247 .\CortexM0p\ARM_GCC_541\Debug\Cm0plusStart.o
 .debug_line    0x0000075c      0x37b .\CortexM0p\ARM_GCC_541\Debug\PSOC4_Main.a(Timer_1.o)
 .debug_line    0x00000ad7      0x10c .\CortexM0p\ARM_GCC_541\Debug\PSOC4_Main.a(UART_1.o)
 .debug_line    0x00000be3      0x1d5 .\CortexM0p\ARM_GCC_541\Debug\PSOC4_Main.a(UART_1_UART.o)
 .debug_line    0x00000db8      0x128 .\CortexM0p\ARM_GCC_541\Debug\PSOC4_Main.a(I2C_1.o)
 .debug_line    0x00000ee0       0xc6 .\CortexM0p\ARM_GCC_541\Debug\PSOC4_Main.a(I2C_1_I2C.o)
 .debug_line    0x00000fa6      0x300 .\CortexM0p\ARM_GCC_541\Debug\PSOC4_Main.a(I2C_1_I2C_MASTER.o)
 .debug_line    0x000012a6      0x3c0 .\CortexM0p\ARM_GCC_541\Debug\PSOC4_Main.a(ADC_1.o)
 .debug_line    0x00001666       0x5c .\CortexM0p\ARM_GCC_541\Debug\PSOC4_Main.a(ADC_1_INIT.o)
 .debug_line    0x000016c2       0x64 .\CortexM0p\ARM_GCC_541\Debug\PSOC4_Main.a(ADC_1_INT.o)
 .debug_line    0x00001726       0xe4 .\CortexM0p\ARM_GCC_541\Debug\PSOC4_Main.a(PGA_1.o)
 .debug_line    0x0000180a       0xc3 .\CortexM0p\ARM_GCC_541\Debug\PSOC4_Main.a(Opamp_1.o)
 .debug_line    0x000018cd       0xad .\CortexM0p\ARM_GCC_541\Debug\PSOC4_Main.a(AMux_1.o)
 .debug_line    0x0000197a       0xc4 .\CortexM0p\ARM_GCC_541\Debug\PSOC4_Main.a(ADC_1_intSarClock.o)
 .debug_line    0x00001a3e      0x155 .\CortexM0p\ARM_GCC_541\Debug\PSOC4_Main.a(ADC_1_IRQ.o)
 .debug_line    0x00001b93      0x5df .\CortexM0p\ARM_GCC_541\Debug\PSOC4_Main.a(CyLib.o)
 .debug_line    0x00002172      0x5c1 .\CortexM0p\ARM_GCC_541\Debug\PSOC4_Main.a(CyLFClk.o)
 .debug_line    0x00002733       0xbd .\CortexM0p\ARM_GCC_541\Debug\PSOC4_Main.a(RELAY.o)
 .debug_line    0x000027f0       0xbf .\CortexM0p\ARM_GCC_541\Debug\PSOC4_Main.a(RED_LED.o)
 .debug_line    0x000028af       0xc1 .\CortexM0p\ARM_GCC_541\Debug\PSOC4_Main.a(PVref_1.o)
 .debug_line    0x00002970       0x68 .\CortexM0p\ARM_GCC_541\Debug\PSOC4_Main.a(CyBootAsmGnu.o)
 .debug_line    0x000029d8      0x11c .\CortexM0p\ARM_GCC_541\Debug\PSOC4_Main.a(UART_1_SPI_UART.o)
 .debug_line    0x00002af4      0x162 .\CortexM0p\ARM_GCC_541\Debug\PSOC4_Main.a(I2C_1_I2C_INT.o)
 .debug_line    0x00002c56      0x1e1 .\CortexM0p\ARM_GCC_541\Debug\PSOC4_Main.a(CyFlash.o)

.debug_frame    0x00000000     0x28c4
 *(.debug_frame)
 .debug_frame   0x00000000       0x78 .\CortexM0p\ARM_GCC_541\Debug\main.o
 .debug_frame   0x00000078       0x94 .\CortexM0p\ARM_GCC_541\Debug\cyfitter_cfg.o
 .debug_frame   0x0000010c       0xbc .\CortexM0p\ARM_GCC_541\Debug\Cm0plusStart.o
 .debug_frame   0x000001c8      0x3a0 .\CortexM0p\ARM_GCC_541\Debug\PSOC4_Main.a(Timer_1.o)
 .debug_frame   0x00000568       0xd8 .\CortexM0p\ARM_GCC_541\Debug\PSOC4_Main.a(UART_1.o)
 .debug_frame   0x00000640      0x144 .\CortexM0p\ARM_GCC_541\Debug\PSOC4_Main.a(UART_1_UART.o)
 .debug_frame   0x00000784       0xe8 .\CortexM0p\ARM_GCC_541\Debug\PSOC4_Main.a(I2C_1.o)
 .debug_frame   0x0000086c       0x58 .\CortexM0p\ARM_GCC_541\Debug\PSOC4_Main.a(I2C_1_I2C.o)
 .debug_frame   0x000008c4      0x1d8 .\CortexM0p\ARM_GCC_541\Debug\PSOC4_Main.a(I2C_1_I2C_MASTER.o)
 .debug_frame   0x00000a9c      0x2a8 .\CortexM0p\ARM_GCC_541\Debug\PSOC4_Main.a(ADC_1.o)
 .debug_frame   0x00000d44       0x20 .\CortexM0p\ARM_GCC_541\Debug\PSOC4_Main.a(ADC_1_INT.o)
 .debug_frame   0x00000d64       0xbc .\CortexM0p\ARM_GCC_541\Debug\PSOC4_Main.a(PGA_1.o)
 .debug_frame   0x00000e20       0x7c .\CortexM0p\ARM_GCC_541\Debug\PSOC4_Main.a(Opamp_1.o)
 .debug_frame   0x00000e9c       0x64 .\CortexM0p\ARM_GCC_541\Debug\PSOC4_Main.a(AMux_1.o)
 .debug_frame   0x00000f00       0x6c .\CortexM0p\ARM_GCC_541\Debug\PSOC4_Main.a(ADC_1_intSarClock.o)
 .debug_frame   0x00000f6c      0x110 .\CortexM0p\ARM_GCC_541\Debug\PSOC4_Main.a(ADC_1_IRQ.o)
 .debug_frame   0x0000107c      0x500 .\CortexM0p\ARM_GCC_541\Debug\PSOC4_Main.a(CyLib.o)
 .debug_frame   0x0000157c      0x484 .\CortexM0p\ARM_GCC_541\Debug\PSOC4_Main.a(CyLFClk.o)
 .debug_frame   0x00001a00       0x70 .\CortexM0p\ARM_GCC_541\Debug\PSOC4_Main.a(RELAY.o)
 .debug_frame   0x00001a70       0x70 .\CortexM0p\ARM_GCC_541\Debug\PSOC4_Main.a(RED_LED.o)
 .debug_frame   0x00001ae0       0x7c .\CortexM0p\ARM_GCC_541\Debug\PSOC4_Main.a(PVref_1.o)
 .debug_frame   0x00001b5c       0xb0 .\CortexM0p\ARM_GCC_541\Debug\PSOC4_Main.a(UART_1_SPI_UART.o)
 .debug_frame   0x00001c0c       0x2c .\CortexM0p\ARM_GCC_541\Debug\PSOC4_Main.a(I2C_1_I2C_INT.o)
 .debug_frame   0x00001c38       0xa8 .\CortexM0p\ARM_GCC_541\Debug\PSOC4_Main.a(CyFlash.o)
 .debug_frame   0x00001ce0       0x20 c:/program files (x86)/cypress/psoc creator/4.4/psoc creator/import/gnu/arm/5.4.1/bin/../lib/gcc/arm-none-eabi/5.4.1/armv6-m\libgcc.a(_udivsi3.o)
 .debug_frame   0x00001d00       0x20 c:/program files (x86)/cypress/psoc creator/4.4/psoc creator/import/gnu/arm/5.4.1/bin/../lib/gcc/arm-none-eabi/5.4.1/armv6-m\libgcc.a(_divsi3.o)
 .debug_frame   0x00001d20       0x34 c:/program files (x86)/cypress/psoc creator/4.4/psoc creator/import/gnu/arm/5.4.1/bin/../lib/gcc/arm-none-eabi/5.4.1/armv6-m\libgcc.a(_muldi3.o)
 .debug_frame   0x00001d54       0x30 c:/program files (x86)/cypress/psoc creator/4.4/psoc creator/import/gnu/arm/5.4.1/bin/../lib/gcc/arm-none-eabi/5.4.1/armv6-m\libgcc.a(bpabi.o)
 .debug_frame   0x00001d84       0x3c c:/program files (x86)/cypress/psoc creator/4.4/psoc creator/import/gnu/arm/5.4.1/bin/../lib/gcc/arm-none-eabi/5.4.1/armv6-m\libgcc.a(divsf3.o)
 .debug_frame   0x00001dc0       0x38 c:/program files (x86)/cypress/psoc creator/4.4/psoc creator/import/gnu/arm/5.4.1/bin/../lib/gcc/arm-none-eabi/5.4.1/armv6-m\libgcc.a(mulsf3.o)
 .debug_frame   0x00001df8       0x30 c:/program files (x86)/cypress/psoc creator/4.4/psoc creator/import/gnu/arm/5.4.1/bin/../lib/gcc/arm-none-eabi/5.4.1/armv6-m\libgcc.a(subsf3.o)
 .debug_frame   0x00001e28       0x2c c:/program files (x86)/cypress/psoc creator/4.4/psoc creator/import/gnu/arm/5.4.1/bin/../lib/gcc/arm-none-eabi/5.4.1/armv6-m\libgcc.a(floatsisf.o)
 .debug_frame   0x00001e54       0x2c c:/program files (x86)/cypress/psoc creator/4.4/psoc creator/import/gnu/arm/5.4.1/bin/../lib/gcc/arm-none-eabi/5.4.1/armv6-m\libgcc.a(floatunsisf.o)
 .debug_frame   0x00001e80       0x2c c:/program files (x86)/cypress/psoc creator/4.4/psoc creator/import/gnu/arm/5.4.1/bin/../lib/gcc/arm-none-eabi/5.4.1/armv6-m\libgcc.a(extendsfdf2.o)
 .debug_frame   0x00001eac       0x3c c:/program files (x86)/cypress/psoc creator/4.4/psoc creator/import/gnu/arm/5.4.1/bin/../lib/gcc/arm-none-eabi/5.4.1/armv6-m\libgcc.a(_divdi3.o)
 .debug_frame   0x00001ee8       0x20 c:/program files (x86)/cypress/psoc creator/4.4/psoc creator/import/gnu/arm/5.4.1/bin/../lib/gcc/arm-none-eabi/5.4.1/../../../../arm-none-eabi/lib/armv6-m\libg_nano.a(lib_a-errno.o)
 .debug_frame   0x00001f08       0x28 c:/program files (x86)/cypress/psoc creator/4.4/psoc creator/import/gnu/arm/5.4.1/bin/../lib/gcc/arm-none-eabi/5.4.1/../../../../arm-none-eabi/lib/armv6-m\libg_nano.a(lib_a-exit.o)
 .debug_frame   0x00001f30       0x2c c:/program files (x86)/cypress/psoc creator/4.4/psoc creator/import/gnu/arm/5.4.1/bin/../lib/gcc/arm-none-eabi/5.4.1/../../../../arm-none-eabi/lib/armv6-m\libg_nano.a(lib_a-init.o)
 .debug_frame   0x00001f5c       0x28 c:/program files (x86)/cypress/psoc creator/4.4/psoc creator/import/gnu/arm/5.4.1/bin/../lib/gcc/arm-none-eabi/5.4.1/../../../../arm-none-eabi/lib/armv6-m\libg_nano.a(lib_a-memcpy-stub.o)
 .debug_frame   0x00001f84       0x20 c:/program files (x86)/cypress/psoc creator/4.4/psoc creator/import/gnu/arm/5.4.1/bin/../lib/gcc/arm-none-eabi/5.4.1/../../../../arm-none-eabi/lib/armv6-m\libg_nano.a(lib_a-memset.o)
 .debug_frame   0x00001fa4       0x74 c:/program files (x86)/cypress/psoc creator/4.4/psoc creator/import/gnu/arm/5.4.1/bin/../lib/gcc/arm-none-eabi/5.4.1/../../../../arm-none-eabi/lib/armv6-m\libg_nano.a(lib_a-nano-vfprintf_float.o)
 .debug_frame   0x00002018       0x54 c:/program files (x86)/cypress/psoc creator/4.4/psoc creator/import/gnu/arm/5.4.1/bin/../lib/gcc/arm-none-eabi/5.4.1/../../../../arm-none-eabi/lib/armv6-m\libg_nano.a(lib_a-nano-vfprintf_i.o)
 .debug_frame   0x0000206c       0x50 c:/program files (x86)/cypress/psoc creator/4.4/psoc creator/import/gnu/arm/5.4.1/bin/../lib/gcc/arm-none-eabi/5.4.1/../../../../arm-none-eabi/lib/armv6-m\libg_nano.a(lib_a-sprintf.o)
 .debug_frame   0x000020bc       0x54 c:/program files (x86)/cypress/psoc creator/4.4/psoc creator/import/gnu/arm/5.4.1/bin/../lib/gcc/arm-none-eabi/5.4.1/../../../../arm-none-eabi/lib/armv6-m\libg_nano.a(lib_a-dtoa.o)
 .debug_frame   0x00002110       0xa4 c:/program files (x86)/cypress/psoc creator/4.4/psoc creator/import/gnu/arm/5.4.1/bin/../lib/gcc/arm-none-eabi/5.4.1/../../../../arm-none-eabi/lib/armv6-m\libg_nano.a(lib_a-locale.o)
 .debug_frame   0x000021b4       0x40 c:/program files (x86)/cypress/psoc creator/4.4/psoc creator/import/gnu/arm/5.4.1/bin/../lib/gcc/arm-none-eabi/5.4.1/../../../../arm-none-eabi/lib/armv6-m\libg_nano.a(lib_a-malloc.o)
 .debug_frame   0x000021f4       0x20 c:/program files (x86)/cypress/psoc creator/4.4/psoc creator/import/gnu/arm/5.4.1/bin/../lib/gcc/arm-none-eabi/5.4.1/../../../../arm-none-eabi/lib/armv6-m\libg_nano.a(lib_a-memchr-stub.o)
 .debug_frame   0x00002214      0x238 c:/program files (x86)/cypress/psoc creator/4.4/psoc creator/import/gnu/arm/5.4.1/bin/../lib/gcc/arm-none-eabi/5.4.1/../../../../arm-none-eabi/lib/armv6-m\libg_nano.a(lib_a-mprec.o)
 .debug_frame   0x0000244c       0x2c c:/program files (x86)/cypress/psoc creator/4.4/psoc creator/import/gnu/arm/5.4.1/bin/../lib/gcc/arm-none-eabi/5.4.1/../../../../arm-none-eabi/lib/armv6-m\libg_nano.a(lib_a-nano-callocr.o)
 .debug_frame   0x00002478       0x2c c:/program files (x86)/cypress/psoc creator/4.4/psoc creator/import/gnu/arm/5.4.1/bin/../lib/gcc/arm-none-eabi/5.4.1/../../../../arm-none-eabi/lib/armv6-m\libg_nano.a(lib_a-nano-freer.o)
 .debug_frame   0x000024a4       0x2c c:/program files (x86)/cypress/psoc creator/4.4/psoc creator/import/gnu/arm/5.4.1/bin/../lib/gcc/arm-none-eabi/5.4.1/../../../../arm-none-eabi/lib/armv6-m\libg_nano.a(lib_a-nano-mallocr.o)
 .debug_frame   0x000024d0       0x74 c:/program files (x86)/cypress/psoc creator/4.4/psoc creator/import/gnu/arm/5.4.1/bin/../lib/gcc/arm-none-eabi/5.4.1/../../../../arm-none-eabi/lib/armv6-m\libg_nano.a(lib_a-nano-svfprintf.o)
 .debug_frame   0x00002544       0x2c c:/program files (x86)/cypress/psoc creator/4.4/psoc creator/import/gnu/arm/5.4.1/bin/../lib/gcc/arm-none-eabi/5.4.1/../../../../arm-none-eabi/lib/armv6-m\libg_nano.a(lib_a-sbrkr.o)
 .debug_frame   0x00002570       0x20 c:/program files (x86)/cypress/psoc creator/4.4/psoc creator/import/gnu/arm/5.4.1/bin/../lib/gcc/arm-none-eabi/5.4.1/../../../../arm-none-eabi/lib/armv6-m\libg_nano.a(lib_a-strcmp.o)
 .debug_frame   0x00002590       0x28 c:/program files (x86)/cypress/psoc creator/4.4/psoc creator/import/gnu/arm/5.4.1/bin/../lib/gcc/arm-none-eabi/5.4.1/../../../../arm-none-eabi/lib/armv6-m\libg_nano.a(lib_a-memmove.o)
 .debug_frame   0x000025b8       0x30 c:/program files (x86)/cypress/psoc creator/4.4/psoc creator/import/gnu/arm/5.4.1/bin/../lib/gcc/arm-none-eabi/5.4.1/../../../../arm-none-eabi/lib/armv6-m\libg_nano.a(lib_a-mlock.o)
 .debug_frame   0x000025e8       0x30 c:/program files (x86)/cypress/psoc creator/4.4/psoc creator/import/gnu/arm/5.4.1/bin/../lib/gcc/arm-none-eabi/5.4.1/../../../../arm-none-eabi/lib/armv6-m\libg_nano.a(lib_a-nano-reallocr.o)
 .debug_frame   0x00002618       0x48 c:/program files (x86)/cypress/psoc creator/4.4/psoc creator/import/gnu/arm/5.4.1/bin/../lib/gcc/arm-none-eabi/5.4.1/../../../../arm-none-eabi/lib/armv6-m\libg_nano.a(lib_a-reent.o)
 .debug_frame   0x00002660       0x20 c:/program files (x86)/cypress/psoc creator/4.4/psoc creator/import/gnu/arm/5.4.1/bin/../lib/gcc/arm-none-eabi/5.4.1/../../../../arm-none-eabi/lib/armv6-m\libg_nano.a(lib_a-nano-msizer.o)
 .debug_frame   0x00002680       0x3c c:/program files (x86)/cypress/psoc creator/4.4/psoc creator/import/gnu/arm/5.4.1/bin/../lib/gcc/arm-none-eabi/5.4.1/armv6-m\libgcc.a(adddf3.o)
 .debug_frame   0x000026bc       0x3c c:/program files (x86)/cypress/psoc creator/4.4/psoc creator/import/gnu/arm/5.4.1/bin/../lib/gcc/arm-none-eabi/5.4.1/armv6-m\libgcc.a(divdf3.o)
 .debug_frame   0x000026f8       0x38 c:/program files (x86)/cypress/psoc creator/4.4/psoc creator/import/gnu/arm/5.4.1/bin/../lib/gcc/arm-none-eabi/5.4.1/armv6-m\libgcc.a(eqdf2.o)
 .debug_frame   0x00002730       0x38 c:/program files (x86)/cypress/psoc creator/4.4/psoc creator/import/gnu/arm/5.4.1/bin/../lib/gcc/arm-none-eabi/5.4.1/armv6-m\libgcc.a(gedf2.o)
 .debug_frame   0x00002768       0x38 c:/program files (x86)/cypress/psoc creator/4.4/psoc creator/import/gnu/arm/5.4.1/bin/../lib/gcc/arm-none-eabi/5.4.1/armv6-m\libgcc.a(ledf2.o)
 .debug_frame   0x000027a0       0x3c c:/program files (x86)/cypress/psoc creator/4.4/psoc creator/import/gnu/arm/5.4.1/bin/../lib/gcc/arm-none-eabi/5.4.1/armv6-m\libgcc.a(muldf3.o)
 .debug_frame   0x000027dc       0x38 c:/program files (x86)/cypress/psoc creator/4.4/psoc creator/import/gnu/arm/5.4.1/bin/../lib/gcc/arm-none-eabi/5.4.1/armv6-m\libgcc.a(subdf3.o)
 .debug_frame   0x00002814       0x2c c:/program files (x86)/cypress/psoc creator/4.4/psoc creator/import/gnu/arm/5.4.1/bin/../lib/gcc/arm-none-eabi/5.4.1/armv6-m\libgcc.a(unorddf2.o)
 .debug_frame   0x00002840       0x2c c:/program files (x86)/cypress/psoc creator/4.4/psoc creator/import/gnu/arm/5.4.1/bin/../lib/gcc/arm-none-eabi/5.4.1/armv6-m\libgcc.a(fixdfsi.o)
 .debug_frame   0x0000286c       0x2c c:/program files (x86)/cypress/psoc creator/4.4/psoc creator/import/gnu/arm/5.4.1/bin/../lib/gcc/arm-none-eabi/5.4.1/armv6-m\libgcc.a(floatsidf.o)
 .debug_frame   0x00002898       0x2c c:/program files (x86)/cypress/psoc creator/4.4/psoc creator/import/gnu/arm/5.4.1/bin/../lib/gcc/arm-none-eabi/5.4.1/armv6-m\libgcc.a(floatunsidf.o)

.debug_str      0x00000000     0x2ac8
 *(.debug_str)
 .debug_str     0x00000000      0x385 .\CortexM0p\ARM_GCC_541\Debug\main.o
                                0x3c5 (size before relaxing)
 .debug_str     0x00000385       0xe3 .\CortexM0p\ARM_GCC_541\Debug\cyfitter_cfg.o
                                0x27f (size before relaxing)
 .debug_str     0x00000468       0xa5 .\CortexM0p\ARM_GCC_541\Debug\cymetadata.o
                                0x1cc (size before relaxing)
 .debug_str     0x0000050d      0x15b .\CortexM0p\ARM_GCC_541\Debug\Cm0plusStart.o
                                0x323 (size before relaxing)
 .debug_str     0x00000668      0x44f .\CortexM0p\ARM_GCC_541\Debug\PSOC4_Main.a(Timer_1.o)
                                0x619 (size before relaxing)
 .debug_str     0x00000ab7      0x118 .\CortexM0p\ARM_GCC_541\Debug\PSOC4_Main.a(UART_1.o)
                                0x2c7 (size before relaxing)
 .debug_str     0x00000bcf      0x1d5 .\CortexM0p\ARM_GCC_541\Debug\PSOC4_Main.a(UART_1_UART.o)
                                0x404 (size before relaxing)
 .debug_str     0x00000da4      0x118 .\CortexM0p\ARM_GCC_541\Debug\PSOC4_Main.a(I2C_1.o)
                                0x2ee (size before relaxing)
 .debug_str     0x00000ebc       0x91 .\CortexM0p\ARM_GCC_541\Debug\PSOC4_Main.a(I2C_1_I2C.o)
                                0x272 (size before relaxing)
 .debug_str     0x00000f4d      0x2c0 .\CortexM0p\ARM_GCC_541\Debug\PSOC4_Main.a(I2C_1_I2C_MASTER.o)
                                0x502 (size before relaxing)
 .debug_str     0x0000120d      0x454 .\CortexM0p\ARM_GCC_541\Debug\PSOC4_Main.a(ADC_1.o)
                                0x6cf (size before relaxing)
 .debug_str     0x00001661       0x24 .\CortexM0p\ARM_GCC_541\Debug\PSOC4_Main.a(ADC_1_INIT.o)
                                0x284 (size before relaxing)
 .debug_str     0x00001685       0x39 .\CortexM0p\ARM_GCC_541\Debug\PSOC4_Main.a(ADC_1_INT.o)
                                0x1d5 (size before relaxing)
 .debug_str     0x000016be       0xc7 .\CortexM0p\ARM_GCC_541\Debug\PSOC4_Main.a(PGA_1.o)
                                0x269 (size before relaxing)
 .debug_str     0x00001785       0x9b .\CortexM0p\ARM_GCC_541\Debug\PSOC4_Main.a(Opamp_1.o)
                                0x23c (size before relaxing)
 .debug_str     0x00001820       0x48 .\CortexM0p\ARM_GCC_541\Debug\PSOC4_Main.a(AMux_1.o)
                                0x20c (size before relaxing)
 .debug_str     0x00001868       0xa8 .\CortexM0p\ARM_GCC_541\Debug\PSOC4_Main.a(ADC_1_intSarClock.o)
                                0x2a7 (size before relaxing)
 .debug_str     0x00001910      0x133 .\CortexM0p\ARM_GCC_541\Debug\PSOC4_Main.a(ADC_1_IRQ.o)
                                0x336 (size before relaxing)
 .debug_str     0x00001a43      0x631 .\CortexM0p\ARM_GCC_541\Debug\PSOC4_Main.a(CyLib.o)
                                0x8c9 (size before relaxing)
 .debug_str     0x00002074      0x63d .\CortexM0p\ARM_GCC_541\Debug\PSOC4_Main.a(CyLFClk.o)
                                0x8ad (size before relaxing)
 .debug_str     0x000026b1       0x9f .\CortexM0p\ARM_GCC_541\Debug\PSOC4_Main.a(RELAY.o)
                                0x24a (size before relaxing)
 .debug_str     0x00002750       0x87 .\CortexM0p\ARM_GCC_541\Debug\PSOC4_Main.a(RED_LED.o)
                                0x258 (size before relaxing)
 .debug_str     0x000027d7       0x91 .\CortexM0p\ARM_GCC_541\Debug\PSOC4_Main.a(PVref_1.o)
                                0x22c (size before relaxing)
 .debug_str     0x00002868       0xf1 .\CortexM0p\ARM_GCC_541\Debug\PSOC4_Main.a(UART_1_SPI_UART.o)
                                0x2f6 (size before relaxing)
 .debug_str     0x00002959       0x4b .\CortexM0p\ARM_GCC_541\Debug\PSOC4_Main.a(I2C_1_I2C_INT.o)
                                0x2ee (size before relaxing)
 .debug_str     0x000029a4      0x124 .\CortexM0p\ARM_GCC_541\Debug\PSOC4_Main.a(CyFlash.o)
                                0x336 (size before relaxing)

.debug_loc      0x00000000     0x386b
 *(.debug_loc)
 .debug_loc     0x00000000      0x237 .\CortexM0p\ARM_GCC_541\Debug\main.o
 .debug_loc     0x00000237       0x1e .\CortexM0p\ARM_GCC_541\Debug\cyfitter_cfg.o
 .debug_loc     0x00000255      0x14f .\CortexM0p\ARM_GCC_541\Debug\Cm0plusStart.o
 .debug_loc     0x000003a4      0x547 .\CortexM0p\ARM_GCC_541\Debug\PSOC4_Main.a(Timer_1.o)
 .debug_loc     0x000008eb       0x7e .\CortexM0p\ARM_GCC_541\Debug\PSOC4_Main.a(UART_1.o)
 .debug_loc     0x00000969      0x223 .\CortexM0p\ARM_GCC_541\Debug\PSOC4_Main.a(UART_1_UART.o)
 .debug_loc     0x00000b8c       0x7e .\CortexM0p\ARM_GCC_541\Debug\PSOC4_Main.a(I2C_1.o)
 .debug_loc     0x00000c0a      0xa49 .\CortexM0p\ARM_GCC_541\Debug\PSOC4_Main.a(I2C_1_I2C_MASTER.o)
 .debug_loc     0x00001653      0x877 .\CortexM0p\ARM_GCC_541\Debug\PSOC4_Main.a(ADC_1.o)
 .debug_loc     0x00001eca       0x7c .\CortexM0p\ARM_GCC_541\Debug\PSOC4_Main.a(PGA_1.o)
 .debug_loc     0x00001f46       0x21 .\CortexM0p\ARM_GCC_541\Debug\PSOC4_Main.a(Opamp_1.o)
 .debug_loc     0x00001f67       0x4b .\CortexM0p\ARM_GCC_541\Debug\PSOC4_Main.a(AMux_1.o)
 .debug_loc     0x00001fb2       0x76 .\CortexM0p\ARM_GCC_541\Debug\PSOC4_Main.a(ADC_1_intSarClock.o)
 .debug_loc     0x00002028       0x82 .\CortexM0p\ARM_GCC_541\Debug\PSOC4_Main.a(ADC_1_IRQ.o)
 .debug_loc     0x000020aa      0x868 .\CortexM0p\ARM_GCC_541\Debug\PSOC4_Main.a(CyLib.o)
 .debug_loc     0x00002912      0xa88 .\CortexM0p\ARM_GCC_541\Debug\PSOC4_Main.a(CyLFClk.o)
 .debug_loc     0x0000339a       0xa2 .\CortexM0p\ARM_GCC_541\Debug\PSOC4_Main.a(RELAY.o)
 .debug_loc     0x0000343c       0xa2 .\CortexM0p\ARM_GCC_541\Debug\PSOC4_Main.a(RED_LED.o)
 .debug_loc     0x000034de       0x2e .\CortexM0p\ARM_GCC_541\Debug\PSOC4_Main.a(PVref_1.o)
 .debug_loc     0x0000350c       0x96 .\CortexM0p\ARM_GCC_541\Debug\PSOC4_Main.a(UART_1_SPI_UART.o)
 .debug_loc     0x000035a2      0x10c .\CortexM0p\ARM_GCC_541\Debug\PSOC4_Main.a(I2C_1_I2C_INT.o)
 .debug_loc     0x000036ae      0x1bd .\CortexM0p\ARM_GCC_541\Debug\PSOC4_Main.a(CyFlash.o)

.debug_macinfo
 *(.debug_macinfo)

.debug_ranges   0x00000000      0xa80
 *(.debug_ranges)
 .debug_ranges  0x00000000       0x20 .\CortexM0p\ARM_GCC_541\Debug\main.o
 .debug_ranges  0x00000020       0x38 .\CortexM0p\ARM_GCC_541\Debug\cyfitter_cfg.o
 .debug_ranges  0x00000058       0x38 .\CortexM0p\ARM_GCC_541\Debug\Cm0plusStart.o
 .debug_ranges  0x00000090      0x148 .\CortexM0p\ARM_GCC_541\Debug\PSOC4_Main.a(Timer_1.o)
 .debug_ranges  0x000001d8       0x48 .\CortexM0p\ARM_GCC_541\Debug\PSOC4_Main.a(UART_1.o)
 .debug_ranges  0x00000220       0x80 .\CortexM0p\ARM_GCC_541\Debug\PSOC4_Main.a(UART_1_UART.o)
 .debug_ranges  0x000002a0       0x50 .\CortexM0p\ARM_GCC_541\Debug\PSOC4_Main.a(I2C_1.o)
 .debug_ranges  0x000002f0       0x20 .\CortexM0p\ARM_GCC_541\Debug\PSOC4_Main.a(I2C_1_I2C.o)
 .debug_ranges  0x00000310       0x88 .\CortexM0p\ARM_GCC_541\Debug\PSOC4_Main.a(I2C_1_I2C_MASTER.o)
 .debug_ranges  0x00000398       0xe0 .\CortexM0p\ARM_GCC_541\Debug\PSOC4_Main.a(ADC_1.o)
 .debug_ranges  0x00000478       0x10 .\CortexM0p\ARM_GCC_541\Debug\PSOC4_Main.a(ADC_1_INT.o)
 .debug_ranges  0x00000488       0x40 .\CortexM0p\ARM_GCC_541\Debug\PSOC4_Main.a(PGA_1.o)
 .debug_ranges  0x000004c8       0x38 .\CortexM0p\ARM_GCC_541\Debug\PSOC4_Main.a(Opamp_1.o)
 .debug_ranges  0x00000500       0x20 .\CortexM0p\ARM_GCC_541\Debug\PSOC4_Main.a(AMux_1.o)
 .debug_ranges  0x00000520       0x30 .\CortexM0p\ARM_GCC_541\Debug\PSOC4_Main.a(ADC_1_intSarClock.o)
 .debug_ranges  0x00000550       0x70 .\CortexM0p\ARM_GCC_541\Debug\PSOC4_Main.a(ADC_1_IRQ.o)
 .debug_ranges  0x000005c0      0x1e8 .\CortexM0p\ARM_GCC_541\Debug\PSOC4_Main.a(CyLib.o)
 .debug_ranges  0x000007a8      0x198 .\CortexM0p\ARM_GCC_541\Debug\PSOC4_Main.a(CyLFClk.o)
 .debug_ranges  0x00000940       0x38 .\CortexM0p\ARM_GCC_541\Debug\PSOC4_Main.a(RELAY.o)
 .debug_ranges  0x00000978       0x38 .\CortexM0p\ARM_GCC_541\Debug\PSOC4_Main.a(RED_LED.o)
 .debug_ranges  0x000009b0       0x38 .\CortexM0p\ARM_GCC_541\Debug\PSOC4_Main.a(PVref_1.o)
 .debug_ranges  0x000009e8       0x50 .\CortexM0p\ARM_GCC_541\Debug\PSOC4_Main.a(UART_1_SPI_UART.o)
 .debug_ranges  0x00000a38       0x10 .\CortexM0p\ARM_GCC_541\Debug\PSOC4_Main.a(I2C_1_I2C_INT.o)
 .debug_ranges  0x00000a48       0x38 .\CortexM0p\ARM_GCC_541\Debug\PSOC4_Main.a(CyFlash.o)

.comment        0x00000000       0x6e
 .comment       0x00000000       0x6e .\CortexM0p\ARM_GCC_541\Debug\main.o
                                 0x6f (size before relaxing)
 .comment       0x0000006e       0x6f .\CortexM0p\ARM_GCC_541\Debug\cyfitter_cfg.o
 .comment       0x0000006e       0x6f .\CortexM0p\ARM_GCC_541\Debug\cymetadata.o
 .comment       0x0000006e       0x6f .\CortexM0p\ARM_GCC_541\Debug\Cm0plusStart.o
 .comment       0x0000006e       0x6f .\CortexM0p\ARM_GCC_541\Debug\PSOC4_Main.a(Timer_1.o)
 .comment       0x0000006e       0x6f .\CortexM0p\ARM_GCC_541\Debug\PSOC4_Main.a(UART_1.o)
 .comment       0x0000006e       0x6f .\CortexM0p\ARM_GCC_541\Debug\PSOC4_Main.a(UART_1_UART.o)
 .comment       0x0000006e       0x6f .\CortexM0p\ARM_GCC_541\Debug\PSOC4_Main.a(I2C_1.o)
 .comment       0x0000006e       0x6f .\CortexM0p\ARM_GCC_541\Debug\PSOC4_Main.a(I2C_1_I2C.o)
 .comment       0x0000006e       0x6f .\CortexM0p\ARM_GCC_541\Debug\PSOC4_Main.a(I2C_1_I2C_MASTER.o)
 .comment       0x0000006e       0x6f .\CortexM0p\ARM_GCC_541\Debug\PSOC4_Main.a(ADC_1.o)
 .comment       0x0000006e       0x6f .\CortexM0p\ARM_GCC_541\Debug\PSOC4_Main.a(ADC_1_INIT.o)
 .comment       0x0000006e       0x6f .\CortexM0p\ARM_GCC_541\Debug\PSOC4_Main.a(ADC_1_INT.o)
 .comment       0x0000006e       0x6f .\CortexM0p\ARM_GCC_541\Debug\PSOC4_Main.a(PGA_1.o)
 .comment       0x0000006e       0x6f .\CortexM0p\ARM_GCC_541\Debug\PSOC4_Main.a(Opamp_1.o)
 .comment       0x0000006e       0x6f .\CortexM0p\ARM_GCC_541\Debug\PSOC4_Main.a(AMux_1.o)
 .comment       0x0000006e       0x6f .\CortexM0p\ARM_GCC_541\Debug\PSOC4_Main.a(ADC_1_intSarClock.o)
 .comment       0x0000006e       0x6f .\CortexM0p\ARM_GCC_541\Debug\PSOC4_Main.a(ADC_1_IRQ.o)
 .comment       0x0000006e       0x6f .\CortexM0p\ARM_GCC_541\Debug\PSOC4_Main.a(CyLib.o)
 .comment       0x0000006e       0x6f .\CortexM0p\ARM_GCC_541\Debug\PSOC4_Main.a(CyLFClk.o)
 .comment       0x0000006e       0x6f .\CortexM0p\ARM_GCC_541\Debug\PSOC4_Main.a(RELAY.o)
 .comment       0x0000006e       0x6f .\CortexM0p\ARM_GCC_541\Debug\PSOC4_Main.a(RED_LED.o)
 .comment       0x0000006e       0x6f .\CortexM0p\ARM_GCC_541\Debug\PSOC4_Main.a(PVref_1.o)
 .comment       0x0000006e       0x6f .\CortexM0p\ARM_GCC_541\Debug\PSOC4_Main.a(UART_1_SPI_UART.o)
 .comment       0x0000006e       0x6f .\CortexM0p\ARM_GCC_541\Debug\PSOC4_Main.a(I2C_1_I2C_INT.o)
 .comment       0x0000006e       0x6f .\CortexM0p\ARM_GCC_541\Debug\PSOC4_Main.a(CyFlash.o)

.debug_weaknames
 *(.debug_weaknames)

.debug_funcnames
 *(.debug_funcnames)

.debug_typenames
 *(.debug_typenames)

.debug_varnames
 *(.debug_varnames)

.note.gnu.arm.ident
 *(.note.gnu.arm.ident)

.ARM.attributes
                0x00000000       0x28
 *(.ARM.attributes)
 .ARM.attributes
                0x00000000       0x1e c:/program files (x86)/cypress/psoc creator/4.4/psoc creator/import/gnu/arm/5.4.1/bin/../lib/gcc/arm-none-eabi/5.4.1/armv6-m/crti.o
 .ARM.attributes
                0x0000001e       0x2c c:/program files (x86)/cypress/psoc creator/4.4/psoc creator/import/gnu/arm/5.4.1/bin/../lib/gcc/arm-none-eabi/5.4.1/armv6-m/crtbegin.o
 .ARM.attributes
                0x0000004a       0x1b c:/program files (x86)/cypress/psoc creator/4.4/psoc creator/import/gnu/arm/5.4.1/bin/../lib/gcc/arm-none-eabi/5.4.1/../../../../arm-none-eabi/lib/armv6-m/crt0.o
 .ARM.attributes
                0x00000065       0x32 .\CortexM0p\ARM_GCC_541\Debug\main.o
 .ARM.attributes
                0x00000097       0x32 .\CortexM0p\ARM_GCC_541\Debug\cyfitter_cfg.o
 .ARM.attributes
                0x000000c9       0x32 .\CortexM0p\ARM_GCC_541\Debug\cymetadata.o
 .ARM.attributes
                0x000000fb       0x32 .\CortexM0p\ARM_GCC_541\Debug\Cm0plusStart.o
 .ARM.attributes
                0x0000012d       0x32 .\CortexM0p\ARM_GCC_541\Debug\PSOC4_Main.a(Timer_1.o)
 .ARM.attributes
                0x0000015f       0x32 .\CortexM0p\ARM_GCC_541\Debug\PSOC4_Main.a(UART_1.o)
 .ARM.attributes
                0x00000191       0x32 .\CortexM0p\ARM_GCC_541\Debug\PSOC4_Main.a(UART_1_UART.o)
 .ARM.attributes
                0x000001c3       0x32 .\CortexM0p\ARM_GCC_541\Debug\PSOC4_Main.a(I2C_1.o)
 .ARM.attributes
                0x000001f5       0x32 .\CortexM0p\ARM_GCC_541\Debug\PSOC4_Main.a(I2C_1_I2C.o)
 .ARM.attributes
                0x00000227       0x32 .\CortexM0p\ARM_GCC_541\Debug\PSOC4_Main.a(I2C_1_I2C_MASTER.o)
 .ARM.attributes
                0x00000259       0x32 .\CortexM0p\ARM_GCC_541\Debug\PSOC4_Main.a(ADC_1.o)
 .ARM.attributes
                0x0000028b       0x32 .\CortexM0p\ARM_GCC_541\Debug\PSOC4_Main.a(ADC_1_INIT.o)
 .ARM.attributes
                0x000002bd       0x32 .\CortexM0p\ARM_GCC_541\Debug\PSOC4_Main.a(ADC_1_INT.o)
 .ARM.attributes
                0x000002ef       0x32 .\CortexM0p\ARM_GCC_541\Debug\PSOC4_Main.a(PGA_1.o)
 .ARM.attributes
                0x00000321       0x32 .\CortexM0p\ARM_GCC_541\Debug\PSOC4_Main.a(Opamp_1.o)
 .ARM.attributes
                0x00000353       0x32 .\CortexM0p\ARM_GCC_541\Debug\PSOC4_Main.a(AMux_1.o)
 .ARM.attributes
                0x00000385       0x32 .\CortexM0p\ARM_GCC_541\Debug\PSOC4_Main.a(ADC_1_intSarClock.o)
 .ARM.attributes
                0x000003b7       0x32 .\CortexM0p\ARM_GCC_541\Debug\PSOC4_Main.a(ADC_1_IRQ.o)
 .ARM.attributes
                0x000003e9       0x32 .\CortexM0p\ARM_GCC_541\Debug\PSOC4_Main.a(CyLib.o)
 .ARM.attributes
                0x0000041b       0x32 .\CortexM0p\ARM_GCC_541\Debug\PSOC4_Main.a(CyLFClk.o)
 .ARM.attributes
                0x0000044d       0x32 .\CortexM0p\ARM_GCC_541\Debug\PSOC4_Main.a(RELAY.o)
 .ARM.attributes
                0x0000047f       0x32 .\CortexM0p\ARM_GCC_541\Debug\PSOC4_Main.a(RED_LED.o)
 .ARM.attributes
                0x000004b1       0x32 .\CortexM0p\ARM_GCC_541\Debug\PSOC4_Main.a(PVref_1.o)
 .ARM.attributes
                0x000004e3       0x22 .\CortexM0p\ARM_GCC_541\Debug\PSOC4_Main.a(CyBootAsmGnu.o)
 .ARM.attributes
                0x00000505       0x32 .\CortexM0p\ARM_GCC_541\Debug\PSOC4_Main.a(UART_1_SPI_UART.o)
 .ARM.attributes
                0x00000537       0x32 .\CortexM0p\ARM_GCC_541\Debug\PSOC4_Main.a(I2C_1_I2C_INT.o)
 .ARM.attributes
                0x00000569       0x32 .\CortexM0p\ARM_GCC_541\Debug\PSOC4_Main.a(CyFlash.o)
 .ARM.attributes
                0x0000059b       0x1e c:/program files (x86)/cypress/psoc creator/4.4/psoc creator/import/gnu/arm/5.4.1/bin/../lib/gcc/arm-none-eabi/5.4.1/armv6-m\libgcc.a(_udivsi3.o)
 .ARM.attributes
                0x000005b9       0x1e c:/program files (x86)/cypress/psoc creator/4.4/psoc creator/import/gnu/arm/5.4.1/bin/../lib/gcc/arm-none-eabi/5.4.1/armv6-m\libgcc.a(_divsi3.o)
 .ARM.attributes
                0x000005d7       0x1e c:/program files (x86)/cypress/psoc creator/4.4/psoc creator/import/gnu/arm/5.4.1/bin/../lib/gcc/arm-none-eabi/5.4.1/armv6-m\libgcc.a(_dvmd_tls.o)
 .ARM.attributes
                0x000005f5       0x1e c:/program files (x86)/cypress/psoc creator/4.4/psoc creator/import/gnu/arm/5.4.1/bin/../lib/gcc/arm-none-eabi/5.4.1/armv6-m\libgcc.a(_aeabi_ldivmod.o)
 .ARM.attributes
                0x00000613       0x2c c:/program files (x86)/cypress/psoc creator/4.4/psoc creator/import/gnu/arm/5.4.1/bin/../lib/gcc/arm-none-eabi/5.4.1/armv6-m\libgcc.a(_muldi3.o)
 .ARM.attributes
                0x0000063f       0x2c c:/program files (x86)/cypress/psoc creator/4.4/psoc creator/import/gnu/arm/5.4.1/bin/../lib/gcc/arm-none-eabi/5.4.1/armv6-m\libgcc.a(bpabi.o)
 .ARM.attributes
                0x0000066b       0x2c c:/program files (x86)/cypress/psoc creator/4.4/psoc creator/import/gnu/arm/5.4.1/bin/../lib/gcc/arm-none-eabi/5.4.1/armv6-m\libgcc.a(divsf3.o)
 .ARM.attributes
                0x00000697       0x2c c:/program files (x86)/cypress/psoc creator/4.4/psoc creator/import/gnu/arm/5.4.1/bin/../lib/gcc/arm-none-eabi/5.4.1/armv6-m\libgcc.a(mulsf3.o)
 .ARM.attributes
                0x000006c3       0x2c c:/program files (x86)/cypress/psoc creator/4.4/psoc creator/import/gnu/arm/5.4.1/bin/../lib/gcc/arm-none-eabi/5.4.1/armv6-m\libgcc.a(subsf3.o)
 .ARM.attributes
                0x000006ef       0x2c c:/program files (x86)/cypress/psoc creator/4.4/psoc creator/import/gnu/arm/5.4.1/bin/../lib/gcc/arm-none-eabi/5.4.1/armv6-m\libgcc.a(floatsisf.o)
 .ARM.attributes
                0x0000071b       0x2c c:/program files (x86)/cypress/psoc creator/4.4/psoc creator/import/gnu/arm/5.4.1/bin/../lib/gcc/arm-none-eabi/5.4.1/armv6-m\libgcc.a(floatunsisf.o)
 .ARM.attributes
                0x00000747       0x2c c:/program files (x86)/cypress/psoc creator/4.4/psoc creator/import/gnu/arm/5.4.1/bin/../lib/gcc/arm-none-eabi/5.4.1/armv6-m\libgcc.a(extendsfdf2.o)
 .ARM.attributes
                0x00000773       0x1e c:/program files (x86)/cypress/psoc creator/4.4/psoc creator/import/gnu/arm/5.4.1/bin/../lib/gcc/arm-none-eabi/5.4.1/armv6-m\libgcc.a(_clzsi2.o)
 .ARM.attributes