Archive member included to satisfy reference by file (symbol)

.\CortexM0p\ARM_GCC_541\Debug\PSOC4_Main.a(Timer_1.o)
                              .\CortexM0p\ARM_GCC_541\Debug\main.o (Timer_1_ReadCounter)
.\CortexM0p\ARM_GCC_541\Debug\PSOC4_Main.a(UART_1.o)
                              .\CortexM0p\ARM_GCC_541\Debug\main.o (UART_1_Start)
.\CortexM0p\ARM_GCC_541\Debug\PSOC4_Main.a(UART_1_UART.o)
                              .\CortexM0p\ARM_GCC_541\Debug\PSOC4_Main.a(UART_1.o) (UART_1_UartInit)
.\CortexM0p\ARM_GCC_541\Debug\PSOC4_Main.a(I2C_1.o)
                              .\CortexM0p\ARM_GCC_541\Debug\main.o (I2C_1_Start)
.\CortexM0p\ARM_GCC_541\Debug\PSOC4_Main.a(I2C_1_I2C.o)
                              .\CortexM0p\ARM_GCC_541\Debug\PSOC4_Main.a(I2C_1.o) (I2C_1_I2CInit)
.\CortexM0p\ARM_GCC_541\Debug\PSOC4_Main.a(I2C_1_I2C_MASTER.o)
                              .\CortexM0p\ARM_GCC_541\Debug\PSOC4_Main.a(I2C_1_I2C.o) (I2C_1_mstrRdBufIndex)
.\CortexM0p\ARM_GCC_541\Debug\PSOC4_Main.a(ADC_1.o)
                              .\CortexM0p\ARM_GCC_541\Debug\main.o (ADC_1_StartConvert)
.\CortexM0p\ARM_GCC_541\Debug\PSOC4_Main.a(ADC_1_INIT.o)
                              .\CortexM0p\ARM_GCC_541\Debug\PSOC4_Main.a(ADC_1.o) (ADC_1_allConfigs)
.\CortexM0p\ARM_GCC_541\Debug\PSOC4_Main.a(ADC_1_INT.o)
                              .\CortexM0p\ARM_GCC_541\Debug\PSOC4_Main.a(ADC_1.o) (ADC_1_ISR)
.\CortexM0p\ARM_GCC_541\Debug\PSOC4_Main.a(PGA_1.o)
                              .\CortexM0p\ARM_GCC_541\Debug\main.o (PGA_1_Start)
.\CortexM0p\ARM_GCC_541\Debug\PSOC4_Main.a(Opamp_1.o)
                              .\CortexM0p\ARM_GCC_541\Debug\main.o (Opamp_1_Start)
.\CortexM0p\ARM_GCC_541\Debug\PSOC4_Main.a(AMux_1.o)
                              .\CortexM0p\ARM_GCC_541\Debug\main.o (AMux_1_Start)
.\CortexM0p\ARM_GCC_541\Debug\PSOC4_Main.a(ADC_1_intSarClock.o)
                              .\CortexM0p\ARM_GCC_541\Debug\PSOC4_Main.a(ADC_1.o) (ADC_1_intSarClock_StartEx)
.\CortexM0p\ARM_GCC_541\Debug\PSOC4_Main.a(ADC_1_IRQ.o)
                              .\CortexM0p\ARM_GCC_541\Debug\PSOC4_Main.a(ADC_1.o) (ADC_1_IRQ_StartEx)
.\CortexM0p\ARM_GCC_541\Debug\PSOC4_Main.a(CyLib.o)
                              .\CortexM0p\ARM_GCC_541\Debug\cyfitter_cfg.o (CyIntEnable)
.\CortexM0p\ARM_GCC_541\Debug\PSOC4_Main.a(CyLFClk.o)
                              .\CortexM0p\ARM_GCC_541\Debug\PSOC4_Main.a(CyLib.o) (CySysClkWcoEnabled)
.\CortexM0p\ARM_GCC_541\Debug\PSOC4_Main.a(RELAY.o)
                              .\CortexM0p\ARM_GCC_541\Debug\main.o (RELAY_Write)
.\CortexM0p\ARM_GCC_541\Debug\PSOC4_Main.a(RED_LED.o)
                              .\CortexM0p\ARM_GCC_541\Debug\main.o (RED_LED_Write)
.\CortexM0p\ARM_GCC_541\Debug\PSOC4_Main.a(PVref_1.o)
                              .\CortexM0p\ARM_GCC_541\Debug\main.o (PVref_1_Start)
.\CortexM0p\ARM_GCC_541\Debug\PSOC4_Main.a(CyBootAsmGnu.o)
                              .\CortexM0p\ARM_GCC_541\Debug\PSOC4_Main.a(CyLib.o) (CyDelayCycles)
.\CortexM0p\ARM_GCC_541\Debug\PSOC4_Main.a(UART_1_SPI_UART.o)
                              .\CortexM0p\ARM_GCC_541\Debug\PSOC4_Main.a(UART_1_UART.o) (UART_1_SpiUartReadRxData)
.\CortexM0p\ARM_GCC_541\Debug\PSOC4_Main.a(I2C_1_I2C_INT.o)
                              .\CortexM0p\ARM_GCC_541\Debug\PSOC4_Main.a(I2C_1_I2C.o) (I2C_1_I2C_ISR)
.\CortexM0p\ARM_GCC_541\Debug\PSOC4_Main.a(CyFlash.o)
                              .\CortexM0p\ARM_GCC_541\Debug\PSOC4_Main.a(CyLib.o) (CySysFlashSetWaitCycles)
c:/program files (x86)/cypress/psoc creator/4.4/psoc creator/import/gnu/arm/5.4.1/bin/../lib/gcc/arm-none-eabi/5.4.1/armv6-m\libgcc.a(_udivsi3.o)
                              .\CortexM0p\ARM_GCC_541\Debug\PSOC4_Main.a(ADC_1.o) (__aeabi_uidiv)
c:/program files (x86)/cypress/psoc creator/4.4/psoc creator/import/gnu/arm/5.4.1/bin/../lib/gcc/arm-none-eabi/5.4.1/armv6-m\libgcc.a(_divsi3.o)
                              .\CortexM0p\ARM_GCC_541\Debug\PSOC4_Main.a(ADC_1.o) (__aeabi_idiv)
c:/program files (x86)/cypress/psoc creator/4.4/psoc creator/import/gnu/arm/5.4.1/bin/../lib/gcc/arm-none-eabi/5.4.1/armv6-m\libgcc.a(_dvmd_tls.o)
                              c:/program files (x86)/cypress/psoc creator/4.4/psoc creator/import/gnu/arm/5.4.1/bin/../lib/gcc/arm-none-eabi/5.4.1/armv6-m\libgcc.a(_udivsi3.o) (__aeabi_idiv0)
c:/program files (x86)/cypress/psoc creator/4.4/psoc creator/import/gnu/arm/5.4.1/bin/../lib/gcc/arm-none-eabi/5.4.1/armv6-m\libgcc.a(_aeabi_ldivmod.o)
                              .\CortexM0p\ARM_GCC_541\Debug\PSOC4_Main.a(ADC_1.o) (__aeabi_ldivmod)
c:/program files (x86)/cypress/psoc creator/4.4/psoc creator/import/gnu/arm/5.4.1/bin/../lib/gcc/arm-none-eabi/5.4.1/armv6-m\libgcc.a(_muldi3.o)
                              .\CortexM0p\ARM_GCC_541\Debug\PSOC4_Main.a(ADC_1.o) (__aeabi_lmul)
c:/program files (x86)/cypress/psoc creator/4.4/psoc creator/import/gnu/arm/5.4.1/bin/../lib/gcc/arm-none-eabi/5.4.1/armv6-m\libgcc.a(bpabi.o)
[...]
Memory Configuration

Name             Origin             Length             Attributes
rom              0x00000000         0x00008000         xr
ram              0x20000000         0x00001000         xrw
*default*        0x00000000         0xffffffff

Linker script and memory map

LOAD c:/program files (x86)/cypress/psoc creator/4.4/psoc creator/import/gnu/arm/5.4.1/bin/../lib/gcc/arm-none-eabi/5.4.1/armv6-m/crti.o
LOAD c:/program files (x86)/cypress/psoc creator/4.4/psoc creator/import/gnu/arm/5.4.1/bin/../lib/gcc/arm-none-eabi/5.4.1/armv6-m/crtbegin.o
LOAD c:/program files (x86)/cypress/psoc creator/4.4/psoc creator/import/gnu/arm/5.4.1/bin/../lib/gcc/arm-none-eabi/5.4.1/../../../../arm-none-eabi/lib/armv6-m/crt0.o
START GROUP
LOAD .\CortexM0p\ARM_GCC_541\Debug\main.o
LOAD .\CortexM0p\ARM_GCC_541\Debug\cyfitter_cfg.o
LOAD .\CortexM0p\ARM_GCC_541\Debug\cymetadata.o
LOAD .\CortexM0p\ARM_GCC_541\Debug\Cm0plusStart.o
LOAD .\CortexM0p\ARM_GCC_541\Debug\PSOC4_Main.a
END GROUP
START GROUP
LOAD c:/program files (x86)/cypress/psoc creator/4.4/psoc creator/import/gnu/arm/5.4.1/bin/../lib/gcc/arm-none-eabi/5.4.1/armv6-m\libgcc.a
LOAD c:/program files (x86)/cypress/psoc creator/4.4/psoc creator/import/gnu/arm/5.4.1/bin/../lib/gcc/arm-none-eabi/5.4.1/../../../../arm-none-eabi/lib/armv6-m\libg_nano.a
LOAD c:/program files (x86)/cypress/psoc creator/4.4/psoc creator/import/gnu/arm/5.4.1/bin/../lib/gcc/arm-none-eabi/5.4.1/../../../../arm-none-eabi/lib/armv6-m\libc_nano.a
END GROUP
START GROUP
LOAD c:/program files (x86)/cypress/psoc creator/4.4/psoc creator/import/gnu/arm/5.4.1/bin/../lib/gcc/arm-none-eabi/5.4.1/armv6-m\libgcc.a
LOAD c:/program files (x86)/cypress/psoc creator/4.4/psoc creator/import/gnu/arm/5.4.1/bin/../lib/gcc/arm-none-eabi/5.4.1/../../../../arm-none-eabi/lib/armv6-m\libc_nano.a
END GROUP
LOAD c:/program files (x86)/cypress/psoc creator/4.4/psoc creator/import/gnu/arm/5.4.1/bin/../lib/gcc/arm-none-eabi/5.4.1/armv6-m/crtend.o
LOAD c:/program files (x86)/cypress/psoc creator/4.4/psoc creator/import/gnu/arm/5.4.1/bin/../lib/gcc/arm-none-eabi/5.4.1/armv6-m/crtn.o
START GROUP
LOAD c:/program files (x86)/cypress/psoc creator/4.4/psoc creator/import/gnu/arm/5.4.1/bin/../lib/gcc/arm-none-eabi/5.4.1/armv6-m\libgcc.a
LOAD c:/program files (x86)/cypress/psoc creator/4.4/psoc creator/import/gnu/arm/5.4.1/bin/../lib/gcc/arm-none-eabi/5.4.1/../../../../arm-none-eabi/lib/armv6-m\libc.a
LOAD c:/program files (x86)/cypress/psoc creator/4.4/psoc creator/import/gnu/arm/5.4.1/bin/../lib/gcc/arm-none-eabi/5.4.1/../../../../arm-none-eabi/lib/armv6-m\libnosys.a
END GROUP
                0x00000000                CY_APPL_ORIGIN = 0x0
                0x00000080                CY_FLASH_ROW_SIZE = 0x80
                0x00000001                CY_APPL_NUM = 0x1
                0x00000001                CY_APPL_MAX = 0x1
                0x00000040                CY_METADATA_SIZE = 0x40
                0x00000000                CY_APPL_LOADABLE = 0x0
                0x00000000                CY_CHECKSUM_EXCLUDE_SIZE = ALIGN (0x0, CY_FLASH_ROW_SIZE)
                0x00000000                CY_APP_FOR_STACK_AND_COPIER = 0x0
                [!provide]                PROVIDE (__cy_heap_start, _end)
                0x00000001                PROVIDE (__cy_region_num, ((__cy_regions_end - __cy_regions) / 0x10))
                0x20001000                PROVIDE (__cy_stack, (ORIGIN (ram) + LENGTH (ram)))
                [!provide]                PROVIDE (__cy_heap_end, (__cy_stack - 0x800))

.cybootloader   0x00000000        0x0
 *(.cybootloader)
                0x00000000                appl1_start = CY_APPL_ORIGIN?CY_APPL_ORIGIN:ALIGN (CY_FLASH_ROW_SIZE)
                0x00003f80                appl2_start = (appl1_start + ALIGN ((((LENGTH (rom) - appl1_start) - (0x2 * CY_FLASH_ROW_SIZE)) / 0x2), CY_FLASH_ROW_SIZE))
                0x00000000                appl_start = (CY_APPL_NUM == 0x1)?appl1_start:appl2_start
                0x00000001                cy_project_type_bootloader = (appl_start == 0x0)?0x1:0x0
                0x00000000                cy_project_type_app_for_stack_and_copier = (CY_APP_FOR_STACK_AND_COPIER == 0x1)?0x1:0x0

.text           0x00000000     0x6000
 CREATE_OBJECT_SYMBOLS
                0x00000000                PROVIDE (__cy_interrupt_vector, RomVectors)
 *(.romvectors)
 .romvectors    0x00000000       0x10 .\CortexM0p\ARM_GCC_541\Debug\Cm0plusStart.o
                0x00000000                RomVectors
                0x00000001                ASSERT ((. != __cy_interrupt_vector), No interrupt vector)
                0x00000001                ASSERT (CY_APPL_ORIGIN?(SIZEOF (.cybootloader) <= CY_APPL_ORIGIN):0x1, Wrong image location)
                0x00000010                PROVIDE (__cy_reset, Reset)
 *(.text.Reset)
 .text.Reset    0x00000010        0xc .\CortexM0p\ARM_GCC_541\Debug\Cm0plusStart.o
                0x00000010                Reset
                0x00000001                ASSERT ((. != __cy_reset), No reset code)
 *(.psocinit)
 .psocinit      0x0000001c      0x14c .\CortexM0p\ARM_GCC_541\Debug\cyfitter_cfg.o
                0x000000f0                cyfitter_cfg
                0x00000168                . = MAX (., 0x100)
 *(.text .text.* .gnu.linkonce.t.*)
 .text          0x00000168       0x60 c:/program files (x86)/cypress/psoc creator/4.4/psoc creator/import/gnu/arm/5.4.1/bin/../lib/gcc/arm-none-eabi/5.4.1/armv6-m/crtbegin.o
 .text.Shutdown_Test
                0x000001c8       0x10 .\CortexM0p\ARM_GCC_541\Debug\main.o
                0x000001c8                Shutdown_Test
 .text.Print_headers
                0x000001d8       0x84 .\CortexM0p\ARM_GCC_541\Debug\main.o
                0x000001d8                Print_headers
 .text.main     0x0000025c      0x230 .\CortexM0p\ARM_GCC_541\Debug\main.o
                0x0000025c                main
 .text.SetAnalogRoutingPumps
                0x0000048c       0x20 .\CortexM0p\ARM_GCC_541\Debug\cyfitter_cfg.o
                0x0000048c                SetAnalogRoutingPumps
 .text.AnalogSetDefault
                0x000004ac       0x74 .\CortexM0p\ARM_GCC_541\Debug\cyfitter_cfg.o
 .text.AMux_1_Set
                0x00000520       0x40 .\CortexM0p\ARM_GCC_541\Debug\cyfitter_cfg.o
                0x00000520                AMux_1_Set
 .text.AMux_1_Unset
                0x00000560       0x40 .\CortexM0p\ARM_GCC_541\Debug\cyfitter_cfg.o
                0x00000560                AMux_1_Unset
 .text.IntDefaultHandler
                0x000005a0       0x10 .\CortexM0p\ARM_GCC_541\Debug\Cm0plusStart.o
                0x000005a0                IntDefaultHandler
 .text._sbrk    0x000005b0       0x34 .\CortexM0p\ARM_GCC_541\Debug\Cm0plusStart.o
                0x000005b0                _sbrk
 .text.Start_c  0x000005e4       0x48 .\CortexM0p\ARM_GCC_541\Debug\Cm0plusStart.o
                0x000005e4                Start_c
 .text.initialize_psoc
                0x0000062c       0x40 .\CortexM0p\ARM_GCC_541\Debug\Cm0plusStart.o
                0x0000062c                initialize_psoc
 .text.Timer_1_WriteCounter
                0x0000066c       0x10 .\CortexM0p\ARM_GCC_541\Debug\PSOC4_Main.a(Timer_1.o)
                0x0000066c                Timer_1_WriteCounter
 .text.Timer_1_ReadCounter
                0x0000067c       0x10 .\CortexM0p\ARM_GCC_541\Debug\PSOC4_Main.a(Timer_1.o)
                0x0000067c                Timer_1_ReadCounter
 .text.Timer_1_WritePeriod
                0x0000068c       0x10 .\CortexM0p\ARM_GCC_541\Debug\PSOC4_Main.a(Timer_1.o)
                0x0000068c                Timer_1_WritePeriod
 .text.Timer_1_TriggerCommand
                0x0000069c       0x1c .\CortexM0p\ARM_GCC_541\Debug\PSOC4_Main.a(Timer_1.o)
                0x0000069c                Timer_1_TriggerCommand
 .text.Timer_1_Enable
                0x000006b8       0x24 .\CortexM0p\ARM_GCC_541\Debug\PSOC4_Main.a(Timer_1.o)
                0x000006b8                Timer_1_Enable
 .text.Timer_1_SetInterruptMode
                0x000006dc        0xc .\CortexM0p\ARM_GCC_541\Debug\PSOC4_Main.a(Timer_1.o)
                0x000006dc                Timer_1_SetInterruptMode
 .text.Timer_1_Init
                0x000006e8       0x34 .\CortexM0p\ARM_GCC_541\Debug\PSOC4_Main.a(Timer_1.o)
                0x000006e8                Timer_1_Init
 .text.Timer_1_Start
                0x0000071c       0x20 .\CortexM0p\ARM_GCC_541\Debug\PSOC4_Main.a(Timer_1.o)
                0x0000071c                Timer_1_Start
 .text.UART_1_ScbModePostEnable
                0x0000073c        0x8 .\CortexM0p\ARM_GCC_541\Debug\PSOC4_Main.a(UART_1.o)
 .text.UART_1_Init
                0x00000744        0x8 .\CortexM0p\ARM_GCC_541\Debug\PSOC4_Main.a(UART_1.o)
                0x00000744                UART_1_Init
 .text.UART_1_Enable
                0x0000074c       0x18 .\CortexM0p\ARM_GCC_541\Debug\PSOC4_Main.a(UART_1.o)
                0x0000074c                UART_1_Enable
 .text.UART_1_Start
                0x00000764       0x20 .\CortexM0p\ARM_GCC_541\Debug\PSOC4_Main.a(UART_1.o)
                0x00000764                UART_1_Start
 .text.UART_1_UartInit
                0x00000784       0xa8 .\CortexM0p\ARM_GCC_541\Debug\PSOC4_Main.a(UART_1_UART.o)
                0x00000784                UART_1_UartInit
 .text.UART_1_UartPostEnable
                0x0000082c       0x2c .\CortexM0p\ARM_GCC_541\Debug\PSOC4_Main.a(UART_1_UART.o)
                0x0000082c                UART_1_UartPostEnable
 .text.UART_1_UartGetChar
                0x00000858       0x2c .\CortexM0p\ARM_GCC_541\Debug\PSOC4_Main.a(UART_1_UART.o)
                0x00000858                UART_1_UartGetChar
 .text.UART_1_UartPutString
                0x00000884       0x18 .\CortexM0p\ARM_GCC_541\Debug\PSOC4_Main.a(UART_1_UART.o)
                0x00000884                UART_1_UartPutString
 .text.I2C_1_ScbEnableIntr
                0x0000089c        0xc .\CortexM0p\ARM_GCC_541\Debug\PSOC4_Main.a(I2C_1.o)
 .text.I2C_1_Init
                0x000008a8        0x8 .\CortexM0p\ARM_GCC_541\Debug\PSOC4_Main.a(I2C_1.o)
                0x000008a8                I2C_1_Init
 .text.I2C_1_Enable
                0x000008b0       0x18 .\CortexM0p\ARM_GCC_541\Debug\PSOC4_Main.a(I2C_1.o)
                0x000008b0                I2C_1_Enable
 .text.I2C_1_Start
                0x000008c8       0x20 .\CortexM0p\ARM_GCC_541\Debug\PSOC4_Main.a(I2C_1.o)
                0x000008c8                I2C_1_Start
 .text.I2C_1_I2CInit
                0x000008e8       0xb8 .\CortexM0p\ARM_GCC_541\Debug\PSOC4_Main.a(I2C_1_I2C.o)
                0x000008e8                I2C_1_I2CInit
 .text.I2C_1_I2CFwBlockReset
                0x000009a0       0x5c .\CortexM0p\ARM_GCC_541\Debug\PSOC4_Main.a(I2C_1_I2C.o)
                0x000009a0                I2C_1_I2CFwBlockReset
 .text.I2C_1_I2CReStartGeneration
                0x000009fc       0x20 .\CortexM0p\ARM_GCC_541\Debug\PSOC4_Main.a(I2C_1_I2C_MASTER.o)
                0x000009fc                I2C_1_I2CReStartGeneration
 .text.I2C_1_I2CMasterReadBuf
                0x00000a1c      0x108 .\CortexM0p\ARM_GCC_541\Debug\PSOC4_Main.a(I2C_1_I2C_MASTER.o)
                0x00000a1c                I2C_1_I2CMasterReadBuf
 .text.ADC_1_SetDFTControl
                0x00000b24       0x34 .\CortexM0p\ARM_GCC_541\Debug\PSOC4_Main.a(ADC_1.o)
 .text.ADC_1_IsChannelSigned
                0x00000b58       0x58 .\CortexM0p\ARM_GCC_541\Debug\PSOC4_Main.a(ADC_1.o)
 .text.ADC_1_Stop
                0x00000bb0       0x10 .\CortexM0p\ARM_GCC_541\Debug\PSOC4_Main.a(ADC_1.o)
                0x00000bb0                ADC_1_Stop
 .text.ADC_1_InitConfig
                0x00000bc0       0xac .\CortexM0p\ARM_GCC_541\Debug\PSOC4_Main.a(ADC_1.o)
                0x00000bc0                ADC_1_InitConfig
 .text.ADC_1_StartConvert
                0x00000c6c       0x28 .\CortexM0p\ARM_GCC_541\Debug\PSOC4_Main.a(ADC_1.o)
                0x00000c6c                ADC_1_StartConvert
 .text.ADC_1_IsEndConversion
                0x00000c94       0x38 .\CortexM0p\ARM_GCC_541\Debug\PSOC4_Main.a(ADC_1.o)
                0x00000c94                ADC_1_IsEndConversion
 .text.ADC_1_GetResult32
                0x00000ccc       0x64 .\CortexM0p\ARM_GCC_541\Debug\PSOC4_Main.a(ADC_1.o)
                0x00000ccc                ADC_1_GetResult32
 .text.ADC_1_RawCounts2Counts
                0x00000d30       0x88 .\CortexM0p\ARM_GCC_541\Debug\PSOC4_Main.a(ADC_1.o)
                0x00000d30                ADC_1_RawCounts2Counts
 .text.ADC_1_CountsTo_mVolts
                0x00000db8       0x68 .\CortexM0p\ARM_GCC_541\Debug\PSOC4_Main.a(ADC_1.o)
                0x00000db8                ADC_1_CountsTo_mVolts
 .text.ADC_1_Init
                0x00000e20       0xdc .\CortexM0p\ARM_GCC_541\Debug\PSOC4_Main.a(ADC_1.o)
                0x00000e20                ADC_1_Init
 .text.ADC_1_Enable
                0x00000efc       0x48 .\CortexM0p\ARM_GCC_541\Debug\PSOC4_Main.a(ADC_1.o)
                0x00000efc                ADC_1_Enable
 .text.ADC_1_Start
                0x00000f44       0x24 .\CortexM0p\ARM_GCC_541\Debug\PSOC4_Main.a(ADC_1.o)
                0x00000f44                ADC_1_Start
 .text.ADC_1_StopConvert
                0x00000f68       0x44 .\CortexM0p\ARM_GCC_541\Debug\PSOC4_Main.a(ADC_1.o)
                0x00000f68                ADC_1_StopConvert
 .text.ADC_1_ISR
                0x00000fac        0xc .\CortexM0p\ARM_GCC_541\Debug\PSOC4_Main.a(ADC_1_INT.o)
                0x00000fac                ADC_1_ISR
 .text.PGA_1_Enable
                0x00000fb8       0x1c .\CortexM0p\ARM_GCC_541\Debug\PSOC4_Main.a(PGA_1.o)
                0x00000fb8                PGA_1_Enable
 .text.PGA_1_SetGain
                0x00000fd4       0xa4 .\CortexM0p\ARM_GCC_541\Debug\PSOC4_Main.a(PGA_1.o)
                0x00000fd4                PGA_1_SetGain
 .text.PGA_1_Init
                0x00001078       0x50 .\CortexM0p\ARM_GCC_541\Debug\PSOC4_Main.a(PGA_1.o)
                0x00001078                PGA_1_Init
 .text.PGA_1_Start
                0x000010c8       0x20 .\CortexM0p\ARM_GCC_541\Debug\PSOC4_Main.a(PGA_1.o)
                0x000010c8                PGA_1_Start
 .text.Opamp_1_Init
                0x000010e8       0x2c .\CortexM0p\ARM_GCC_541\Debug\PSOC4_Main.a(Opamp_1.o)
                0x000010e8                Opamp_1_Init
 .text.Opamp_1_Enable
                0x00001114       0x1c .\CortexM0p\ARM_GCC_541\Debug\PSOC4_Main.a(Opamp_1.o)
                0x00001114                Opamp_1_Enable
 .text.Opamp_1_Start
                0x00001130       0x20 .\CortexM0p\ARM_GCC_541\Debug\PSOC4_Main.a(Opamp_1.o)
                0x00001130                Opamp_1_Start
 .text.AMux_1_Start
                0x00001150       0x20 .\CortexM0p\ARM_GCC_541\Debug\PSOC4_Main.a(AMux_1.o)
                0x00001150                AMux_1_Start
 .text.AMux_1_FastSelect
                0x00001170       0x20 .\CortexM0p\ARM_GCC_541\Debug\PSOC4_Main.a(AMux_1.o)
                0x00001170                AMux_1_FastSelect
 .text.ADC_1_intSarClock_StartEx
                0x00001190       0x1c .\CortexM0p\ARM_GCC_541\Debug\PSOC4_Main.a(ADC_1_intSarClock.o)
                0x00001190                ADC_1_intSarClock_StartEx
 .text.ADC_1_intSarClock_Stop
                0x000011ac       0x18 .\CortexM0p\ARM_GCC_541\Debug\PSOC4_Main.a(ADC_1_intSarClock.o)
                0x000011ac                ADC_1_intSarClock_Stop
 .text.ADC_1_intSarClock_SetFractionalDividerRegister
                0x000011c4       0x20 .\CortexM0p\ARM_GCC_541\Debug\PSOC4_Main.a(ADC_1_intSarClock.o)
                0x000011c4                ADC_1_intSarClock_SetFractionalDividerRegister
 .text.CySysClkImoDisableWcoLock
                0x000011e4       0x4c .\CortexM0p\ARM_GCC_541\Debug\PSOC4_Main.a(CyLib.o)
                0x000011e4                CySysClkImoDisableWcoLock
 .text.CySysClkImoGetWcoLock
                0x00001230       0x14 .\CortexM0p\ARM_GCC_541\Debug\PSOC4_Main.a(CyLib.o)
                0x00001230                CySysClkImoGetWcoLock
 .text.CyIntEnable
                0x00001244       0x14 .\CortexM0p\ARM_GCC_541\Debug\PSOC4_Main.a(CyLib.o)
                0x00001244                CyIntEnable
 .text.CyIntDisable
                0x00001258       0x14 .\CortexM0p\ARM_GCC_541\Debug\PSOC4_Main.a(CyLib.o)
                0x00001258                CyIntDisable
 .text.CyHalt   0x0000126c        0x4 .\CortexM0p\ARM_GCC_541\Debug\PSOC4_Main.a(CyLib.o)
                0x0000126c                CyHalt
 .text.CyIntSetVector
                0x00001270       0x24 .\CortexM0p\ARM_GCC_541\Debug\PSOC4_Main.a(CyLib.o)
                0x00001270                CyIntSetVector
 .text.CyIntSetPriority
                0x00001294       0x4c .\CortexM0p\ARM_GCC_541\Debug\PSOC4_Main.a(CyLib.o)
                0x00001294                CyIntSetPriority
 .text.CyDelay  0x000012e0       0x30 .\CortexM0p\ARM_GCC_541\Debug\PSOC4_Main.a(CyLib.o)
                0x000012e0                CyDelay
 .text.CySysClkImoEnableWcoLock
                0x00001310       0xd0 .\CortexM0p\ARM_GCC_541\Debug\PSOC4_Main.a(CyLib.o)
                0x00001310                CySysClkImoEnableWcoLock
 .text.CySysClkWriteImoFreq
                0x000013e0       0xd8 .\CortexM0p\ARM_GCC_541\Debug\PSOC4_Main.a(CyLib.o)
                0x000013e0                CySysClkWriteImoFreq
 .text.CyDelayUs
                0x000014b8       0x14 .\CortexM0p\ARM_GCC_541\Debug\PSOC4_Main.a(CyLib.o)
                0x000014b8                CyDelayUs
 .text.CySysClkGetTimerSource
                0x000014cc       0x10 .\CortexM0p\ARM_GCC_541\Debug\PSOC4_Main.a(CyLFClk.o)
 .text.CySysClkWcoEnabled
                0x000014dc       0x14 .\CortexM0p\ARM_GCC_541\Debug\PSOC4_Main.a(CyLFClk.o)
                0x000014dc                CySysClkWcoEnabled
 .text.CySysWdtDisable
                0x000014f0       0x10 .\CortexM0p\ARM_GCC_541\Debug\PSOC4_Main.a(CyLFClk.o)
                0x000014f0                CySysWdtDisable
 .text.CySysClkSetTimerSource
                0x00001500       0x68 .\CortexM0p\ARM_GCC_541\Debug\PSOC4_Main.a(CyLFClk.o)
                0x00001500                CySysClkSetTimerSource
 .text.CySysTimerClearInterrupt
                0x00001568       0x2c .\CortexM0p\ARM_GCC_541\Debug\PSOC4_Main.a(CyLFClk.o)
                0x00001568                CySysTimerClearInterrupt
 .text.CySysTimerIsr
                0x00001594       0xa4 .\CortexM0p\ARM_GCC_541\Debug\PSOC4_Main.a(CyLFClk.o)
                0x00001594                CySysTimerIsr
 .text.RELAY_Write
                0x00001638       0x18 .\CortexM0p\ARM_GCC_541\Debug\PSOC4_Main.a(RELAY.o)
                0x00001638                RELAY_Write
 .text.RED_LED_Write
                0x00001650       0x18 .\CortexM0p\ARM_GCC_541\Debug\PSOC4_Main.a(RED_LED.o)
                0x00001650                RED_LED_Write
 .text.PVref_1_Init
                0x00001668       0x1c .\CortexM0p\ARM_GCC_541\Debug\PSOC4_Main.a(PVref_1.o)
                0x00001668                PVref_1_Init
 .text.PVref_1_Enable
                0x00001684       0x10 .\CortexM0p\ARM_GCC_541\Debug\PSOC4_Main.a(PVref_1.o)
                0x00001684                PVref_1_Enable
 .text.PVref_1_Start
                0x00001694       0x20 .\CortexM0p\ARM_GCC_541\Debug\PSOC4_Main.a(PVref_1.o)
                0x00001694                PVref_1_Start
 *fill*         0x000016b4        0x4 
 .text          0x000016b8       0x20 .\CortexM0p\ARM_GCC_541\Debug\PSOC4_Main.a(CyBootAsmGnu.o)
                0x000016b8                CyDelayCycles
                0x000016ca                CyEnterCriticalSection
                0x000016d2                CyExitCriticalSection
 .text.UART_1_SpiUartReadRxData
                0x000016d8        0xc .\CortexM0p\ARM_GCC_541\Debug\PSOC4_Main.a(UART_1_SPI_UART.o)
                0x000016d8                UART_1_SpiUartReadRxData
 .text.UART_1_SpiUartGetRxBufferSize
                0x000016e4       0x10 .\CortexM0p\ARM_GCC_541\Debug\PSOC4_Main.a(UART_1_SPI_UART.o)
                0x000016e4                UART_1_SpiUartGetRxBufferSize
 .text.UART_1_SpiUartWriteTxData
                0x000016f4       0x1c .\CortexM0p\ARM_GCC_541\Debug\PSOC4_Main.a(UART_1_SPI_UART.o)
                0x000016f4                UART_1_SpiUartWriteTxData
 .text.I2C_1_I2C_ISR
                0x00001710      0x340 .\CortexM0p\ARM_GCC_541\Debug\PSOC4_Main.a(I2C_1_I2C_INT.o)
                0x00001710                I2C_1_I2C_ISR
 .text.CySysFlashSetWaitCycles
                0x00001a50       0x54 .\CortexM0p\ARM_GCC_541\Debug\PSOC4_Main.a(CyFlash.o)
                0x00001a50                CySysFlashSetWaitCycles
 .text          0x00001aa4      0x114 c:/program files (x86)/cypress/psoc creator/4.4/psoc creator/import/gnu/arm/5.4.1/bin/../lib/gcc/arm-none-eabi/5.4.1/armv6-m\libgcc.a(_udivsi3.o)
                0x00001aa4                __aeabi_uidiv
                0x00001aa4                __udivsi3
                0x00001bb0                __aeabi_uidivmod
 .text          0x00001bb8      0x1d4 c:/program files (x86)/cypress/psoc creator/4.4/psoc creator/import/gnu/arm/5.4.1/bin/../lib/gcc/arm-none-eabi/5.4.1/armv6-m\libgcc.a(_divsi3.o)
                0x00001bb8                __divsi3
                0x00001bb8                __aeabi_idiv
                0x00001d84                __aeabi_idivmod
 .text          0x00001d8c        0x4 c:/program files (x86)/cypress/psoc creator/4.4/psoc creator/import/gnu/arm/5.4.1/bin/../lib/gcc/arm-none-eabi/5.4.1/armv6-m\libgcc.a(_dvmd_tls.o)
                0x00001d8c                __aeabi_idiv0
                0x00001d8c                __aeabi_ldiv0
 .text          0x00001d90      0x234 c:/program files (x86)/cypress/psoc creator/4.4/psoc creator/import/gnu/arm/5.4.1/bin/../lib/gcc/arm-none-eabi/5.4.1/armv6-m\libgcc.a(divsf3.o)
                0x00001d90                __aeabi_fdiv
 .text          0x00001fc4       0x90 c:/program files (x86)/cypress/psoc creator/4.4/psoc creator/import/gnu/arm/5.4.1/bin/../lib/gcc/arm-none-eabi/5.4.1/armv6-m\libgcc.a(floatsisf.o)
                0x00001fc4                __aeabi_i2f
 .text          0x00002054      0x62c c:/program files (x86)/cypress/psoc creator/4.4/psoc creator/import/gnu/arm/5.4.1/bin/../lib/gcc/arm-none-eabi/5.4.1/armv6-m\libgcc.a(divdf3.o)
                0x00002054                __aeabi_ddiv
 .text          0x00002680      0x4f4 c:/program files (x86)/cypress/psoc creator/4.4/psoc creator/import/gnu/arm/5.4.1/bin/../lib/gcc/arm-none-eabi/5.4.1/armv6-m\libgcc.a(muldf3.o)
                0x00002680                __aeabi_dmul
 .text          0x00002b74       0xa8 c:/program files (x86)/cypress/psoc creator/4.4/psoc creator/import/gnu/arm/5.4.1/bin/../lib/gcc/arm-none-eabi/5.4.1/armv6-m\libgcc.a(extendsfdf2.o)
                0x00002b74                __aeabi_f2d
 .text          0x00002c1c      0x118 c:/program files (x86)/cypress/psoc creator/4.4/psoc creator/import/gnu/arm/5.4.1/bin/../lib/gcc/arm-none-eabi/5.4.1/armv6-m\libgcc.a(truncdfsf2.o)
                0x00002c1c                __aeabi_d2f
 .text          0x00002d34       0x3c c:/program files (x86)/cypress/psoc creator/4.4/psoc creator/import/gnu/arm/5.4.1/bin/../lib/gcc/arm-none-eabi/5.4.1/armv6-m\libgcc.a(_clzsi2.o)
                0x00002d34                __clzsi2
 .text.__errno  0x00002d70        0xc c:/program files (x86)/cypress/psoc creator/4.4/psoc creator/import/gnu/arm/5.4.1/bin/../lib/gcc/arm-none-eabi/5.4.1/../../../../arm-none-eabi/lib/armv6-m\libg_nano.a(lib_a-errno.o)
                0x00002d70                __errno
 .text.__libc_init_array
                0x00002d7c       0x4c c:/program files (x86)/cypress/psoc creator/4.4/psoc creator/import/gnu/arm/5.4.1/bin/../lib/gcc/arm-none-eabi/5.4.1/../../../../arm-none-eabi/lib/armv6-m\libg_nano.a(lib_a-init.o)
                0x00002d7c                __libc_init_array
 .text.memcpy   0x00002dc8       0x12 c:/program files (x86)/cypress/psoc creator/4.4/psoc creator/import/gnu/arm/5.4.1/bin/../lib/gcc/arm-none-eabi/5.4.1/../../../../arm-none-eabi/lib/armv6-m\libg_nano.a(lib_a-memcpy-stub.o)
                0x00002dc8                memcpy
 .text.memset   0x00002dda       0x10 c:/program files (x86)/cypress/psoc creator/4.4/psoc creator/import/gnu/arm/5.4.1/bin/../lib/gcc/arm-none-eabi/5.4.1/../../../../arm-none-eabi/lib/armv6-m\libg_nano.a(lib_a-memset.o)
                0x00002dda                memset
 .text.__cvt    0x00002dea       0xca c:/program files (x86)/cypress/psoc creator/4.4/psoc creator/import/gnu/arm/5.4.1/bin/../lib/gcc/arm-none-eabi/5.4.1/../../../../arm-none-eabi/lib/armv6-m\libg_nano.a(lib_a-nano-vfprintf_float.o)
                0x00002dea                __cvt
 .text.__exponent
                0x00002eb4       0x62 c:/program files (x86)/cypress/psoc creator/4.4/psoc creator/import/gnu/arm/5.4.1/bin/../lib/gcc/arm-none-eabi/5.4.1/../../../../arm-none-eabi/lib/armv6-m\libg_nano.a(lib_a-nano-vfprintf_float.o)
                0x00002eb4                __exponent
 *fill*         0x00002f16        0x2 
 .text._printf_float
                0x00002f18      0x4a0 c:/program files (x86)/cypress/psoc creator/4.4/psoc creator/import/gnu/arm/5.4.1/bin/../lib/gcc/arm-none-eabi/5.4.1/../../../../arm-none-eabi/lib/armv6-m\libg_nano.a(lib_a-nano-vfprintf_float.o)
                0x00002f18                _printf_float
 .text._printf_common
                0x000033b8       0xdc c:/program files (x86)/cypress/psoc creator/4.4/psoc creator/import/gnu/arm/5.4.1/bin/../lib/gcc/arm-none-eabi/5.4.1/../../../../arm-none-eabi/lib/armv6-m\libg_nano.a(lib_a-nano-vfprintf_i.o)
                0x000033b8                _printf_common
 .text._printf_i
                0x00003494      0x244 c:/program files (x86)/cypress/psoc creator/4.4/psoc creator/import/gnu/arm/5.4.1/bin/../lib/gcc/arm-none-eabi/5.4.1/../../../../arm-none-eabi/lib/armv6-m\libg_nano.a(lib_a-nano-vfprintf_i.o)
                0x00003494                _printf_i
 .text.sprintf  0x000036d8       0x44 c:/program files (x86)/cypress/psoc creator/4.4/psoc creator/import/gnu/arm/5.4.1/bin/../lib/gcc/arm-none-eabi/5.4.1/../../../../arm-none-eabi/lib/armv6-m\libg_nano.a(lib_a-sprintf.o)
                0x000036d8                siprintf
                0x000036d8                sprintf
 .text          0x0000371c        0xe c:/program files (x86)/cypress/psoc creator/4.4/psoc creator/import/gnu/arm/5.4.1/bin/../lib/gcc/arm-none-eabi/5.4.1/../../../../arm-none-eabi/lib/armv6-m\libg_nano.a(lib_a-strlen.o)
                0x0000371c                strlen
 .text.quorem   0x0000372a      0x10c c:/program files (x86)/cypress/psoc creator/4.4/psoc creator/import/gnu/arm/5.4.1/bin/../lib/gcc/arm-none-eabi/5.4.1/../../../../arm-none-eabi/lib/armv6-m\libg_nano.a(lib_a-dtoa.o)
 *fill*         0x00003836        0x2 
 .text._dtoa_r  0x00003838      0xb8c c:/program files (x86)/cypress/psoc creator/4.4/psoc creator/import/gnu/arm/5.4.1/bin/../lib/gcc/arm-none-eabi/5.4.1/../../../../arm-none-eabi/lib/armv6-m\libg_nano.a(lib_a-dtoa.o)
                0x00003838                _dtoa_r
 .text._localeconv_r
                0x000043c4        0x8 c:/program files (x86)/cypress/psoc creator/4.4/psoc creator/import/gnu/arm/5.4.1/bin/../lib/gcc/arm-none-eabi/5.4.1/../../../../arm-none-eabi/lib/armv6-m\libg_nano.a(lib_a-locale.o)
                0x000043c4                _localeconv_r
 .text.malloc   0x000043cc       0x14 c:/program files (x86)/cypress/psoc creator/4.4/psoc creator/import/gnu/arm/5.4.1/bin/../lib/gcc/arm-none-eabi/5.4.1/../../../../arm-none-eabi/lib/armv6-m\libg_nano.a(lib_a-malloc.o)
                0x000043cc                malloc
 .text.memchr   0x000043e0       0x16 c:/program files (x86)/cypress/psoc creator/4.4/psoc creator/import/gnu/arm/5.4.1/bin/../lib/gcc/arm-none-eabi/5.4.1/../../../../arm-none-eabi/lib/armv6-m\libg_nano.a(lib_a-memchr-stub.o)
                0x000043e0                memchr
 .text._Balloc  0x000043f6       0x70 c:/program files (x86)/cypress/psoc creator/4.4/psoc creator/import/gnu/arm/5.4.1/bin/../lib/gcc/arm-none-eabi/5.4.1/../../../../arm-none-eabi/lib/armv6-m\libg_nano.a(lib_a-mprec.o)
                0x000043f6                _Balloc
 .text._Bfree   0x00004466       0x32 c:/program files (x86)/cypress/psoc creator/4.4/psoc creator/import/gnu/arm/5.4.1/bin/../lib/gcc/arm-none-eabi/5.4.1/../../../../arm-none-eabi/lib/armv6-m\libg_nano.a(lib_a-mprec.o)
                0x00004466                _Bfree
 .text.__multadd
                0x00004498       0x7a c:/program files (x86)/cypress/psoc creator/4.4/psoc creator/import/gnu/arm/5.4.1/bin/../lib/gcc/arm-none-eabi/5.4.1/../../../../arm-none-eabi/lib/armv6-m\libg_nano.a(lib_a-mprec.o)
                0x00004498                __multadd
 .text.__hi0bits
                0x00004512       0x36 c:/program files (x86)/cypress/psoc creator/4.4/psoc creator/import/gnu/arm/5.4.1/bin/../lib/gcc/arm-none-eabi/5.4.1/../../../../arm-none-eabi/lib/armv6-m\libg_nano.a(lib_a-mprec.o)
                0x00004512                __hi0bits
 .text.__lo0bits
                0x00004548       0x5e c:/program files (x86)/cypress/psoc creator/4.4/psoc creator/import/gnu/arm/5.4.1/bin/../lib/gcc/arm-none-eabi/5.4.1/../../../../arm-none-eabi/lib/armv6-m\libg_nano.a(lib_a-mprec.o)
                0x00004548                __lo0bits
 .text.__i2b    0x000045a6       0x12 c:/program files (x86)/cypress/psoc creator/4.4/psoc creator/import/gnu/arm/5.4.1/bin/../lib/gcc/arm-none-eabi/5.4.1/../../../../arm-none-eabi/lib/armv6-m\libg_nano.a(lib_a-mprec.o)
                0x000045a6                __i2b
 .text.__multiply
                0x000045b8      0x112 c:/program files (x86)/cypress/psoc creator/4.4/psoc creator/import/gnu/arm/5.4.1/bin/../lib/gcc/arm-none-eabi/5.4.1/../../../../arm-none-eabi/lib/armv6-m\libg_nano.a(lib_a-mprec.o)
                0x000045b8                __multiply
 *fill*         0x000046ca        0x2 
 .text.__pow5mult
                0x000046cc       0xa8 c:/program files (x86)/cypress/psoc creator/4.4/psoc creator/import/gnu/arm/5.4.1/bin/../lib/gcc/arm-none-eabi/5.4.1/../../../../arm-none-eabi/lib/armv6-m\libg_nano.a(lib_a-mprec.o)
                0x000046cc                __pow5mult
 .text.__lshift
                0x00004774       0xa4 c:/program files (x86)/cypress/psoc creator/4.4/psoc creator/import/gnu/arm/5.4.1/bin/../lib/gcc/arm-none-eabi/5.4.1/../../../../arm-none-eabi/lib/armv6-m\libg_nano.a(lib_a-mprec.o)
                0x00004774                __lshift
 .text.__mcmp   0x00004818       0x36 c:/program files (x86)/cypress/psoc creator/4.4/psoc creator/import/gnu/arm/5.4.1/bin/../lib/gcc/arm-none-eabi/5.4.1/../../../../arm-none-eabi/lib/armv6-m\libg_nano.a(lib_a-mprec.o)
                0x00004818                __mcmp
 .text.__mdiff  0x0000484e       0xd6 c:/program files (x86)/cypress/psoc creator/4.4/psoc creator/import/gnu/arm/5.4.1/bin/../lib/gcc/arm-none-eabi/5.4.1/../../../../arm-none-eabi/lib/armv6-m\libg_nano.a(lib_a-mprec.o)
                0x0000484e                __mdiff
 .text.__d2b    0x00004924       0xa8 c:/program files (x86)/cypress/psoc creator/4.4/psoc creator/import/gnu/arm/5.4.1/bin/../lib/gcc/arm-none-eabi/5.4.1/../../../../arm-none-eabi/lib/armv6-m\libg_nano.a(lib_a-mprec.o)
                0x00004924                __d2b
 .text._calloc_r
                0x000049cc       0x1c c:/program files (x86)/cypress/psoc creator/4.4/psoc creator/import/gnu/arm/5.4.1/bin/../lib/gcc/arm-none-eabi/5.4.1/../../../../arm-none-eabi/lib/armv6-m\libg_nano.a(lib_a-nano-callocr.o)
                0x000049cc                _calloc_r
 .text._free_r  0x000049e8       0x98 c:/program files (x86)/cypress/psoc creator/4.4/psoc creator/import/gnu/arm/5.4.1/bin/../lib/gcc/arm-none-eabi/5.4.1/../../../../arm-none-eabi/lib/armv6-m\libg_nano.a(lib_a-nano-freer.o)
                0x000049e8                _free_r
 .text._malloc_r
                0x00004a80       0xc0 c:/program files (x86)/cypress/psoc creator/4.4/psoc creator/import/gnu/arm/5.4.1/bin/../lib/gcc/arm-none-eabi/5.4.1/../../../../arm-none-eabi/lib/armv6-m\libg_nano.a(lib_a-nano-mallocr.o)
                0x00004a80                _malloc_r
 .text.__ssputs_r
                0x00004b40       0xc4 c:/program files (x86)/cypress/psoc creator/4.4/psoc creator/import/gnu/arm/5.4.1/bin/../lib/gcc/arm-none-eabi/5.4.1/../../../../arm-none-eabi/lib/armv6-m\libg_nano.a(lib_a-nano-svfprintf.o)
                0x00004b40                __ssputs_r
 .text._svfprintf_r
                0x00004c04      0x1fc c:/program files (x86)/cypress/psoc creator/4.4/psoc creator/import/gnu/arm/5.4.1/bin/../lib/gcc/arm-none-eabi/5.4.1/../../../../arm-none-eabi/lib/armv6-m\libg_nano.a(lib_a-nano-svfprintf.o)
                0x00004c04                _svfiprintf_r
                0x00004c04                _svfprintf_r
 .text._sbrk_r  0x00004e00       0x24 c:/program files (x86)/cypress/psoc creator/4.4/psoc creator/import/gnu/arm/5.4.1/bin/../lib/gcc/arm-none-eabi/5.4.1/../../../../arm-none-eabi/lib/armv6-m\libg_nano.a(lib_a-sbrkr.o)
                0x00004e00                _sbrk_r
 .text.memmove  0x00004e24       0x2a c:/program files (x86)/cypress/psoc creator/4.4/psoc creator/import/gnu/arm/5.4.1/bin/../lib/gcc/arm-none-eabi/5.4.1/../../../../arm-none-eabi/lib/armv6-m\libg_nano.a(lib_a-memmove.o)
                0x00004e24                memmove
 .text.__malloc_lock
                0x00004e4e        0x2 c:/program files (x86)/cypress/psoc creator/4.4/psoc creator/import/gnu/arm/5.4.1/bin/../lib/gcc/arm-none-eabi/5.4.1/../../../../arm-none-eabi/lib/armv6-m\libg_nano.a(lib_a-mlock.o)
                0x00004e4e                __malloc_lock
 .text.__malloc_unlock
                0x00004e50        0x2 c:/program files (x86)/cypress/psoc creator/4.4/psoc creator/import/gnu/arm/5.4.1/bin/../lib/gcc/arm-none-eabi/5.4.1/../../../../arm-none-eabi/lib/armv6-m\libg_nano.a(lib_a-mlock.o)
                0x00004e50                __malloc_unlock
 .text._realloc_r
                0x00004e52       0x4c c:/program files (x86)/cypress/psoc creator/4.4/psoc creator/import/gnu/arm/5.4.1/bin/../lib/gcc/arm-none-eabi/5.4.1/../../../../arm-none-eabi/lib/armv6-m\libg_nano.a(lib_a-nano-reallocr.o)
                0x00004e52                _realloc_r
 .text._malloc_usable_size_r
                0x00004e9e       0x16 c:/program files (x86)/cypress/psoc creator/4.4/psoc creator/import/gnu/arm/5.4.1/bin/../lib/gcc/arm-none-eabi/5.4.1/../../../../arm-none-eabi/lib/armv6-m\libg_nano.a(lib_a-nano-msizer.o)
                0x00004e9e                _malloc_usable_size_r
 .text          0x00004eb4       0x14 c:/program files (x86)/cypress/psoc creator/4.4/psoc creator/import/gnu/arm/5.4.1/bin/../lib/gcc/arm-none-eabi/5.4.1/armv6-m\libgcc.a(_thumb1_case_uqi.o)
                0x00004eb4                __gnu_thumb1_case_uqi
 .text          0x00004ec8       0x7c c:/program files (x86)/cypress/psoc creator/4.4/psoc creator/import/gnu/arm/5.4.1/bin/../lib/gcc/arm-none-eabi/5.4.1/armv6-m\libgcc.a(_arm_cmpdf2.o)
                0x00004ec8                __aeabi_cdrcmple
                0x00004ed8                __aeabi_cdcmple
                0x00004ed8                __aeabi_cdcmpeq
                0x00004ee8                __aeabi_dcmpeq
                0x00004ef4                __aeabi_dcmplt
                0x00004f08                __aeabi_dcmple
                0x00004f1c                __aeabi_dcmpgt
                0x00004f30                __aeabi_dcmpge
 .text          0x00004f44      0x658 c:/program files (x86)/cypress/psoc creator/4.4/psoc creator/import/gnu/arm/5.4.1/bin/../lib/gcc/arm-none-eabi/5.4.1/armv6-m\libgcc.a(adddf3.o)
                0x00004f44                __aeabi_dadd
 .text          0x0000559c       0x80 c:/program files (x86)/cypress/psoc creator/4.4/psoc creator/import/gnu/arm/5.4.1/bin/../lib/gcc/arm-none-eabi/5.4.1/armv6-m\libgcc.a(eqdf2.o)
                0x0000559c                __nedf2
                0x0000559c                __eqdf2
 .text          0x0000561c       0xc8 c:/program files (x86)/cypress/psoc creator/4.4/psoc creator/import/gnu/arm/5.4.1/bin/../lib/gcc/arm-none-eabi/5.4.1/armv6-m\libgcc.a(gedf2.o)
                0x0000561c                __gedf2
                0x0000561c                __gtdf2
 .text          0x000056e4       0xd4 c:/program files (x86)/cypress/psoc creator/4.4/psoc creator/import/gnu/arm/5.4.1/bin/../lib/gcc/arm-none-eabi/5.4.1/armv6-m\libgcc.a(ledf2.o)
                0x000056e4                __ledf2
                0x000056e4                __ltdf2
 .text          0x000057b8      0x6a8 c:/program files (x86)/cypress/psoc creator/4.4/psoc creator/import/gnu/arm/5.4.1/bin/../lib/gcc/arm-none-eabi/5.4.1/armv6-m\libgcc.a(subdf3.o)
                0x000057b8                __aeabi_dsub
 .text          0x00005e60       0x40 c:/program files (x86)/cypress/psoc creator/4.4/psoc creator/import/gnu/arm/5.4.1/bin/../lib/gcc/arm-none-eabi/5.4.1/armv6-m\libgcc.a(unorddf2.o)
                0x00005e60                __aeabi_dcmpun
 .text          0x00005ea0       0x6c c:/program files (x86)/cypress/psoc creator/4.4/psoc creator/import/gnu/arm/5.4.1/bin/../lib/gcc/arm-none-eabi/5.4.1/armv6-m\libgcc.a(fixdfsi.o)
                0x00005ea0                __aeabi_d2iz
 .text          0x00005f0c       0x84 c:/program files (x86)/cypress/psoc creator/4.4/psoc creator/import/gnu/arm/5.4.1/bin/../lib/gcc/arm-none-eabi/5.4.1/armv6-m\libgcc.a(floatsidf.o)
                0x00005f0c                __aeabi_i2d
 .text          0x00005f90       0x70 c:/program files (x86)/cypress/psoc creator/4.4/psoc creator/import/gnu/arm/5.4.1/bin/../lib/gcc/arm-none-eabi/5.4.1/armv6-m\libgcc.a(floatunsidf.o)
                0x00005f90                __aeabi_ui2d
 *(.plt)
 *(.gnu.warning)
 *(.glue_7t)
 .glue_7t       0x00006000        0x0 linker stubs
 *(.glue_7)
 .glue_7        0x00006000        0x0 linker stubs
 *(.vfp11_veneer)
 .vfp11_veneer  0x00006000        0x0 linker stubs
 *(.bootloader)
 *(.ARM.extab* .gnu.linkonce.armextab.*)
 *(.gcc_except_table)

.v4_bx          0x00006000        0x0
 .v4_bx         0x00006000        0x0 linker stubs

.iplt           0x00006000        0x0
 .iplt          0x00006000        0x0 c:/program files (x86)/cypress/psoc creator/4.4/psoc creator/import/gnu/arm/5.4.1/bin/../lib/gcc/arm-none-eabi/5.4.1/armv6-m/crtbegin.o

.eh_frame_hdr
 *(.eh_frame_hdr)

.eh_frame       0x00006000        0x4
 *(.eh_frame)
 .eh_frame      0x00006000        0x0 c:/program files (x86)/cypress/psoc creator/4.4/psoc creator/import/gnu/arm/5.4.1/bin/../lib/gcc/arm-none-eabi/5.4.1/armv6-m/crtbegin.o
 .eh_frame      0x00006000        0x4 c:/program files (x86)/cypress/psoc creator/4.4/psoc creator/import/gnu/arm/5.4.1/bin/../lib/gcc/arm-none-eabi/5.4.1/armv6-m/crtend.o
                [!provide]                PROVIDE (__exidx_start, .)

.ARM.exidx
 *(.ARM.exidx* .gnu.linkonce.armexidx.*)
                0x00006004                __exidx_end = .

.rodata         0x00006008      0x3c0
 *(.rodata .rodata.* .gnu.linkonce.r.*)
 .rodata.str1.4
                0x00006008       0xac .\CortexM0p\ARM_GCC_541\Debug\main.o
 .rodata        0x000060b4       0x38 .\CortexM0p\ARM_GCC_541\Debug\PSOC4_Main.a(ADC_1_INIT.o)
                0x000060b4                ADC_1_allConfigs
 .rodata        0x000060ec       0x48 .\CortexM0p\ARM_GCC_541\Debug\PSOC4_Main.a(PGA_1.o)
                0x000060ec                PGA_1_compTab
 .rodata        0x00006134       0x80 c:/program files (x86)/cypress/psoc creator/4.4/psoc creator/import/gnu/arm/5.4.1/bin/../lib/gcc/arm-none-eabi/5.4.1/armv6-m\libgcc.a(divsf3.o)
 .rodata        0x000061b4       0x40 c:/program files (x86)/cypress/psoc creator/4.4/psoc creator/import/gnu/arm/5.4.1/bin/../lib/gcc/arm-none-eabi/5.4.1/armv6-m\libgcc.a(divdf3.o)
 .rodata        0x000061f4       0x40 c:/program files (x86)/cypress/psoc creator/4.4/psoc creator/import/gnu/arm/5.4.1/bin/../lib/gcc/arm-none-eabi/5.4.1/armv6-m\libgcc.a(muldf3.o)
 .rodata.str1.1
                0x00006234        0x2 c:/program files (x86)/cypress/psoc creator/4.4/psoc creator/import/gnu/arm/5.4.1/bin/../lib/gcc/arm-none-eabi/5.4.1/../../../../arm-none-eabi/lib/armv6-m\libg_nano.a(lib_a-impure.o)
 .rodata.str1.1
                0x00006236       0x12 c:/program files (x86)/cypress/psoc creator/4.4/psoc creator/import/gnu/arm/5.4.1/bin/../lib/gcc/arm-none-eabi/5.4.1/../../../../arm-none-eabi/lib/armv6-m\libg_nano.a(lib_a-nano-vfprintf_float.o)
 .rodata.str1.1
                0x00006248       0x22 c:/program files (x86)/cypress/psoc creator/4.4/psoc creator/import/gnu/arm/5.4.1/bin/../lib/gcc/arm-none-eabi/5.4.1/../../../../arm-none-eabi/lib/armv6-m\libg_nano.a(lib_a-nano-vfprintf_i.o)
 .rodata.str1.1
                0x0000626a        0xd c:/program files (x86)/cypress/psoc creator/4.4/psoc creator/import/gnu/arm/5.4.1/bin/../lib/gcc/arm-none-eabi/5.4.1/../../../../arm-none-eabi/lib/armv6-m\libg_nano.a(lib_a-dtoa.o)
                                  0xf (size before relaxing)
 .rodata.str1.1
                0x00006277        0x8 c:/program files (x86)/cypress/psoc creator/4.4/psoc creator/import/gnu/arm/5.4.1/bin/../lib/gcc/arm-none-eabi/5.4.1/../../../../arm-none-eabi/lib/armv6-m\libg_nano.a(lib_a-locale.o)
                                  0xb (size before relaxing)
 *fill*         0x0000627f        0x1 
 .rodata.__mprec_tens
                0x00006280       0xc8 c:/program files (x86)/cypress/psoc creator/4.4/psoc creator/import/gnu/arm/5.4.1/bin/../lib/gcc/arm-none-eabi/5.4.1/../../../../arm-none-eabi/lib/armv6-m\libg_nano.a(lib_a-mprec.o)
                0x00006280                __mprec_tens
 .rodata.p05.5408
                0x00006348        0xc c:/program files (x86)/cypress/psoc creator/4.4/psoc creator/import/gnu/arm/5.4.1/bin/../lib/gcc/arm-none-eabi/5.4.1/../../../../arm-none-eabi/lib/armv6-m\libg_nano.a(lib_a-mprec.o)
 *fill*         0x00006354        0x4 
 .rodata.__mprec_bigtens
                0x00006358       0x28 c:/program files (x86)/cypress/psoc creator/4.4/psoc creator/import/gnu/arm/5.4.1/bin/../lib/gcc/arm-none-eabi/5.4.1/../../../../arm-none-eabi/lib/armv6-m\libg_nano.a(lib_a-mprec.o)
                0x00006358                __mprec_bigtens
 .rodata.str1.1
                0x00006380       0x11 c:/program files (x86)/cypress/psoc creator/4.4/psoc creator/import/gnu/arm/5.4.1/bin/../lib/gcc/arm-none-eabi/5.4.1/../../../../arm-none-eabi/lib/armv6-m\libg_nano.a(lib_a-nano-svfprintf.o)
                0x00006394                . = ALIGN (0x4)
 *fill*         0x00006391        0x3 
 *(.init)
 .init          0x00006394        0x4 c:/program files (x86)/cypress/psoc creator/4.4/psoc creator/import/gnu/arm/5.4.1/bin/../lib/gcc/arm-none-eabi/5.4.1/armv6-m/crti.o
                0x00006394                _init
 .init          0x00006398        0x8 c:/program files (x86)/cypress/psoc creator/4.4/psoc creator/import/gnu/arm/5.4.1/bin/../lib/gcc/arm-none-eabi/5.4.1/armv6-m/crtn.o
                0x000063a0                . = ALIGN (0x4)
                0x000063a0                __preinit_array_start = .
 *(.preinit_array)
                0x000063a0                __preinit_array_end = .
                0x000063a0                . = ALIGN (0x4)
                0x000063a0                __init_array_start = .
 *(SORT(.init_array.*))
 *(.init_array)
 .init_array    0x000063a0        0x4 c:/program files (x86)/cypress/psoc creator/4.4/psoc creator/import/gnu/arm/5.4.1/bin/../lib/gcc/arm-none-eabi/5.4.1/armv6-m/crtbegin.o
 .init_array    0x000063a4        0x4 .\CortexM0p\ARM_GCC_541\Debug\Cm0plusStart.o
                0x000063a8                __init_array_end = .
                0x000063a8                . = ALIGN (0x4)
 *(.fini)
 .fini          0x000063a8        0x4 c:/program files (x86)/cypress/psoc creator/4.4/psoc creator/import/gnu/arm/5.4.1/bin/../lib/gcc/arm-none-eabi/5.4.1/armv6-m/crti.o
                0x000063a8                _fini
 .fini          0x000063ac        0x8 c:/program files (x86)/cypress/psoc creator/4.4/psoc creator/import/gnu/arm/5.4.1/bin/../lib/gcc/arm-none-eabi/5.4.1/armv6-m/crtn.o
                0x000063b4                . = ALIGN (0x4)
                0x000063b4                __fini_array_start = .
 *(.fini_array)
 .fini_array    0x000063b4        0x4 c:/program files (x86)/cypress/psoc creator/4.4/psoc creator/import/gnu/arm/5.4.1/bin/../lib/gcc/arm-none-eabi/5.4.1/armv6-m/crtbegin.o
 *(SORT(.fini_array.*))
                0x000063b8                __fini_array_end = .
                0x000063b8                . = ALIGN (0x4)
 *crtbegin.o(.ctors)
 *(EXCLUDE_FILE(*crtend.o) .ctors)
 *(SORT(.ctors.*))
 *crtend.o(.ctors)
                0x000063b8                . = ALIGN (0x4)
 *crtbegin.o(.dtors)
 *(EXCLUDE_FILE(*crtend.o) .dtors)
 *(SORT(.dtors.*))
 *crtend.o(.dtors)
                0x000063b8                . = ALIGN (0x4)
                0x000063b8                __cy_regions = .
                0x000063b8        0x4 LONG 0x63c8 __cy_region_init_ram
                0x000063bc        0x4 LONG 0x200000a8 __cy_region_start_data
                0x000063c0        0x4 LONG 0xc0 __cy_region_init_size_ram
                0x000063c4        0x4 LONG 0x98 __cy_region_zero_size_ram
                0x000063c8                __cy_regions_end = .
                0x000063c8                . = ALIGN (0x8)
                0x000063c8                _etext = .

.cy_checksum_exclude
                0x000063c8        0x0
 *(.cy_checksum_exclude)

.ramvectors     0x20000000       0xa4
                0x20000000                __cy_region_start_ram = .
 *(.ramvectors)
 .ramvectors    0x20000000       0xa4 .\CortexM0p\ARM_GCC_541\Debug\Cm0plusStart.o
                0x20000000                CyRamVectors

.noinit
 *(.noinit)

.data           0x200000a8       0xc0 load address 0x000063c8
                0x200000a8                __cy_region_start_data = .
 *(.jcr)
 .jcr           0x200000a8        0x0 c:/program files (x86)/cypress/psoc creator/4.4/psoc creator/import/gnu/arm/5.4.1/bin/../lib/gcc/arm-none-eabi/5.4.1/armv6-m/crtbegin.o
 .jcr           0x200000a8        0x4 c:/program files (x86)/cypress/psoc creator/4.4/psoc creator/import/gnu/arm/5.4.1/bin/../lib/gcc/arm-none-eabi/5.4.1/armv6-m/crtend.o
 *(.got.plt)
 *(.got)
 *(.shdata)
 *(.data .data.* .gnu.linkonce.d.*)
 .data          0x200000ac        0x4 .\CortexM0p\ARM_GCC_541\Debug\Cm0plusStart.o
 .data          0x200000b0        0x1 .\CortexM0p\ARM_GCC_541\Debug\PSOC4_Main.a(AMux_1.o)
 *fill*         0x200000b1        0x3 
 .data          0x200000b4       0x14 .\CortexM0p\ARM_GCC_541\Debug\PSOC4_Main.a(CyLib.o)
                0x200000b4                CySysClkPumpConfig
                0x200000b8                cydelay32kMs
                0x200000bc                cydelayFreqKhz
                0x200000c0                cydelayFreqMhz
                0x200000c4                cydelayFreqHz
 .data          0x200000c8        0x4 .\CortexM0p\ARM_GCC_541\Debug\PSOC4_Main.a(CyLFClk.o)
 .data.impure_data
                0x200000cc       0x60 c:/program files (x86)/cypress/psoc creator/4.4/psoc creator/import/gnu/arm/5.4.1/bin/../lib/gcc/arm-none-eabi/5.4.1/../../../../arm-none-eabi/lib/armv6-m\libg_nano.a(lib_a-impure.o)
 .data._impure_ptr
                0x2000012c        0x4 c:/program files (x86)/cypress/psoc creator/4.4/psoc creator/import/gnu/arm/5.4.1/bin/../lib/gcc/arm-none-eabi/5.4.1/../../../../arm-none-eabi/lib/armv6-m\libg_nano.a(lib_a-impure.o)
                0x2000012c                _impure_ptr
 .data.lconv    0x20000130       0x38 c:/program files (x86)/cypress/psoc creator/4.4/psoc creator/import/gnu/arm/5.4.1/bin/../lib/gcc/arm-none-eabi/5.4.1/../../../../arm-none-eabi/lib/armv6-m\libg_nano.a(lib_a-locale.o)
                0x20000168                . = ALIGN (0x8)
 *(.ram)
                0x20000168                _edata = .

.igot.plt       0x20000168        0x0 load address 0x00006488
 .igot.plt      0x20000168        0x0 c:/program files (x86)/cypress/psoc creator/4.4/psoc creator/import/gnu/arm/5.4.1/bin/../lib/gcc/arm-none-eabi/5.4.1/armv6-m/crtbegin.o

.bss            0x20000168       0x98 load address 0x00006488
                0x20000168                PROVIDE (__bss_start__, .)
 *(.shbss)
 *(.bss .bss.* .gnu.linkonce.b.*)
 .bss           0x20000168       0x1c c:/program files (x86)/cypress/psoc creator/4.4/psoc creator/import/gnu/arm/5.4.1/bin/../lib/gcc/arm-none-eabi/5.4.1/armv6-m/crtbegin.o
 .bss           0x20000184        0x1 .\CortexM0p\ARM_GCC_541\Debug\PSOC4_Main.a(Timer_1.o)
                0x20000184                Timer_1_initVar
 *fill*         0x20000185        0x1 
 .bss           0x20000186        0x4 .\CortexM0p\ARM_GCC_541\Debug\PSOC4_Main.a(UART_1.o)
                0x20000186                UART_1_initVar
                0x20000188                UART_1_IntrTxMask
 *fill*         0x2000018a        0x2 
 .bss           0x2000018c        0x8 .\CortexM0p\ARM_GCC_541\Debug\PSOC4_Main.a(I2C_1.o)
                0x2000018c                I2C_1_initVar
                0x20000190                I2C_1_customIntrHandler
 .bss           0x20000194        0x6 .\CortexM0p\ARM_GCC_541\Debug\PSOC4_Main.a(ADC_1.o)
                0x20000198                ADC_1_initVar
                0x20000199                ADC_1_selected
 *fill*         0x2000019a        0x2 
 .bss           0x2000019c        0x5 .\CortexM0p\ARM_GCC_541\Debug\PSOC4_Main.a(PGA_1.o)
                0x2000019c                PGA_1_internalGainPower
                0x200001a0                PGA_1_initVar
 *fill*         0x200001a1        0x3 
 .bss           0x200001a4        0x5 .\CortexM0p\ARM_GCC_541\Debug\PSOC4_Main.a(Opamp_1.o)
                0x200001a8                Opamp_1_initVar
 *fill*         0x200001a9        0x3 
 .bss           0x200001ac       0x18 .\CortexM0p\ARM_GCC_541\Debug\PSOC4_Main.a(CyLFClk.o)
 .bss           0x200001c4        0x1 .\CortexM0p\ARM_GCC_541\Debug\PSOC4_Main.a(PVref_1.o)
                0x200001c4                PVref_1_initVar
 *fill*         0x200001c5        0x3 
 .bss.__malloc_sbrk_start
                0x200001c8        0x4 c:/program files (x86)/cypress/psoc creator/4.4/psoc creator/import/gnu/arm/5.4.1/bin/../lib/gcc/arm-none-eabi/5.4.1/../../../../arm-none-eabi/lib/armv6-m\libg_nano.a(lib_a-nano-mallocr.o)
                0x200001c8                __malloc_sbrk_start
 .bss.__malloc_free_list
                0x200001cc        0x4 c:/program files (x86)/cypress/psoc creator/4.4/psoc creator/import/gnu/arm/5.4.1/bin/../lib/gcc/arm-none-eabi/5.4.1/../../../../arm-none-eabi/lib/armv6-m\libg_nano.a(lib_a-nano-mallocr.o)
                0x200001cc                __malloc_free_list
 *(COMMON)
 COMMON         0x200001d0        0x1 .\CortexM0p\ARM_GCC_541\Debug\PSOC4_Main.a(I2C_1_I2C.o)
                0x200001d0                I2C_1_state
 *fill*         0x200001d1        0x3 
 COMMON         0x200001d4       0x20 .\CortexM0p\ARM_GCC_541\Debug\PSOC4_Main.a(I2C_1_I2C_MASTER.o)
                0x200001d4                I2C_1_mstrWrBufIndexTmp
                0x200001d8                I2C_1_mstrWrBufIndex
                0x200001dc                I2C_1_mstrControl
                0x200001de                I2C_1_mstrStatus
                0x200001e0                I2C_1_mstrWrBufSize
                0x200001e4                I2C_1_mstrRdBufIndex
                0x200001e8                I2C_1_mstrWrBufPtr
                0x200001ec                I2C_1_mstrRdBufPtr
                0x200001f0                I2C_1_mstrRdBufSize
 COMMON         0x200001f4        0x8 .\CortexM0p\ARM_GCC_541\Debug\PSOC4_Main.a(ADC_1.o)
                0x200001f4                ADC_1_offset
                0x200001f8                ADC_1_countsPer10Volt
 COMMON         0x200001fc        0x4 c:/program files (x86)/cypress/psoc creator/4.4/psoc creator/import/gnu/arm/5.4.1/bin/../lib/gcc/arm-none-eabi/5.4.1/../../../../arm-none-eabi/lib/armv6-m\libg_nano.a(lib_a-reent.o)
                0x200001fc                errno
                0x20000200                . = ALIGN (0x8)
 *(.ram.b)
                0x20000200                _end = .
                0x20000200                __end = .
                0x20000200                PROVIDE (end, .)
                0x20000200                PROVIDE (__bss_end__, .)
                0x000063c8                __cy_region_init_ram = LOADADDR (.data)
                0x000000c0                __cy_region_init_size_ram = (_edata - ADDR (.data))
                0x00000098                __cy_region_zero_size_ram = (_end - _edata)

.heap           0x20000200       0x80 load address 0x00006488
                0x20000200                . = _end
                0x20000280                . = (. + 0x80)
 *fill*         0x20000200       0x80 
                0x20000280                __cy_heap_limit = .

.stack          0x20000800      0x800
                0x20000800                __cy_stack_limit = .
                0x20001000                . = (. + 0x800)
 *fill*         0x20000800      0x800 
                0x00000001                ASSERT ((__cy_stack_limit >= __cy_heap_limit), region RAM overflowed with stack)
                0x00000000                cy_checksum_exclude_size = (CY_APPL_LOADABLE == 0x1)?SIZEOF (.cy_checksum_exclude):0x0
                0x00000001                ASSERT ((cy_checksum_exclude_size <= CY_CHECKSUM_EXCLUDE_SIZE), CY_BOOT: Section .cy_checksum_exclude size exceedes specified limit.)
                0x00007fc0                cyloadermeta_start = (cy_project_type_bootloader || cy_project_type_app_for_stack_and_copier)?(LENGTH (rom) - CY_METADATA_SIZE):0xf0000000

.cyloadermeta
 *(.cyloadermeta)
                0x00007fc0                cyloadablemeta_start = cy_project_type_app_for_stack_and_copier?((LENGTH (rom) - CY_FLASH_ROW_SIZE) - CY_METADATA_SIZE):((LENGTH (rom) - (CY_FLASH_ROW_SIZE * (CY_APPL_NUM - 0x1))) - CY_METADATA_SIZE)

.cyloadablemeta
 *(.cyloadablemeta)

.cyflashprotect
                0x90400000       0x20
 *(.cyflashprotect)
 .cyflashprotect
                0x90400000       0x20 .\CortexM0p\ARM_GCC_541\Debug\cymetadata.o
                0x90400000                cy_meta_flashprotect

.cymeta         0x90500000        0xc
 *(.cymeta)
 .cymeta        0x90500000        0xc .\CortexM0p\ARM_GCC_541\Debug\cymetadata.o
                0x90500000                cy_metadata

.cychipprotect  0x90600000        0x1
 *(.cychipprotect)
 .cychipprotect
                0x90600000        0x1 .\CortexM0p\ARM_GCC_541\Debug\cymetadata.o
                0x90600000                cy_meta_chipprotect

.rel.dyn        0x00006488        0x0 load address 0x90600004
 .rel.iplt      0x00006488        0x0 c:/program files (x86)/cypress/psoc creator/4.4/psoc creator/import/gnu/arm/5.4.1/bin/../lib/gcc/arm-none-eabi/5.4.1/armv6-m/crtbegin.o

.stab
 *(.stab)

.stabstr
 *(.stabstr)

.debug
 *(.debug)

.line
 *(.line)

.debug_srcinfo
 *(.debug_srcinfo)

.debug_sfnames
 *(.debug_sfnames)

.debug_aranges  0x00000000      0xc50
 *(.debug_aranges)
 .debug_aranges
                0x00000000       0x30 .\CortexM0p\ARM_GCC_541\Debug\main.o
 .debug_aranges
                0x00000030       0x48 .\CortexM0p\ARM_GCC_541\Debug\cyfitter_cfg.o
 .debug_aranges
                0x00000078       0x18 .\CortexM0p\ARM_GCC_541\Debug\cymetadata.o
 .debug_aranges
                0x00000090       0x48 .\CortexM0p\ARM_GCC_541\Debug\Cm0plusStart.o
 .debug_aranges
                0x000000d8      0x158 .\CortexM0p\ARM_GCC_541\Debug\PSOC4_Main.a(Timer_1.o)
 .debug_aranges
                0x00000230       0x58 .\CortexM0p\ARM_GCC_541\Debug\PSOC4_Main.a(UART_1.o)
 .debug_aranges
                0x00000288       0x90 .\CortexM0p\ARM_GCC_541\Debug\PSOC4_Main.a(UART_1_UART.o)
 .debug_aranges
                0x00000318       0x60 .\CortexM0p\ARM_GCC_541\Debug\PSOC4_Main.a(I2C_1.o)
 .debug_aranges
                0x00000378       0x30 .\CortexM0p\ARM_GCC_541\Debug\PSOC4_Main.a(I2C_1_I2C.o)
 .debug_aranges
                0x000003a8       0x98 .\CortexM0p\ARM_GCC_541\Debug\PSOC4_Main.a(I2C_1_I2C_MASTER.o)
 .debug_aranges
                0x00000440       0xf0 .\CortexM0p\ARM_GCC_541\Debug\PSOC4_Main.a(ADC_1.o)
 .debug_aranges
                0x00000530       0x18 .\CortexM0p\ARM_GCC_541\Debug\PSOC4_Main.a(ADC_1_INIT.o)
 .debug_aranges
                0x00000548       0x20 .\CortexM0p\ARM_GCC_541\Debug\PSOC4_Main.a(ADC_1_INT.o)
 .debug_aranges
                0x00000568       0x50 .\CortexM0p\ARM_GCC_541\Debug\PSOC4_Main.a(PGA_1.o)
 .debug_aranges
                0x000005b8       0x48 .\CortexM0p\ARM_GCC_541\Debug\PSOC4_Main.a(Opamp_1.o)
 .debug_aranges
                0x00000600       0x30 .\CortexM0p\ARM_GCC_541\Debug\PSOC4_Main.a(AMux_1.o)
 .debug_aranges
                0x00000630       0x40 .\CortexM0p\ARM_GCC_541\Debug\PSOC4_Main.a(ADC_1_intSarClock.o)
 .debug_aranges
                0x00000670       0x80 .\CortexM0p\ARM_GCC_541\Debug\PSOC4_Main.a(ADC_1_IRQ.o)
 .debug_aranges
                0x000006f0      0x1f8 .\CortexM0p\ARM_GCC_541\Debug\PSOC4_Main.a(CyLib.o)
 .debug_aranges
                0x000008e8      0x1a8 .\CortexM0p\ARM_GCC_541\Debug\PSOC4_Main.a(CyLFClk.o)
 .debug_aranges
                0x00000a90       0x48 .\CortexM0p\ARM_GCC_541\Debug\PSOC4_Main.a(RELAY.o)
 .debug_aranges
                0x00000ad8       0x48 .\CortexM0p\ARM_GCC_541\Debug\PSOC4_Main.a(RED_LED.o)
 .debug_aranges
                0x00000b20       0x48 .\CortexM0p\ARM_GCC_541\Debug\PSOC4_Main.a(PVref_1.o)
 .debug_aranges
                0x00000b68       0x20 .\CortexM0p\ARM_GCC_541\Debug\PSOC4_Main.a(CyBootAsmGnu.o)
 .debug_aranges
                0x00000b88       0x60 .\CortexM0p\ARM_GCC_541\Debug\PSOC4_Main.a(UART_1_SPI_UART.o)
 .debug_aranges
                0x00000be8       0x20 .\CortexM0p\ARM_GCC_541\Debug\PSOC4_Main.a(I2C_1_I2C_INT.o)
 .debug_aranges
                0x00000c08       0x48 .\CortexM0p\ARM_GCC_541\Debug\PSOC4_Main.a(CyFlash.o)

.debug_pubnames
 *(.debug_pubnames)

.debug_info     0x00000000     0x6842
 *(.debug_info .gnu.linkonce.wi.*)
 .debug_info    0x00000000      0x842 .\CortexM0p\ARM_GCC_541\Debug\main.o
 .debug_info    0x00000842      0x20f .\CortexM0p\ARM_GCC_541\Debug\cyfitter_cfg.o
 .debug_info    0x00000a51       0xf8 .\CortexM0p\ARM_GCC_541\Debug\cymetadata.o
 .debug_info    0x00000b49      0x3a5 .\CortexM0p\ARM_GCC_541\Debug\Cm0plusStart.o
 .debug_info    0x00000eee      0x8f6 .\CortexM0p\ARM_GCC_541\Debug\PSOC4_Main.a(Timer_1.o)
 .debug_info    0x000017e4      0x23a .\CortexM0p\ARM_GCC_541\Debug\PSOC4_Main.a(UART_1.o)
 .debug_info    0x00001a1e      0x3b5 .\CortexM0p\ARM_GCC_541\Debug\PSOC4_Main.a(UART_1_UART.o)
 .debug_info    0x00001dd3      0x298 .\CortexM0p\ARM_GCC_541\Debug\PSOC4_Main.a(I2C_1.o)
 .debug_info    0x0000206b      0x195 .\CortexM0p\ARM_GCC_541\Debug\PSOC4_Main.a(I2C_1_I2C.o)
 .debug_info    0x00002200      0x813 .\CortexM0p\ARM_GCC_541\Debug\PSOC4_Main.a(I2C_1_I2C_MASTER.o)
 .debug_info    0x00002a13      0xa71 .\CortexM0p\ARM_GCC_541\Debug\PSOC4_Main.a(ADC_1.o)
 .debug_info    0x00003484      0x192 .\CortexM0p\ARM_GCC_541\Debug\PSOC4_Main.a(ADC_1_INIT.o)
 .debug_info    0x00003616       0xcb .\CortexM0p\ARM_GCC_541\Debug\PSOC4_Main.a(ADC_1_INT.o)
 .debug_info    0x000036e1      0x209 .\CortexM0p\ARM_GCC_541\Debug\PSOC4_Main.a(PGA_1.o)
 .debug_info    0x000038ea      0x17c .\CortexM0p\ARM_GCC_541\Debug\PSOC4_Main.a(Opamp_1.o)
 .debug_info    0x00003a66      0x146 .\CortexM0p\ARM_GCC_541\Debug\PSOC4_Main.a(AMux_1.o)
 .debug_info    0x00003bac      0x166 .\CortexM0p\ARM_GCC_541\Debug\PSOC4_Main.a(ADC_1_intSarClock.o)
 .debug_info    0x00003d12      0x305 .\CortexM0p\ARM_GCC_541\Debug\PSOC4_Main.a(ADC_1_IRQ.o)
 .debug_info    0x00004017      0xe0e .\CortexM0p\ARM_GCC_541\Debug\PSOC4_Main.a(CyLib.o)
 .debug_info    0x00004e25      0xd06 .\CortexM0p\ARM_GCC_541\Debug\PSOC4_Main.a(CyLFClk.o)
 .debug_info    0x00005b2b      0x19d .\CortexM0p\ARM_GCC_541\Debug\PSOC4_Main.a(RELAY.o)
 .debug_info    0x00005cc8      0x19d .\CortexM0p\ARM_GCC_541\Debug\PSOC4_Main.a(RED_LED.o)
 .debug_info    0x00005e65      0x15e .\CortexM0p\ARM_GCC_541\Debug\PSOC4_Main.a(PVref_1.o)
 .debug_info    0x00005fc3       0xa0 .\CortexM0p\ARM_GCC_541\Debug\PSOC4_Main.a(CyBootAsmGnu.o)
 .debug_info    0x00006063      0x220 .\CortexM0p\ARM_GCC_541\Debug\PSOC4_Main.a(UART_1_SPI_UART.o)
 .debug_info    0x00006283      0x1a8 .\CortexM0p\ARM_GCC_541\Debug\PSOC4_Main.a(I2C_1_I2C_INT.o)
 .debug_info    0x0000642b      0x417 .\CortexM0p\ARM_GCC_541\Debug\PSOC4_Main.a(CyFlash.o)

.debug_abbrev   0x00000000     0x1cbb
 *(.debug_abbrev)
 .debug_abbrev  0x00000000      0x15b .\CortexM0p\ARM_GCC_541\Debug\main.o
 .debug_abbrev  0x0000015b       0xce .\CortexM0p\ARM_GCC_541\Debug\cyfitter_cfg.o
 .debug_abbrev  0x00000229       0x5d .\CortexM0p\ARM_GCC_541\Debug\cymetadata.o
 .debug_abbrev  0x00000286      0x1d0 .\CortexM0p\ARM_GCC_541\Debug\Cm0plusStart.o
 .debug_abbrev  0x00000456      0x119 .\CortexM0p\ARM_GCC_541\Debug\PSOC4_Main.a(Timer_1.o)
 .debug_abbrev  0x0000056f       0xd5 .\CortexM0p\ARM_GCC_541\Debug\PSOC4_Main.a(UART_1.o)
 .debug_abbrev  0x00000644      0x132 .\CortexM0p\ARM_GCC_541\Debug\PSOC4_Main.a(UART_1_UART.o)
 .debug_abbrev  0x00000776      0x118 .\CortexM0p\ARM_GCC_541\Debug\PSOC4_Main.a(I2C_1.o)
 .debug_abbrev  0x0000088e       0xc7 .\CortexM0p\ARM_GCC_541\Debug\PSOC4_Main.a(I2C_1_I2C.o)
 .debug_abbrev  0x00000955      0x1c2 .\CortexM0p\ARM_GCC_541\Debug\PSOC4_Main.a(I2C_1_I2C_MASTER.o)
 .debug_abbrev  0x00000b17      0x211 .\CortexM0p\ARM_GCC_541\Debug\PSOC4_Main.a(ADC_1.o)
 .debug_abbrev  0x00000d28       0x86 .\CortexM0p\ARM_GCC_541\Debug\PSOC4_Main.a(ADC_1_INIT.o)
 .debug_abbrev  0x00000dae       0x65 .\CortexM0p\ARM_GCC_541\Debug\PSOC4_Main.a(ADC_1_INT.o)
 .debug_abbrev  0x00000e13      0x103 .\CortexM0p\ARM_GCC_541\Debug\PSOC4_Main.a(PGA_1.o)
 .debug_abbrev  0x00000f16       0xc8 .\CortexM0p\ARM_GCC_541\Debug\PSOC4_Main.a(Opamp_1.o)
 .debug_abbrev  0x00000fde       0xb1 .\CortexM0p\ARM_GCC_541\Debug\PSOC4_Main.a(AMux_1.o)
 .debug_abbrev  0x0000108f       0xb7 .\CortexM0p\ARM_GCC_541\Debug\PSOC4_Main.a(ADC_1_intSarClock.o)
 .debug_abbrev  0x00001146      0x19a .\CortexM0p\ARM_GCC_541\Debug\PSOC4_Main.a(ADC_1_IRQ.o)
 .debug_abbrev  0x000012e0      0x1f5 .\CortexM0p\ARM_GCC_541\Debug\PSOC4_Main.a(CyLib.o)
 .debug_abbrev  0x000014d5      0x207 .\CortexM0p\ARM_GCC_541\Debug\PSOC4_Main.a(CyLFClk.o)
 .debug_abbrev  0x000016dc       0xc8 .\CortexM0p\ARM_GCC_541\Debug\PSOC4_Main.a(RELAY.o)
 .debug_abbrev  0x000017a4       0xc8 .\CortexM0p\ARM_GCC_541\Debug\PSOC4_Main.a(RED_LED.o)
 .debug_abbrev  0x0000186c       0xaa .\CortexM0p\ARM_GCC_541\Debug\PSOC4_Main.a(PVref_1.o)
 .debug_abbrev  0x00001916       0x14 .\CortexM0p\ARM_GCC_541\Debug\PSOC4_Main.a(CyBootAsmGnu.o)
 .debug_abbrev  0x0000192a      0x14f .\CortexM0p\ARM_GCC_541\Debug\PSOC4_Main.a(UART_1_SPI_UART.o)
 .debug_abbrev  0x00001a79       0xa4 .\CortexM0p\ARM_GCC_541\Debug\PSOC4_Main.a(I2C_1_I2C_INT.o)
 .debug_abbrev  0x00001b1d      0x19e .\CortexM0p\ARM_GCC_541\Debug\PSOC4_Main.a(CyFlash.o)

.debug_line     0x00000000     0x2e27
 *(.debug_line)
 .debug_line    0x00000000      0x2bb .\CortexM0p\ARM_GCC_541\Debug\main.o
 .debug_line    0x000002bb      0x109 .\CortexM0p\ARM_GCC_541\Debug\cyfitter_cfg.o
 .debug_line    0x000003c4      0x141 .\CortexM0p\ARM_GCC_541\Debug\cymetadata.o
 .debug_line    0x00000505      0x247 .\CortexM0p\ARM_GCC_541\Debug\Cm0plusStart.o
 .debug_line    0x0000074c      0x37b .\CortexM0p\ARM_GCC_541\Debug\PSOC4_Main.a(Timer_1.o)
 .debug_line    0x00000ac7      0x10c .\CortexM0p\ARM_GCC_541\Debug\PSOC4_Main.a(UART_1.o)
 .debug_line    0x00000bd3      0x1d5 .\CortexM0p\ARM_GCC_541\Debug\PSOC4_Main.a(UART_1_UART.o)
 .debug_line    0x00000da8      0x128 .\CortexM0p\ARM_GCC_541\Debug\PSOC4_Main.a(I2C_1.o)
 .debug_line    0x00000ed0       0xc6 .\CortexM0p\ARM_GCC_541\Debug\PSOC4_Main.a(I2C_1_I2C.o)
 .debug_line    0x00000f96      0x300 .\CortexM0p\ARM_GCC_541\Debug\PSOC4_Main.a(I2C_1_I2C_MASTER.o)
 .debug_line    0x00001296      0x3c0 .\CortexM0p\ARM_GCC_541\Debug\PSOC4_Main.a(ADC_1.o)
 .debug_line    0x00001656       0x5c .\CortexM0p\ARM_GCC_541\Debug\PSOC4_Main.a(ADC_1_INIT.o)
 .debug_line    0x000016b2       0x64 .\CortexM0p\ARM_GCC_541\Debug\PSOC4_Main.a(ADC_1_INT.o)
 .debug_line    0x00001716       0xe4 .\CortexM0p\ARM_GCC_541\Debug\PSOC4_Main.a(PGA_1.o)
 .debug_line    0x000017fa       0xc3 .\CortexM0p\ARM_GCC_541\Debug\PSOC4_Main.a(Opamp_1.o)
 .debug_line    0x000018bd       0xad .\CortexM0p\ARM_GCC_541\Debug\PSOC4_Main.a(AMux_1.o)
 .debug_line    0x0000196a       0xc4 .\CortexM0p\ARM_GCC_541\Debug\PSOC4_Main.a(ADC_1_intSarClock.o)
 .debug_line    0x00001a2e      0x155 .\CortexM0p\ARM_GCC_541\Debug\PSOC4_Main.a(ADC_1_IRQ.o)
 .debug_line    0x00001b83      0x5df .\CortexM0p\ARM_GCC_541\Debug\PSOC4_Main.a(CyLib.o)
 .debug_line    0x00002162      0x5c1 .\CortexM0p\ARM_GCC_541\Debug\PSOC4_Main.a(CyLFClk.o)
 .debug_line    0x00002723       0xbd .\CortexM0p\ARM_GCC_541\Debug\PSOC4_Main.a(RELAY.o)
 .debug_line    0x000027e0       0xbf .\CortexM0p\ARM_GCC_541\Debug\PSOC4_Main.a(RED_LED.o)
 .debug_line    0x0000289f       0xc1 .\CortexM0p\ARM_GCC_541\Debug\PSOC4_Main.a(PVref_1.o)
 .debug_line    0x00002960       0x68 .\CortexM0p\ARM_GCC_541\Debug\PSOC4_Main.a(CyBootAsmGnu.o)
 .debug_line    0x000029c8      0x11c .\CortexM0p\ARM_GCC_541\Debug\PSOC4_Main.a(UART_1_SPI_UART.o)
 .debug_line    0x00002ae4      0x162 .\CortexM0p\ARM_GCC_541\Debug\PSOC4_Main.a(I2C_1_I2C_INT.o)
 .debug_line    0x00002c46      0x1e1 .\CortexM0p\ARM_GCC_541\Debug\PSOC4_Main.a(CyFlash.o)

.debug_frame    0x00000000     0x2890
 *(.debug_frame)
 .debug_frame   0x00000000       0x74 .\CortexM0p\ARM_GCC_541\Debug\main.o
 .debug_frame   0x00000074       0x94 .\CortexM0p\ARM_GCC_541\Debug\cyfitter_cfg.o
 .debug_frame   0x00000108       0xbc .\CortexM0p\ARM_GCC_541\Debug\Cm0plusStart.o
 .debug_frame   0x000001c4      0x3a0 .\CortexM0p\ARM_GCC_541\Debug\PSOC4_Main.a(Timer_1.o)
 .debug_frame   0x00000564       0xd8 .\CortexM0p\ARM_GCC_541\Debug\PSOC4_Main.a(UART_1.o)
 .debug_frame   0x0000063c      0x144 .\CortexM0p\ARM_GCC_541\Debug\PSOC4_Main.a(UART_1_UART.o)
 .debug_frame   0x00000780       0xe8 .\CortexM0p\ARM_GCC_541\Debug\PSOC4_Main.a(I2C_1.o)
 .debug_frame   0x00000868       0x58 .\CortexM0p\ARM_GCC_541\Debug\PSOC4_Main.a(I2C_1_I2C.o)
 .debug_frame   0x000008c0      0x1d8 .\CortexM0p\ARM_GCC_541\Debug\PSOC4_Main.a(I2C_1_I2C_MASTER.o)
 .debug_frame   0x00000a98      0x2a8 .\CortexM0p\ARM_GCC_541\Debug\PSOC4_Main.a(ADC_1.o)
 .debug_frame   0x00000d40       0x20 .\CortexM0p\ARM_GCC_541\Debug\PSOC4_Main.a(ADC_1_INT.o)
 .debug_frame   0x00000d60       0xbc .\CortexM0p\ARM_GCC_541\Debug\PSOC4_Main.a(PGA_1.o)
 .debug_frame   0x00000e1c       0x7c .\CortexM0p\ARM_GCC_541\Debug\PSOC4_Main.a(Opamp_1.o)
 .debug_frame   0x00000e98       0x64 .\CortexM0p\ARM_GCC_541\Debug\PSOC4_Main.a(AMux_1.o)
 .debug_frame   0x00000efc       0x6c .\CortexM0p\ARM_GCC_541\Debug\PSOC4_Main.a(ADC_1_intSarClock.o)
 .debug_frame   0x00000f68      0x110 .\CortexM0p\ARM_GCC_541\Debug\PSOC4_Main.a(ADC_1_IRQ.o)
 .debug_frame   0x00001078      0x500 .\CortexM0p\ARM_GCC_541\Debug\PSOC4_Main.a(CyLib.o)
 .debug_frame   0x00001578      0x484 .\CortexM0p\ARM_GCC_541\Debug\PSOC4_Main.a(CyLFClk.o)
 .debug_frame   0x000019fc       0x70 .\CortexM0p\ARM_GCC_541\Debug\PSOC4_Main.a(RELAY.o)
 .debug_frame   0x00001a6c       0x70 .\CortexM0p\ARM_GCC_541\Debug\PSOC4_Main.a(RED_LED.o)
 .debug_frame   0x00001adc       0x7c .\CortexM0p\ARM_GCC_541\Debug\PSOC4_Main.a(PVref_1.o)
 .debug_frame   0x00001b58       0xb0 .\CortexM0p\ARM_GCC_541\Debug\PSOC4_Main.a(UART_1_SPI_UART.o)
 .debug_frame   0x00001c08       0x2c .\CortexM0p\ARM_GCC_541\Debug\PSOC4_Main.a(I2C_1_I2C_INT.o)
 .debug_frame   0x00001c34       0xa8 .\CortexM0p\ARM_GCC_541\Debug\PSOC4_Main.a(CyFlash.o)
 .debug_frame   0x00001cdc       0x20 c:/program files (x86)/cypress/psoc creator/4.4/psoc creator/import/gnu/arm/5.4.1/bin/../lib/gcc/arm-none-eabi/5.4.1/armv6-m\libgcc.a(_udivsi3.o)
 .debug_frame   0x00001cfc       0x20 c:/program files (x86)/cypress/psoc creator/4.4/psoc creator/import/gnu/arm/5.4.1/bin/../lib/gcc/arm-none-eabi/5.4.1/armv6-m\libgcc.a(_divsi3.o)
 .debug_frame   0x00001d1c       0x34 c:/program files (x86)/cypress/psoc creator/4.4/psoc creator/import/gnu/arm/5.4.1/bin/../lib/gcc/arm-none-eabi/5.4.1/armv6-m\libgcc.a(_muldi3.o)
 .debug_frame   0x00001d50       0x30 c:/program files (x86)/cypress/psoc creator/4.4/psoc creator/import/gnu/arm/5.4.1/bin/../lib/gcc/arm-none-eabi/5.4.1/armv6-m\libgcc.a(bpabi.o)
 .debug_frame   0x00001d80       0x3c c:/program files (x86)/cypress/psoc creator/4.4/psoc creator/import/gnu/arm/5.4.1/bin/../lib/gcc/arm-none-eabi/5.4.1/armv6-m\libgcc.a(divsf3.o)
 .debug_frame   0x00001dbc       0x38 c:/program files (x86)/cypress/psoc creator/4.4/psoc creator/import/gnu/arm/5.4.1/bin/../lib/gcc/arm-none-eabi/5.4.1/armv6-m\libgcc.a(mulsf3.o)
 .debug_frame   0x00001df4       0x2c c:/program files (x86)/cypress/psoc creator/4.4/psoc creator/import/gnu/arm/5.4.1/bin/../lib/gcc/arm-none-eabi/5.4.1/armv6-m\libgcc.a(floatsisf.o)
 .debug_frame   0x00001e20       0x3c c:/program files (x86)/cypress/psoc creator/4.4/psoc creator/import/gnu/arm/5.4.1/bin/../lib/gcc/arm-none-eabi/5.4.1/armv6-m\libgcc.a(divdf3.o)
 .debug_frame   0x00001e5c       0x3c c:/program files (x86)/cypress/psoc creator/4.4/psoc creator/import/gnu/arm/5.4.1/bin/../lib/gcc/arm-none-eabi/5.4.1/armv6-m\libgcc.a(muldf3.o)
 .debug_frame   0x00001e98       0x2c c:/program files (x86)/cypress/psoc creator/4.4/psoc creator/import/gnu/arm/5.4.1/bin/../lib/gcc/arm-none-eabi/5.4.1/armv6-m\libgcc.a(extendsfdf2.o)
 .debug_frame   0x00001ec4       0x2c c:/program files (x86)/cypress/psoc creator/4.4/psoc creator/import/gnu/arm/5.4.1/bin/../lib/gcc/arm-none-eabi/5.4.1/armv6-m\libgcc.a(truncdfsf2.o)
 .debug_frame   0x00001ef0       0x3c c:/program files (x86)/cypress/psoc creator/4.4/psoc creator/import/gnu/arm/5.4.1/bin/../lib/gcc/arm-none-eabi/5.4.1/armv6-m\libgcc.a(_divdi3.o)
 .debug_frame   0x00001f2c       0x20 c:/program files (x86)/cypress/psoc creator/4.4/psoc creator/import/gnu/arm/5.4.1/bin/../lib/gcc/arm-none-eabi/5.4.1/../../../../arm-none-eabi/lib/armv6-m\libg_nano.a(lib_a-errno.o)
 .debug_frame   0x00001f4c       0x28 c:/program files (x86)/cypress/psoc creator/4.4/psoc creator/import/gnu/arm/5.4.1/bin/../lib/gcc/arm-none-eabi/5.4.1/../../../../arm-none-eabi/lib/armv6-m\libg_nano.a(lib_a-exit.o)
 .debug_frame   0x00001f74       0x2c c:/program files (x86)/cypress/psoc creator/4.4/psoc creator/import/gnu/arm/5.4.1/bin/../lib/gcc/arm-none-eabi/5.4.1/../../../../arm-none-eabi/lib/armv6-m\libg_nano.a(lib_a-init.o)
 .debug_frame   0x00001fa0       0x28 c:/program files (x86)/cypress/psoc creator/4.4/psoc creator/import/gnu/arm/5.4.1/bin/../lib/gcc/arm-none-eabi/5.4.1/../../../../arm-none-eabi/lib/armv6-m\libg_nano.a(lib_a-memcpy-stub.o)
 .debug_frame   0x00001fc8       0x20 c:/program files (x86)/cypress/psoc creator/4.4/psoc creator/import/gnu/arm/5.4.1/bin/../lib/gcc/arm-none-eabi/5.4.1/../../../../arm-none-eabi/lib/armv6-m\libg_nano.a(lib_a-memset.o)
 .debug_frame   0x00001fe8       0x74 c:/program files (x86)/cypress/psoc creator/4.4/psoc creator/import/gnu/arm/5.4.1/bin/../lib/gcc/arm-none-eabi/5.4.1/../../../../arm-none-eabi/lib/armv6-m\libg_nano.a(lib_a-nano-vfprintf_float.o)
 .debug_frame   0x0000205c       0x54 c:/program files (x86)/cypress/psoc creator/4.4/psoc creator/import/gnu/arm/5.4.1/bin/../lib/gcc/arm-none-eabi/5.4.1/../../../../arm-none-eabi/lib/armv6-m\libg_nano.a(lib_a-nano-vfprintf_i.o)
 .debug_frame   0x000020b0       0x50 c:/program files (x86)/cypress/psoc creator/4.4/psoc creator/import/gnu/arm/5.4.1/bin/../lib/gcc/arm-none-eabi/5.4.1/../../../../arm-none-eabi/lib/armv6-m\libg_nano.a(lib_a-sprintf.o)
 .debug_frame   0x00002100       0x54 c:/program files (x86)/cypress/psoc creator/4.4/psoc creator/import/gnu/arm/5.4.1/bin/../lib/gcc/arm-none-eabi/5.4.1/../../../../arm-none-eabi/lib/armv6-m\libg_nano.a(lib_a-dtoa.o)
 .debug_frame   0x00002154       0xa4 c:/program files (x86)/cypress/psoc creator/4.4/psoc creator/import/gnu/arm/5.4.1/bin/../lib/gcc/arm-none-eabi/5.4.1/../../../../arm-none-eabi/lib/armv6-m\libg_nano.a(lib_a-locale.o)
 .debug_frame   0x000021f8       0x40 c:/program files (x86)/cypress/psoc creator/4.4/psoc creator/import/gnu/arm/5.4.1/bin/../lib/gcc/arm-none-eabi/5.4.1/../../../../arm-none-eabi/lib/armv6-m\libg_nano.a(lib_a-malloc.o)
 .debug_frame   0x00002238       0x20 c:/program files (x86)/cypress/psoc creator/4.4/psoc creator/import/gnu/arm/5.4.1/bin/../lib/gcc/arm-none-eabi/5.4.1/../../../../arm-none-eabi/lib/armv6-m\libg_nano.a(lib_a-memchr-stub.o)
 .debug_frame   0x00002258      0x238 c:/program files (x86)/cypress/psoc creator/4.4/psoc creator/import/gnu/arm/5.4.1/bin/../lib/gcc/arm-none-eabi/5.4.1/../../../../arm-none-eabi/lib/armv6-m\libg_nano.a(lib_a-mprec.o)
 .debug_frame   0x00002490       0x2c c:/program files (x86)/cypress/psoc creator/4.4/psoc creator/import/gnu/arm/5.4.1/bin/../lib/gcc/arm-none-eabi/5.4.1/../../../../arm-none-eabi/lib/armv6-m\libg_nano.a(lib_a-nano-callocr.o)
 .debug_frame   0x000024bc       0x2c c:/program files (x86)/cypress/psoc creator/4.4/psoc creator/import/gnu/arm/5.4.1/bin/../lib/gcc/arm-none-eabi/5.4.1/../../../../arm-none-eabi/lib/armv6-m\libg_nano.a(lib_a-nano-freer.o)
 .debug_frame   0x000024e8       0x2c c:/program files (x86)/cypress/psoc creator/4.4/psoc creator/import/gnu/arm/5.4.1/bin/../lib/gcc/arm-none-eabi/5.4.1/../../../../arm-none-eabi/lib/armv6-m\libg_nano.a(lib_a-nano-mallocr.o)
 .debug_frame   0x00002514       0x74 c:/program files (x86)/cypress/psoc creator/4.4/psoc creator/import/gnu/arm/5.4.1/bin/../lib/gcc/arm-none-eabi/5.4.1/../../../../arm-none-eabi/lib/armv6-m\libg_nano.a(lib_a-nano-svfprintf.o)
 .debug_frame   0x00002588       0x2c c:/program files (x86)/cypress/psoc creator/4.4/psoc creator/import/gnu/arm/5.4.1/bin/../lib/gcc/arm-none-eabi/5.4.1/../../../../arm-none-eabi/lib/armv6-m\libg_nano.a(lib_a-sbrkr.o)
 .debug_frame   0x000025b4       0x20 c:/program files (x86)/cypress/psoc creator/4.4/psoc creator/import/gnu/arm/5.4.1/bin/../lib/gcc/arm-none-eabi/5.4.1/../../../../arm-none-eabi/lib/armv6-m\libg_nano.a(lib_a-strcmp.o)
 .debug_frame   0x000025d4       0x28 c:/program files (x86)/cypress/psoc creator/4.4/psoc creator/import/gnu/arm/5.4.1/bin/../lib/gcc/arm-none-eabi/5.4.1/../../../../arm-none-eabi/lib/armv6-m\libg_nano.a(lib_a-memmove.o)
 .debug_frame   0x000025fc       0x30 c:/program files (x86)/cypress/psoc creator/4.4/psoc creator/import/gnu/arm/5.4.1/bin/../lib/gcc/arm-none-eabi/5.4.1/../../../../arm-none-eabi/lib/armv6-m\libg_nano.a(lib_a-mlock.o)
 .debug_frame   0x0000262c       0x30 c:/program files (x86)/cypress/psoc creator/4.4/psoc creator/import/gnu/arm/5.4.1/bin/../lib/gcc/arm-none-eabi/5.4.1/../../../../arm-none-eabi/lib/armv6-m\libg_nano.a(lib_a-nano-reallocr.o)
 .debug_frame   0x0000265c       0x48 c:/program files (x86)/cypress/psoc creator/4.4/psoc creator/import/gnu/arm/5.4.1/bin/../lib/gcc/arm-none-eabi/5.4.1/../../../../arm-none-eabi/lib/armv6-m\libg_nano.a(lib_a-reent.o)
 .debug_frame   0x000026a4       0x20 c:/program files (x86)/cypress/psoc creator/4.4/psoc creator/import/gnu/arm/5.4.1/bin/../lib/gcc/arm-none-eabi/5.4.1/../../../../arm-none-eabi/lib/armv6-m\libg_nano.a(lib_a-nano-msizer.o)
 .debug_frame   0x000026c4       0x3c c:/program files (x86)/cypress/psoc creator/4.4/psoc creator/import/gnu/arm/5.4.1/bin/../lib/gcc/arm-none-eabi/5.4.1/armv6-m\libgcc.a(adddf3.o)
 .debug_frame   0x00002700       0x38 c:/program files (x86)/cypress/psoc creator/4.4/psoc creator/import/gnu/arm/5.4.1/bin/../lib/gcc/arm-none-eabi/5.4.1/armv6-m\libgcc.a(eqdf2.o)
 .debug_frame   0x00002738       0x38 c:/program files (x86)/cypress/psoc creator/4.4/psoc creator/import/gnu/arm/5.4.1/bin/../lib/gcc/arm-none-eabi/5.4.1/armv6-m\libgcc.a(gedf2.o)
 .debug_frame   0x00002770       0x38 c:/program files (x86)/cypress/psoc creator/4.4/psoc creator/import/gnu/arm/5.4.1/bin/../lib/gcc/arm-none-eabi/5.4.1/armv6-m\libgcc.a(ledf2.o)
 .debug_frame   0x000027a8       0x38 c:/program files (x86)/cypress/psoc creator/4.4/psoc creator/import/gnu/arm/5.4.1/bin/../lib/gcc/arm-none-eabi/5.4.1/armv6-m\libgcc.a(subdf3.o)
 .debug_frame   0x000027e0       0x2c c:/program files (x86)/cypress/psoc creator/4.4/psoc creator/import/gnu/arm/5.4.1/bin/../lib/gcc/arm-none-eabi/5.4.1/armv6-m\libgcc.a(unorddf2.o)
 .debug_frame   0x0000280c       0x2c c:/program files (x86)/cypress/psoc creator/4.4/psoc creator/import/gnu/arm/5.4.1/bin/../lib/gcc/arm-none-eabi/5.4.1/armv6-m\libgcc.a(fixdfsi.o)
 .debug_frame   0x00002838       0x2c c:/program files (x86)/cypress/psoc creator/4.4/psoc creator/import/gnu/arm/5.4.1/bin/../lib/gcc/arm-none-eabi/5.4.1/armv6-m\libgcc.a(floatsidf.o)
 .debug_frame   0x00002864       0x2c c:/program files (x86)/cypress/psoc creator/4.4/psoc creator/import/gnu/arm/5.4.1/bin/../lib/gcc/arm-none-eabi/5.4.1/armv6-m\libgcc.a(floatunsidf.o)

.debug_str      0x00000000     0x2ab9
 *(.debug_str)
 .debug_str     0x00000000      0x376 .\CortexM0p\ARM_GCC_541\Debug\main.o
                                0x3b6 (size before relaxing)
 .debug_str     0x00000376       0xe3 .\CortexM0p\ARM_GCC_541\Debug\cyfitter_cfg.o
                                0x27f (size before relaxing)
 .debug_str     0x00000459       0xa5 .\CortexM0p\ARM_GCC_541\Debug\cymetadata.o
                                0x1cc (size before relaxing)
 .debug_str     0x000004fe      0x15b .\CortexM0p\ARM_GCC_541\Debug\Cm0plusStart.o
                                0x323 (size before relaxing)
 .debug_str     0x00000659      0x44f .\CortexM0p\ARM_GCC_541\Debug\PSOC4_Main.a(Timer_1.o)
                                0x619 (size before relaxing)
 .debug_str     0x00000aa8      0x118 .\CortexM0p\ARM_GCC_541\Debug\PSOC4_Main.a(UART_1.o)
                                0x2c7 (size before relaxing)
 .debug_str     0x00000bc0      0x1d5 .\CortexM0p\ARM_GCC_541\Debug\PSOC4_Main.a(UART_1_UART.o)
                                0x404 (size before relaxing)
 .debug_str     0x00000d95      0x118 .\CortexM0p\ARM_GCC_541\Debug\PSOC4_Main.a(I2C_1.o)
                                0x2ee (size before relaxing)
 .debug_str     0x00000ead       0x91 .\CortexM0p\ARM_GCC_541\Debug\PSOC4_Main.a(I2C_1_I2C.o)
                                0x272 (size before relaxing)
 .debug_str     0x00000f3e      0x2c0 .\CortexM0p\ARM_GCC_541\Debug\PSOC4_Main.a(I2C_1_I2C_MASTER.o)
                                0x502 (size before relaxing)
 .debug_str     0x000011fe      0x454 .\CortexM0p\ARM_GCC_541\Debug\PSOC4_Main.a(ADC_1.o)
                                0x6cf (size before relaxing)
 .debug_str     0x00001652       0x24 .\CortexM0p\ARM_GCC_541\Debug\PSOC4_Main.a(ADC_1_INIT.o)
                                0x284 (size before relaxing)
 .debug_str     0x00001676       0x39 .\CortexM0p\ARM_GCC_541\Debug\PSOC4_Main.a(ADC_1_INT.o)
                                0x1d5 (size before relaxing)
 .debug_str     0x000016af       0xc7 .\CortexM0p\ARM_GCC_541\Debug\PSOC4_Main.a(PGA_1.o)
                                0x269 (size before relaxing)
 .debug_str     0x00001776       0x9b .\CortexM0p\ARM_GCC_541\Debug\PSOC4_Main.a(Opamp_1.o)
                                0x23c (size before relaxing)
 .debug_str     0x00001811       0x48 .\CortexM0p\ARM_GCC_541\Debug\PSOC4_Main.a(AMux_1.o)
                                0x20c (size before relaxing)
 .debug_str     0x00001859       0xa8 .\CortexM0p\ARM_GCC_541\Debug\PSOC4_Main.a(ADC_1_intSarClock.o)
                                0x2a7 (size before relaxing)
 .debug_str     0x00001901      0x133 .\CortexM0p\ARM_GCC_541\Debug\PSOC4_Main.a(ADC_1_IRQ.o)
                                0x336 (size before relaxing)
 .debug_str     0x00001a34      0x631 .\CortexM0p\ARM_GCC_541\Debug\PSOC4_Main.a(CyLib.o)
                                0x8c9 (size before relaxing)
 .debug_str     0x00002065      0x63d .\CortexM0p\ARM_GCC_541\Debug\PSOC4_Main.a(CyLFClk.o)
                                0x8ad (size before relaxing)
 .debug_str     0x000026a2       0x9f .\CortexM0p\ARM_GCC_541\Debug\PSOC4_Main.a(RELAY.o)
                                0x24a (size before relaxing)
 .debug_str     0x00002741       0x87 .\CortexM0p\ARM_GCC_541\Debug\PSOC4_Main.a(RED_LED.o)
                                0x258 (size before relaxing)
 .debug_str     0x000027c8       0x91 .\CortexM0p\ARM_GCC_541\Debug\PSOC4_Main.a(PVref_1.o)
                                0x22c (size before relaxing)
 .debug_str     0x00002859       0xf1 .\CortexM0p\ARM_GCC_541\Debug\PSOC4_Main.a(UART_1_SPI_UART.o)
                                0x2f6 (size before relaxing)
 .debug_str     0x0000294a       0x4b .\CortexM0p\ARM_GCC_541\Debug\PSOC4_Main.a(I2C_1_I2C_INT.o)
                                0x2ee (size before relaxing)
 .debug_str     0x00002995      0x124 .\CortexM0p\ARM_GCC_541\Debug\PSOC4_Main.a(CyFlash.o)
                                0x336 (size before relaxing)

.debug_loc      0x00000000     0x37f0
 *(.debug_loc)
 .debug_loc     0x00000000      0x1bc .\CortexM0p\ARM_GCC_541\Debug\main.o
 .debug_loc     0x000001bc       0x1e .\CortexM0p\ARM_GCC_541\Debug\cyfitter_cfg.o
 .debug_loc     0x000001da      0x14f .\CortexM0p\ARM_GCC_541\Debug\Cm0plusStart.o
 .debug_loc     0x00000329      0x547 .\CortexM0p\ARM_GCC_541\Debug\PSOC4_Main.a(Timer_1.o)
 .debug_loc     0x00000870       0x7e .\CortexM0p\ARM_GCC_541\Debug\PSOC4_Main.a(UART_1.o)
 .debug_loc     0x000008ee      0x223 .\CortexM0p\ARM_GCC_541\Debug\PSOC4_Main.a(UART_1_UART.o)
 .debug_loc     0x00000b11       0x7e .\CortexM0p\ARM_GCC_541\Debug\PSOC4_Main.a(I2C_1.o)
 .debug_loc     0x00000b8f      0xa49 .\CortexM0p\ARM_GCC_541\Debug\PSOC4_Main.a(I2C_1_I2C_MASTER.o)
 .debug_loc     0x000015d8      0x877 .\CortexM0p\ARM_GCC_541\Debug\PSOC4_Main.a(ADC_1.o)
 .debug_loc     0x00001e4f       0x7c .\CortexM0p\ARM_GCC_541\Debug\PSOC4_Main.a(PGA_1.o)
 .debug_loc     0x00001ecb       0x21 .\CortexM0p\ARM_GCC_541\Debug\PSOC4_Main.a(Opamp_1.o)
 .debug_loc     0x00001eec       0x4b .\CortexM0p\ARM_GCC_541\Debug\PSOC4_Main.a(AMux_1.o)
 .debug_loc     0x00001f37       0x76 .\CortexM0p\ARM_GCC_541\Debug\PSOC4_Main.a(ADC_1_intSarClock.o)
 .debug_loc     0x00001fad       0x82 .\CortexM0p\ARM_GCC_541\Debug\PSOC4_Main.a(ADC_1_IRQ.o)
 .debug_loc     0x0000202f      0x868 .\CortexM0p\ARM_GCC_541\Debug\PSOC4_Main.a(CyLib.o)
 .debug_loc     0x00002897      0xa88 .\CortexM0p\ARM_GCC_541\Debug\PSOC4_Main.a(CyLFClk.o)
 .debug_loc     0x0000331f       0xa2 .\CortexM0p\ARM_GCC_541\Debug\PSOC4_Main.a(RELAY.o)
 .debug_loc     0x000033c1       0xa2 .\CortexM0p\ARM_GCC_541\Debug\PSOC4_Main.a(RED_LED.o)
 .debug_loc     0x00003463       0x2e .\CortexM0p\ARM_GCC_541\Debug\PSOC4_Main.a(PVref_1.o)
 .debug_loc     0x00003491       0x96 .\CortexM0p\ARM_GCC_541\Debug\PSOC4_Main.a(UART_1_SPI_UART.o)
 .debug_loc     0x00003527      0x10c .\CortexM0p\ARM_GCC_541\Debug\PSOC4_Main.a(I2C_1_I2C_INT.o)
 .debug_loc     0x00003633      0x1bd .\CortexM0p\ARM_GCC_541\Debug\PSOC4_Main.a(CyFlash.o)

.debug_macinfo
 *(.debug_macinfo)

.debug_ranges   0x00000000      0xa80
 *(.debug_ranges)
 .debug_ranges  0x00000000       0x20 .\CortexM0p\ARM_GCC_541\Debug\main.o
 .debug_ranges  0x00000020       0x38 .\CortexM0p\ARM_GCC_541\Debug\cyfitter_cfg.o
 .debug_ranges  0x00000058       0x38 .\CortexM0p\ARM_GCC_541\Debug\Cm0plusStart.o
 .debug_ranges  0x00000090      0x148 .\CortexM0p\ARM_GCC_541\Debug\PSOC4_Main.a(Timer_1.o)
 .debug_ranges  0x000001d8       0x48 .\CortexM0p\ARM_GCC_541\Debug\PSOC4_Main.a(UART_1.o)
 .debug_ranges  0x00000220       0x80 .\CortexM0p\ARM_GCC_541\Debug\PSOC4_Main.a(UART_1_UART.o)
 .debug_ranges  0x000002a0       0x50 .\CortexM0p\ARM_GCC_541\Debug\PSOC4_Main.a(I2C_1.o)
 .debug_ranges  0x000002f0       0x20 .\CortexM0p\ARM_GCC_541\Debug\PSOC4_Main.a(I2C_1_I2C.o)
 .debug_ranges  0x00000310       0x88 .\CortexM0p\ARM_GCC_541\Debug\PSOC4_Main.a(I2C_1_I2C_MASTER.o)
 .debug_ranges  0x00000398       0xe0 .\CortexM0p\ARM_GCC_541\Debug\PSOC4_Main.a(ADC_1.o)
 .debug_ranges  0x00000478       0x10 .\CortexM0p\ARM_GCC_541\Debug\PSOC4_Main.a(ADC_1_INT.o)
 .debug_ranges  0x00000488       0x40 .\CortexM0p\ARM_GCC_541\Debug\PSOC4_Main.a(PGA_1.o)
 .debug_ranges  0x000004c8       0x38 .\CortexM0p\ARM_GCC_541\Debug\PSOC4_Main.a(Opamp_1.o)
 .debug_ranges  0x00000500       0x20 .\CortexM0p\ARM_GCC_541\Debug\PSOC4_Main.a(AMux_1.o)
 .debug_ranges  0x00000520       0x30 .\CortexM0p\ARM_GCC_541\Debug\PSOC4_Main.a(ADC_1_intSarClock.o)
 .debug_ranges  0x00000550       0x70 .\CortexM0p\ARM_GCC_541\Debug\PSOC4_Main.a(ADC_1_IRQ.o)
 .debug_ranges  0x000005c0      0x1e8 .\CortexM0p\ARM_GCC_541\Debug\PSOC4_Main.a(CyLib.o)
 .debug_ranges  0x000007a8      0x198 .\CortexM0p\ARM_GCC_541\Debug\PSOC4_Main.a(CyLFClk.o)
 .debug_ranges  0x00000940       0x38 .\CortexM0p\ARM_GCC_541\Debug\PSOC4_Main.a(RELAY.o)
 .debug_ranges  0x00000978       0x38 .\CortexM0p\ARM_GCC_541\Debug\PSOC4_Main.a(RED_LED.o)
 .debug_ranges  0x000009b0       0x38 .\CortexM0p\ARM_GCC_541\Debug\PSOC4_Main.a(PVref_1.o)
 .debug_ranges  0x000009e8       0x50 .\CortexM0p\ARM_GCC_541\Debug\PSOC4_Main.a(UART_1_SPI_UART.o)
 .debug_ranges  0x00000a38       0x10 .\CortexM0p\ARM_GCC_541\Debug\PSOC4_Main.a(I2C_1_I2C_INT.o)
 .debug_ranges  0x00000a48       0x38 .\CortexM0p\ARM_GCC_541\Debug\PSOC4_Main.a(CyFlash.o)

.comment        0x00000000       0x6e
 .comment       0x00000000       0x6e .\CortexM0p\ARM_GCC_541\Debug\main.o
                                 0x6f (size before relaxing)
 .comment       0x0000006e       0x6f .\CortexM0p\ARM_GCC_541\Debug\cyfitter_cfg.o
 .comment       0x0000006e       0x6f .\CortexM0p\ARM_GCC_541\Debug\cymetadata.o
 .comment       0x0000006e       0x6f .\CortexM0p\ARM_GCC_541\Debug\Cm0plusStart.o
 .comment       0x0000006e       0x6f .\CortexM0p\ARM_GCC_541\Debug\PSOC4_Main.a(Timer_1.o)
 .comment       0x0000006e       0x6f .\CortexM0p\ARM_GCC_541\Debug\PSOC4_Main.a(UART_1.o)
 .comment       0x0000006e       0x6f .\CortexM0p\ARM_GCC_541\Debug\PSOC4_Main.a(UART_1_UART.o)
 .comment       0x0000006e       0x6f .\CortexM0p\ARM_GCC_541\Debug\PSOC4_Main.a(I2C_1.o)
 .comment       0x0000006e       0x6f .\CortexM0p\ARM_GCC_541\Debug\PSOC4_Main.a(I2C_1_I2C.o)
 .comment       0x0000006e       0x6f .\CortexM0p\ARM_GCC_541\Debug\PSOC4_Main.a(I2C_1_I2C_MASTER.o)
 .comment       0x0000006e       0x6f .\CortexM0p\ARM_GCC_541\Debug\PSOC4_Main.a(ADC_1.o)
 .comment       0x0000006e       0x6f .\CortexM0p\ARM_GCC_541\Debug\PSOC4_Main.a(ADC_1_INIT.o)
 .comment       0x0000006e       0x6f .\CortexM0p\ARM_GCC_541\Debug\PSOC4_Main.a(ADC_1_INT.o)
 .comment       0x0000006e       0x6f .\CortexM0p\ARM_GCC_541\Debug\PSOC4_Main.a(PGA_1.o)
 .comment       0x0000006e       0x6f .\CortexM0p\ARM_GCC_541\Debug\PSOC4_Main.a(Opamp_1.o)
 .comment       0x0000006e       0x6f .\CortexM0p\ARM_GCC_541\Debug\PSOC4_Main.a(AMux_1.o)
 .comment       0x0000006e       0x6f .\CortexM0p\ARM_GCC_541\Debug\PSOC4_Main.a(ADC_1_intSarClock.o)
 .comment       0x0000006e       0x6f .\CortexM0p\ARM_GCC_541\Debug\PSOC4_Main.a(ADC_1_IRQ.o)
 .comment       0x0000006e       0x6f .\CortexM0p\ARM_GCC_541\Debug\PSOC4_Main.a(CyLib.o)
 .comment       0x0000006e       0x6f .\CortexM0p\ARM_GCC_541\Debug\PSOC4_Main.a(CyLFClk.o)
 .comment       0x0000006e       0x6f .\CortexM0p\ARM_GCC_541\Debug\PSOC4_Main.a(RELAY.o)
 .comment       0x0000006e       0x6f .\CortexM0p\ARM_GCC_541\Debug\PSOC4_Main.a(RED_LED.o)
 .comment       0x0000006e       0x6f .\CortexM0p\ARM_GCC_541\Debug\PSOC4_Main.a(PVref_1.o)
 .comment       0x0000006e       0x6f .\CortexM0p\ARM_GCC_541\Debug\PSOC4_Main.a(UART_1_SPI_UART.o)
 .comment       0x0000006e       0x6f .\CortexM0p\ARM_GCC_541\Debug\PSOC4_Main.a(I2C_1_I2C_INT.o)
 .comment       0x0000006e       0x6f .\CortexM0p\ARM_GCC_541\Debug\PSOC4_Main.a(CyFlash.o)

.debug_weaknames
 *(.debug_weaknames)

.debug_funcnames
 *(.debug_funcnames)

.debug_typenames
 *(.debug_typenames)

.debug_varnames
 *(.debug_varnames)

.note.gnu.arm.ident
 *(.note.gnu.arm.ident)

.ARM.attributes
                0x00000000       0x28
 *(.ARM.attributes)
 .ARM.attributes
                0x00000000       0x1e c:/program files (x86)/cypress/psoc creator/4.4/psoc creator/import/gnu/arm/5.4.1/bin/../lib/gcc/arm-none-eabi/5.4.1/armv6-m/crti.o
 .ARM.attributes
                0x0000001e       0x2c c:/program files (x86)/cypress/psoc creator/4.4/psoc creator/import/gnu/arm/5.4.1/bin/../lib/gcc/arm-none-eabi/5.4.1/armv6-m/crtbegin.o
 .ARM.attributes
                0x0000004a       0x1b c:/program files (x86)/cypress/psoc creator/4.4/psoc creator/import/gnu/arm/5.4.1/bin/../lib/gcc/arm-none-eabi/5.4.1/../../../../arm-none-eabi/lib/armv6-m/crt0.o
 .ARM.attributes
                0x00000065       0x32 .\CortexM0p\ARM_GCC_541\Debug\main.o
 .ARM.attributes
                0x00000097       0x32 .\CortexM0p\ARM_GCC_541\Debug\cyfitter_cfg.o
 .ARM.attributes
                0x000000c9       0x32 .\CortexM0p\ARM_GCC_541\Debug\cymetadata.o
 .ARM.attributes
                0x000000fb       0x32 .\CortexM0p\ARM_GCC_541\Debug\Cm0plusStart.o
 .ARM.attributes
                0x0000012d       0x32 .\CortexM0p\ARM_GCC_541\Debug\PSOC4_Main.a(Timer_1.o)
 .ARM.attributes
                0x0000015f       0x32 .\CortexM0p\ARM_GCC_541\Debug\PSOC4_Main.a(UART_1.o)
 .ARM.attributes
                0x00000191       0x32 .\CortexM0p\ARM_GCC_541\Debug\PSOC4_Main.a(UART_1_UART.o)
 .ARM.attributes
                0x000001c3       0x32 .\CortexM0p\ARM_GCC_541\Debug\PSOC4_Main.a(I2C_1.o)
 .ARM.attributes
                0x000001f5       0x32 .\CortexM0p\ARM_GCC_541\Debug\PSOC4_Main.a(I2C_1_I2C.o)
 .ARM.attributes
                0x00000227       0x32 .\CortexM0p\ARM_GCC_541\Debug\PSOC4_Main.a(I2C_1_I2C_MASTER.o)
 .ARM.attributes
                0x00000259       0x32 .\CortexM0p\ARM_GCC_541\Debug\PSOC4_Main.a(ADC_1.o)
 .ARM.attributes
                0x0000028b       0x32 .\CortexM0p\ARM_GCC_541\Debug\PSOC4_Main.a(ADC_1_INIT.o)
 .ARM.attributes
                0x000002bd       0x32 .\CortexM0p\ARM_GCC_541\Debug\PSOC4_Main.a(ADC_1_INT.o)
 .ARM.attributes
                0x000002ef       0x32 .\CortexM0p\ARM_GCC_541\Debug\PSOC4_Main.a(PGA_1.o)
 .ARM.attributes
                0x00000321       0x32 .\CortexM0p\ARM_GCC_541\Debug\PSOC4_Main.a(Opamp_1.o)
 .ARM.attributes
                0x00000353       0x32 .\CortexM0p\ARM_GCC_541\Debug\PSOC4_Main.a(AMux_1.o)
 .ARM.attributes
                0x00000385       0x32 .\CortexM0p\ARM_GCC_541\Debug\PSOC4_Main.a(ADC_1_intSarClock.o)
 .ARM.attributes
                0x000003b7       0x32 .\CortexM0p\ARM_GCC_541\Debug\PSOC4_Main.a(ADC_1_IRQ.o)
 .ARM.attributes
                0x000003e9       0x32 .\CortexM0p\ARM_GCC_541\Debug\PSOC4_Main.a(CyLib.o)
 .ARM.attributes
                0x0000041b       0x32 .\CortexM0p\ARM_GCC_541\Debug\PSOC4_Main.a(CyLFClk.o)
 .ARM.attributes
                0x0000044d       0x32 .\CortexM0p\ARM_GCC_541\Debug\PSOC4_Main.a(RELAY.o)
 .ARM.attributes
                0x0000047f       0x32 .\CortexM0p\ARM_GCC_541\Debug\PSOC4_Main.a(RED_LED.o)
 .ARM.attributes
                0x000004b1       0x32 .\CortexM0p\ARM_GCC_541\Debug\PSOC4_Main.a(PVref_1.o)
 .ARM.attributes
                0x000004e3       0x22 .\CortexM0p\ARM_GCC_541\Debug\PSOC4_Main.a(CyBootAsmGnu.o)
 .ARM.attributes
                0x00000505       0x32 .\CortexM0p\ARM_GCC_541\Debug\PSOC4_Main.a(UART_1_SPI_UART.o)
 .ARM.attributes
                0x00000537       0x32 .\CortexM0p\ARM_GCC_541\Debug\PSOC4_Main.a(I2C_1_I2C_INT.o)
 .ARM.attributes
                0x00000569       0x32 .\CortexM0p\ARM_GCC_541\Debug\PSOC4_Main.a(CyFlash.o)
 .ARM.attributes
                0x0000059b       0x1e c:/program files (x86)/cypress/psoc creator/4.4/psoc creator/import/gnu/arm/5.4.1/bin/../lib/gcc/arm-none-eabi/5.4.1/armv6-m\libgcc.a(_udivsi3.o)
 .ARM.attributes
                0x000005b9       0x1e c:/program files (x86)/cypress/psoc creator/4.4/psoc creator/import/gnu/arm/5.4.1/bin/../lib/gcc/arm-none-eabi/5.4.1/armv6-m\libgcc.a(_divsi3.o)
 .ARM.attributes
                0x000005d7       0x1e c:/program files (x86)/cypress/psoc creator/4.4/psoc creator/import/gnu/arm/5.4.1/bin/../lib/gcc/arm-none-eabi/5.4.1/armv6-m\libgcc.a(_dvmd_tls.o)
 .ARM.attributes
                0x000005f5       0x1e c:/program files (x86)/cypress/psoc creator/4.4/psoc creator/import/gnu/arm/5.4.1/bin/../lib/gcc/arm-none-eabi/5.4.1/armv6-m\libgcc.a(_aeabi_ldivmod.o)
 .ARM.attributes
                0x00000613       0x2c c:/program files (x86)/cypress/psoc creator/4.4/psoc creator/import/gnu/arm/5.4.1/bin/../lib/gcc/arm-none-eabi/5.4.1/armv6-m\libgcc.a(_muldi3.o)
 .ARM.attributes
                0x0000063f       0x2c c:/program files (x86)/cypress/psoc creator/4.4/psoc creator/import/gnu/arm/5.4.1/bin/../lib/gcc/arm-none-eabi/5.4.1/armv6-m\libgcc.a(bpabi.o)
 .ARM.attributes
                0x0000066b       0x2c c:/program files (x86)/cypress/psoc creator/4.4/psoc creator/import/gnu/arm/5.4.1/bin/../lib/gcc/arm-none-eabi/5.4.1/armv6-m\libgcc.a(divsf3.o)
 .ARM.attributes
                0x00000697       0x2c c:/program files (x86)/cypress/psoc creator/4.4/psoc creator/import/gnu/arm/5.4.1/bin/../lib/gcc/arm-none-eabi/5.4.1/armv6-m\libgcc.a(mulsf3.o)
 .ARM.attributes
                0x000006c3       0x2c c:/program files (x86)/cypress/psoc creator/4.4/psoc creator/import/gnu/arm/5.4.1/bin/../lib/gcc/arm-none-eabi/5.4.1/armv6-m\libgcc.a(floatsisf.o)
 .ARM.attributes
                0x000006ef       0x2c c:/program files (x86)/cypress/psoc creator/4.4/psoc creator/import/gnu/arm/5.4.1/bin/../lib/gcc/arm-none-eabi/5.4.1/armv6-m\libgcc.a(divdf3.o)
 .ARM.attributes
                0x0000071b       0x2c c:/program files (x86)/cypress/psoc creator/4.4/psoc creator/import/gnu/arm/5.4.1/bin/../lib/gcc/arm-none-eabi/5.4.1/armv6-m\libgcc.a(muldf3.o)
 .ARM.attributes
                0x00000747       0x2c c:/program files (x86)/cypress/psoc creator/4.4/psoc creator/import/gnu/arm/5.4.1/bin/../lib/gcc/arm-none-eabi/5.4.1/armv6-m\libgcc.a(extendsfdf2.o)
 .ARM.attributes
                0x00000773       0x2c c:/program files (x86)/cypress/psoc creator/4.4/psoc creator/import/gnu/arm/5.4.1/bin/../lib/gcc/arm-none-eabi/5.4.1/armv6-m\libgcc.a(truncdfsf2.o)
 .ARM.attributes
                0x0000079f       0x1e c:/program files (x86)/cypress/psoc creator/4.4/psoc creator/import/gnu/arm/5.4.1/bin/../lib/gcc/arm-none-eabi/5.4.1/armv6-m\libgcc.a(_clzsi2.o)
 .ARM.attributes
                0x000007bd       0x2c c:/program files (x86)/cypress/psoc creator/4.4/psoc creator/import/gnu/arm/5.4.1/bin/../lib/gcc/arm-none-eabi/5.4.1/armv6-m\libgcc.a(_divdi3.o)
 .ARM.attributes