Archive member included to satisfy reference by file (symbol)

.\CortexM0p\ARM_GCC_541\Debug\PSOC4_Main.a(Timer_1.o)
                              .\CortexM0p\ARM_GCC_541\Debug\main.o (Timer_1_ReadCounter)
.\CortexM0p\ARM_GCC_541\Debug\PSOC4_Main.a(UART_1.o)
                              .\CortexM0p\ARM_GCC_541\Debug\main.o (UART_1_Start)
.\CortexM0p\ARM_GCC_541\Debug\PSOC4_Main.a(UART_1_UART.o)
                              .\CortexM0p\ARM_GCC_541\Debug\PSOC4_Main.a(UART_1.o) (UART_1_UartInit)
.\CortexM0p\ARM_GCC_541\Debug\PSOC4_Main.a(I2C_1.o)
                              .\CortexM0p\ARM_GCC_541\Debug\main.o (I2C_1_Start)
.\CortexM0p\ARM_GCC_541\Debug\PSOC4_Main.a(I2C_1_I2C.o)
                              .\CortexM0p\ARM_GCC_541\Debug\PSOC4_Main.a(I2C_1.o) (I2C_1_I2CInit)
.\CortexM0p\ARM_GCC_541\Debug\PSOC4_Main.a(I2C_1_I2C_MASTER.o)
                              .\CortexM0p\ARM_GCC_541\Debug\PSOC4_Main.a(I2C_1_I2C.o) (I2C_1_mstrRdBufIndex)
.\CortexM0p\ARM_GCC_541\Debug\PSOC4_Main.a(ADC_1.o)
                              .\CortexM0p\ARM_GCC_541\Debug\main.o (ADC_1_StartConvert)
.\CortexM0p\ARM_GCC_541\Debug\PSOC4_Main.a(ADC_1_INIT.o)
                              .\CortexM0p\ARM_GCC_541\Debug\PSOC4_Main.a(ADC_1.o) (ADC_1_allConfigs)
.\CortexM0p\ARM_GCC_541\Debug\PSOC4_Main.a(ADC_1_INT.o)
                              .\CortexM0p\ARM_GCC_541\Debug\PSOC4_Main.a(ADC_1.o) (ADC_1_ISR)
.\CortexM0p\ARM_GCC_541\Debug\PSOC4_Main.a(PGA_1.o)
                              .\CortexM0p\ARM_GCC_541\Debug\main.o (PGA_1_Start)
.\CortexM0p\ARM_GCC_541\Debug\PSOC4_Main.a(Opamp_1.o)
                              .\CortexM0p\ARM_GCC_541\Debug\main.o (Opamp_1_Start)
.\CortexM0p\ARM_GCC_541\Debug\PSOC4_Main.a(AMux_1.o)
                              .\CortexM0p\ARM_GCC_541\Debug\main.o (AMux_1_Start)
.\CortexM0p\ARM_GCC_541\Debug\PSOC4_Main.a(ADC_1_intSarClock.o)
                              .\CortexM0p\ARM_GCC_541\Debug\PSOC4_Main.a(ADC_1.o) (ADC_1_intSarClock_StartEx)
.\CortexM0p\ARM_GCC_541\Debug\PSOC4_Main.a(ADC_1_IRQ.o)
                              .\CortexM0p\ARM_GCC_541\Debug\PSOC4_Main.a(ADC_1.o) (ADC_1_IRQ_StartEx)
.\CortexM0p\ARM_GCC_541\Debug\PSOC4_Main.a(CyLib.o)
                              .\CortexM0p\ARM_GCC_541\Debug\cyfitter_cfg.o (CyIntEnable)
.\CortexM0p\ARM_GCC_541\Debug\PSOC4_Main.a(CyLFClk.o)
                              .\CortexM0p\ARM_GCC_541\Debug\PSOC4_Main.a(CyLib.o) (CySysClkWcoEnabled)
.\CortexM0p\ARM_GCC_541\Debug\PSOC4_Main.a(RELAY.o)
                              .\CortexM0p\ARM_GCC_541\Debug\main.o (RELAY_Write)
.\CortexM0p\ARM_GCC_541\Debug\PSOC4_Main.a(RED_LED.o)
                              .\CortexM0p\ARM_GCC_541\Debug\main.o (RED_LED_Write)
.\CortexM0p\ARM_GCC_541\Debug\PSOC4_Main.a(PVref_1.o)
                              .\CortexM0p\ARM_GCC_541\Debug\main.o (PVref_1_Start)
.\CortexM0p\ARM_GCC_541\Debug\PSOC4_Main.a(PGA_2.o)
                              .\CortexM0p\ARM_GCC_541\Debug\main.o (PGA_2_Start)
.\CortexM0p\ARM_GCC_541\Debug\PSOC4_Main.a(CyBootAsmGnu.o)
                              .\CortexM0p\ARM_GCC_541\Debug\PSOC4_Main.a(CyLib.o) (CyDelayCycles)
.\CortexM0p\ARM_GCC_541\Debug\PSOC4_Main.a(UART_1_SPI_UART.o)
                              .\CortexM0p\ARM_GCC_541\Debug\PSOC4_Main.a(UART_1_UART.o) (UART_1_SpiUartReadRxData)
.\CortexM0p\ARM_GCC_541\Debug\PSOC4_Main.a(I2C_1_I2C_INT.o)
                              .\CortexM0p\ARM_GCC_541\Debug\PSOC4_Main.a(I2C_1_I2C.o) (I2C_1_I2C_ISR)
.\CortexM0p\ARM_GCC_541\Debug\PSOC4_Main.a(CyFlash.o)
                              .\CortexM0p\ARM_GCC_541\Debug\PSOC4_Main.a(CyLib.o) (CySysFlashSetWaitCycles)
c:/program files (x86)/cypress/psoc creator/4.3/psoc creator/import/gnu/arm/5.4.1/bin/../lib/gcc/arm-none-eabi/5.4.1/armv6-m\libgcc.a(_udivsi3.o)
                              .\CortexM0p\ARM_GCC_541\Debug\PSOC4_Main.a(ADC_1.o) (__aeabi_uidiv)
c:/program files (x86)/cypress/psoc creator/4.3/psoc creator/import/gnu/arm/5.4.1/bin/../lib/gcc/arm-none-eabi/5.4.1/armv6-m\libgcc.a(_divsi3.o)
                              .\CortexM0p\ARM_GCC_541\Debug\PSOC4_Main.a(ADC_1.o) (__aeabi_idiv)
c:/program files (x86)/cypress/psoc creator/4.3/psoc creator/import/gnu/arm/5.4.1/bin/../lib/gcc/arm-none-eabi/5.4.1/armv6-m\libgcc.a(_dvmd_tls.o)
                              c:/program files (x86)/cypress/psoc creator/4.3/psoc creator/import/gnu/arm/5.4.1/bin/../lib/gcc/arm-none-eabi/5.4.1/armv6-m\libgcc.a(_udivsi3.o) (__aeabi_idiv0)
c:/program files (x86)/cypress/psoc creator/4.3/psoc creator/import/gnu/arm/5.4.1/bin/../lib/gcc/arm-none-eabi/5.4.1/armv6-m\libgcc.a(_aeabi_ldivmod.o)
                              .\CortexM0p\ARM_GCC_541\Debug\PSOC4_Main.a(ADC_1.o) (__aeabi_ldivmod)
c:/program files (x86)/cypress/psoc creator/4.3/psoc creator/import/gnu/arm/5.4.1/bin/../lib/gcc/arm-none-eabi/5.4.1/armv6-m\libgcc.a(_muldi3.o)
                              .\CortexM0p\ARM_GCC_541\Debug\PSOC4_Main.a(ADC_1.o) (__aeabi_lmul)
[...]
Memory Configuration

Name             Origin             Length             Attributes
rom              0x00000000         0x00008000         xr
ram              0x20000000         0x00001000         xrw
*default*        0x00000000         0xffffffff

Linker script and memory map

LOAD c:/program files (x86)/cypress/psoc creator/4.3/psoc creator/import/gnu/arm/5.4.1/bin/../lib/gcc/arm-none-eabi/5.4.1/armv6-m/crti.o
LOAD c:/program files (x86)/cypress/psoc creator/4.3/psoc creator/import/gnu/arm/5.4.1/bin/../lib/gcc/arm-none-eabi/5.4.1/armv6-m/crtbegin.o
LOAD c:/program files (x86)/cypress/psoc creator/4.3/psoc creator/import/gnu/arm/5.4.1/bin/../lib/gcc/arm-none-eabi/5.4.1/../../../../arm-none-eabi/lib/armv6-m/crt0.o
START GROUP
LOAD .\CortexM0p\ARM_GCC_541\Debug\main.o
LOAD .\CortexM0p\ARM_GCC_541\Debug\cyfitter_cfg.o
LOAD .\CortexM0p\ARM_GCC_541\Debug\cymetadata.o
LOAD .\CortexM0p\ARM_GCC_541\Debug\Cm0plusStart.o
LOAD .\CortexM0p\ARM_GCC_541\Debug\PSOC4_Main.a
END GROUP
START GROUP
LOAD c:/program files (x86)/cypress/psoc creator/4.3/psoc creator/import/gnu/arm/5.4.1/bin/../lib/gcc/arm-none-eabi/5.4.1/armv6-m\libgcc.a
LOAD c:/program files (x86)/cypress/psoc creator/4.3/psoc creator/import/gnu/arm/5.4.1/bin/../lib/gcc/arm-none-eabi/5.4.1/../../../../arm-none-eabi/lib/armv6-m\libg_nano.a
LOAD c:/program files (x86)/cypress/psoc creator/4.3/psoc creator/import/gnu/arm/5.4.1/bin/../lib/gcc/arm-none-eabi/5.4.1/../../../../arm-none-eabi/lib/armv6-m\libc_nano.a
END GROUP
START GROUP
LOAD c:/program files (x86)/cypress/psoc creator/4.3/psoc creator/import/gnu/arm/5.4.1/bin/../lib/gcc/arm-none-eabi/5.4.1/armv6-m\libgcc.a
LOAD c:/program files (x86)/cypress/psoc creator/4.3/psoc creator/import/gnu/arm/5.4.1/bin/../lib/gcc/arm-none-eabi/5.4.1/../../../../arm-none-eabi/lib/armv6-m\libc_nano.a
END GROUP
LOAD c:/program files (x86)/cypress/psoc creator/4.3/psoc creator/import/gnu/arm/5.4.1/bin/../lib/gcc/arm-none-eabi/5.4.1/armv6-m/crtend.o
LOAD c:/program files (x86)/cypress/psoc creator/4.3/psoc creator/import/gnu/arm/5.4.1/bin/../lib/gcc/arm-none-eabi/5.4.1/armv6-m/crtn.o
START GROUP
LOAD c:/program files (x86)/cypress/psoc creator/4.3/psoc creator/import/gnu/arm/5.4.1/bin/../lib/gcc/arm-none-eabi/5.4.1/armv6-m\libgcc.a
LOAD c:/program files (x86)/cypress/psoc creator/4.3/psoc creator/import/gnu/arm/5.4.1/bin/../lib/gcc/arm-none-eabi/5.4.1/../../../../arm-none-eabi/lib/armv6-m\libc.a
LOAD c:/program files (x86)/cypress/psoc creator/4.3/psoc creator/import/gnu/arm/5.4.1/bin/../lib/gcc/arm-none-eabi/5.4.1/../../../../arm-none-eabi/lib/armv6-m\libnosys.a
END GROUP
                0x00000000                CY_APPL_ORIGIN = 0x0
                0x00000080                CY_FLASH_ROW_SIZE = 0x80
                0x00000001                CY_APPL_NUM = 0x1
                0x00000001                CY_APPL_MAX = 0x1
                0x00000040                CY_METADATA_SIZE = 0x40
                0x00000000                CY_APPL_LOADABLE = 0x0
                0x00000000                CY_CHECKSUM_EXCLUDE_SIZE = ALIGN (0x0, CY_FLASH_ROW_SIZE)
                0x00000000                CY_APP_FOR_STACK_AND_COPIER = 0x0
                [!provide]                PROVIDE (__cy_heap_start, _end)
                0x00000001                PROVIDE (__cy_region_num, ((__cy_regions_end - __cy_regions) / 0x10))
                0x20001000                PROVIDE (__cy_stack, (ORIGIN (ram) + LENGTH (ram)))
                [!provide]                PROVIDE (__cy_heap_end, (__cy_stack - 0x800))

.cybootloader   0x00000000        0x0
 *(.cybootloader)
                0x00000000                appl1_start = CY_APPL_ORIGIN?CY_APPL_ORIGIN:ALIGN (CY_FLASH_ROW_SIZE)
                0x00003f80                appl2_start = (appl1_start + ALIGN ((((LENGTH (rom) - appl1_start) - (0x2 * CY_FLASH_ROW_SIZE)) / 0x2), CY_FLASH_ROW_SIZE))
                0x00000000                appl_start = (CY_APPL_NUM == 0x1)?appl1_start:appl2_start
                0x00000001                cy_project_type_bootloader = (appl_start == 0x0)?0x1:0x0
                0x00000000                cy_project_type_app_for_stack_and_copier = (CY_APP_FOR_STACK_AND_COPIER == 0x1)?0x1:0x0

.text           0x00000000     0x6800
 CREATE_OBJECT_SYMBOLS
                0x00000000                PROVIDE (__cy_interrupt_vector, RomVectors)
 *(.romvectors)
 .romvectors    0x00000000       0x10 .\CortexM0p\ARM_GCC_541\Debug\Cm0plusStart.o
                0x00000000                RomVectors
                0x00000001                ASSERT ((. != __cy_interrupt_vector), No interrupt vector)
                0x00000001                ASSERT (CY_APPL_ORIGIN?(SIZEOF (.cybootloader) <= CY_APPL_ORIGIN):0x1, Wrong image location)
                0x00000010                PROVIDE (__cy_reset, Reset)
 *(.text.Reset)
 .text.Reset    0x00000010        0xc .\CortexM0p\ARM_GCC_541\Debug\Cm0plusStart.o
                0x00000010                Reset
                0x00000001                ASSERT ((. != __cy_reset), No reset code)
 *(.psocinit)
 .psocinit      0x0000001c      0x158 .\CortexM0p\ARM_GCC_541\Debug\cyfitter_cfg.o
                0x000000f0                cyfitter_cfg
                0x00000174                . = MAX (., 0x100)
 *(.text .text.* .gnu.linkonce.t.*)
 .text          0x00000174       0x60 c:/program files (x86)/cypress/psoc creator/4.3/psoc creator/import/gnu/arm/5.4.1/bin/../lib/gcc/arm-none-eabi/5.4.1/armv6-m/crtbegin.o
 .text.Shutdown_Test
                0x000001d4       0x10 .\CortexM0p\ARM_GCC_541\Debug\main.o
                0x000001d4                Shutdown_Test
 .text.Print_headers
                0x000001e4       0x90 .\CortexM0p\ARM_GCC_541\Debug\main.o
                0x000001e4                Print_headers
 .text.main     0x00000274      0x2b8 .\CortexM0p\ARM_GCC_541\Debug\main.o
                0x00000274                main
 .text.SetAnalogRoutingPumps
                0x0000052c       0x20 .\CortexM0p\ARM_GCC_541\Debug\cyfitter_cfg.o
                0x0000052c                SetAnalogRoutingPumps
 .text.AnalogSetDefault
                0x0000054c       0xa0 .\CortexM0p\ARM_GCC_541\Debug\cyfitter_cfg.o
 .text.AMux_1_Set
                0x000005ec       0x70 .\CortexM0p\ARM_GCC_541\Debug\cyfitter_cfg.o
                0x000005ec                AMux_1_Set
 .text.AMux_1_Unset
                0x0000065c       0x70 .\CortexM0p\ARM_GCC_541\Debug\cyfitter_cfg.o
                0x0000065c                AMux_1_Unset
 .text.IntDefaultHandler
                0x000006cc       0x10 .\CortexM0p\ARM_GCC_541\Debug\Cm0plusStart.o
                0x000006cc                IntDefaultHandler
 .text._sbrk    0x000006dc       0x34 .\CortexM0p\ARM_GCC_541\Debug\Cm0plusStart.o
                0x000006dc                _sbrk
 .text.Start_c  0x00000710       0x48 .\CortexM0p\ARM_GCC_541\Debug\Cm0plusStart.o
                0x00000710                Start_c
 .text.initialize_psoc
                0x00000758       0x40 .\CortexM0p\ARM_GCC_541\Debug\Cm0plusStart.o
                0x00000758                initialize_psoc
 .text.Timer_1_WriteCounter
                0x00000798       0x10 .\CortexM0p\ARM_GCC_541\Debug\PSOC4_Main.a(Timer_1.o)
                0x00000798                Timer_1_WriteCounter
 .text.Timer_1_ReadCounter
                0x000007a8       0x10 .\CortexM0p\ARM_GCC_541\Debug\PSOC4_Main.a(Timer_1.o)
                0x000007a8                Timer_1_ReadCounter
 .text.Timer_1_WritePeriod
                0x000007b8       0x10 .\CortexM0p\ARM_GCC_541\Debug\PSOC4_Main.a(Timer_1.o)
                0x000007b8                Timer_1_WritePeriod
 .text.Timer_1_TriggerCommand
                0x000007c8       0x1c .\CortexM0p\ARM_GCC_541\Debug\PSOC4_Main.a(Timer_1.o)
                0x000007c8                Timer_1_TriggerCommand
 .text.Timer_1_Enable
                0x000007e4       0x24 .\CortexM0p\ARM_GCC_541\Debug\PSOC4_Main.a(Timer_1.o)
                0x000007e4                Timer_1_Enable
 .text.Timer_1_SetInterruptMode
                0x00000808        0xc .\CortexM0p\ARM_GCC_541\Debug\PSOC4_Main.a(Timer_1.o)
                0x00000808                Timer_1_SetInterruptMode
 .text.Timer_1_Init
                0x00000814       0x34 .\CortexM0p\ARM_GCC_541\Debug\PSOC4_Main.a(Timer_1.o)
                0x00000814                Timer_1_Init
 .text.Timer_1_Start
                0x00000848       0x20 .\CortexM0p\ARM_GCC_541\Debug\PSOC4_Main.a(Timer_1.o)
                0x00000848                Timer_1_Start
 .text.UART_1_ScbModePostEnable
                0x00000868        0x8 .\CortexM0p\ARM_GCC_541\Debug\PSOC4_Main.a(UART_1.o)
 .text.UART_1_Init
                0x00000870        0x8 .\CortexM0p\ARM_GCC_541\Debug\PSOC4_Main.a(UART_1.o)
                0x00000870                UART_1_Init
 .text.UART_1_Enable
                0x00000878       0x18 .\CortexM0p\ARM_GCC_541\Debug\PSOC4_Main.a(UART_1.o)
                0x00000878                UART_1_Enable
 .text.UART_1_Start
                0x00000890       0x20 .\CortexM0p\ARM_GCC_541\Debug\PSOC4_Main.a(UART_1.o)
                0x00000890                UART_1_Start
 .text.UART_1_UartInit
                0x000008b0       0xa8 .\CortexM0p\ARM_GCC_541\Debug\PSOC4_Main.a(UART_1_UART.o)
                0x000008b0                UART_1_UartInit
 .text.UART_1_UartPostEnable
                0x00000958       0x14 .\CortexM0p\ARM_GCC_541\Debug\PSOC4_Main.a(UART_1_UART.o)
                0x00000958                UART_1_UartPostEnable
 .text.UART_1_UartGetChar
                0x0000096c       0x2c .\CortexM0p\ARM_GCC_541\Debug\PSOC4_Main.a(UART_1_UART.o)
                0x0000096c                UART_1_UartGetChar
 .text.UART_1_UartPutString
                0x00000998       0x18 .\CortexM0p\ARM_GCC_541\Debug\PSOC4_Main.a(UART_1_UART.o)
                0x00000998                UART_1_UartPutString
 .text.I2C_1_ScbEnableIntr
                0x000009b0        0xc .\CortexM0p\ARM_GCC_541\Debug\PSOC4_Main.a(I2C_1.o)
 .text.I2C_1_Init
                0x000009bc        0x8 .\CortexM0p\ARM_GCC_541\Debug\PSOC4_Main.a(I2C_1.o)
                0x000009bc                I2C_1_Init
 .text.I2C_1_Enable
                0x000009c4       0x18 .\CortexM0p\ARM_GCC_541\Debug\PSOC4_Main.a(I2C_1.o)
                0x000009c4                I2C_1_Enable
 .text.I2C_1_Start
                0x000009dc       0x20 .\CortexM0p\ARM_GCC_541\Debug\PSOC4_Main.a(I2C_1.o)
                0x000009dc                I2C_1_Start
 .text.I2C_1_I2CInit
                0x000009fc       0xb8 .\CortexM0p\ARM_GCC_541\Debug\PSOC4_Main.a(I2C_1_I2C.o)
                0x000009fc                I2C_1_I2CInit
 .text.I2C_1_I2CFwBlockReset
                0x00000ab4       0x5c .\CortexM0p\ARM_GCC_541\Debug\PSOC4_Main.a(I2C_1_I2C.o)
                0x00000ab4                I2C_1_I2CFwBlockReset
 .text.I2C_1_I2CReStartGeneration
                0x00000b10       0x20 .\CortexM0p\ARM_GCC_541\Debug\PSOC4_Main.a(I2C_1_I2C_MASTER.o)
                0x00000b10                I2C_1_I2CReStartGeneration
 .text.I2C_1_I2CMasterReadBuf
                0x00000b30      0x108 .\CortexM0p\ARM_GCC_541\Debug\PSOC4_Main.a(I2C_1_I2C_MASTER.o)
                0x00000b30                I2C_1_I2CMasterReadBuf
 .text.ADC_1_SetDFTControl
                0x00000c38       0x34 .\CortexM0p\ARM_GCC_541\Debug\PSOC4_Main.a(ADC_1.o)
 .text.ADC_1_IsChannelSigned
                0x00000c6c       0x58 .\CortexM0p\ARM_GCC_541\Debug\PSOC4_Main.a(ADC_1.o)
 .text.ADC_1_Stop
                0x00000cc4       0x10 .\CortexM0p\ARM_GCC_541\Debug\PSOC4_Main.a(ADC_1.o)
                0x00000cc4                ADC_1_Stop
 .text.ADC_1_InitConfig
                0x00000cd4       0xac .\CortexM0p\ARM_GCC_541\Debug\PSOC4_Main.a(ADC_1.o)
                0x00000cd4                ADC_1_InitConfig
 .text.ADC_1_StartConvert
                0x00000d80       0x28 .\CortexM0p\ARM_GCC_541\Debug\PSOC4_Main.a(ADC_1.o)
                0x00000d80                ADC_1_StartConvert
 .text.ADC_1_IsEndConversion
                0x00000da8       0x38 .\CortexM0p\ARM_GCC_541\Debug\PSOC4_Main.a(ADC_1.o)
                0x00000da8                ADC_1_IsEndConversion
 .text.ADC_1_GetResult32
                0x00000de0       0x64 .\CortexM0p\ARM_GCC_541\Debug\PSOC4_Main.a(ADC_1.o)
                0x00000de0                ADC_1_GetResult32
 .text.ADC_1_RawCounts2Counts
                0x00000e44       0x88 .\CortexM0p\ARM_GCC_541\Debug\PSOC4_Main.a(ADC_1.o)
                0x00000e44                ADC_1_RawCounts2Counts
 .text.ADC_1_CountsTo_mVolts
                0x00000ecc       0x68 .\CortexM0p\ARM_GCC_541\Debug\PSOC4_Main.a(ADC_1.o)
                0x00000ecc                ADC_1_CountsTo_mVolts
 .text.ADC_1_Init
                0x00000f34       0xdc .\CortexM0p\ARM_GCC_541\Debug\PSOC4_Main.a(ADC_1.o)
                0x00000f34                ADC_1_Init
 .text.ADC_1_Enable
                0x00001010       0x48 .\CortexM0p\ARM_GCC_541\Debug\PSOC4_Main.a(ADC_1.o)
                0x00001010                ADC_1_Enable
 .text.ADC_1_Start
                0x00001058       0x24 .\CortexM0p\ARM_GCC_541\Debug\PSOC4_Main.a(ADC_1.o)
                0x00001058                ADC_1_Start
 .text.ADC_1_StopConvert
                0x0000107c       0x44 .\CortexM0p\ARM_GCC_541\Debug\PSOC4_Main.a(ADC_1.o)
                0x0000107c                ADC_1_StopConvert
 .text.ADC_1_ISR
                0x000010c0        0xc .\CortexM0p\ARM_GCC_541\Debug\PSOC4_Main.a(ADC_1_INT.o)
                0x000010c0                ADC_1_ISR
 .text.PGA_1_Enable
                0x000010cc       0x1c .\CortexM0p\ARM_GCC_541\Debug\PSOC4_Main.a(PGA_1.o)
                0x000010cc                PGA_1_Enable
 .text.PGA_1_SetGain
                0x000010e8       0xa4 .\CortexM0p\ARM_GCC_541\Debug\PSOC4_Main.a(PGA_1.o)
                0x000010e8                PGA_1_SetGain
 .text.PGA_1_Init
                0x0000118c       0x50 .\CortexM0p\ARM_GCC_541\Debug\PSOC4_Main.a(PGA_1.o)
                0x0000118c                PGA_1_Init
 .text.PGA_1_Start
                0x000011dc       0x20 .\CortexM0p\ARM_GCC_541\Debug\PSOC4_Main.a(PGA_1.o)
                0x000011dc                PGA_1_Start
 .text.Opamp_1_Init
                0x000011fc       0x2c .\CortexM0p\ARM_GCC_541\Debug\PSOC4_Main.a(Opamp_1.o)
                0x000011fc                Opamp_1_Init
 .text.Opamp_1_Enable
                0x00001228       0x1c .\CortexM0p\ARM_GCC_541\Debug\PSOC4_Main.a(Opamp_1.o)
                0x00001228                Opamp_1_Enable
 .text.Opamp_1_Start
                0x00001244       0x20 .\CortexM0p\ARM_GCC_541\Debug\PSOC4_Main.a(Opamp_1.o)
                0x00001244                Opamp_1_Start
 .text.AMux_1_Start
                0x00001264       0x20 .\CortexM0p\ARM_GCC_541\Debug\PSOC4_Main.a(AMux_1.o)
                0x00001264                AMux_1_Start
 .text.AMux_1_FastSelect
                0x00001284       0x20 .\CortexM0p\ARM_GCC_541\Debug\PSOC4_Main.a(AMux_1.o)
                0x00001284                AMux_1_FastSelect
 .text.ADC_1_intSarClock_StartEx
                0x000012a4       0x1c .\CortexM0p\ARM_GCC_541\Debug\PSOC4_Main.a(ADC_1_intSarClock.o)
                0x000012a4                ADC_1_intSarClock_StartEx
 .text.ADC_1_intSarClock_Stop
                0x000012c0       0x18 .\CortexM0p\ARM_GCC_541\Debug\PSOC4_Main.a(ADC_1_intSarClock.o)
                0x000012c0                ADC_1_intSarClock_Stop
 .text.ADC_1_intSarClock_SetFractionalDividerRegister
                0x000012d8       0x20 .\CortexM0p\ARM_GCC_541\Debug\PSOC4_Main.a(ADC_1_intSarClock.o)
                0x000012d8                ADC_1_intSarClock_SetFractionalDividerRegister
 .text.CySysClkImoDisableWcoLock
                0x000012f8       0x4c .\CortexM0p\ARM_GCC_541\Debug\PSOC4_Main.a(CyLib.o)
                0x000012f8                CySysClkImoDisableWcoLock
 .text.CySysClkImoGetWcoLock
                0x00001344       0x14 .\CortexM0p\ARM_GCC_541\Debug\PSOC4_Main.a(CyLib.o)
                0x00001344                CySysClkImoGetWcoLock
 .text.CyIntEnable
                0x00001358       0x14 .\CortexM0p\ARM_GCC_541\Debug\PSOC4_Main.a(CyLib.o)
                0x00001358                CyIntEnable
 .text.CyIntDisable
                0x0000136c       0x14 .\CortexM0p\ARM_GCC_541\Debug\PSOC4_Main.a(CyLib.o)
                0x0000136c                CyIntDisable
 .text.CyHalt   0x00001380        0x4 .\CortexM0p\ARM_GCC_541\Debug\PSOC4_Main.a(CyLib.o)
                0x00001380                CyHalt
 .text.CyIntSetVector
                0x00001384       0x24 .\CortexM0p\ARM_GCC_541\Debug\PSOC4_Main.a(CyLib.o)
                0x00001384                CyIntSetVector
 .text.CyIntSetPriority
                0x000013a8       0x4c .\CortexM0p\ARM_GCC_541\Debug\PSOC4_Main.a(CyLib.o)
                0x000013a8                CyIntSetPriority
 .text.CyDelay  0x000013f4       0x30 .\CortexM0p\ARM_GCC_541\Debug\PSOC4_Main.a(CyLib.o)
                0x000013f4                CyDelay
 .text.CySysClkImoEnableWcoLock
                0x00001424       0xd0 .\CortexM0p\ARM_GCC_541\Debug\PSOC4_Main.a(CyLib.o)
                0x00001424                CySysClkImoEnableWcoLock
 .text.CySysClkWriteImoFreq
                0x000014f4       0xd8 .\CortexM0p\ARM_GCC_541\Debug\PSOC4_Main.a(CyLib.o)
                0x000014f4                CySysClkWriteImoFreq
 .text.CyDelayUs
                0x000015cc       0x14 .\CortexM0p\ARM_GCC_541\Debug\PSOC4_Main.a(CyLib.o)
                0x000015cc                CyDelayUs
 .text.CySysClkGetTimerSource
                0x000015e0       0x10 .\CortexM0p\ARM_GCC_541\Debug\PSOC4_Main.a(CyLFClk.o)
 .text.CySysClkWcoEnabled
                0x000015f0       0x14 .\CortexM0p\ARM_GCC_541\Debug\PSOC4_Main.a(CyLFClk.o)
                0x000015f0                CySysClkWcoEnabled
 .text.CySysWdtDisable
                0x00001604       0x10 .\CortexM0p\ARM_GCC_541\Debug\PSOC4_Main.a(CyLFClk.o)
                0x00001604                CySysWdtDisable
 .text.CySysClkSetTimerSource
                0x00001614       0x68 .\CortexM0p\ARM_GCC_541\Debug\PSOC4_Main.a(CyLFClk.o)
                0x00001614                CySysClkSetTimerSource
 .text.CySysTimerClearInterrupt
                0x0000167c       0x2c .\CortexM0p\ARM_GCC_541\Debug\PSOC4_Main.a(CyLFClk.o)
                0x0000167c                CySysTimerClearInterrupt
 .text.CySysTimerIsr
                0x000016a8       0xa4 .\CortexM0p\ARM_GCC_541\Debug\PSOC4_Main.a(CyLFClk.o)
                0x000016a8                CySysTimerIsr
 .text.RELAY_Write
                0x0000174c       0x18 .\CortexM0p\ARM_GCC_541\Debug\PSOC4_Main.a(RELAY.o)
                0x0000174c                RELAY_Write
 .text.RED_LED_Write
                0x00001764       0x18 .\CortexM0p\ARM_GCC_541\Debug\PSOC4_Main.a(RED_LED.o)
                0x00001764                RED_LED_Write
 .text.PVref_1_Init
                0x0000177c       0x1c .\CortexM0p\ARM_GCC_541\Debug\PSOC4_Main.a(PVref_1.o)
                0x0000177c                PVref_1_Init
 .text.PVref_1_Enable
                0x00001798       0x10 .\CortexM0p\ARM_GCC_541\Debug\PSOC4_Main.a(PVref_1.o)
                0x00001798                PVref_1_Enable
 .text.PVref_1_Start
                0x000017a8       0x20 .\CortexM0p\ARM_GCC_541\Debug\PSOC4_Main.a(PVref_1.o)
                0x000017a8                PVref_1_Start
 .text.PVref_1_Stop
                0x000017c8       0x10 .\CortexM0p\ARM_GCC_541\Debug\PSOC4_Main.a(PVref_1.o)
                0x000017c8                PVref_1_Stop
 .text.PGA_2_Enable
                0x000017d8       0x1c .\CortexM0p\ARM_GCC_541\Debug\PSOC4_Main.a(PGA_2.o)
                0x000017d8                PGA_2_Enable
 .text.PGA_2_SetGain
                0x000017f4       0xa4 .\CortexM0p\ARM_GCC_541\Debug\PSOC4_Main.a(PGA_2.o)
                0x000017f4                PGA_2_SetGain
 .text.PGA_2_Init
                0x00001898       0x50 .\CortexM0p\ARM_GCC_541\Debug\PSOC4_Main.a(PGA_2.o)
                0x00001898                PGA_2_Init
 .text.PGA_2_Start
                0x000018e8       0x20 .\CortexM0p\ARM_GCC_541\Debug\PSOC4_Main.a(PGA_2.o)
                0x000018e8                PGA_2_Start
 .text          0x00001908       0x20 .\CortexM0p\ARM_GCC_541\Debug\PSOC4_Main.a(CyBootAsmGnu.o)
                0x00001908                CyDelayCycles
                0x0000191a                CyEnterCriticalSection
                0x00001922                CyExitCriticalSection
 .text.UART_1_SpiUartReadRxData
                0x00001928        0xc .\CortexM0p\ARM_GCC_541\Debug\PSOC4_Main.a(UART_1_SPI_UART.o)
                0x00001928                UART_1_SpiUartReadRxData
 .text.UART_1_SpiUartGetRxBufferSize
                0x00001934       0x10 .\CortexM0p\ARM_GCC_541\Debug\PSOC4_Main.a(UART_1_SPI_UART.o)
                0x00001934                UART_1_SpiUartGetRxBufferSize
 .text.UART_1_SpiUartWriteTxData
                0x00001944       0x1c .\CortexM0p\ARM_GCC_541\Debug\PSOC4_Main.a(UART_1_SPI_UART.o)
                0x00001944                UART_1_SpiUartWriteTxData
 .text.I2C_1_I2C_ISR
                0x00001960      0x340 .\CortexM0p\ARM_GCC_541\Debug\PSOC4_Main.a(I2C_1_I2C_INT.o)
                0x00001960                I2C_1_I2C_ISR
 .text.CySysFlashSetWaitCycles
                0x00001ca0       0x54 .\CortexM0p\ARM_GCC_541\Debug\PSOC4_Main.a(CyFlash.o)
                0x00001ca0                CySysFlashSetWaitCycles
 .text          0x00001cf4      0x114 c:/program files (x86)/cypress/psoc creator/4.3/psoc creator/import/gnu/arm/5.4.1/bin/../lib/gcc/arm-none-eabi/5.4.1/armv6-m\libgcc.a(_udivsi3.o)
                0x00001cf4                __aeabi_uidiv
                0x00001cf4                __udivsi3
                0x00001e00                __aeabi_uidivmod
 .text          0x00001e08      0x1d4 c:/program files (x86)/cypress/psoc creator/4.3/psoc creator/import/gnu/arm/5.4.1/bin/../lib/gcc/arm-none-eabi/5.4.1/armv6-m\libgcc.a(_divsi3.o)
                0x00001e08                __divsi3
                0x00001e08                __aeabi_idiv
                0x00001fd4                __aeabi_idivmod
 .text          0x00001fdc        0x4 c:/program files (x86)/cypress/psoc creator/4.3/psoc creator/import/gnu/arm/5.4.1/bin/../lib/gcc/arm-none-eabi/5.4.1/armv6-m\libgcc.a(_dvmd_tls.o)
                0x00001fdc                __aeabi_idiv0
                0x00001fdc                __aeabi_ldiv0
 .text          0x00001fe0      0x234 c:/program files (x86)/cypress/psoc creator/4.3/psoc creator/import/gnu/arm/5.4.1/bin/../lib/gcc/arm-none-eabi/5.4.1/armv6-m\libgcc.a(divsf3.o)
                0x00001fe0                __aeabi_fdiv
 .text          0x00002214      0x228 c:/program files (x86)/cypress/psoc creator/4.3/psoc creator/import/gnu/arm/5.4.1/bin/../lib/gcc/arm-none-eabi/5.4.1/armv6-m\libgcc.a(mulsf3.o)
                0x00002214                __aeabi_fmul
 .text          0x0000243c      0x30c c:/program files (x86)/cypress/psoc creator/4.3/psoc creator/import/gnu/arm/5.4.1/bin/../lib/gcc/arm-none-eabi/5.4.1/armv6-m\libgcc.a(subsf3.o)
                0x0000243c                __aeabi_fsub
 .text          0x00002748       0x90 c:/program files (x86)/cypress/psoc creator/4.3/psoc creator/import/gnu/arm/5.4.1/bin/../lib/gcc/arm-none-eabi/5.4.1/armv6-m\libgcc.a(floatsisf.o)
                0x00002748                __aeabi_i2f
 .text          0x000027d8       0x7c c:/program files (x86)/cypress/psoc creator/4.3/psoc creator/import/gnu/arm/5.4.1/bin/../lib/gcc/arm-none-eabi/5.4.1/armv6-m\libgcc.a(floatunsisf.o)
                0x000027d8                __aeabi_ui2f
 .text          0x00002854      0x62c c:/program files (x86)/cypress/psoc creator/4.3/psoc creator/import/gnu/arm/5.4.1/bin/../lib/gcc/arm-none-eabi/5.4.1/armv6-m\libgcc.a(divdf3.o)
                0x00002854                __aeabi_ddiv
 .text          0x00002e80      0x4f4 c:/program files (x86)/cypress/psoc creator/4.3/psoc creator/import/gnu/arm/5.4.1/bin/../lib/gcc/arm-none-eabi/5.4.1/armv6-m\libgcc.a(muldf3.o)
                0x00002e80                __aeabi_dmul
 .text          0x00003374       0xa8 c:/program files (x86)/cypress/psoc creator/4.3/psoc creator/import/gnu/arm/5.4.1/bin/../lib/gcc/arm-none-eabi/5.4.1/armv6-m\libgcc.a(extendsfdf2.o)
                0x00003374                __aeabi_f2d
 .text          0x0000341c      0x118 c:/program files (x86)/cypress/psoc creator/4.3/psoc creator/import/gnu/arm/5.4.1/bin/../lib/gcc/arm-none-eabi/5.4.1/armv6-m\libgcc.a(truncdfsf2.o)
                0x0000341c                __aeabi_d2f
 .text          0x00003534       0x3c c:/program files (x86)/cypress/psoc creator/4.3/psoc creator/import/gnu/arm/5.4.1/bin/../lib/gcc/arm-none-eabi/5.4.1/armv6-m\libgcc.a(_clzsi2.o)
                0x00003534                __clzsi2
 .text.__errno  0x00003570        0xc c:/program files (x86)/cypress/psoc creator/4.3/psoc creator/import/gnu/arm/5.4.1/bin/../lib/gcc/arm-none-eabi/5.4.1/../../../../arm-none-eabi/lib/armv6-m\libg_nano.a(lib_a-errno.o)
                0x00003570                __errno
 .text.__libc_init_array
                0x0000357c       0x4c c:/program files (x86)/cypress/psoc creator/4.3/psoc creator/import/gnu/arm/5.4.1/bin/../lib/gcc/arm-none-eabi/5.4.1/../../../../arm-none-eabi/lib/armv6-m\libg_nano.a(lib_a-init.o)
                0x0000357c                __libc_init_array
 .text.memcpy   0x000035c8       0x12 c:/program files (x86)/cypress/psoc creator/4.3/psoc creator/import/gnu/arm/5.4.1/bin/../lib/gcc/arm-none-eabi/5.4.1/../../../../arm-none-eabi/lib/armv6-m\libg_nano.a(lib_a-memcpy-stub.o)
                0x000035c8                memcpy
 .text.memset   0x000035da       0x10 c:/program files (x86)/cypress/psoc creator/4.3/psoc creator/import/gnu/arm/5.4.1/bin/../lib/gcc/arm-none-eabi/5.4.1/../../../../arm-none-eabi/lib/armv6-m\libg_nano.a(lib_a-memset.o)
                0x000035da                memset
 .text.__cvt    0x000035ea       0xca c:/program files (x86)/cypress/psoc creator/4.3/psoc creator/import/gnu/arm/5.4.1/bin/../lib/gcc/arm-none-eabi/5.4.1/../../../../arm-none-eabi/lib/armv6-m\libg_nano.a(lib_a-nano-vfprintf_float.o)
                0x000035ea                __cvt
 .text.__exponent
                0x000036b4       0x62 c:/program files (x86)/cypress/psoc creator/4.3/psoc creator/import/gnu/arm/5.4.1/bin/../lib/gcc/arm-none-eabi/5.4.1/../../../../arm-none-eabi/lib/armv6-m\libg_nano.a(lib_a-nano-vfprintf_float.o)
                0x000036b4                __exponent
 *fill*         0x00003716        0x2 
 .text._printf_float
                0x00003718      0x4a0 c:/program files (x86)/cypress/psoc creator/4.3/psoc creator/import/gnu/arm/5.4.1/bin/../lib/gcc/arm-none-eabi/5.4.1/../../../../arm-none-eabi/lib/armv6-m\libg_nano.a(lib_a-nano-vfprintf_float.o)
                0x00003718                _printf_float
 .text._printf_common
                0x00003bb8       0xdc c:/program files (x86)/cypress/psoc creator/4.3/psoc creator/import/gnu/arm/5.4.1/bin/../lib/gcc/arm-none-eabi/5.4.1/../../../../arm-none-eabi/lib/armv6-m\libg_nano.a(lib_a-nano-vfprintf_i.o)
                0x00003bb8                _printf_common
 .text._printf_i
                0x00003c94      0x244 c:/program files (x86)/cypress/psoc creator/4.3/psoc creator/import/gnu/arm/5.4.1/bin/../lib/gcc/arm-none-eabi/5.4.1/../../../../arm-none-eabi/lib/armv6-m\libg_nano.a(lib_a-nano-vfprintf_i.o)
                0x00003c94                _printf_i
 .text.sprintf  0x00003ed8       0x44 c:/program files (x86)/cypress/psoc creator/4.3/psoc creator/import/gnu/arm/5.4.1/bin/../lib/gcc/arm-none-eabi/5.4.1/../../../../arm-none-eabi/lib/armv6-m\libg_nano.a(lib_a-sprintf.o)
                0x00003ed8                siprintf
                0x00003ed8                sprintf
 .text          0x00003f1c        0xe c:/program files (x86)/cypress/psoc creator/4.3/psoc creator/import/gnu/arm/5.4.1/bin/../lib/gcc/arm-none-eabi/5.4.1/../../../../arm-none-eabi/lib/armv6-m\libg_nano.a(lib_a-strlen.o)
                0x00003f1c                strlen
 .text.quorem   0x00003f2a      0x10c c:/program files (x86)/cypress/psoc creator/4.3/psoc creator/import/gnu/arm/5.4.1/bin/../lib/gcc/arm-none-eabi/5.4.1/../../../../arm-none-eabi/lib/armv6-m\libg_nano.a(lib_a-dtoa.o)
 *fill*         0x00004036        0x2 
 .text._dtoa_r  0x00004038      0xb8c c:/program files (x86)/cypress/psoc creator/4.3/psoc creator/import/gnu/arm/5.4.1/bin/../lib/gcc/arm-none-eabi/5.4.1/../../../../arm-none-eabi/lib/armv6-m\libg_nano.a(lib_a-dtoa.o)
                0x00004038                _dtoa_r
 .text._localeconv_r
                0x00004bc4        0x8 c:/program files (x86)/cypress/psoc creator/4.3/psoc creator/import/gnu/arm/5.4.1/bin/../lib/gcc/arm-none-eabi/5.4.1/../../../../arm-none-eabi/lib/armv6-m\libg_nano.a(lib_a-locale.o)
                0x00004bc4                _localeconv_r
 .text.malloc   0x00004bcc       0x14 c:/program files (x86)/cypress/psoc creator/4.3/psoc creator/import/gnu/arm/5.4.1/bin/../lib/gcc/arm-none-eabi/5.4.1/../../../../arm-none-eabi/lib/armv6-m\libg_nano.a(lib_a-malloc.o)
                0x00004bcc                malloc
 .text.memchr   0x00004be0       0x16 c:/program files (x86)/cypress/psoc creator/4.3/psoc creator/import/gnu/arm/5.4.1/bin/../lib/gcc/arm-none-eabi/5.4.1/../../../../arm-none-eabi/lib/armv6-m\libg_nano.a(lib_a-memchr-stub.o)
                0x00004be0                memchr
 .text._Balloc  0x00004bf6       0x70 c:/program files (x86)/cypress/psoc creator/4.3/psoc creator/import/gnu/arm/5.4.1/bin/../lib/gcc/arm-none-eabi/5.4.1/../../../../arm-none-eabi/lib/armv6-m\libg_nano.a(lib_a-mprec.o)
                0x00004bf6                _Balloc
 .text._Bfree   0x00004c66       0x32 c:/program files (x86)/cypress/psoc creator/4.3/psoc creator/import/gnu/arm/5.4.1/bin/../lib/gcc/arm-none-eabi/5.4.1/../../../../arm-none-eabi/lib/armv6-m\libg_nano.a(lib_a-mprec.o)
                0x00004c66                _Bfree
 .text.__multadd
                0x00004c98       0x7a c:/program files (x86)/cypress/psoc creator/4.3/psoc creator/import/gnu/arm/5.4.1/bin/../lib/gcc/arm-none-eabi/5.4.1/../../../../arm-none-eabi/lib/armv6-m\libg_nano.a(lib_a-mprec.o)
                0x00004c98                __multadd
 .text.__hi0bits
                0x00004d12       0x36 c:/program files (x86)/cypress/psoc creator/4.3/psoc creator/import/gnu/arm/5.4.1/bin/../lib/gcc/arm-none-eabi/5.4.1/../../../../arm-none-eabi/lib/armv6-m\libg_nano.a(lib_a-mprec.o)
                0x00004d12                __hi0bits
 .text.__lo0bits
                0x00004d48       0x5e c:/program files (x86)/cypress/psoc creator/4.3/psoc creator/import/gnu/arm/5.4.1/bin/../lib/gcc/arm-none-eabi/5.4.1/../../../../arm-none-eabi/lib/armv6-m\libg_nano.a(lib_a-mprec.o)
                0x00004d48                __lo0bits
 .text.__i2b    0x00004da6       0x12 c:/program files (x86)/cypress/psoc creator/4.3/psoc creator/import/gnu/arm/5.4.1/bin/../lib/gcc/arm-none-eabi/5.4.1/../../../../arm-none-eabi/lib/armv6-m\libg_nano.a(lib_a-mprec.o)
                0x00004da6                __i2b
 .text.__multiply
                0x00004db8      0x112 c:/program files (x86)/cypress/psoc creator/4.3/psoc creator/import/gnu/arm/5.4.1/bin/../lib/gcc/arm-none-eabi/5.4.1/../../../../arm-none-eabi/lib/armv6-m\libg_nano.a(lib_a-mprec.o)
                0x00004db8                __multiply
 *fill*         0x00004eca        0x2 
 .text.__pow5mult
                0x00004ecc       0xa8 c:/program files (x86)/cypress/psoc creator/4.3/psoc creator/import/gnu/arm/5.4.1/bin/../lib/gcc/arm-none-eabi/5.4.1/../../../../arm-none-eabi/lib/armv6-m\libg_nano.a(lib_a-mprec.o)
                0x00004ecc                __pow5mult
 .text.__lshift
                0x00004f74       0xa4 c:/program files (x86)/cypress/psoc creator/4.3/psoc creator/import/gnu/arm/5.4.1/bin/../lib/gcc/arm-none-eabi/5.4.1/../../../../arm-none-eabi/lib/armv6-m\libg_nano.a(lib_a-mprec.o)
                0x00004f74                __lshift
 .text.__mcmp   0x00005018       0x36 c:/program files (x86)/cypress/psoc creator/4.3/psoc creator/import/gnu/arm/5.4.1/bin/../lib/gcc/arm-none-eabi/5.4.1/../../../../arm-none-eabi/lib/armv6-m\libg_nano.a(lib_a-mprec.o)
                0x00005018                __mcmp
 .text.__mdiff  0x0000504e       0xd6 c:/program files (x86)/cypress/psoc creator/4.3/psoc creator/import/gnu/arm/5.4.1/bin/../lib/gcc/arm-none-eabi/5.4.1/../../../../arm-none-eabi/lib/armv6-m\libg_nano.a(lib_a-mprec.o)
                0x0000504e                __mdiff
 .text.__d2b    0x00005124       0xa8 c:/program files (x86)/cypress/psoc creator/4.3/psoc creator/import/gnu/arm/5.4.1/bin/../lib/gcc/arm-none-eabi/5.4.1/../../../../arm-none-eabi/lib/armv6-m\libg_nano.a(lib_a-mprec.o)
                0x00005124                __d2b
 .text._calloc_r
                0x000051cc       0x1c c:/program files (x86)/cypress/psoc creator/4.3/psoc creator/import/gnu/arm/5.4.1/bin/../lib/gcc/arm-none-eabi/5.4.1/../../../../arm-none-eabi/lib/armv6-m\libg_nano.a(lib_a-nano-callocr.o)
                0x000051cc                _calloc_r
 .text._free_r  0x000051e8       0x98 c:/program files (x86)/cypress/psoc creator/4.3/psoc creator/import/gnu/arm/5.4.1/bin/../lib/gcc/arm-none-eabi/5.4.1/../../../../arm-none-eabi/lib/armv6-m\libg_nano.a(lib_a-nano-freer.o)
                0x000051e8                _free_r
 .text._malloc_r
                0x00005280       0xc0 c:/program files (x86)/cypress/psoc creator/4.3/psoc creator/import/gnu/arm/5.4.1/bin/../lib/gcc/arm-none-eabi/5.4.1/../../../../arm-none-eabi/lib/armv6-m\libg_nano.a(lib_a-nano-mallocr.o)
                0x00005280                _malloc_r
 .text.__ssputs_r
                0x00005340       0xc4 c:/program files (x86)/cypress/psoc creator/4.3/psoc creator/import/gnu/arm/5.4.1/bin/../lib/gcc/arm-none-eabi/5.4.1/../../../../arm-none-eabi/lib/armv6-m\libg_nano.a(lib_a-nano-svfprintf.o)
                0x00005340                __ssputs_r
 .text._svfprintf_r
                0x00005404      0x1fc c:/program files (x86)/cypress/psoc creator/4.3/psoc creator/import/gnu/arm/5.4.1/bin/../lib/gcc/arm-none-eabi/5.4.1/../../../../arm-none-eabi/lib/armv6-m\libg_nano.a(lib_a-nano-svfprintf.o)
                0x00005404                _svfiprintf_r
                0x00005404                _svfprintf_r
 .text._sbrk_r  0x00005600       0x24 c:/program files (x86)/cypress/psoc creator/4.3/psoc creator/import/gnu/arm/5.4.1/bin/../lib/gcc/arm-none-eabi/5.4.1/../../../../arm-none-eabi/lib/armv6-m\libg_nano.a(lib_a-sbrkr.o)
                0x00005600                _sbrk_r
 .text.memmove  0x00005624       0x2a c:/program files (x86)/cypress/psoc creator/4.3/psoc creator/import/gnu/arm/5.4.1/bin/../lib/gcc/arm-none-eabi/5.4.1/../../../../arm-none-eabi/lib/armv6-m\libg_nano.a(lib_a-memmove.o)
                0x00005624                memmove
 .text.__malloc_lock
                0x0000564e        0x2 c:/program files (x86)/cypress/psoc creator/4.3/psoc creator/import/gnu/arm/5.4.1/bin/../lib/gcc/arm-none-eabi/5.4.1/../../../../arm-none-eabi/lib/armv6-m\libg_nano.a(lib_a-mlock.o)
                0x0000564e                __malloc_lock
 .text.__malloc_unlock
                0x00005650        0x2 c:/program files (x86)/cypress/psoc creator/4.3/psoc creator/import/gnu/arm/5.4.1/bin/../lib/gcc/arm-none-eabi/5.4.1/../../../../arm-none-eabi/lib/armv6-m\libg_nano.a(lib_a-mlock.o)
                0x00005650                __malloc_unlock
 .text._realloc_r
                0x00005652       0x4c c:/program files (x86)/cypress/psoc creator/4.3/psoc creator/import/gnu/arm/5.4.1/bin/../lib/gcc/arm-none-eabi/5.4.1/../../../../arm-none-eabi/lib/armv6-m\libg_nano.a(lib_a-nano-reallocr.o)
                0x00005652                _realloc_r
 .text._malloc_usable_size_r
                0x0000569e       0x16 c:/program files (x86)/cypress/psoc creator/4.3/psoc creator/import/gnu/arm/5.4.1/bin/../lib/gcc/arm-none-eabi/5.4.1/../../../../arm-none-eabi/lib/armv6-m\libg_nano.a(lib_a-nano-msizer.o)
                0x0000569e                _malloc_usable_size_r
 .text          0x000056b4       0x14 c:/program files (x86)/cypress/psoc creator/4.3/psoc creator/import/gnu/arm/5.4.1/bin/../lib/gcc/arm-none-eabi/5.4.1/armv6-m\libgcc.a(_thumb1_case_uqi.o)
                0x000056b4                __gnu_thumb1_case_uqi
 .text          0x000056c8       0x7c c:/program files (x86)/cypress/psoc creator/4.3/psoc creator/import/gnu/arm/5.4.1/bin/../lib/gcc/arm-none-eabi/5.4.1/armv6-m\libgcc.a(_arm_cmpdf2.o)
                0x000056c8                __aeabi_cdrcmple
                0x000056d8                __aeabi_cdcmple
                0x000056d8                __aeabi_cdcmpeq
                0x000056e8                __aeabi_dcmpeq
                0x000056f4                __aeabi_dcmplt
                0x00005708                __aeabi_dcmple
                0x0000571c                __aeabi_dcmpgt
                0x00005730                __aeabi_dcmpge
 .text          0x00005744      0x658 c:/program files (x86)/cypress/psoc creator/4.3/psoc creator/import/gnu/arm/5.4.1/bin/../lib/gcc/arm-none-eabi/5.4.1/armv6-m\libgcc.a(adddf3.o)
                0x00005744                __aeabi_dadd
 .text          0x00005d9c       0x80 c:/program files (x86)/cypress/psoc creator/4.3/psoc creator/import/gnu/arm/5.4.1/bin/../lib/gcc/arm-none-eabi/5.4.1/armv6-m\libgcc.a(eqdf2.o)
                0x00005d9c                __nedf2
                0x00005d9c                __eqdf2
 .text          0x00005e1c       0xc8 c:/program files (x86)/cypress/psoc creator/4.3/psoc creator/import/gnu/arm/5.4.1/bin/../lib/gcc/arm-none-eabi/5.4.1/armv6-m\libgcc.a(gedf2.o)
                0x00005e1c                __gedf2
                0x00005e1c                __gtdf2
 .text          0x00005ee4       0xd4 c:/program files (x86)/cypress/psoc creator/4.3/psoc creator/import/gnu/arm/5.4.1/bin/../lib/gcc/arm-none-eabi/5.4.1/armv6-m\libgcc.a(ledf2.o)
                0x00005ee4                __ledf2
                0x00005ee4                __ltdf2
 .text          0x00005fb8      0x6a8 c:/program files (x86)/cypress/psoc creator/4.3/psoc creator/import/gnu/arm/5.4.1/bin/../lib/gcc/arm-none-eabi/5.4.1/armv6-m\libgcc.a(subdf3.o)
                0x00005fb8                __aeabi_dsub
 .text          0x00006660       0x40 c:/program files (x86)/cypress/psoc creator/4.3/psoc creator/import/gnu/arm/5.4.1/bin/../lib/gcc/arm-none-eabi/5.4.1/armv6-m\libgcc.a(unorddf2.o)
                0x00006660                __aeabi_dcmpun
 .text          0x000066a0       0x6c c:/program files (x86)/cypress/psoc creator/4.3/psoc creator/import/gnu/arm/5.4.1/bin/../lib/gcc/arm-none-eabi/5.4.1/armv6-m\libgcc.a(fixdfsi.o)
                0x000066a0                __aeabi_d2iz
 .text          0x0000670c       0x84 c:/program files (x86)/cypress/psoc creator/4.3/psoc creator/import/gnu/arm/5.4.1/bin/../lib/gcc/arm-none-eabi/5.4.1/armv6-m\libgcc.a(floatsidf.o)
                0x0000670c                __aeabi_i2d
 .text          0x00006790       0x70 c:/program files (x86)/cypress/psoc creator/4.3/psoc creator/import/gnu/arm/5.4.1/bin/../lib/gcc/arm-none-eabi/5.4.1/armv6-m\libgcc.a(floatunsidf.o)
                0x00006790                __aeabi_ui2d
 *(.plt)
 *(.gnu.warning)
 *(.glue_7t)
 .glue_7t       0x00006800        0x0 linker stubs
 *(.glue_7)
 .glue_7        0x00006800        0x0 linker stubs
 *(.vfp11_veneer)
 .vfp11_veneer  0x00006800        0x0 linker stubs
 *(.bootloader)
 *(.ARM.extab* .gnu.linkonce.armextab.*)
 *(.gcc_except_table)

.v4_bx          0x00006800        0x0
 .v4_bx         0x00006800        0x0 linker stubs

.iplt           0x00006800        0x0
 .iplt          0x00006800        0x0 c:/program files (x86)/cypress/psoc creator/4.3/psoc creator/import/gnu/arm/5.4.1/bin/../lib/gcc/arm-none-eabi/5.4.1/armv6-m/crtbegin.o

.eh_frame_hdr
 *(.eh_frame_hdr)

.eh_frame       0x00006800        0x4
 *(.eh_frame)
 .eh_frame      0x00006800        0x0 c:/program files (x86)/cypress/psoc creator/4.3/psoc creator/import/gnu/arm/5.4.1/bin/../lib/gcc/arm-none-eabi/5.4.1/armv6-m/crtbegin.o
 .eh_frame      0x00006800        0x4 c:/program files (x86)/cypress/psoc creator/4.3/psoc creator/import/gnu/arm/5.4.1/bin/../lib/gcc/arm-none-eabi/5.4.1/armv6-m/crtend.o
                [!provide]                PROVIDE (__exidx_start, .)

.ARM.exidx
 *(.ARM.exidx* .gnu.linkonce.armexidx.*)
                0x00006804                __exidx_end = .

.rodata         0x00006808      0x468
 *(.rodata .rodata.* .gnu.linkonce.r.*)
 .rodata.str1.4
                0x00006808       0xc8 .\CortexM0p\ARM_GCC_541\Debug\main.o
 .rodata        0x000068d0       0x38 .\CortexM0p\ARM_GCC_541\Debug\PSOC4_Main.a(ADC_1_INIT.o)
                0x000068d0                ADC_1_allConfigs
 .rodata        0x00006908       0x48 .\CortexM0p\ARM_GCC_541\Debug\PSOC4_Main.a(PGA_1.o)
                0x00006908                PGA_1_compTab
 .rodata        0x00006950       0x48 .\CortexM0p\ARM_GCC_541\Debug\PSOC4_Main.a(PGA_2.o)
                0x00006950                PGA_2_compTab
 .rodata        0x00006998       0x80 c:/program files (x86)/cypress/psoc creator/4.3/psoc creator/import/gnu/arm/5.4.1/bin/../lib/gcc/arm-none-eabi/5.4.1/armv6-m\libgcc.a(divsf3.o)
 .rodata        0x00006a18       0x40 c:/program files (x86)/cypress/psoc creator/4.3/psoc creator/import/gnu/arm/5.4.1/bin/../lib/gcc/arm-none-eabi/5.4.1/armv6-m\libgcc.a(mulsf3.o)
 .rodata        0x00006a58       0x40 c:/program files (x86)/cypress/psoc creator/4.3/psoc creator/import/gnu/arm/5.4.1/bin/../lib/gcc/arm-none-eabi/5.4.1/armv6-m\libgcc.a(divdf3.o)
 .rodata        0x00006a98       0x40 c:/program files (x86)/cypress/psoc creator/4.3/psoc creator/import/gnu/arm/5.4.1/bin/../lib/gcc/arm-none-eabi/5.4.1/armv6-m\libgcc.a(muldf3.o)
 .rodata.str1.1
                0x00006ad8        0x2 c:/program files (x86)/cypress/psoc creator/4.3/psoc creator/import/gnu/arm/5.4.1/bin/../lib/gcc/arm-none-eabi/5.4.1/../../../../arm-none-eabi/lib/armv6-m\libg_nano.a(lib_a-impure.o)
 .rodata.str1.1
                0x00006ada       0x12 c:/program files (x86)/cypress/psoc creator/4.3/psoc creator/import/gnu/arm/5.4.1/bin/../lib/gcc/arm-none-eabi/5.4.1/../../../../arm-none-eabi/lib/armv6-m\libg_nano.a(lib_a-nano-vfprintf_float.o)
 .rodata.str1.1
                0x00006aec       0x22 c:/program files (x86)/cypress/psoc creator/4.3/psoc creator/import/gnu/arm/5.4.1/bin/../lib/gcc/arm-none-eabi/5.4.1/../../../../arm-none-eabi/lib/armv6-m\libg_nano.a(lib_a-nano-vfprintf_i.o)
 .rodata.str1.1
                0x00006b0e        0xd c:/program files (x86)/cypress/psoc creator/4.3/psoc creator/import/gnu/arm/5.4.1/bin/../lib/gcc/arm-none-eabi/5.4.1/../../../../arm-none-eabi/lib/armv6-m\libg_nano.a(lib_a-dtoa.o)
                                  0xf (size before relaxing)
 .rodata.str1.1
                0x00006b1b        0x8 c:/program files (x86)/cypress/psoc creator/4.3/psoc creator/import/gnu/arm/5.4.1/bin/../lib/gcc/arm-none-eabi/5.4.1/../../../../arm-none-eabi/lib/armv6-m\libg_nano.a(lib_a-locale.o)
                                  0xb (size before relaxing)
 *fill*         0x00006b23        0x5 
 .rodata.__mprec_tens
                0x00006b28       0xc8 c:/program files (x86)/cypress/psoc creator/4.3/psoc creator/import/gnu/arm/5.4.1/bin/../lib/gcc/arm-none-eabi/5.4.1/../../../../arm-none-eabi/lib/armv6-m\libg_nano.a(lib_a-mprec.o)
                0x00006b28                __mprec_tens
 .rodata.p05.5408
                0x00006bf0        0xc c:/program files (x86)/cypress/psoc creator/4.3/psoc creator/import/gnu/arm/5.4.1/bin/../lib/gcc/arm-none-eabi/5.4.1/../../../../arm-none-eabi/lib/armv6-m\libg_nano.a(lib_a-mprec.o)
 *fill*         0x00006bfc        0x4 
 .rodata.__mprec_bigtens
                0x00006c00       0x28 c:/program files (x86)/cypress/psoc creator/4.3/psoc creator/import/gnu/arm/5.4.1/bin/../lib/gcc/arm-none-eabi/5.4.1/../../../../arm-none-eabi/lib/armv6-m\libg_nano.a(lib_a-mprec.o)
                0x00006c00                __mprec_bigtens
 .rodata.str1.1
                0x00006c28       0x11 c:/program files (x86)/cypress/psoc creator/4.3/psoc creator/import/gnu/arm/5.4.1/bin/../lib/gcc/arm-none-eabi/5.4.1/../../../../arm-none-eabi/lib/armv6-m\libg_nano.a(lib_a-nano-svfprintf.o)
                0x00006c3c                . = ALIGN (0x4)
 *fill*         0x00006c39        0x3 
 *(.init)
 .init          0x00006c3c        0x4 c:/program files (x86)/cypress/psoc creator/4.3/psoc creator/import/gnu/arm/5.4.1/bin/../lib/gcc/arm-none-eabi/5.4.1/armv6-m/crti.o
                0x00006c3c                _init
 .init          0x00006c40        0x8 c:/program files (x86)/cypress/psoc creator/4.3/psoc creator/import/gnu/arm/5.4.1/bin/../lib/gcc/arm-none-eabi/5.4.1/armv6-m/crtn.o
                0x00006c48                . = ALIGN (0x4)
                0x00006c48                __preinit_array_start = .
 *(.preinit_array)
                0x00006c48                __preinit_array_end = .
                0x00006c48                . = ALIGN (0x4)
                0x00006c48                __init_array_start = .
 *(SORT(.init_array.*))
 *(.init_array)
 .init_array    0x00006c48        0x4 c:/program files (x86)/cypress/psoc creator/4.3/psoc creator/import/gnu/arm/5.4.1/bin/../lib/gcc/arm-none-eabi/5.4.1/armv6-m/crtbegin.o
 .init_array    0x00006c4c        0x4 .\CortexM0p\ARM_GCC_541\Debug\Cm0plusStart.o
                0x00006c50                __init_array_end = .
                0x00006c50                . = ALIGN (0x4)
 *(.fini)
 .fini          0x00006c50        0x4 c:/program files (x86)/cypress/psoc creator/4.3/psoc creator/import/gnu/arm/5.4.1/bin/../lib/gcc/arm-none-eabi/5.4.1/armv6-m/crti.o
                0x00006c50                _fini
 .fini          0x00006c54        0x8 c:/program files (x86)/cypress/psoc creator/4.3/psoc creator/import/gnu/arm/5.4.1/bin/../lib/gcc/arm-none-eabi/5.4.1/armv6-m/crtn.o
                0x00006c5c                . = ALIGN (0x4)
                0x00006c5c                __fini_array_start = .
 *(.fini_array)
 .fini_array    0x00006c5c        0x4 c:/program files (x86)/cypress/psoc creator/4.3/psoc creator/import/gnu/arm/5.4.1/bin/../lib/gcc/arm-none-eabi/5.4.1/armv6-m/crtbegin.o
 *(SORT(.fini_array.*))
                0x00006c60                __fini_array_end = .
                0x00006c60                . = ALIGN (0x4)
 *crtbegin.o(.ctors)
 *(EXCLUDE_FILE(*crtend.o) .ctors)
 *(SORT(.ctors.*))
 *crtend.o(.ctors)
                0x00006c60                . = ALIGN (0x4)
 *crtbegin.o(.dtors)
 *(EXCLUDE_FILE(*crtend.o) .dtors)
 *(SORT(.dtors.*))
 *crtend.o(.dtors)
                0x00006c60                . = ALIGN (0x4)
                0x00006c60                __cy_regions = .
                0x00006c60        0x4 LONG 0x6c70 __cy_region_init_ram
                0x00006c64        0x4 LONG 0x200000a8 __cy_region_start_data
                0x00006c68        0x4 LONG 0xc0 __cy_region_init_size_ram
                0x00006c6c        0x4 LONG 0xa0 __cy_region_zero_size_ram
                0x00006c70                __cy_regions_end = .
                0x00006c70                . = ALIGN (0x8)
                0x00006c70                _etext = .

.cy_checksum_exclude
                0x00006c70        0x0
 *(.cy_checksum_exclude)

.ramvectors     0x20000000       0xa4
                0x20000000                __cy_region_start_ram = .
 *(.ramvectors)
 .ramvectors    0x20000000       0xa4 .\CortexM0p\ARM_GCC_541\Debug\Cm0plusStart.o
                0x20000000                CyRamVectors

.noinit
 *(.noinit)

.data           0x200000a8       0xc0 load address 0x00006c70
                0x200000a8                __cy_region_start_data = .
 *(.jcr)
 .jcr           0x200000a8        0x0 c:/program files (x86)/cypress/psoc creator/4.3/psoc creator/import/gnu/arm/5.4.1/bin/../lib/gcc/arm-none-eabi/5.4.1/armv6-m/crtbegin.o
 .jcr           0x200000a8        0x4 c:/program files (x86)/cypress/psoc creator/4.3/psoc creator/import/gnu/arm/5.4.1/bin/../lib/gcc/arm-none-eabi/5.4.1/armv6-m/crtend.o
 *(.got.plt)
 *(.got)
 *(.shdata)
 *(.data .data.* .gnu.linkonce.d.*)
 .data          0x200000ac        0x4 .\CortexM0p\ARM_GCC_541\Debug\Cm0plusStart.o
 .data          0x200000b0        0x1 .\CortexM0p\ARM_GCC_541\Debug\PSOC4_Main.a(AMux_1.o)
 *fill*         0x200000b1        0x3 
 .data          0x200000b4       0x14 .\CortexM0p\ARM_GCC_541\Debug\PSOC4_Main.a(CyLib.o)
                0x200000b4                CySysClkPumpConfig
                0x200000b8                cydelay32kMs
                0x200000bc                cydelayFreqKhz
                0x200000c0                cydelayFreqMhz
                0x200000c4                cydelayFreqHz
 .data          0x200000c8        0x4 .\CortexM0p\ARM_GCC_541\Debug\PSOC4_Main.a(CyLFClk.o)
 .data.impure_data
                0x200000cc       0x60 c:/program files (x86)/cypress/psoc creator/4.3/psoc creator/import/gnu/arm/5.4.1/bin/../lib/gcc/arm-none-eabi/5.4.1/../../../../arm-none-eabi/lib/armv6-m\libg_nano.a(lib_a-impure.o)
 .data._impure_ptr
                0x2000012c        0x4 c:/program files (x86)/cypress/psoc creator/4.3/psoc creator/import/gnu/arm/5.4.1/bin/../lib/gcc/arm-none-eabi/5.4.1/../../../../arm-none-eabi/lib/armv6-m\libg_nano.a(lib_a-impure.o)
                0x2000012c                _impure_ptr
 .data.lconv    0x20000130       0x38 c:/program files (x86)/cypress/psoc creator/4.3/psoc creator/import/gnu/arm/5.4.1/bin/../lib/gcc/arm-none-eabi/5.4.1/../../../../arm-none-eabi/lib/armv6-m\libg_nano.a(lib_a-locale.o)
                0x20000168                . = ALIGN (0x8)
 *(.ram)
                0x20000168                _edata = .

.igot.plt       0x20000168        0x0 load address 0x00006d30
 .igot.plt      0x20000168        0x0 c:/program files (x86)/cypress/psoc creator/4.3/psoc creator/import/gnu/arm/5.4.1/bin/../lib/gcc/arm-none-eabi/5.4.1/armv6-m/crtbegin.o

.bss            0x20000168       0xa0 load address 0x00006d30
                0x20000168                PROVIDE (__bss_start__, .)
 *(.shbss)
 *(.bss .bss.* .gnu.linkonce.b.*)
 .bss           0x20000168       0x1c c:/program files (x86)/cypress/psoc creator/4.3/psoc creator/import/gnu/arm/5.4.1/bin/../lib/gcc/arm-none-eabi/5.4.1/armv6-m/crtbegin.o
 .bss           0x20000184        0x1 .\CortexM0p\ARM_GCC_541\Debug\PSOC4_Main.a(Timer_1.o)
                0x20000184                Timer_1_initVar
 *fill*         0x20000185        0x1 
 .bss           0x20000186        0x4 .\CortexM0p\ARM_GCC_541\Debug\PSOC4_Main.a(UART_1.o)
                0x20000186                UART_1_initVar
                0x20000188                UART_1_IntrTxMask
 *fill*         0x2000018a        0x2 
 .bss           0x2000018c        0x8 .\CortexM0p\ARM_GCC_541\Debug\PSOC4_Main.a(I2C_1.o)
                0x2000018c                I2C_1_initVar
                0x20000190                I2C_1_customIntrHandler
 .bss           0x20000194        0x6 .\CortexM0p\ARM_GCC_541\Debug\PSOC4_Main.a(ADC_1.o)
                0x20000198                ADC_1_initVar
                0x20000199                ADC_1_selected
 *fill*         0x2000019a        0x2 
 .bss           0x2000019c        0x5 .\CortexM0p\ARM_GCC_541\Debug\PSOC4_Main.a(PGA_1.o)
                0x2000019c                PGA_1_internalGainPower
                0x200001a0                PGA_1_initVar
 *fill*         0x200001a1        0x3 
 .bss           0x200001a4        0x5 .\CortexM0p\ARM_GCC_541\Debug\PSOC4_Main.a(Opamp_1.o)
                0x200001a8                Opamp_1_initVar
 *fill*         0x200001a9        0x3 
 .bss           0x200001ac       0x18 .\CortexM0p\ARM_GCC_541\Debug\PSOC4_Main.a(CyLFClk.o)
 .bss           0x200001c4        0x1 .\CortexM0p\ARM_GCC_541\Debug\PSOC4_Main.a(PVref_1.o)
                0x200001c4                PVref_1_initVar
 *fill*         0x200001c5        0x3 
 .bss           0x200001c8        0x5 .\CortexM0p\ARM_GCC_541\Debug\PSOC4_Main.a(PGA_2.o)
                0x200001c8                PGA_2_internalGainPower
                0x200001cc                PGA_2_initVar
 *fill*         0x200001cd        0x3 
 .bss.__malloc_sbrk_start
                0x200001d0        0x4 c:/program files (x86)/cypress/psoc creator/4.3/psoc creator/import/gnu/arm/5.4.1/bin/../lib/gcc/arm-none-eabi/5.4.1/../../../../arm-none-eabi/lib/armv6-m\libg_nano.a(lib_a-nano-mallocr.o)
                0x200001d0                __malloc_sbrk_start
 .bss.__malloc_free_list
                0x200001d4        0x4 c:/program files (x86)/cypress/psoc creator/4.3/psoc creator/import/gnu/arm/5.4.1/bin/../lib/gcc/arm-none-eabi/5.4.1/../../../../arm-none-eabi/lib/armv6-m\libg_nano.a(lib_a-nano-mallocr.o)
                0x200001d4                __malloc_free_list
 *(COMMON)
 COMMON         0x200001d8        0x1 .\CortexM0p\ARM_GCC_541\Debug\PSOC4_Main.a(I2C_1_I2C.o)
                0x200001d8                I2C_1_state
 *fill*         0x200001d9        0x3 
 COMMON         0x200001dc       0x20 .\CortexM0p\ARM_GCC_541\Debug\PSOC4_Main.a(I2C_1_I2C_MASTER.o)
                0x200001dc                I2C_1_mstrWrBufIndexTmp
                0x200001e0                I2C_1_mstrWrBufIndex
                0x200001e4                I2C_1_mstrControl
                0x200001e6                I2C_1_mstrStatus
                0x200001e8                I2C_1_mstrWrBufSize
                0x200001ec                I2C_1_mstrRdBufIndex
                0x200001f0                I2C_1_mstrWrBufPtr
                0x200001f4                I2C_1_mstrRdBufPtr
                0x200001f8                I2C_1_mstrRdBufSize
 COMMON         0x200001fc        0x8 .\CortexM0p\ARM_GCC_541\Debug\PSOC4_Main.a(ADC_1.o)
                0x200001fc                ADC_1_offset
                0x20000200                ADC_1_countsPer10Volt
 COMMON         0x20000204        0x4 c:/program files (x86)/cypress/psoc creator/4.3/psoc creator/import/gnu/arm/5.4.1/bin/../lib/gcc/arm-none-eabi/5.4.1/../../../../arm-none-eabi/lib/armv6-m\libg_nano.a(lib_a-reent.o)
                0x20000204                errno
                0x20000208                . = ALIGN (0x8)
 *(.ram.b)
                0x20000208                _end = .
                0x20000208                __end = .
                0x20000208                PROVIDE (end, .)
                0x20000208                PROVIDE (__bss_end__, .)
                0x00006c70                __cy_region_init_ram = LOADADDR (.data)
                0x000000c0                __cy_region_init_size_ram = (_edata - ADDR (.data))
                0x000000a0                __cy_region_zero_size_ram = (_end - _edata)

.heap           0x20000208       0x80 load address 0x00006d30
                0x20000208                . = _end
                0x20000288                . = (. + 0x80)
 *fill*         0x20000208       0x80 
                0x20000288                __cy_heap_limit = .

.stack          0x20000800      0x800
                0x20000800                __cy_stack_limit = .
                0x20001000                . = (. + 0x800)
 *fill*         0x20000800      0x800 
                0x00000001                ASSERT ((__cy_stack_limit >= __cy_heap_limit), region RAM overflowed with stack)
                0x00000000                cy_checksum_exclude_size = (CY_APPL_LOADABLE == 0x1)?SIZEOF (.cy_checksum_exclude):0x0
                0x00000001                ASSERT ((cy_checksum_exclude_size <= CY_CHECKSUM_EXCLUDE_SIZE), CY_BOOT: Section .cy_checksum_exclude size exceedes specified limit.)
                0x00007fc0                cyloadermeta_start = (cy_project_type_bootloader || cy_project_type_app_for_stack_and_copier)?(LENGTH (rom) - CY_METADATA_SIZE):0xf0000000

.cyloadermeta
 *(.cyloadermeta)
                0x00007fc0                cyloadablemeta_start = cy_project_type_app_for_stack_and_copier?((LENGTH (rom) - CY_FLASH_ROW_SIZE) - CY_METADATA_SIZE):((LENGTH (rom) - (CY_FLASH_ROW_SIZE * (CY_APPL_NUM - 0x1))) - CY_METADATA_SIZE)

.cyloadablemeta
 *(.cyloadablemeta)

.cyflashprotect
                0x90400000       0x20
 *(.cyflashprotect)
 .cyflashprotect
                0x90400000       0x20 .\CortexM0p\ARM_GCC_541\Debug\cymetadata.o
                0x90400000                cy_meta_flashprotect

.cymeta         0x90500000        0xc
 *(.cymeta)
 .cymeta        0x90500000        0xc .\CortexM0p\ARM_GCC_541\Debug\cymetadata.o
                0x90500000                cy_metadata

.cychipprotect  0x90600000        0x1
 *(.cychipprotect)
 .cychipprotect
                0x90600000        0x1 .\CortexM0p\ARM_GCC_541\Debug\cymetadata.o
                0x90600000                cy_meta_chipprotect

.rel.dyn        0x00006d30        0x0 load address 0x90600004
 .rel.iplt      0x00006d30        0x0 c:/program files (x86)/cypress/psoc creator/4.3/psoc creator/import/gnu/arm/5.4.1/bin/../lib/gcc/arm-none-eabi/5.4.1/armv6-m/crtbegin.o

.stab
 *(.stab)

.stabstr
 *(.stabstr)

.debug
 *(.debug)

.line
 *(.line)

.debug_srcinfo
 *(.debug_srcinfo)

.debug_sfnames
 *(.debug_sfnames)

.debug_aranges  0x00000000      0xca0
 *(.debug_aranges)
 .debug_aranges
                0x00000000       0x30 .\CortexM0p\ARM_GCC_541\Debug\main.o
 .debug_aranges
                0x00000030       0x48 .\CortexM0p\ARM_GCC_541\Debug\cyfitter_cfg.o
 .debug_aranges
                0x00000078       0x18 .\CortexM0p\ARM_GCC_541\Debug\cymetadata.o
 .debug_aranges
                0x00000090       0x48 .\CortexM0p\ARM_GCC_541\Debug\Cm0plusStart.o
 .debug_aranges
                0x000000d8      0x158 .\CortexM0p\ARM_GCC_541\Debug\PSOC4_Main.a(Timer_1.o)
 .debug_aranges
                0x00000230       0x58 .\CortexM0p\ARM_GCC_541\Debug\PSOC4_Main.a(UART_1.o)
 .debug_aranges
                0x00000288       0x90 .\CortexM0p\ARM_GCC_541\Debug\PSOC4_Main.a(UART_1_UART.o)
 .debug_aranges
                0x00000318       0x60 .\CortexM0p\ARM_GCC_541\Debug\PSOC4_Main.a(I2C_1.o)
 .debug_aranges
                0x00000378       0x30 .\CortexM0p\ARM_GCC_541\Debug\PSOC4_Main.a(I2C_1_I2C.o)
 .debug_aranges
                0x000003a8       0x98 .\CortexM0p\ARM_GCC_541\Debug\PSOC4_Main.a(I2C_1_I2C_MASTER.o)
 .debug_aranges
                0x00000440       0xf0 .\CortexM0p\ARM_GCC_541\Debug\PSOC4_Main.a(ADC_1.o)
 .debug_aranges
                0x00000530       0x18 .\CortexM0p\ARM_GCC_541\Debug\PSOC4_Main.a(ADC_1_INIT.o)
 .debug_aranges
                0x00000548       0x20 .\CortexM0p\ARM_GCC_541\Debug\PSOC4_Main.a(ADC_1_INT.o)
 .debug_aranges
                0x00000568       0x50 .\CortexM0p\ARM_GCC_541\Debug\PSOC4_Main.a(PGA_1.o)
 .debug_aranges
                0x000005b8       0x48 .\CortexM0p\ARM_GCC_541\Debug\PSOC4_Main.a(Opamp_1.o)
 .debug_aranges
                0x00000600       0x30 .\CortexM0p\ARM_GCC_541\Debug\PSOC4_Main.a(AMux_1.o)
 .debug_aranges
                0x00000630       0x40 .\CortexM0p\ARM_GCC_541\Debug\PSOC4_Main.a(ADC_1_intSarClock.o)
 .debug_aranges
                0x00000670       0x80 .\CortexM0p\ARM_GCC_541\Debug\PSOC4_Main.a(ADC_1_IRQ.o)
 .debug_aranges
                0x000006f0      0x1f8 .\CortexM0p\ARM_GCC_541\Debug\PSOC4_Main.a(CyLib.o)
 .debug_aranges
                0x000008e8      0x1a8 .\CortexM0p\ARM_GCC_541\Debug\PSOC4_Main.a(CyLFClk.o)
 .debug_aranges
                0x00000a90       0x48 .\CortexM0p\ARM_GCC_541\Debug\PSOC4_Main.a(RELAY.o)
 .debug_aranges
                0x00000ad8       0x48 .\CortexM0p\ARM_GCC_541\Debug\PSOC4_Main.a(RED_LED.o)
 .debug_aranges
                0x00000b20       0x48 .\CortexM0p\ARM_GCC_541\Debug\PSOC4_Main.a(PVref_1.o)
 .debug_aranges
                0x00000b68       0x50 .\CortexM0p\ARM_GCC_541\Debug\PSOC4_Main.a(PGA_2.o)
 .debug_aranges
                0x00000bb8       0x20 .\CortexM0p\ARM_GCC_541\Debug\PSOC4_Main.a(CyBootAsmGnu.o)
 .debug_aranges
                0x00000bd8       0x60 .\CortexM0p\ARM_GCC_541\Debug\PSOC4_Main.a(UART_1_SPI_UART.o)
 .debug_aranges
                0x00000c38       0x20 .\CortexM0p\ARM_GCC_541\Debug\PSOC4_Main.a(I2C_1_I2C_INT.o)
 .debug_aranges
                0x00000c58       0x48 .\CortexM0p\ARM_GCC_541\Debug\PSOC4_Main.a(CyFlash.o)

.debug_pubnames
 *(.debug_pubnames)

.debug_info     0x00000000     0x6b29
 *(.debug_info .gnu.linkonce.wi.*)
 .debug_info    0x00000000      0x903 .\CortexM0p\ARM_GCC_541\Debug\main.o
 .debug_info    0x00000903      0x20f .\CortexM0p\ARM_GCC_541\Debug\cyfitter_cfg.o
 .debug_info    0x00000b12       0xf8 .\CortexM0p\ARM_GCC_541\Debug\cymetadata.o
 .debug_info    0x00000c0a      0x3a5 .\CortexM0p\ARM_GCC_541\Debug\Cm0plusStart.o
 .debug_info    0x00000faf      0x8f6 .\CortexM0p\ARM_GCC_541\Debug\PSOC4_Main.a(Timer_1.o)
 .debug_info    0x000018a5      0x23a .\CortexM0p\ARM_GCC_541\Debug\PSOC4_Main.a(UART_1.o)
 .debug_info    0x00001adf      0x3b5 .\CortexM0p\ARM_GCC_541\Debug\PSOC4_Main.a(UART_1_UART.o)
 .debug_info    0x00001e94      0x298 .\CortexM0p\ARM_GCC_541\Debug\PSOC4_Main.a(I2C_1.o)
 .debug_info    0x0000212c      0x195 .\CortexM0p\ARM_GCC_541\Debug\PSOC4_Main.a(I2C_1_I2C.o)
 .debug_info    0x000022c1      0x813 .\CortexM0p\ARM_GCC_541\Debug\PSOC4_Main.a(I2C_1_I2C_MASTER.o)
 .debug_info    0x00002ad4      0xa71 .\CortexM0p\ARM_GCC_541\Debug\PSOC4_Main.a(ADC_1.o)
 .debug_info    0x00003545      0x192 .\CortexM0p\ARM_GCC_541\Debug\PSOC4_Main.a(ADC_1_INIT.o)
 .debug_info    0x000036d7       0xcb .\CortexM0p\ARM_GCC_541\Debug\PSOC4_Main.a(ADC_1_INT.o)
 .debug_info    0x000037a2      0x209 .\CortexM0p\ARM_GCC_541\Debug\PSOC4_Main.a(PGA_1.o)
 .debug_info    0x000039ab      0x17c .\CortexM0p\ARM_GCC_541\Debug\PSOC4_Main.a(Opamp_1.o)
 .debug_info    0x00003b27      0x146 .\CortexM0p\ARM_GCC_541\Debug\PSOC4_Main.a(AMux_1.o)
 .debug_info    0x00003c6d      0x166 .\CortexM0p\ARM_GCC_541\Debug\PSOC4_Main.a(ADC_1_intSarClock.o)
 .debug_info    0x00003dd3      0x305 .\CortexM0p\ARM_GCC_541\Debug\PSOC4_Main.a(ADC_1_IRQ.o)
 .debug_info    0x000040d8      0xe0e .\CortexM0p\ARM_GCC_541\Debug\PSOC4_Main.a(CyLib.o)
 .debug_info    0x00004ee6      0xd06 .\CortexM0p\ARM_GCC_541\Debug\PSOC4_Main.a(CyLFClk.o)
 .debug_info    0x00005bec      0x19d .\CortexM0p\ARM_GCC_541\Debug\PSOC4_Main.a(RELAY.o)
 .debug_info    0x00005d89      0x19d .\CortexM0p\ARM_GCC_541\Debug\PSOC4_Main.a(RED_LED.o)
 .debug_info    0x00005f26      0x15e .\CortexM0p\ARM_GCC_541\Debug\PSOC4_Main.a(PVref_1.o)
 .debug_info    0x00006084      0x209 .\CortexM0p\ARM_GCC_541\Debug\PSOC4_Main.a(PGA_2.o)
 .debug_info    0x0000628d       0xbd .\CortexM0p\ARM_GCC_541\Debug\PSOC4_Main.a(CyBootAsmGnu.o)
 .debug_info    0x0000634a      0x220 .\CortexM0p\ARM_GCC_541\Debug\PSOC4_Main.a(UART_1_SPI_UART.o)
 .debug_info    0x0000656a      0x1a8 .\CortexM0p\ARM_GCC_541\Debug\PSOC4_Main.a(I2C_1_I2C_INT.o)
 .debug_info    0x00006712      0x417 .\CortexM0p\ARM_GCC_541\Debug\PSOC4_Main.a(CyFlash.o)

.debug_abbrev   0x00000000     0x1dbe
 *(.debug_abbrev)
 .debug_abbrev  0x00000000      0x15b .\CortexM0p\ARM_GCC_541\Debug\main.o
 .debug_abbrev  0x0000015b       0xce .\CortexM0p\ARM_GCC_541\Debug\cyfitter_cfg.o
 .debug_abbrev  0x00000229       0x5d .\CortexM0p\ARM_GCC_541\Debug\cymetadata.o
 .debug_abbrev  0x00000286      0x1d0 .\CortexM0p\ARM_GCC_541\Debug\Cm0plusStart.o
 .debug_abbrev  0x00000456      0x119 .\CortexM0p\ARM_GCC_541\Debug\PSOC4_Main.a(Timer_1.o)
 .debug_abbrev  0x0000056f       0xd5 .\CortexM0p\ARM_GCC_541\Debug\PSOC4_Main.a(UART_1.o)
 .debug_abbrev  0x00000644      0x132 .\CortexM0p\ARM_GCC_541\Debug\PSOC4_Main.a(UART_1_UART.o)
 .debug_abbrev  0x00000776      0x118 .\CortexM0p\ARM_GCC_541\Debug\PSOC4_Main.a(I2C_1.o)
 .debug_abbrev  0x0000088e       0xc7 .\CortexM0p\ARM_GCC_541\Debug\PSOC4_Main.a(I2C_1_I2C.o)
 .debug_abbrev  0x00000955      0x1c2 .\CortexM0p\ARM_GCC_541\Debug\PSOC4_Main.a(I2C_1_I2C_MASTER.o)
 .debug_abbrev  0x00000b17      0x211 .\CortexM0p\ARM_GCC_541\Debug\PSOC4_Main.a(ADC_1.o)
 .debug_abbrev  0x00000d28       0x86 .\CortexM0p\ARM_GCC_541\Debug\PSOC4_Main.a(ADC_1_INIT.o)
 .debug_abbrev  0x00000dae       0x65 .\CortexM0p\ARM_GCC_541\Debug\PSOC4_Main.a(ADC_1_INT.o)
 .debug_abbrev  0x00000e13      0x103 .\CortexM0p\ARM_GCC_541\Debug\PSOC4_Main.a(PGA_1.o)
 .debug_abbrev  0x00000f16       0xc8 .\CortexM0p\ARM_GCC_541\Debug\PSOC4_Main.a(Opamp_1.o)
 .debug_abbrev  0x00000fde       0xb1 .\CortexM0p\ARM_GCC_541\Debug\PSOC4_Main.a(AMux_1.o)
 .debug_abbrev  0x0000108f       0xb7 .\CortexM0p\ARM_GCC_541\Debug\PSOC4_Main.a(ADC_1_intSarClock.o)
 .debug_abbrev  0x00001146      0x19a .\CortexM0p\ARM_GCC_541\Debug\PSOC4_Main.a(ADC_1_IRQ.o)
 .debug_abbrev  0x000012e0      0x1f5 .\CortexM0p\ARM_GCC_541\Debug\PSOC4_Main.a(CyLib.o)
 .debug_abbrev  0x000014d5      0x207 .\CortexM0p\ARM_GCC_541\Debug\PSOC4_Main.a(CyLFClk.o)
 .debug_abbrev  0x000016dc       0xc8 .\CortexM0p\ARM_GCC_541\Debug\PSOC4_Main.a(RELAY.o)
 .debug_abbrev  0x000017a4       0xc8 .\CortexM0p\ARM_GCC_541\Debug\PSOC4_Main.a(RED_LED.o)
 .debug_abbrev  0x0000186c       0xaa .\CortexM0p\ARM_GCC_541\Debug\PSOC4_Main.a(PVref_1.o)
 .debug_abbrev  0x00001916      0x103 .\CortexM0p\ARM_GCC_541\Debug\PSOC4_Main.a(PGA_2.o)
 .debug_abbrev  0x00001a19       0x14 .\CortexM0p\ARM_GCC_541\Debug\PSOC4_Main.a(CyBootAsmGnu.o)
 .debug_abbrev  0x00001a2d      0x14f .\CortexM0p\ARM_GCC_541\Debug\PSOC4_Main.a(UART_1_SPI_UART.o)
 .debug_abbrev  0x00001b7c       0xa4 .\CortexM0p\ARM_GCC_541\Debug\PSOC4_Main.a(I2C_1_I2C_INT.o)
 .debug_abbrev  0x00001c20      0x19e .\CortexM0p\ARM_GCC_541\Debug\PSOC4_Main.a(CyFlash.o)

.debug_line     0x00000000     0x2f30
 *(.debug_line)
 .debug_line    0x00000000      0x2d9 .\CortexM0p\ARM_GCC_541\Debug\main.o
 .debug_line    0x000002d9      0x116 .\CortexM0p\ARM_GCC_541\Debug\cyfitter_cfg.o
 .debug_line    0x000003ef      0x141 .\CortexM0p\ARM_GCC_541\Debug\cymetadata.o
 .debug_line    0x00000530      0x247 .\CortexM0p\ARM_GCC_541\Debug\Cm0plusStart.o
 .debug_line    0x00000777      0x37b .\CortexM0p\ARM_GCC_541\Debug\PSOC4_Main.a(Timer_1.o)
 .debug_line    0x00000af2      0x10c .\CortexM0p\ARM_GCC_541\Debug\PSOC4_Main.a(UART_1.o)
 .debug_line    0x00000bfe      0x1cf .\CortexM0p\ARM_GCC_541\Debug\PSOC4_Main.a(UART_1_UART.o)
 .debug_line    0x00000dcd      0x128 .\CortexM0p\ARM_GCC_541\Debug\PSOC4_Main.a(I2C_1.o)
 .debug_line    0x00000ef5       0xc6 .\CortexM0p\ARM_GCC_541\Debug\PSOC4_Main.a(I2C_1_I2C.o)
 .debug_line    0x00000fbb      0x300 .\CortexM0p\ARM_GCC_541\Debug\PSOC4_Main.a(I2C_1_I2C_MASTER.o)
 .debug_line    0x000012bb      0x3c0 .\CortexM0p\ARM_GCC_541\Debug\PSOC4_Main.a(ADC_1.o)
 .debug_line    0x0000167b       0x5c .\CortexM0p\ARM_GCC_541\Debug\PSOC4_Main.a(ADC_1_INIT.o)
 .debug_line    0x000016d7       0x64 .\CortexM0p\ARM_GCC_541\Debug\PSOC4_Main.a(ADC_1_INT.o)
 .debug_line    0x0000173b       0xe4 .\CortexM0p\ARM_GCC_541\Debug\PSOC4_Main.a(PGA_1.o)
 .debug_line    0x0000181f       0xc3 .\CortexM0p\ARM_GCC_541\Debug\PSOC4_Main.a(Opamp_1.o)
 .debug_line    0x000018e2       0xad .\CortexM0p\ARM_GCC_541\Debug\PSOC4_Main.a(AMux_1.o)
 .debug_line    0x0000198f       0xc4 .\CortexM0p\ARM_GCC_541\Debug\PSOC4_Main.a(ADC_1_intSarClock.o)
 .debug_line    0x00001a53      0x155 .\CortexM0p\ARM_GCC_541\Debug\PSOC4_Main.a(ADC_1_IRQ.o)
 .debug_line    0x00001ba8      0x5df .\CortexM0p\ARM_GCC_541\Debug\PSOC4_Main.a(CyLib.o)
 .debug_line    0x00002187      0x5c1 .\CortexM0p\ARM_GCC_541\Debug\PSOC4_Main.a(CyLFClk.o)
 .debug_line    0x00002748       0xbd .\CortexM0p\ARM_GCC_541\Debug\PSOC4_Main.a(RELAY.o)
 .debug_line    0x00002805       0xbf .\CortexM0p\ARM_GCC_541\Debug\PSOC4_Main.a(RED_LED.o)
 .debug_line    0x000028c4       0xc1 .\CortexM0p\ARM_GCC_541\Debug\PSOC4_Main.a(PVref_1.o)
 .debug_line    0x00002985       0xe4 .\CortexM0p\ARM_GCC_541\Debug\PSOC4_Main.a(PGA_2.o)
 .debug_line    0x00002a69       0x68 .\CortexM0p\ARM_GCC_541\Debug\PSOC4_Main.a(CyBootAsmGnu.o)
 .debug_line    0x00002ad1      0x11c .\CortexM0p\ARM_GCC_541\Debug\PSOC4_Main.a(UART_1_SPI_UART.o)
 .debug_line    0x00002bed      0x162 .\CortexM0p\ARM_GCC_541\Debug\PSOC4_Main.a(I2C_1_I2C_INT.o)
 .debug_line    0x00002d4f      0x1e1 .\CortexM0p\ARM_GCC_541\Debug\PSOC4_Main.a(CyFlash.o)

.debug_frame    0x00000000     0x29ac
 *(.debug_frame)
 .debug_frame   0x00000000       0x78 .\CortexM0p\ARM_GCC_541\Debug\main.o
 .debug_frame   0x00000078       0x94 .\CortexM0p\ARM_GCC_541\Debug\cyfitter_cfg.o
 .debug_frame   0x0000010c       0xbc .\CortexM0p\ARM_GCC_541\Debug\Cm0plusStart.o
 .debug_frame   0x000001c8      0x3a0 .\CortexM0p\ARM_GCC_541\Debug\PSOC4_Main.a(Timer_1.o)
 .debug_frame   0x00000568       0xd8 .\CortexM0p\ARM_GCC_541\Debug\PSOC4_Main.a(UART_1.o)
 .debug_frame   0x00000640      0x144 .\CortexM0p\ARM_GCC_541\Debug\PSOC4_Main.a(UART_1_UART.o)
 .debug_frame   0x00000784       0xe8 .\CortexM0p\ARM_GCC_541\Debug\PSOC4_Main.a(I2C_1.o)
 .debug_frame   0x0000086c       0x58 .\CortexM0p\ARM_GCC_541\Debug\PSOC4_Main.a(I2C_1_I2C.o)
 .debug_frame   0x000008c4      0x1d8 .\CortexM0p\ARM_GCC_541\Debug\PSOC4_Main.a(I2C_1_I2C_MASTER.o)
 .debug_frame   0x00000a9c      0x2a8 .\CortexM0p\ARM_GCC_541\Debug\PSOC4_Main.a(ADC_1.o)
 .debug_frame   0x00000d44       0x20 .\CortexM0p\ARM_GCC_541\Debug\PSOC4_Main.a(ADC_1_INT.o)
 .debug_frame   0x00000d64       0xbc .\CortexM0p\ARM_GCC_541\Debug\PSOC4_Main.a(PGA_1.o)
 .debug_frame   0x00000e20       0x7c .\CortexM0p\ARM_GCC_541\Debug\PSOC4_Main.a(Opamp_1.o)
 .debug_frame   0x00000e9c       0x64 .\CortexM0p\ARM_GCC_541\Debug\PSOC4_Main.a(AMux_1.o)
 .debug_frame   0x00000f00       0x6c .\CortexM0p\ARM_GCC_541\Debug\PSOC4_Main.a(ADC_1_intSarClock.o)
 .debug_frame   0x00000f6c      0x110 .\CortexM0p\ARM_GCC_541\Debug\PSOC4_Main.a(ADC_1_IRQ.o)
 .debug_frame   0x0000107c      0x500 .\CortexM0p\ARM_GCC_541\Debug\PSOC4_Main.a(CyLib.o)
 .debug_frame   0x0000157c      0x484 .\CortexM0p\ARM_GCC_541\Debug\PSOC4_Main.a(CyLFClk.o)
 .debug_frame   0x00001a00       0x70 .\CortexM0p\ARM_GCC_541\Debug\PSOC4_Main.a(RELAY.o)
 .debug_frame   0x00001a70       0x70 .\CortexM0p\ARM_GCC_541\Debug\PSOC4_Main.a(RED_LED.o)
 .debug_frame   0x00001ae0       0x7c .\CortexM0p\ARM_GCC_541\Debug\PSOC4_Main.a(PVref_1.o)
 .debug_frame   0x00001b5c       0xbc .\CortexM0p\ARM_GCC_541\Debug\PSOC4_Main.a(PGA_2.o)
 .debug_frame   0x00001c18       0xb0 .\CortexM0p\ARM_GCC_541\Debug\PSOC4_Main.a(UART_1_SPI_UART.o)
 .debug_frame   0x00001cc8       0x2c .\CortexM0p\ARM_GCC_541\Debug\PSOC4_Main.a(I2C_1_I2C_INT.o)
 .debug_frame   0x00001cf4       0xa8 .\CortexM0p\ARM_GCC_541\Debug\PSOC4_Main.a(CyFlash.o)
 .debug_frame   0x00001d9c       0x20 c:/program files (x86)/cypress/psoc creator/4.3/psoc creator/import/gnu/arm/5.4.1/bin/../lib/gcc/arm-none-eabi/5.4.1/armv6-m\libgcc.a(_udivsi3.o)
 .debug_frame   0x00001dbc       0x20 c:/program files (x86)/cypress/psoc creator/4.3/psoc creator/import/gnu/arm/5.4.1/bin/../lib/gcc/arm-none-eabi/5.4.1/armv6-m\libgcc.a(_divsi3.o)
 .debug_frame   0x00001ddc       0x34 c:/program files (x86)/cypress/psoc creator/4.3/psoc creator/import/gnu/arm/5.4.1/bin/../lib/gcc/arm-none-eabi/5.4.1/armv6-m\libgcc.a(_muldi3.o)
 .debug_frame   0x00001e10       0x30 c:/program files (x86)/cypress/psoc creator/4.3/psoc creator/import/gnu/arm/5.4.1/bin/../lib/gcc/arm-none-eabi/5.4.1/armv6-m\libgcc.a(bpabi.o)
 .debug_frame   0x00001e40       0x3c c:/program files (x86)/cypress/psoc creator/4.3/psoc creator/import/gnu/arm/5.4.1/bin/../lib/gcc/arm-none-eabi/5.4.1/armv6-m\libgcc.a(divsf3.o)
 .debug_frame   0x00001e7c       0x38 c:/program files (x86)/cypress/psoc creator/4.3/psoc creator/import/gnu/arm/5.4.1/bin/../lib/gcc/arm-none-eabi/5.4.1/armv6-m\libgcc.a(mulsf3.o)
 .debug_frame   0x00001eb4       0x30 c:/program files (x86)/cypress/psoc creator/4.3/psoc creator/import/gnu/arm/5.4.1/bin/../lib/gcc/arm-none-eabi/5.4.1/armv6-m\libgcc.a(subsf3.o)
 .debug_frame   0x00001ee4       0x2c c:/program files (x86)/cypress/psoc creator/4.3/psoc creator/import/gnu/arm/5.4.1/bin/../lib/gcc/arm-none-eabi/5.4.1/armv6-m\libgcc.a(floatsisf.o)
 .debug_frame   0x00001f10       0x2c c:/program files (x86)/cypress/psoc creator/4.3/psoc creator/import/gnu/arm/5.4.1/bin/../lib/gcc/arm-none-eabi/5.4.1/armv6-m\libgcc.a(floatunsisf.o)
 .debug_frame   0x00001f3c       0x3c c:/program files (x86)/cypress/psoc creator/4.3/psoc creator/import/gnu/arm/5.4.1/bin/../lib/gcc/arm-none-eabi/5.4.1/armv6-m\libgcc.a(divdf3.o)
 .debug_frame   0x00001f78       0x3c c:/program files (x86)/cypress/psoc creator/4.3/psoc creator/import/gnu/arm/5.4.1/bin/../lib/gcc/arm-none-eabi/5.4.1/armv6-m\libgcc.a(muldf3.o)
 .debug_frame   0x00001fb4       0x2c c:/program files (x86)/cypress/psoc creator/4.3/psoc creator/import/gnu/arm/5.4.1/bin/../lib/gcc/arm-none-eabi/5.4.1/armv6-m\libgcc.a(extendsfdf2.o)
 .debug_frame   0x00001fe0       0x2c c:/program files (x86)/cypress/psoc creator/4.3/psoc creator/import/gnu/arm/5.4.1/bin/../lib/gcc/arm-none-eabi/5.4.1/armv6-m\libgcc.a(truncdfsf2.o)
 .debug_frame   0x0000200c       0x3c c:/program files (x86)/cypress/psoc creator/4.3/psoc creator/import/gnu/arm/5.4.1/bin/../lib/gcc/arm-none-eabi/5.4.1/armv6-m\libgcc.a(_divdi3.o)
 .debug_frame   0x00002048       0x20 c:/program files (x86)/cypress/psoc creator/4.3/psoc creator/import/gnu/arm/5.4.1/bin/../lib/gcc/arm-none-eabi/5.4.1/../../../../arm-none-eabi/lib/armv6-m\libg_nano.a(lib_a-errno.o)
 .debug_frame   0x00002068       0x28 c:/program files (x86)/cypress/psoc creator/4.3/psoc creator/import/gnu/arm/5.4.1/bin/../lib/gcc/arm-none-eabi/5.4.1/../../../../arm-none-eabi/lib/armv6-m\libg_nano.a(lib_a-exit.o)
 .debug_frame   0x00002090       0x2c c:/program files (x86)/cypress/psoc creator/4.3/psoc creator/import/gnu/arm/5.4.1/bin/../lib/gcc/arm-none-eabi/5.4.1/../../../../arm-none-eabi/lib/armv6-m\libg_nano.a(lib_a-init.o)
 .debug_frame   0x000020bc       0x28 c:/program files (x86)/cypress/psoc creator/4.3/psoc creator/import/gnu/arm/5.4.1/bin/../lib/gcc/arm-none-eabi/5.4.1/../../../../arm-none-eabi/lib/armv6-m\libg_nano.a(lib_a-memcpy-stub.o)
 .debug_frame   0x000020e4       0x20 c:/program files (x86)/cypress/psoc creator/4.3/psoc creator/import/gnu/arm/5.4.1/bin/../lib/gcc/arm-none-eabi/5.4.1/../../../../arm-none-eabi/lib/armv6-m\libg_nano.a(lib_a-memset.o)
 .debug_frame   0x00002104       0x74 c:/program files (x86)/cypress/psoc creator/4.3/psoc creator/import/gnu/arm/5.4.1/bin/../lib/gcc/arm-none-eabi/5.4.1/../../../../arm-none-eabi/lib/armv6-m\libg_nano.a(lib_a-nano-vfprintf_float.o)
 .debug_frame   0x00002178       0x54 c:/program files (x86)/cypress/psoc creator/4.3/psoc creator/import/gnu/arm/5.4.1/bin/../lib/gcc/arm-none-eabi/5.4.1/../../../../arm-none-eabi/lib/armv6-m\libg_nano.a(lib_a-nano-vfprintf_i.o)
 .debug_frame   0x000021cc       0x50 c:/program files (x86)/cypress/psoc creator/4.3/psoc creator/import/gnu/arm/5.4.1/bin/../lib/gcc/arm-none-eabi/5.4.1/../../../../arm-none-eabi/lib/armv6-m\libg_nano.a(lib_a-sprintf.o)
 .debug_frame   0x0000221c       0x54 c:/program files (x86)/cypress/psoc creator/4.3/psoc creator/import/gnu/arm/5.4.1/bin/../lib/gcc/arm-none-eabi/5.4.1/../../../../arm-none-eabi/lib/armv6-m\libg_nano.a(lib_a-dtoa.o)
 .debug_frame   0x00002270       0xa4 c:/program files (x86)/cypress/psoc creator/4.3/psoc creator/import/gnu/arm/5.4.1/bin/../lib/gcc/arm-none-eabi/5.4.1/../../../../arm-none-eabi/lib/armv6-m\libg_nano.a(lib_a-locale.o)
 .debug_frame   0x00002314       0x40 c:/program files (x86)/cypress/psoc creator/4.3/psoc creator/import/gnu/arm/5.4.1/bin/../lib/gcc/arm-none-eabi/5.4.1/../../../../arm-none-eabi/lib/armv6-m\libg_nano.a(lib_a-malloc.o)
 .debug_frame   0x00002354       0x20 c:/program files (x86)/cypress/psoc creator/4.3/psoc creator/import/gnu/arm/5.4.1/bin/../lib/gcc/arm-none-eabi/5.4.1/../../../../arm-none-eabi/lib/armv6-m\libg_nano.a(lib_a-memchr-stub.o)
 .debug_frame   0x00002374      0x238 c:/program files (x86)/cypress/psoc creator/4.3/psoc creator/import/gnu/arm/5.4.1/bin/../lib/gcc/arm-none-eabi/5.4.1/../../../../arm-none-eabi/lib/armv6-m\libg_nano.a(lib_a-mprec.o)
 .debug_frame   0x000025ac       0x2c c:/program files (x86)/cypress/psoc creator/4.3/psoc creator/import/gnu/arm/5.4.1/bin/../lib/gcc/arm-none-eabi/5.4.1/../../../../arm-none-eabi/lib/armv6-m\libg_nano.a(lib_a-nano-callocr.o)
 .debug_frame   0x000025d8       0x2c c:/program files (x86)/cypress/psoc creator/4.3/psoc creator/import/gnu/arm/5.4.1/bin/../lib/gcc/arm-none-eabi/5.4.1/../../../../arm-none-eabi/lib/armv6-m\libg_nano.a(lib_a-nano-freer.o)
 .debug_frame   0x00002604       0x2c c:/program files (x86)/cypress/psoc creator/4.3/psoc creator/import/gnu/arm/5.4.1/bin/../lib/gcc/arm-none-eabi/5.4.1/../../../../arm-none-eabi/lib/armv6-m\libg_nano.a(lib_a-nano-mallocr.o)
 .debug_frame   0x00002630       0x74 c:/program files (x86)/cypress/psoc creator/4.3/psoc creator/import/gnu/arm/5.4.1/bin/../lib/gcc/arm-none-eabi/5.4.1/../../../../arm-none-eabi/lib/armv6-m\libg_nano.a(lib_a-nano-svfprintf.o)
 .debug_frame   0x000026a4       0x2c c:/program files (x86)/cypress/psoc creator/4.3/psoc creator/import/gnu/arm/5.4.1/bin/../lib/gcc/arm-none-eabi/5.4.1/../../../../arm-none-eabi/lib/armv6-m\libg_nano.a(lib_a-sbrkr.o)
 .debug_frame   0x000026d0       0x20 c:/program files (x86)/cypress/psoc creator/4.3/psoc creator/import/gnu/arm/5.4.1/bin/../lib/gcc/arm-none-eabi/5.4.1/../../../../arm-none-eabi/lib/armv6-m\libg_nano.a(lib_a-strcmp.o)
 .debug_frame   0x000026f0       0x28 c:/program files (x86)/cypress/psoc creator/4.3/psoc creator/import/gnu/arm/5.4.1/bin/../lib/gcc/arm-none-eabi/5.4.1/../../../../arm-none-eabi/lib/armv6-m\libg_nano.a(lib_a-memmove.o)
 .debug_frame   0x00002718       0x30 c:/program files (x86)/cypress/psoc creator/4.3/psoc creator/import/gnu/arm/5.4.1/bin/../lib/gcc/arm-none-eabi/5.4.1/../../../../arm-none-eabi/lib/armv6-m\libg_nano.a(lib_a-mlock.o)
 .debug_frame   0x00002748       0x30 c:/program files (x86)/cypress/psoc creator/4.3/psoc creator/import/gnu/arm/5.4.1/bin/../lib/gcc/arm-none-eabi/5.4.1/../../../../arm-none-eabi/lib/armv6-m\libg_nano.a(lib_a-nano-reallocr.o)
 .debug_frame   0x00002778       0x48 c:/program files (x86)/cypress/psoc creator/4.3/psoc creator/import/gnu/arm/5.4.1/bin/../lib/gcc/arm-none-eabi/5.4.1/../../../../arm-none-eabi/lib/armv6-m\libg_nano.a(lib_a-reent.o)
 .debug_frame   0x000027c0       0x20 c:/program files (x86)/cypress/psoc creator/4.3/psoc creator/import/gnu/arm/5.4.1/bin/../lib/gcc/arm-none-eabi/5.4.1/../../../../arm-none-eabi/lib/armv6-m\libg_nano.a(lib_a-nano-msizer.o)
 .debug_frame   0x000027e0       0x3c c:/program files (x86)/cypress/psoc creator/4.3/psoc creator/import/gnu/arm/5.4.1/bin/../lib/gcc/arm-none-eabi/5.4.1/armv6-m\libgcc.a(adddf3.o)
 .debug_frame   0x0000281c       0x38 c:/program files (x86)/cypress/psoc creator/4.3/psoc creator/import/gnu/arm/5.4.1/bin/../lib/gcc/arm-none-eabi/5.4.1/armv6-m\libgcc.a(eqdf2.o)
 .debug_frame   0x00002854       0x38 c:/program files (x86)/cypress/psoc creator/4.3/psoc creator/import/gnu/arm/5.4.1/bin/../lib/gcc/arm-none-eabi/5.4.1/armv6-m\libgcc.a(gedf2.o)
 .debug_frame   0x0000288c       0x38 c:/program files (x86)/cypress/psoc creator/4.3/psoc creator/import/gnu/arm/5.4.1/bin/../lib/gcc/arm-none-eabi/5.4.1/armv6-m\libgcc.a(ledf2.o)
 .debug_frame   0x000028c4       0x38 c:/program files (x86)/cypress/psoc creator/4.3/psoc creator/import/gnu/arm/5.4.1/bin/../lib/gcc/arm-none-eabi/5.4.1/armv6-m\libgcc.a(subdf3.o)
 .debug_frame   0x000028fc       0x2c c:/program files (x86)/cypress/psoc creator/4.3/psoc creator/import/gnu/arm/5.4.1/bin/../lib/gcc/arm-none-eabi/5.4.1/armv6-m\libgcc.a(unorddf2.o)
 .debug_frame   0x00002928       0x2c c:/program files (x86)/cypress/psoc creator/4.3/psoc creator/import/gnu/arm/5.4.1/bin/../lib/gcc/arm-none-eabi/5.4.1/armv6-m\libgcc.a(fixdfsi.o)
 .debug_frame   0x00002954       0x2c c:/program files (x86)/cypress/psoc creator/4.3/psoc creator/import/gnu/arm/5.4.1/bin/../lib/gcc/arm-none-eabi/5.4.1/armv6-m\libgcc.a(floatsidf.o)
 .debug_frame   0x00002980       0x2c c:/program files (x86)/cypress/psoc creator/4.3/psoc creator/import/gnu/arm/5.4.1/bin/../lib/gcc/arm-none-eabi/5.4.1/armv6-m\libgcc.a(floatunsidf.o)

.debug_str      0x00000000     0x2b71
 *(.debug_str)
 .debug_str     0x00000000      0x3d8 .\CortexM0p\ARM_GCC_541\Debug\main.o
                                0x418 (size before relaxing)
 .debug_str     0x000003d8       0xe3 .\CortexM0p\ARM_GCC_541\Debug\cyfitter_cfg.o
                                0x29c (size before relaxing)
 .debug_str     0x000004bb       0x63 .\CortexM0p\ARM_GCC_541\Debug\cymetadata.o
                                0x1f9 (size before relaxing)
 .debug_str     0x0000051e      0x15b .\CortexM0p\ARM_GCC_541\Debug\Cm0plusStart.o
                                0x340 (size before relaxing)
 .debug_str     0x00000679      0x44f .\CortexM0p\ARM_GCC_541\Debug\PSOC4_Main.a(Timer_1.o)
                                0x636 (size before relaxing)
 .debug_str     0x00000ac8      0x118 .\CortexM0p\ARM_GCC_541\Debug\PSOC4_Main.a(UART_1.o)
                                0x2e4 (size before relaxing)
 .debug_str     0x00000be0      0x1d5 .\CortexM0p\ARM_GCC_541\Debug\PSOC4_Main.a(UART_1_UART.o)
                                0x421 (size before relaxing)
 .debug_str     0x00000db5      0x118 .\CortexM0p\ARM_GCC_541\Debug\PSOC4_Main.a(I2C_1.o)
                                0x30b (size before relaxing)
 .debug_str     0x00000ecd       0x91 .\CortexM0p\ARM_GCC_541\Debug\PSOC4_Main.a(I2C_1_I2C.o)
                                0x28f (size before relaxing)
 .debug_str     0x00000f5e      0x2c0 .\CortexM0p\ARM_GCC_541\Debug\PSOC4_Main.a(I2C_1_I2C_MASTER.o)
                                0x51f (size before relaxing)
 .debug_str     0x0000121e      0x454 .\CortexM0p\ARM_GCC_541\Debug\PSOC4_Main.a(ADC_1.o)
                                0x6ec (size before relaxing)
 .debug_str     0x00001672       0x24 .\CortexM0p\ARM_GCC_541\Debug\PSOC4_Main.a(ADC_1_INIT.o)
                                0x2a1 (size before relaxing)
 .debug_str     0x00001696       0x39 .\CortexM0p\ARM_GCC_541\Debug\PSOC4_Main.a(ADC_1_INT.o)
                                0x1f2 (size before relaxing)
 .debug_str     0x000016cf       0xc7 .\CortexM0p\ARM_GCC_541\Debug\PSOC4_Main.a(PGA_1.o)
                                0x286 (size before relaxing)
 .debug_str     0x00001796       0x9b .\CortexM0p\ARM_GCC_541\Debug\PSOC4_Main.a(Opamp_1.o)
                                0x259 (size before relaxing)
 .debug_str     0x00001831       0x48 .\CortexM0p\ARM_GCC_541\Debug\PSOC4_Main.a(AMux_1.o)
                                0x229 (size before relaxing)
 .debug_str     0x00001879       0xa8 .\CortexM0p\ARM_GCC_541\Debug\PSOC4_Main.a(ADC_1_intSarClock.o)
                                0x2c4 (size before relaxing)
 .debug_str     0x00001921      0x133 .\CortexM0p\ARM_GCC_541\Debug\PSOC4_Main.a(ADC_1_IRQ.o)
                                0x353 (size before relaxing)
 .debug_str     0x00001a54      0x631 .\CortexM0p\ARM_GCC_541\Debug\PSOC4_Main.a(CyLib.o)
                                0x8e6 (size before relaxing)
 .debug_str     0x00002085      0x63d .\CortexM0p\ARM_GCC_541\Debug\PSOC4_Main.a(CyLFClk.o)
                                0x8ca (size before relaxing)
 .debug_str     0x000026c2       0x9f .\CortexM0p\ARM_GCC_541\Debug\PSOC4_Main.a(RELAY.o)
                                0x267 (size before relaxing)
 .debug_str     0x00002761       0x87 .\CortexM0p\ARM_GCC_541\Debug\PSOC4_Main.a(RED_LED.o)
                                0x275 (size before relaxing)
 .debug_str     0x000027e8       0x84 .\CortexM0p\ARM_GCC_541\Debug\PSOC4_Main.a(PVref_1.o)
                                0x249 (size before relaxing)
 .debug_str     0x0000286c       0xa5 .\CortexM0p\ARM_GCC_541\Debug\PSOC4_Main.a(PGA_2.o)
                                0x286 (size before relaxing)
 .debug_str     0x00002911       0xf1 .\CortexM0p\ARM_GCC_541\Debug\PSOC4_Main.a(UART_1_SPI_UART.o)
                                0x313 (size before relaxing)
 .debug_str     0x00002a02       0x4b .\CortexM0p\ARM_GCC_541\Debug\PSOC4_Main.a(I2C_1_I2C_INT.o)
                                0x30b (size before relaxing)
 .debug_str     0x00002a4d      0x124 .\CortexM0p\ARM_GCC_541\Debug\PSOC4_Main.a(CyFlash.o)
                                0x353 (size before relaxing)

.debug_loc      0x00000000     0x392f
 *(.debug_loc)
 .debug_loc     0x00000000      0x27f .\CortexM0p\ARM_GCC_541\Debug\main.o
 .debug_loc     0x0000027f       0x1e .\CortexM0p\ARM_GCC_541\Debug\cyfitter_cfg.o
 .debug_loc     0x0000029d      0x14f .\CortexM0p\ARM_GCC_541\Debug\Cm0plusStart.o
 .debug_loc     0x000003ec      0x547 .\CortexM0p\ARM_GCC_541\Debug\PSOC4_Main.a(Timer_1.o)
 .debug_loc     0x00000933       0x7e .\CortexM0p\ARM_GCC_541\Debug\PSOC4_Main.a(UART_1.o)
 .debug_loc     0x000009b1      0x223 .\CortexM0p\ARM_GCC_541\Debug\PSOC4_Main.a(UART_1_UART.o)
 .debug_loc     0x00000bd4       0x7e .\CortexM0p\ARM_GCC_541\Debug\PSOC4_Main.a(I2C_1.o)
 .debug_loc     0x00000c52      0xa49 .\CortexM0p\ARM_GCC_541\Debug\PSOC4_Main.a(I2C_1_I2C_MASTER.o)
 .debug_loc     0x0000169b      0x877 .\CortexM0p\ARM_GCC_541\Debug\PSOC4_Main.a(ADC_1.o)
 .debug_loc     0x00001f12       0x7c .\CortexM0p\ARM_GCC_541\Debug\PSOC4_Main.a(PGA_1.o)
 .debug_loc     0x00001f8e       0x21 .\CortexM0p\ARM_GCC_541\Debug\PSOC4_Main.a(Opamp_1.o)
 .debug_loc     0x00001faf       0x4b .\CortexM0p\ARM_GCC_541\Debug\PSOC4_Main.a(AMux_1.o)
 .debug_loc     0x00001ffa       0x76 .\CortexM0p\ARM_GCC_541\Debug\PSOC4_Main.a(ADC_1_intSarClock.o)
 .debug_loc     0x00002070       0x82 .\CortexM0p\ARM_GCC_541\Debug\PSOC4_Main.a(ADC_1_IRQ.o)
 .debug_loc     0x000020f2      0x868 .\CortexM0p\ARM_GCC_541\Debug\PSOC4_Main.a(CyLib.o)
 .debug_loc     0x0000295a      0xa88 .\CortexM0p\ARM_GCC_541\Debug\PSOC4_Main.a(CyLFClk.o)
 .debug_loc     0x000033e2       0xa2 .\CortexM0p\ARM_GCC_541\Debug\PSOC4_Main.a(RELAY.o)
 .debug_loc     0x00003484       0xa2 .\CortexM0p\ARM_GCC_541\Debug\PSOC4_Main.a(RED_LED.o)
 .debug_loc     0x00003526       0x2e .\CortexM0p\ARM_GCC_541\Debug\PSOC4_Main.a(PVref_1.o)
 .debug_loc     0x00003554       0x7c .\CortexM0p\ARM_GCC_541\Debug\PSOC4_Main.a(PGA_2.o)
 .debug_loc     0x000035d0       0x96 .\CortexM0p\ARM_GCC_541\Debug\PSOC4_Main.a(UART_1_SPI_UART.o)
 .debug_loc     0x00003666      0x10c .\CortexM0p\ARM_GCC_541\Debug\PSOC4_Main.a(I2C_1_I2C_INT.o)
 .debug_loc     0x00003772      0x1bd .\CortexM0p\ARM_GCC_541\Debug\PSOC4_Main.a(CyFlash.o)

.debug_macinfo
 *(.debug_macinfo)

.debug_ranges   0x00000000      0xac0
 *(.debug_ranges)
 .debug_ranges  0x00000000       0x20 .\CortexM0p\ARM_GCC_541\Debug\main.o
 .debug_ranges  0x00000020       0x38 .\CortexM0p\ARM_GCC_541\Debug\cyfitter_cfg.o
 .debug_ranges  0x00000058       0x38 .\CortexM0p\ARM_GCC_541\Debug\Cm0plusStart.o
 .debug_ranges  0x00000090      0x148 .\CortexM0p\ARM_GCC_541\Debug\PSOC4_Main.a(Timer_1.o)
 .debug_ranges  0x000001d8       0x48 .\CortexM0p\ARM_GCC_541\Debug\PSOC4_Main.a(UART_1.o)
 .debug_ranges  0x00000220       0x80 .\CortexM0p\ARM_GCC_541\Debug\PSOC4_Main.a(UART_1_UART.o)
 .debug_ranges  0x000002a0       0x50 .\CortexM0p\ARM_GCC_541\Debug\PSOC4_Main.a(I2C_1.o)
 .debug_ranges  0x000002f0       0x20 .\CortexM0p\ARM_GCC_541\Debug\PSOC4_Main.a(I2C_1_I2C.o)
 .debug_ranges  0x00000310       0x88 .\CortexM0p\ARM_GCC_541\Debug\PSOC4_Main.a(I2C_1_I2C_MASTER.o)
 .debug_ranges  0x00000398       0xe0 .\CortexM0p\ARM_GCC_541\Debug\PSOC4_Main.a(ADC_1.o)
 .debug_ranges  0x00000478       0x10 .\CortexM0p\ARM_GCC_541\Debug\PSOC4_Main.a(ADC_1_INT.o)
 .debug_ranges  0x00000488       0x40 .\CortexM0p\ARM_GCC_541\Debug\PSOC4_Main.a(PGA_1.o)
 .debug_ranges  0x000004c8       0x38 .\CortexM0p\ARM_GCC_541\Debug\PSOC4_Main.a(Opamp_1.o)
 .debug_ranges  0x00000500       0x20 .\CortexM0p\ARM_GCC_541\Debug\PSOC4_Main.a(AMux_1.o)
 .debug_ranges  0x00000520       0x30 .\CortexM0p\ARM_GCC_541\Debug\PSOC4_Main.a(ADC_1_intSarClock.o)
 .debug_ranges  0x00000550       0x70 .\CortexM0p\ARM_GCC_541\Debug\PSOC4_Main.a(ADC_1_IRQ.o)
 .debug_ranges  0x000005c0      0x1e8 .\CortexM0p\ARM_GCC_541\Debug\PSOC4_Main.a(CyLib.o)
 .debug_ranges  0x000007a8      0x198 .\CortexM0p\ARM_GCC_541\Debug\PSOC4_Main.a(CyLFClk.o)
 .debug_ranges  0x00000940       0x38 .\CortexM0p\ARM_GCC_541\Debug\PSOC4_Main.a(RELAY.o)
 .debug_ranges  0x00000978       0x38 .\CortexM0p\ARM_GCC_541\Debug\PSOC4_Main.a(RED_LED.o)
 .debug_ranges  0x000009b0       0x38 .\CortexM0p\ARM_GCC_541\Debug\PSOC4_Main.a(PVref_1.o)
 .debug_ranges  0x000009e8       0x40 .\CortexM0p\ARM_GCC_541\Debug\PSOC4_Main.a(PGA_2.o)
 .debug_ranges  0x00000a28       0x50 .\CortexM0p\ARM_GCC_541\Debug\PSOC4_Main.a(UART_1_SPI_UART.o)
 .debug_ranges  0x00000a78       0x10 .\CortexM0p\ARM_GCC_541\Debug\PSOC4_Main.a(I2C_1_I2C_INT.o)
 .debug_ranges  0x00000a88       0x38 .\CortexM0p\ARM_GCC_541\Debug\PSOC4_Main.a(CyFlash.o)

.comment        0x00000000       0x6e
 .comment       0x00000000       0x6e .\CortexM0p\ARM_GCC_541\Debug\main.o
                                 0x6f (size before relaxing)
 .comment       0x0000006e       0x6f .\CortexM0p\ARM_GCC_541\Debug\cyfitter_cfg.o
 .comment       0x0000006e       0x6f .\CortexM0p\ARM_GCC_541\Debug\cymetadata.o
 .comment       0x0000006e       0x6f .\CortexM0p\ARM_GCC_541\Debug\Cm0plusStart.o
 .comment       0x0000006e       0x6f .\CortexM0p\ARM_GCC_541\Debug\PSOC4_Main.a(Timer_1.o)
 .comment       0x0000006e       0x6f .\CortexM0p\ARM_GCC_541\Debug\PSOC4_Main.a(UART_1.o)
 .comment       0x0000006e       0x6f .\CortexM0p\ARM_GCC_541\Debug\PSOC4_Main.a(UART_1_UART.o)
 .comment       0x0000006e       0x6f .\CortexM0p\ARM_GCC_541\Debug\PSOC4_Main.a(I2C_1.o)
 .comment       0x0000006e       0x6f .\CortexM0p\ARM_GCC_541\Debug\PSOC4_Main.a(I2C_1_I2C.o)
 .comment       0x0000006e       0x6f .\CortexM0p\ARM_GCC_541\Debug\PSOC4_Main.a(I2C_1_I2C_MASTER.o)
 .comment       0x0000006e       0x6f .\CortexM0p\ARM_GCC_541\Debug\PSOC4_Main.a(ADC_1.o)
 .comment       0x0000006e       0x6f .\CortexM0p\ARM_GCC_541\Debug\PSOC4_Main.a(ADC_1_INIT.o)
 .comment       0x0000006e       0x6f .\CortexM0p\ARM_GCC_541\Debug\PSOC4_Main.a(ADC_1_INT.o)
 .comment       0x0000006e       0x6f .\CortexM0p\ARM_GCC_541\Debug\PSOC4_Main.a(PGA_1.o)
 .comment       0x0000006e       0x6f .\CortexM0p\ARM_GCC_541\Debug\PSOC4_Main.a(Opamp_1.o)
 .comment       0x0000006e       0x6f .\CortexM0p\ARM_GCC_541\Debug\PSOC4_Main.a(AMux_1.o)
 .comment       0x0000006e       0x6f .\CortexM0p\ARM_GCC_541\Debug\PSOC4_Main.a(ADC_1_intSarClock.o)
 .comment       0x0000006e       0x6f .\CortexM0p\ARM_GCC_541\Debug\PSOC4_Main.a(ADC_1_IRQ.o)
 .comment       0x0000006e       0x6f .\CortexM0p\ARM_GCC_541\Debug\PSOC4_Main.a(CyLib.o)
 .comment       0x0000006e       0x6f .\CortexM0p\ARM_GCC_541\Debug\PSOC4_Main.a(CyLFClk.o)
 .comment       0x0000006e       0x6f .\CortexM0p\ARM_GCC_541\Debug\PSOC4_Main.a(RELAY.o)
 .comment       0x0000006e       0x6f .\CortexM0p\ARM_GCC_541\Debug\PSOC4_Main.a(RED_LED.o)
 .comment       0x0000006e       0x6f .\CortexM0p\ARM_GCC_541\Debug\PSOC4_Main.a(PVref_1.o)
 .comment       0x0000006e       0x6f .\CortexM0p\ARM_GCC_541\Debug\PSOC4_Main.a(PGA_2.o)
 .comment       0x0000006e       0x6f .\CortexM0p\ARM_GCC_541\Debug\PSOC4_Main.a(UART_1_SPI_UART.o)
 .comment       0x0000006e       0x6f .\CortexM0p\ARM_GCC_541\Debug\PSOC4_Main.a(I2C_1_I2C_INT.o)
 .comment       0x0000006e       0x6f .\CortexM0p\ARM_GCC_541\Debug\PSOC4_Main.a(CyFlash.o)

.debug_weaknames
 *(.debug_weaknames)

.debug_funcnames
 *(.debug_funcnames)

.debug_typenames
 *(.debug_typenames)

.debug_varnames
 *(.debug_varnames)

.note.gnu.arm.ident
 *(.note.gnu.arm.ident)

.ARM.attributes
                0x00000000       0x28
 *(.ARM.attributes)
 .ARM.attributes
                0x00000000       0x1e c:/program files (x86)/cypress/psoc creator/4.3/psoc creator/import/gnu/arm/5.4.1/bin/../lib/gcc/arm-none-eabi/5.4.1/armv6-m/crti.o
 .ARM.attributes
                0x0000001e       0x2c c:/program files (x86)/cypress/psoc creator/4.3/psoc creator/import/gnu/arm/5.4.1/bin/../lib/gcc/arm-none-eabi/5.4.1/armv6-m/crtbegin.o
 .ARM.attributes
                0x0000004a       0x1b c:/program files (x86)/cypress/psoc creator/4.3/psoc creator/import/gnu/arm/5.4.1/bin/../lib/gcc/arm-none-eabi/5.4.1/../../../../arm-none-eabi/lib/armv6-m/crt0.o
 .ARM.attributes
                0x00000065       0x32 .\CortexM0p\ARM_GCC_541\Debug\main.o
 .ARM.attributes
                0x00000097       0x32 .\CortexM0p\ARM_GCC_541\Debug\cyfitter_cfg.o
 .ARM.attributes
                0x000000c9       0x32 .\CortexM0p\ARM_GCC_541\Debug\cymetadata.o
 .ARM.attributes
                0x000000fb       0x32 .\CortexM0p\ARM_GCC_541\Debug\Cm0plusStart.o
 .ARM.attributes
                0x0000012d       0x32 .\CortexM0p\ARM_GCC_541\Debug\PSOC4_Main.a(Timer_1.o)
 .ARM.attributes
                0x0000015f       0x32 .\CortexM0p\ARM_GCC_541\Debug\PSOC4_Main.a(UART_1.o)
 .ARM.attributes
                0x00000191       0x32 .\CortexM0p\ARM_GCC_541\Debug\PSOC4_Main.a(UART_1_UART.o)
 .ARM.attributes
                0x000001c3       0x32 .\CortexM0p\ARM_GCC_541\Debug\PSOC4_Main.a(I2C_1.o)
 .ARM.attributes
                0x000001f5       0x32 .\CortexM0p\ARM_GCC_541\Debug\PSOC4_Main.a(I2C_1_I2C.o)
 .ARM.attributes
                0x00000227       0x32 .\CortexM0p\ARM_GCC_541\Debug\PSOC4_Main.a(I2C_1_I2C_MASTER.o)
 .ARM.attributes
                0x00000259       0x32 .\CortexM0p\ARM_GCC_541\Debug\PSOC4_Main.a(ADC_1.o)
 .ARM.attributes
                0x0000028b       0x32 .\CortexM0p\ARM_GCC_541\Debug\PSOC4_Main.a(ADC_1_INIT.o)
 .ARM.attributes
                0x000002bd       0x32 .\CortexM0p\ARM_GCC_541\Debug\PSOC4_Main.a(ADC_1_INT.o)
 .ARM.attributes
                0x000002ef       0x32 .\CortexM0p\ARM_GCC_541\Debug\PSOC4_Main.a(PGA_1.o)
 .ARM.attributes
                0x00000321       0x32 .\CortexM0p\ARM_GCC_541\Debug\PSOC4_Main.a(Opamp_1.o)
 .ARM.attributes
                0x00000353       0x32 .\CortexM0p\ARM_GCC_541\Debug\PSOC4_Main.a(AMux_1.o)
 .ARM.attributes
                0x00000385       0x32 .\CortexM0p\ARM_GCC_541\Debug\PSOC4_Main.a(ADC_1_intSarClock.o)
 .ARM.attributes
                0x000003b7       0x32 .\CortexM0p\ARM_GCC_541\Debug\PSOC4_Main.a(ADC_1_IRQ.o)
 .ARM.attributes
                0x000003e9       0x32 .\CortexM0p\ARM_GCC_541\Debug\PSOC4_Main.a(CyLib.o)
 .ARM.attributes
                0x0000041b       0x32 .\CortexM0p\ARM_GCC_541\Debug\PSOC4_Main.a(CyLFClk.o)
 .ARM.attributes
                0x0000044d       0x32 .\CortexM0p\ARM_GCC_541\Debug\PSOC4_Main.a(RELAY.o)
 .ARM.attributes
                0x0000047f       0x32 .\CortexM0p\ARM_GCC_541\Debug\PSOC4_Main.a(RED_LED.o)
 .ARM.attributes
                0x000004b1       0x32 .\CortexM0p\ARM_GCC_541\Debug\PSOC4_Main.a(PVref_1.o)
 .ARM.attributes
                0x000004e3       0x32 .\CortexM0p\ARM_GCC_541\Debug\PSOC4_Main.a(PGA_2.o)
 .ARM.attributes
                0x00000515       0x22 .\CortexM0p\ARM_GCC_541\Debug\PSOC4_Main.a(CyBootAsmGnu.o)
 .ARM.attributes