Archive member included to satisfy reference by file (symbol)

.\CortexM0p\ARM_GCC_541\Debug\PSOC4_Main.a(Timer_1.o)
                              .\CortexM0p\ARM_GCC_541\Debug\main.o (Timer_1_ReadCounter)
.\CortexM0p\ARM_GCC_541\Debug\PSOC4_Main.a(UART_1.o)
                              .\CortexM0p\ARM_GCC_541\Debug\main.o (UART_1_Start)
.\CortexM0p\ARM_GCC_541\Debug\PSOC4_Main.a(UART_1_UART.o)
                              .\CortexM0p\ARM_GCC_541\Debug\PSOC4_Main.a(UART_1.o) (UART_1_UartInit)
.\CortexM0p\ARM_GCC_541\Debug\PSOC4_Main.a(I2C_1.o)
                              .\CortexM0p\ARM_GCC_541\Debug\main.o (I2C_1_Start)
.\CortexM0p\ARM_GCC_541\Debug\PSOC4_Main.a(I2C_1_I2C.o)
                              .\CortexM0p\ARM_GCC_541\Debug\PSOC4_Main.a(I2C_1.o) (I2C_1_I2CInit)
.\CortexM0p\ARM_GCC_541\Debug\PSOC4_Main.a(I2C_1_I2C_MASTER.o)
                              .\CortexM0p\ARM_GCC_541\Debug\PSOC4_Main.a(I2C_1_I2C.o) (I2C_1_mstrRdBufIndex)
.\CortexM0p\ARM_GCC_541\Debug\PSOC4_Main.a(ADC_1.o)
                              .\CortexM0p\ARM_GCC_541\Debug\main.o (ADC_1_StartConvert)
.\CortexM0p\ARM_GCC_541\Debug\PSOC4_Main.a(ADC_1_INIT.o)
                              .\CortexM0p\ARM_GCC_541\Debug\PSOC4_Main.a(ADC_1.o) (ADC_1_allConfigs)
.\CortexM0p\ARM_GCC_541\Debug\PSOC4_Main.a(ADC_1_INT.o)
                              .\CortexM0p\ARM_GCC_541\Debug\PSOC4_Main.a(ADC_1.o) (ADC_1_ISR)
.\CortexM0p\ARM_GCC_541\Debug\PSOC4_Main.a(PGA_1.o)
                              .\CortexM0p\ARM_GCC_541\Debug\main.o (PGA_1_Start)
.\CortexM0p\ARM_GCC_541\Debug\PSOC4_Main.a(Opamp_1.o)
                              .\CortexM0p\ARM_GCC_541\Debug\main.o (Opamp_1_Start)
.\CortexM0p\ARM_GCC_541\Debug\PSOC4_Main.a(AMux_1.o)
                              .\CortexM0p\ARM_GCC_541\Debug\main.o (AMux_1_Start)
.\CortexM0p\ARM_GCC_541\Debug\PSOC4_Main.a(ADC_1_intSarClock.o)
                              .\CortexM0p\ARM_GCC_541\Debug\PSOC4_Main.a(ADC_1.o) (ADC_1_intSarClock_StartEx)
.\CortexM0p\ARM_GCC_541\Debug\PSOC4_Main.a(ADC_1_IRQ.o)
                              .\CortexM0p\ARM_GCC_541\Debug\PSOC4_Main.a(ADC_1.o) (ADC_1_IRQ_StartEx)
.\CortexM0p\ARM_GCC_541\Debug\PSOC4_Main.a(CyLib.o)
                              .\CortexM0p\ARM_GCC_541\Debug\cyfitter_cfg.o (CyIntEnable)
.\CortexM0p\ARM_GCC_541\Debug\PSOC4_Main.a(CyLFClk.o)
                              .\CortexM0p\ARM_GCC_541\Debug\PSOC4_Main.a(CyLib.o) (CySysClkWcoEnabled)
.\CortexM0p\ARM_GCC_541\Debug\PSOC4_Main.a(RELAY.o)
                              .\CortexM0p\ARM_GCC_541\Debug\main.o (RELAY_Write)
.\CortexM0p\ARM_GCC_541\Debug\PSOC4_Main.a(RED_LED.o)
                              .\CortexM0p\ARM_GCC_541\Debug\main.o (RED_LED_Write)
.\CortexM0p\ARM_GCC_541\Debug\PSOC4_Main.a(PVref_1.o)
                              .\CortexM0p\ARM_GCC_541\Debug\main.o (PVref_1_Start)
.\CortexM0p\ARM_GCC_541\Debug\PSOC4_Main.a(PGA_2.o)
                              .\CortexM0p\ARM_GCC_541\Debug\main.o (PGA_2_Start)
.\CortexM0p\ARM_GCC_541\Debug\PSOC4_Main.a(CyBootAsmGnu.o)
                              .\CortexM0p\ARM_GCC_541\Debug\PSOC4_Main.a(CyLib.o) (CyDelayCycles)
.\CortexM0p\ARM_GCC_541\Debug\PSOC4_Main.a(UART_1_SPI_UART.o)
                              .\CortexM0p\ARM_GCC_541\Debug\PSOC4_Main.a(UART_1_UART.o) (UART_1_SpiUartReadRxData)
.\CortexM0p\ARM_GCC_541\Debug\PSOC4_Main.a(I2C_1_I2C_INT.o)
                              .\CortexM0p\ARM_GCC_541\Debug\PSOC4_Main.a(I2C_1_I2C.o) (I2C_1_I2C_ISR)
.\CortexM0p\ARM_GCC_541\Debug\PSOC4_Main.a(CyFlash.o)
                              .\CortexM0p\ARM_GCC_541\Debug\PSOC4_Main.a(CyLib.o) (CySysFlashSetWaitCycles)
c:/program files (x86)/cypress/psoc creator/4.3/psoc creator/import/gnu/arm/5.4.1/bin/../lib/gcc/arm-none-eabi/5.4.1/armv6-m\libgcc.a(_udivsi3.o)
                              .\CortexM0p\ARM_GCC_541\Debug\PSOC4_Main.a(ADC_1.o) (__aeabi_uidiv)
c:/program files (x86)/cypress/psoc creator/4.3/psoc creator/import/gnu/arm/5.4.1/bin/../lib/gcc/arm-none-eabi/5.4.1/armv6-m\libgcc.a(_divsi3.o)
                              .\CortexM0p\ARM_GCC_541\Debug\PSOC4_Main.a(ADC_1.o) (__aeabi_idiv)
c:/program files (x86)/cypress/psoc creator/4.3/psoc creator/import/gnu/arm/5.4.1/bin/../lib/gcc/arm-none-eabi/5.4.1/armv6-m\libgcc.a(_dvmd_tls.o)
                              c:/program files (x86)/cypress/psoc creator/4.3/psoc creator/import/gnu/arm/5.4.1/bin/../lib/gcc/arm-none-eabi/5.4.1/armv6-m\libgcc.a(_udivsi3.o) (__aeabi_idiv0)
c:/program files (x86)/cypress/psoc creator/4.3/psoc creator/import/gnu/arm/5.4.1/bin/../lib/gcc/arm-none-eabi/5.4.1/armv6-m\libgcc.a(_arm_cmpsf2.o)
                              .\CortexM0p\ARM_GCC_541\Debug\main.o (__aeabi_fcmpeq)
c:/program files (x86)/cypress/psoc creator/4.3/psoc creator/import/gnu/arm/5.4.1/bin/../lib/gcc/arm-none-eabi/5.4.1/armv6-m\libgcc.a(_aeabi_ldivmod.o)
                              .\CortexM0p\ARM_GCC_541\Debug\PSOC4_Main.a(ADC_1.o) (__aeabi_ldivmod)
[...]
Memory Configuration

Name             Origin             Length             Attributes
rom              0x00000000         0x00008000         xr
ram              0x20000000         0x00001000         xrw
*default*        0x00000000         0xffffffff

Linker script and memory map

LOAD c:/program files (x86)/cypress/psoc creator/4.3/psoc creator/import/gnu/arm/5.4.1/bin/../lib/gcc/arm-none-eabi/5.4.1/armv6-m/crti.o
LOAD c:/program files (x86)/cypress/psoc creator/4.3/psoc creator/import/gnu/arm/5.4.1/bin/../lib/gcc/arm-none-eabi/5.4.1/armv6-m/crtbegin.o
LOAD c:/program files (x86)/cypress/psoc creator/4.3/psoc creator/import/gnu/arm/5.4.1/bin/../lib/gcc/arm-none-eabi/5.4.1/../../../../arm-none-eabi/lib/armv6-m/crt0.o
START GROUP
LOAD .\CortexM0p\ARM_GCC_541\Debug\main.o
LOAD .\CortexM0p\ARM_GCC_541\Debug\cyfitter_cfg.o
LOAD .\CortexM0p\ARM_GCC_541\Debug\cymetadata.o
LOAD .\CortexM0p\ARM_GCC_541\Debug\Cm0plusStart.o
LOAD .\CortexM0p\ARM_GCC_541\Debug\PSOC4_Main.a
END GROUP
START GROUP
LOAD c:/program files (x86)/cypress/psoc creator/4.3/psoc creator/import/gnu/arm/5.4.1/bin/../lib/gcc/arm-none-eabi/5.4.1/armv6-m\libgcc.a
LOAD c:/program files (x86)/cypress/psoc creator/4.3/psoc creator/import/gnu/arm/5.4.1/bin/../lib/gcc/arm-none-eabi/5.4.1/../../../../arm-none-eabi/lib/armv6-m\libg_nano.a
LOAD c:/program files (x86)/cypress/psoc creator/4.3/psoc creator/import/gnu/arm/5.4.1/bin/../lib/gcc/arm-none-eabi/5.4.1/../../../../arm-none-eabi/lib/armv6-m\libc_nano.a
END GROUP
START GROUP
LOAD c:/program files (x86)/cypress/psoc creator/4.3/psoc creator/import/gnu/arm/5.4.1/bin/../lib/gcc/arm-none-eabi/5.4.1/armv6-m\libgcc.a
LOAD c:/program files (x86)/cypress/psoc creator/4.3/psoc creator/import/gnu/arm/5.4.1/bin/../lib/gcc/arm-none-eabi/5.4.1/../../../../arm-none-eabi/lib/armv6-m\libc_nano.a
END GROUP
LOAD c:/program files (x86)/cypress/psoc creator/4.3/psoc creator/import/gnu/arm/5.4.1/bin/../lib/gcc/arm-none-eabi/5.4.1/armv6-m/crtend.o
LOAD c:/program files (x86)/cypress/psoc creator/4.3/psoc creator/import/gnu/arm/5.4.1/bin/../lib/gcc/arm-none-eabi/5.4.1/armv6-m/crtn.o
START GROUP
LOAD c:/program files (x86)/cypress/psoc creator/4.3/psoc creator/import/gnu/arm/5.4.1/bin/../lib/gcc/arm-none-eabi/5.4.1/armv6-m\libgcc.a
LOAD c:/program files (x86)/cypress/psoc creator/4.3/psoc creator/import/gnu/arm/5.4.1/bin/../lib/gcc/arm-none-eabi/5.4.1/../../../../arm-none-eabi/lib/armv6-m\libc.a
LOAD c:/program files (x86)/cypress/psoc creator/4.3/psoc creator/import/gnu/arm/5.4.1/bin/../lib/gcc/arm-none-eabi/5.4.1/../../../../arm-none-eabi/lib/armv6-m\libnosys.a
END GROUP
                0x00000000                CY_APPL_ORIGIN = 0x0
                0x00000080                CY_FLASH_ROW_SIZE = 0x80
                0x00000001                CY_APPL_NUM = 0x1
                0x00000001                CY_APPL_MAX = 0x1
                0x00000040                CY_METADATA_SIZE = 0x40
                0x00000000                CY_APPL_LOADABLE = 0x0
                0x00000000                CY_CHECKSUM_EXCLUDE_SIZE = ALIGN (0x0, CY_FLASH_ROW_SIZE)
                0x00000000                CY_APP_FOR_STACK_AND_COPIER = 0x0
                [!provide]                PROVIDE (__cy_heap_start, _end)
                0x00000001                PROVIDE (__cy_region_num, ((__cy_regions_end - __cy_regions) / 0x10))
                0x20001000                PROVIDE (__cy_stack, (ORIGIN (ram) + LENGTH (ram)))
                [!provide]                PROVIDE (__cy_heap_end, (__cy_stack - 0x800))

.cybootloader   0x00000000        0x0
 *(.cybootloader)
                0x00000000                appl1_start = CY_APPL_ORIGIN?CY_APPL_ORIGIN:ALIGN (CY_FLASH_ROW_SIZE)
                0x00003f80                appl2_start = (appl1_start + ALIGN ((((LENGTH (rom) - appl1_start) - (0x2 * CY_FLASH_ROW_SIZE)) / 0x2), CY_FLASH_ROW_SIZE))
                0x00000000                appl_start = (CY_APPL_NUM == 0x1)?appl1_start:appl2_start
                0x00000001                cy_project_type_bootloader = (appl_start == 0x0)?0x1:0x0
                0x00000000                cy_project_type_app_for_stack_and_copier = (CY_APP_FOR_STACK_AND_COPIER == 0x1)?0x1:0x0

.text           0x00000000     0x6df0
 CREATE_OBJECT_SYMBOLS
                0x00000000                PROVIDE (__cy_interrupt_vector, RomVectors)
 *(.romvectors)
 .romvectors    0x00000000       0x10 .\CortexM0p\ARM_GCC_541\Debug\Cm0plusStart.o
                0x00000000                RomVectors
                0x00000001                ASSERT ((. != __cy_interrupt_vector), No interrupt vector)
                0x00000001                ASSERT (CY_APPL_ORIGIN?(SIZEOF (.cybootloader) <= CY_APPL_ORIGIN):0x1, Wrong image location)
                0x00000010                PROVIDE (__cy_reset, Reset)
 *(.text.Reset)
 .text.Reset    0x00000010        0xc .\CortexM0p\ARM_GCC_541\Debug\Cm0plusStart.o
                0x00000010                Reset
                0x00000001                ASSERT ((. != __cy_reset), No reset code)
 *(.psocinit)
 .psocinit      0x0000001c      0x158 .\CortexM0p\ARM_GCC_541\Debug\cyfitter_cfg.o
                0x000000f0                cyfitter_cfg
                0x00000174                . = MAX (., 0x100)
 *(.text .text.* .gnu.linkonce.t.*)
 .text          0x00000174       0x60 c:/program files (x86)/cypress/psoc creator/4.3/psoc creator/import/gnu/arm/5.4.1/bin/../lib/gcc/arm-none-eabi/5.4.1/armv6-m/crtbegin.o
 .text.Shutdown_Test
                0x000001d4       0x30 .\CortexM0p\ARM_GCC_541\Debug\main.o
                0x000001d4                Shutdown_Test
 .text.Print_headers
                0x00000204       0x90 .\CortexM0p\ARM_GCC_541\Debug\main.o
                0x00000204                Print_headers
 .text.Move_Window
                0x00000294       0x48 .\CortexM0p\ARM_GCC_541\Debug\main.o
                0x00000294                Move_Window
 .text.main     0x000002dc      0x37c .\CortexM0p\ARM_GCC_541\Debug\main.o
                0x000002dc                main
 .text.SetAnalogRoutingPumps
                0x00000658       0x20 .\CortexM0p\ARM_GCC_541\Debug\cyfitter_cfg.o
                0x00000658                SetAnalogRoutingPumps
 .text.AnalogSetDefault
                0x00000678       0xa0 .\CortexM0p\ARM_GCC_541\Debug\cyfitter_cfg.o
 .text.AMux_1_Set
                0x00000718       0x70 .\CortexM0p\ARM_GCC_541\Debug\cyfitter_cfg.o
                0x00000718                AMux_1_Set
 .text.AMux_1_Unset
                0x00000788       0x70 .\CortexM0p\ARM_GCC_541\Debug\cyfitter_cfg.o
                0x00000788                AMux_1_Unset
 .text.IntDefaultHandler
                0x000007f8       0x10 .\CortexM0p\ARM_GCC_541\Debug\Cm0plusStart.o
                0x000007f8                IntDefaultHandler
 .text._sbrk    0x00000808       0x34 .\CortexM0p\ARM_GCC_541\Debug\Cm0plusStart.o
                0x00000808                _sbrk
 .text.Start_c  0x0000083c       0x48 .\CortexM0p\ARM_GCC_541\Debug\Cm0plusStart.o
                0x0000083c                Start_c
 .text.initialize_psoc
                0x00000884       0x40 .\CortexM0p\ARM_GCC_541\Debug\Cm0plusStart.o
                0x00000884                initialize_psoc
 .text.Timer_1_WriteCounter
                0x000008c4       0x10 .\CortexM0p\ARM_GCC_541\Debug\PSOC4_Main.a(Timer_1.o)
                0x000008c4                Timer_1_WriteCounter
 .text.Timer_1_ReadCounter
                0x000008d4       0x10 .\CortexM0p\ARM_GCC_541\Debug\PSOC4_Main.a(Timer_1.o)
                0x000008d4                Timer_1_ReadCounter
 .text.Timer_1_WritePeriod
                0x000008e4       0x10 .\CortexM0p\ARM_GCC_541\Debug\PSOC4_Main.a(Timer_1.o)
                0x000008e4                Timer_1_WritePeriod
 .text.Timer_1_TriggerCommand
                0x000008f4       0x1c .\CortexM0p\ARM_GCC_541\Debug\PSOC4_Main.a(Timer_1.o)
                0x000008f4                Timer_1_TriggerCommand
 .text.Timer_1_Enable
                0x00000910       0x24 .\CortexM0p\ARM_GCC_541\Debug\PSOC4_Main.a(Timer_1.o)
                0x00000910                Timer_1_Enable
 .text.Timer_1_SetInterruptMode
                0x00000934        0xc .\CortexM0p\ARM_GCC_541\Debug\PSOC4_Main.a(Timer_1.o)
                0x00000934                Timer_1_SetInterruptMode
 .text.Timer_1_Init
                0x00000940       0x34 .\CortexM0p\ARM_GCC_541\Debug\PSOC4_Main.a(Timer_1.o)
                0x00000940                Timer_1_Init
 .text.Timer_1_Start
                0x00000974       0x20 .\CortexM0p\ARM_GCC_541\Debug\PSOC4_Main.a(Timer_1.o)
                0x00000974                Timer_1_Start
 .text.UART_1_ScbModePostEnable
                0x00000994        0x8 .\CortexM0p\ARM_GCC_541\Debug\PSOC4_Main.a(UART_1.o)
 .text.UART_1_Init
                0x0000099c        0x8 .\CortexM0p\ARM_GCC_541\Debug\PSOC4_Main.a(UART_1.o)
                0x0000099c                UART_1_Init
 .text.UART_1_Enable
                0x000009a4       0x18 .\CortexM0p\ARM_GCC_541\Debug\PSOC4_Main.a(UART_1.o)
                0x000009a4                UART_1_Enable
 .text.UART_1_Start
                0x000009bc       0x20 .\CortexM0p\ARM_GCC_541\Debug\PSOC4_Main.a(UART_1.o)
                0x000009bc                UART_1_Start
 .text.UART_1_UartInit
                0x000009dc       0xa8 .\CortexM0p\ARM_GCC_541\Debug\PSOC4_Main.a(UART_1_UART.o)
                0x000009dc                UART_1_UartInit
 .text.UART_1_UartPostEnable
                0x00000a84       0x14 .\CortexM0p\ARM_GCC_541\Debug\PSOC4_Main.a(UART_1_UART.o)
                0x00000a84                UART_1_UartPostEnable
 .text.UART_1_UartGetChar
                0x00000a98       0x2c .\CortexM0p\ARM_GCC_541\Debug\PSOC4_Main.a(UART_1_UART.o)
                0x00000a98                UART_1_UartGetChar
 .text.UART_1_UartPutString
                0x00000ac4       0x18 .\CortexM0p\ARM_GCC_541\Debug\PSOC4_Main.a(UART_1_UART.o)
                0x00000ac4                UART_1_UartPutString
 .text.I2C_1_ScbEnableIntr
                0x00000adc        0xc .\CortexM0p\ARM_GCC_541\Debug\PSOC4_Main.a(I2C_1.o)
 .text.I2C_1_Init
                0x00000ae8        0x8 .\CortexM0p\ARM_GCC_541\Debug\PSOC4_Main.a(I2C_1.o)
                0x00000ae8                I2C_1_Init
 .text.I2C_1_Enable
                0x00000af0       0x18 .\CortexM0p\ARM_GCC_541\Debug\PSOC4_Main.a(I2C_1.o)
                0x00000af0                I2C_1_Enable
 .text.I2C_1_Start
                0x00000b08       0x20 .\CortexM0p\ARM_GCC_541\Debug\PSOC4_Main.a(I2C_1.o)
                0x00000b08                I2C_1_Start
 .text.I2C_1_I2CInit
                0x00000b28       0xb8 .\CortexM0p\ARM_GCC_541\Debug\PSOC4_Main.a(I2C_1_I2C.o)
                0x00000b28                I2C_1_I2CInit
 .text.I2C_1_I2CFwBlockReset
                0x00000be0       0x5c .\CortexM0p\ARM_GCC_541\Debug\PSOC4_Main.a(I2C_1_I2C.o)
                0x00000be0                I2C_1_I2CFwBlockReset
 .text.I2C_1_I2CReStartGeneration
                0x00000c3c       0x20 .\CortexM0p\ARM_GCC_541\Debug\PSOC4_Main.a(I2C_1_I2C_MASTER.o)
                0x00000c3c                I2C_1_I2CReStartGeneration
 .text.I2C_1_I2CMasterReadBuf
                0x00000c5c      0x108 .\CortexM0p\ARM_GCC_541\Debug\PSOC4_Main.a(I2C_1_I2C_MASTER.o)
                0x00000c5c                I2C_1_I2CMasterReadBuf
 .text.ADC_1_SetDFTControl
                0x00000d64       0x34 .\CortexM0p\ARM_GCC_541\Debug\PSOC4_Main.a(ADC_1.o)
 .text.ADC_1_IsChannelSigned
                0x00000d98       0x58 .\CortexM0p\ARM_GCC_541\Debug\PSOC4_Main.a(ADC_1.o)
 .text.ADC_1_Stop
                0x00000df0       0x10 .\CortexM0p\ARM_GCC_541\Debug\PSOC4_Main.a(ADC_1.o)
                0x00000df0                ADC_1_Stop
 .text.ADC_1_InitConfig
                0x00000e00       0xac .\CortexM0p\ARM_GCC_541\Debug\PSOC4_Main.a(ADC_1.o)
                0x00000e00                ADC_1_InitConfig
 .text.ADC_1_StartConvert
                0x00000eac       0x28 .\CortexM0p\ARM_GCC_541\Debug\PSOC4_Main.a(ADC_1.o)
                0x00000eac                ADC_1_StartConvert
 .text.ADC_1_IsEndConversion
                0x00000ed4       0x38 .\CortexM0p\ARM_GCC_541\Debug\PSOC4_Main.a(ADC_1.o)
                0x00000ed4                ADC_1_IsEndConversion
 .text.ADC_1_GetResult32
                0x00000f0c       0x64 .\CortexM0p\ARM_GCC_541\Debug\PSOC4_Main.a(ADC_1.o)
                0x00000f0c                ADC_1_GetResult32
 .text.ADC_1_RawCounts2Counts
                0x00000f70       0x88 .\CortexM0p\ARM_GCC_541\Debug\PSOC4_Main.a(ADC_1.o)
                0x00000f70                ADC_1_RawCounts2Counts
 .text.ADC_1_CountsTo_mVolts
                0x00000ff8       0x68 .\CortexM0p\ARM_GCC_541\Debug\PSOC4_Main.a(ADC_1.o)
                0x00000ff8                ADC_1_CountsTo_mVolts
 .text.ADC_1_Init
                0x00001060       0xdc .\CortexM0p\ARM_GCC_541\Debug\PSOC4_Main.a(ADC_1.o)
                0x00001060                ADC_1_Init
 .text.ADC_1_Enable
                0x0000113c       0x48 .\CortexM0p\ARM_GCC_541\Debug\PSOC4_Main.a(ADC_1.o)
                0x0000113c                ADC_1_Enable
 .text.ADC_1_Start
                0x00001184       0x24 .\CortexM0p\ARM_GCC_541\Debug\PSOC4_Main.a(ADC_1.o)
                0x00001184                ADC_1_Start
 .text.ADC_1_StopConvert
                0x000011a8       0x44 .\CortexM0p\ARM_GCC_541\Debug\PSOC4_Main.a(ADC_1.o)
                0x000011a8                ADC_1_StopConvert
 .text.ADC_1_ISR
                0x000011ec        0xc .\CortexM0p\ARM_GCC_541\Debug\PSOC4_Main.a(ADC_1_INT.o)
                0x000011ec                ADC_1_ISR
 .text.PGA_1_Enable
                0x000011f8       0x1c .\CortexM0p\ARM_GCC_541\Debug\PSOC4_Main.a(PGA_1.o)
                0x000011f8                PGA_1_Enable
 .text.PGA_1_SetGain
                0x00001214       0xa4 .\CortexM0p\ARM_GCC_541\Debug\PSOC4_Main.a(PGA_1.o)
                0x00001214                PGA_1_SetGain
 .text.PGA_1_Init
                0x000012b8       0x50 .\CortexM0p\ARM_GCC_541\Debug\PSOC4_Main.a(PGA_1.o)
                0x000012b8                PGA_1_Init
 .text.PGA_1_Start
                0x00001308       0x20 .\CortexM0p\ARM_GCC_541\Debug\PSOC4_Main.a(PGA_1.o)
                0x00001308                PGA_1_Start
 .text.Opamp_1_Init
                0x00001328       0x2c .\CortexM0p\ARM_GCC_541\Debug\PSOC4_Main.a(Opamp_1.o)
                0x00001328                Opamp_1_Init
 .text.Opamp_1_Enable
                0x00001354       0x1c .\CortexM0p\ARM_GCC_541\Debug\PSOC4_Main.a(Opamp_1.o)
                0x00001354                Opamp_1_Enable
 .text.Opamp_1_Start
                0x00001370       0x20 .\CortexM0p\ARM_GCC_541\Debug\PSOC4_Main.a(Opamp_1.o)
                0x00001370                Opamp_1_Start
 .text.AMux_1_Start
                0x00001390       0x20 .\CortexM0p\ARM_GCC_541\Debug\PSOC4_Main.a(AMux_1.o)
                0x00001390                AMux_1_Start
 .text.AMux_1_FastSelect
                0x000013b0       0x20 .\CortexM0p\ARM_GCC_541\Debug\PSOC4_Main.a(AMux_1.o)
                0x000013b0                AMux_1_FastSelect
 .text.ADC_1_intSarClock_StartEx
                0x000013d0       0x1c .\CortexM0p\ARM_GCC_541\Debug\PSOC4_Main.a(ADC_1_intSarClock.o)
                0x000013d0                ADC_1_intSarClock_StartEx
 .text.ADC_1_intSarClock_Stop
                0x000013ec       0x18 .\CortexM0p\ARM_GCC_541\Debug\PSOC4_Main.a(ADC_1_intSarClock.o)
                0x000013ec                ADC_1_intSarClock_Stop
 .text.ADC_1_intSarClock_SetFractionalDividerRegister
                0x00001404       0x20 .\CortexM0p\ARM_GCC_541\Debug\PSOC4_Main.a(ADC_1_intSarClock.o)
                0x00001404                ADC_1_intSarClock_SetFractionalDividerRegister
 .text.CySysClkImoDisableWcoLock
                0x00001424       0x4c .\CortexM0p\ARM_GCC_541\Debug\PSOC4_Main.a(CyLib.o)
                0x00001424                CySysClkImoDisableWcoLock
 .text.CySysClkImoGetWcoLock
                0x00001470       0x14 .\CortexM0p\ARM_GCC_541\Debug\PSOC4_Main.a(CyLib.o)
                0x00001470                CySysClkImoGetWcoLock
 .text.CyIntEnable
                0x00001484       0x14 .\CortexM0p\ARM_GCC_541\Debug\PSOC4_Main.a(CyLib.o)
                0x00001484                CyIntEnable
 .text.CyIntDisable
                0x00001498       0x14 .\CortexM0p\ARM_GCC_541\Debug\PSOC4_Main.a(CyLib.o)
                0x00001498                CyIntDisable
 .text.CyHalt   0x000014ac        0x4 .\CortexM0p\ARM_GCC_541\Debug\PSOC4_Main.a(CyLib.o)
                0x000014ac                CyHalt
 .text.CyIntSetVector
                0x000014b0       0x24 .\CortexM0p\ARM_GCC_541\Debug\PSOC4_Main.a(CyLib.o)
                0x000014b0                CyIntSetVector
 .text.CyIntSetPriority
                0x000014d4       0x4c .\CortexM0p\ARM_GCC_541\Debug\PSOC4_Main.a(CyLib.o)
                0x000014d4                CyIntSetPriority
 .text.CyDelay  0x00001520       0x30 .\CortexM0p\ARM_GCC_541\Debug\PSOC4_Main.a(CyLib.o)
                0x00001520                CyDelay
 .text.CySysClkImoEnableWcoLock
                0x00001550       0xd0 .\CortexM0p\ARM_GCC_541\Debug\PSOC4_Main.a(CyLib.o)
                0x00001550                CySysClkImoEnableWcoLock
 .text.CySysClkWriteImoFreq
                0x00001620       0xd8 .\CortexM0p\ARM_GCC_541\Debug\PSOC4_Main.a(CyLib.o)
                0x00001620                CySysClkWriteImoFreq
 .text.CyDelayUs
                0x000016f8       0x14 .\CortexM0p\ARM_GCC_541\Debug\PSOC4_Main.a(CyLib.o)
                0x000016f8                CyDelayUs
 .text.CySysClkGetTimerSource
                0x0000170c       0x10 .\CortexM0p\ARM_GCC_541\Debug\PSOC4_Main.a(CyLFClk.o)
 .text.CySysClkWcoEnabled
                0x0000171c       0x14 .\CortexM0p\ARM_GCC_541\Debug\PSOC4_Main.a(CyLFClk.o)
                0x0000171c                CySysClkWcoEnabled
 .text.CySysWdtDisable
                0x00001730       0x10 .\CortexM0p\ARM_GCC_541\Debug\PSOC4_Main.a(CyLFClk.o)
                0x00001730                CySysWdtDisable
 .text.CySysClkSetTimerSource
                0x00001740       0x68 .\CortexM0p\ARM_GCC_541\Debug\PSOC4_Main.a(CyLFClk.o)
                0x00001740                CySysClkSetTimerSource
 .text.CySysTimerClearInterrupt
                0x000017a8       0x2c .\CortexM0p\ARM_GCC_541\Debug\PSOC4_Main.a(CyLFClk.o)
                0x000017a8                CySysTimerClearInterrupt
 .text.CySysTimerIsr
                0x000017d4       0xa4 .\CortexM0p\ARM_GCC_541\Debug\PSOC4_Main.a(CyLFClk.o)
                0x000017d4                CySysTimerIsr
 .text.RELAY_Write
                0x00001878       0x18 .\CortexM0p\ARM_GCC_541\Debug\PSOC4_Main.a(RELAY.o)
                0x00001878                RELAY_Write
 .text.RED_LED_Write
                0x00001890       0x18 .\CortexM0p\ARM_GCC_541\Debug\PSOC4_Main.a(RED_LED.o)
                0x00001890                RED_LED_Write
 .text.PVref_1_Init
                0x000018a8       0x1c .\CortexM0p\ARM_GCC_541\Debug\PSOC4_Main.a(PVref_1.o)
                0x000018a8                PVref_1_Init
 .text.PVref_1_Enable
                0x000018c4       0x10 .\CortexM0p\ARM_GCC_541\Debug\PSOC4_Main.a(PVref_1.o)
                0x000018c4                PVref_1_Enable
 .text.PVref_1_Start
                0x000018d4       0x20 .\CortexM0p\ARM_GCC_541\Debug\PSOC4_Main.a(PVref_1.o)
                0x000018d4                PVref_1_Start
 .text.PVref_1_Stop
                0x000018f4       0x10 .\CortexM0p\ARM_GCC_541\Debug\PSOC4_Main.a(PVref_1.o)
                0x000018f4                PVref_1_Stop
 .text.PGA_2_Enable
                0x00001904       0x1c .\CortexM0p\ARM_GCC_541\Debug\PSOC4_Main.a(PGA_2.o)
                0x00001904                PGA_2_Enable
 .text.PGA_2_SetGain
                0x00001920       0xa4 .\CortexM0p\ARM_GCC_541\Debug\PSOC4_Main.a(PGA_2.o)
                0x00001920                PGA_2_SetGain
 .text.PGA_2_Init
                0x000019c4       0x50 .\CortexM0p\ARM_GCC_541\Debug\PSOC4_Main.a(PGA_2.o)
                0x000019c4                PGA_2_Init
 .text.PGA_2_Start
                0x00001a14       0x20 .\CortexM0p\ARM_GCC_541\Debug\PSOC4_Main.a(PGA_2.o)
                0x00001a14                PGA_2_Start
 *fill*         0x00001a34        0x4 
 .text          0x00001a38       0x20 .\CortexM0p\ARM_GCC_541\Debug\PSOC4_Main.a(CyBootAsmGnu.o)
                0x00001a38                CyDelayCycles
                0x00001a4a                CyEnterCriticalSection
                0x00001a52                CyExitCriticalSection
 .text.UART_1_SpiUartReadRxData
                0x00001a58        0xc .\CortexM0p\ARM_GCC_541\Debug\PSOC4_Main.a(UART_1_SPI_UART.o)
                0x00001a58                UART_1_SpiUartReadRxData
 .text.UART_1_SpiUartGetRxBufferSize
                0x00001a64       0x10 .\CortexM0p\ARM_GCC_541\Debug\PSOC4_Main.a(UART_1_SPI_UART.o)
                0x00001a64                UART_1_SpiUartGetRxBufferSize
 .text.UART_1_SpiUartWriteTxData
                0x00001a74       0x1c .\CortexM0p\ARM_GCC_541\Debug\PSOC4_Main.a(UART_1_SPI_UART.o)
                0x00001a74                UART_1_SpiUartWriteTxData
 .text.I2C_1_I2C_ISR
                0x00001a90      0x340 .\CortexM0p\ARM_GCC_541\Debug\PSOC4_Main.a(I2C_1_I2C_INT.o)
                0x00001a90                I2C_1_I2C_ISR
 .text.CySysFlashSetWaitCycles
                0x00001dd0       0x54 .\CortexM0p\ARM_GCC_541\Debug\PSOC4_Main.a(CyFlash.o)
                0x00001dd0                CySysFlashSetWaitCycles
 .text          0x00001e24      0x114 c:/program files (x86)/cypress/psoc creator/4.3/psoc creator/import/gnu/arm/5.4.1/bin/../lib/gcc/arm-none-eabi/5.4.1/armv6-m\libgcc.a(_udivsi3.o)
                0x00001e24                __aeabi_uidiv
                0x00001e24                __udivsi3
                0x00001f30                __aeabi_uidivmod
 .text          0x00001f38      0x1d4 c:/program files (x86)/cypress/psoc creator/4.3/psoc creator/import/gnu/arm/5.4.1/bin/../lib/gcc/arm-none-eabi/5.4.1/armv6-m\libgcc.a(_divsi3.o)
                0x00001f38                __divsi3
                0x00001f38                __aeabi_idiv
                0x00002104                __aeabi_idivmod
 .text          0x0000210c        0x4 c:/program files (x86)/cypress/psoc creator/4.3/psoc creator/import/gnu/arm/5.4.1/bin/../lib/gcc/arm-none-eabi/5.4.1/armv6-m\libgcc.a(_dvmd_tls.o)
                0x0000210c                __aeabi_idiv0
                0x0000210c                __aeabi_ldiv0
 .text          0x00002110       0x74 c:/program files (x86)/cypress/psoc creator/4.3/psoc creator/import/gnu/arm/5.4.1/bin/../lib/gcc/arm-none-eabi/5.4.1/armv6-m\libgcc.a(_arm_cmpsf2.o)
                0x00002110                __aeabi_cfrcmple
                0x00002118                __aeabi_cfcmpeq
                0x00002118                __aeabi_cfcmple
                0x00002128                __aeabi_fcmpeq
                0x00002134                __aeabi_fcmplt
                0x00002148                __aeabi_fcmple
                0x0000215c                __aeabi_fcmpgt
                0x00002170                __aeabi_fcmpge
 .text          0x00002184      0x2ec c:/program files (x86)/cypress/psoc creator/4.3/psoc creator/import/gnu/arm/5.4.1/bin/../lib/gcc/arm-none-eabi/5.4.1/armv6-m\libgcc.a(addsf3.o)
                0x00002184                __aeabi_fadd
 .text          0x00002470      0x234 c:/program files (x86)/cypress/psoc creator/4.3/psoc creator/import/gnu/arm/5.4.1/bin/../lib/gcc/arm-none-eabi/5.4.1/armv6-m\libgcc.a(divsf3.o)
                0x00002470                __aeabi_fdiv
 .text          0x000026a4       0x50 c:/program files (x86)/cypress/psoc creator/4.3/psoc creator/import/gnu/arm/5.4.1/bin/../lib/gcc/arm-none-eabi/5.4.1/armv6-m\libgcc.a(eqsf2.o)
                0x000026a4                __eqsf2
                0x000026a4                __nesf2
 .text          0x000026f4       0x88 c:/program files (x86)/cypress/psoc creator/4.3/psoc creator/import/gnu/arm/5.4.1/bin/../lib/gcc/arm-none-eabi/5.4.1/armv6-m\libgcc.a(gesf2.o)
                0x000026f4                __gesf2
                0x000026f4                __gtsf2
 .text          0x0000277c       0x88 c:/program files (x86)/cypress/psoc creator/4.3/psoc creator/import/gnu/arm/5.4.1/bin/../lib/gcc/arm-none-eabi/5.4.1/armv6-m\libgcc.a(lesf2.o)
                0x0000277c                __ltsf2
                0x0000277c                __lesf2
 .text          0x00002804      0x228 c:/program files (x86)/cypress/psoc creator/4.3/psoc creator/import/gnu/arm/5.4.1/bin/../lib/gcc/arm-none-eabi/5.4.1/armv6-m\libgcc.a(mulsf3.o)
                0x00002804                __aeabi_fmul
 .text          0x00002a2c      0x30c c:/program files (x86)/cypress/psoc creator/4.3/psoc creator/import/gnu/arm/5.4.1/bin/../lib/gcc/arm-none-eabi/5.4.1/armv6-m\libgcc.a(subsf3.o)
                0x00002a2c                __aeabi_fsub
 .text          0x00002d38       0x90 c:/program files (x86)/cypress/psoc creator/4.3/psoc creator/import/gnu/arm/5.4.1/bin/../lib/gcc/arm-none-eabi/5.4.1/armv6-m\libgcc.a(floatsisf.o)
                0x00002d38                __aeabi_i2f
 .text          0x00002dc8       0x7c c:/program files (x86)/cypress/psoc creator/4.3/psoc creator/import/gnu/arm/5.4.1/bin/../lib/gcc/arm-none-eabi/5.4.1/armv6-m\libgcc.a(floatunsisf.o)
                0x00002dc8                __aeabi_ui2f
 .text          0x00002e44      0x62c c:/program files (x86)/cypress/psoc creator/4.3/psoc creator/import/gnu/arm/5.4.1/bin/../lib/gcc/arm-none-eabi/5.4.1/armv6-m\libgcc.a(divdf3.o)
                0x00002e44                __aeabi_ddiv
 .text          0x00003470      0x4f4 c:/program files (x86)/cypress/psoc creator/4.3/psoc creator/import/gnu/arm/5.4.1/bin/../lib/gcc/arm-none-eabi/5.4.1/armv6-m\libgcc.a(muldf3.o)
                0x00003470                __aeabi_dmul
 .text          0x00003964       0xa8 c:/program files (x86)/cypress/psoc creator/4.3/psoc creator/import/gnu/arm/5.4.1/bin/../lib/gcc/arm-none-eabi/5.4.1/armv6-m\libgcc.a(extendsfdf2.o)
                0x00003964                __aeabi_f2d
 .text          0x00003a0c      0x118 c:/program files (x86)/cypress/psoc creator/4.3/psoc creator/import/gnu/arm/5.4.1/bin/../lib/gcc/arm-none-eabi/5.4.1/armv6-m\libgcc.a(truncdfsf2.o)
                0x00003a0c                __aeabi_d2f
 .text          0x00003b24       0x3c c:/program files (x86)/cypress/psoc creator/4.3/psoc creator/import/gnu/arm/5.4.1/bin/../lib/gcc/arm-none-eabi/5.4.1/armv6-m\libgcc.a(_clzsi2.o)
                0x00003b24                __clzsi2
 .text.__errno  0x00003b60        0xc c:/program files (x86)/cypress/psoc creator/4.3/psoc creator/import/gnu/arm/5.4.1/bin/../lib/gcc/arm-none-eabi/5.4.1/../../../../arm-none-eabi/lib/armv6-m\libg_nano.a(lib_a-errno.o)
                0x00003b60                __errno
 .text.__libc_init_array
                0x00003b6c       0x4c c:/program files (x86)/cypress/psoc creator/4.3/psoc creator/import/gnu/arm/5.4.1/bin/../lib/gcc/arm-none-eabi/5.4.1/../../../../arm-none-eabi/lib/armv6-m\libg_nano.a(lib_a-init.o)
                0x00003b6c                __libc_init_array
 .text.memcpy   0x00003bb8       0x12 c:/program files (x86)/cypress/psoc creator/4.3/psoc creator/import/gnu/arm/5.4.1/bin/../lib/gcc/arm-none-eabi/5.4.1/../../../../arm-none-eabi/lib/armv6-m\libg_nano.a(lib_a-memcpy-stub.o)
                0x00003bb8                memcpy
 .text.memset   0x00003bca       0x10 c:/program files (x86)/cypress/psoc creator/4.3/psoc creator/import/gnu/arm/5.4.1/bin/../lib/gcc/arm-none-eabi/5.4.1/../../../../arm-none-eabi/lib/armv6-m\libg_nano.a(lib_a-memset.o)
                0x00003bca                memset
 .text.__cvt    0x00003bda       0xca c:/program files (x86)/cypress/psoc creator/4.3/psoc creator/import/gnu/arm/5.4.1/bin/../lib/gcc/arm-none-eabi/5.4.1/../../../../arm-none-eabi/lib/armv6-m\libg_nano.a(lib_a-nano-vfprintf_float.o)
                0x00003bda                __cvt
 .text.__exponent
                0x00003ca4       0x62 c:/program files (x86)/cypress/psoc creator/4.3/psoc creator/import/gnu/arm/5.4.1/bin/../lib/gcc/arm-none-eabi/5.4.1/../../../../arm-none-eabi/lib/armv6-m\libg_nano.a(lib_a-nano-vfprintf_float.o)
                0x00003ca4                __exponent
 *fill*         0x00003d06        0x2 
 .text._printf_float
                0x00003d08      0x4a0 c:/program files (x86)/cypress/psoc creator/4.3/psoc creator/import/gnu/arm/5.4.1/bin/../lib/gcc/arm-none-eabi/5.4.1/../../../../arm-none-eabi/lib/armv6-m\libg_nano.a(lib_a-nano-vfprintf_float.o)
                0x00003d08                _printf_float
 .text._printf_common
                0x000041a8       0xdc c:/program files (x86)/cypress/psoc creator/4.3/psoc creator/import/gnu/arm/5.4.1/bin/../lib/gcc/arm-none-eabi/5.4.1/../../../../arm-none-eabi/lib/armv6-m\libg_nano.a(lib_a-nano-vfprintf_i.o)
                0x000041a8                _printf_common
 .text._printf_i
                0x00004284      0x244 c:/program files (x86)/cypress/psoc creator/4.3/psoc creator/import/gnu/arm/5.4.1/bin/../lib/gcc/arm-none-eabi/5.4.1/../../../../arm-none-eabi/lib/armv6-m\libg_nano.a(lib_a-nano-vfprintf_i.o)
                0x00004284                _printf_i
 .text.sprintf  0x000044c8       0x44 c:/program files (x86)/cypress/psoc creator/4.3/psoc creator/import/gnu/arm/5.4.1/bin/../lib/gcc/arm-none-eabi/5.4.1/../../../../arm-none-eabi/lib/armv6-m\libg_nano.a(lib_a-sprintf.o)
                0x000044c8                siprintf
                0x000044c8                sprintf
 .text          0x0000450c        0xe c:/program files (x86)/cypress/psoc creator/4.3/psoc creator/import/gnu/arm/5.4.1/bin/../lib/gcc/arm-none-eabi/5.4.1/../../../../arm-none-eabi/lib/armv6-m\libg_nano.a(lib_a-strlen.o)
                0x0000450c                strlen
 .text.quorem   0x0000451a      0x10c c:/program files (x86)/cypress/psoc creator/4.3/psoc creator/import/gnu/arm/5.4.1/bin/../lib/gcc/arm-none-eabi/5.4.1/../../../../arm-none-eabi/lib/armv6-m\libg_nano.a(lib_a-dtoa.o)
 *fill*         0x00004626        0x2 
 .text._dtoa_r  0x00004628      0xb8c c:/program files (x86)/cypress/psoc creator/4.3/psoc creator/import/gnu/arm/5.4.1/bin/../lib/gcc/arm-none-eabi/5.4.1/../../../../arm-none-eabi/lib/armv6-m\libg_nano.a(lib_a-dtoa.o)
                0x00004628                _dtoa_r
 .text._localeconv_r
                0x000051b4        0x8 c:/program files (x86)/cypress/psoc creator/4.3/psoc creator/import/gnu/arm/5.4.1/bin/../lib/gcc/arm-none-eabi/5.4.1/../../../../arm-none-eabi/lib/armv6-m\libg_nano.a(lib_a-locale.o)
                0x000051b4                _localeconv_r
 .text.malloc   0x000051bc       0x14 c:/program files (x86)/cypress/psoc creator/4.3/psoc creator/import/gnu/arm/5.4.1/bin/../lib/gcc/arm-none-eabi/5.4.1/../../../../arm-none-eabi/lib/armv6-m\libg_nano.a(lib_a-malloc.o)
                0x000051bc                malloc
 .text.memchr   0x000051d0       0x16 c:/program files (x86)/cypress/psoc creator/4.3/psoc creator/import/gnu/arm/5.4.1/bin/../lib/gcc/arm-none-eabi/5.4.1/../../../../arm-none-eabi/lib/armv6-m\libg_nano.a(lib_a-memchr-stub.o)
                0x000051d0                memchr
 .text._Balloc  0x000051e6       0x70 c:/program files (x86)/cypress/psoc creator/4.3/psoc creator/import/gnu/arm/5.4.1/bin/../lib/gcc/arm-none-eabi/5.4.1/../../../../arm-none-eabi/lib/armv6-m\libg_nano.a(lib_a-mprec.o)
                0x000051e6                _Balloc
 .text._Bfree   0x00005256       0x32 c:/program files (x86)/cypress/psoc creator/4.3/psoc creator/import/gnu/arm/5.4.1/bin/../lib/gcc/arm-none-eabi/5.4.1/../../../../arm-none-eabi/lib/armv6-m\libg_nano.a(lib_a-mprec.o)
                0x00005256                _Bfree
 .text.__multadd
                0x00005288       0x7a c:/program files (x86)/cypress/psoc creator/4.3/psoc creator/import/gnu/arm/5.4.1/bin/../lib/gcc/arm-none-eabi/5.4.1/../../../../arm-none-eabi/lib/armv6-m\libg_nano.a(lib_a-mprec.o)
                0x00005288                __multadd
 .text.__hi0bits
                0x00005302       0x36 c:/program files (x86)/cypress/psoc creator/4.3/psoc creator/import/gnu/arm/5.4.1/bin/../lib/gcc/arm-none-eabi/5.4.1/../../../../arm-none-eabi/lib/armv6-m\libg_nano.a(lib_a-mprec.o)
                0x00005302                __hi0bits
 .text.__lo0bits
                0x00005338       0x5e c:/program files (x86)/cypress/psoc creator/4.3/psoc creator/import/gnu/arm/5.4.1/bin/../lib/gcc/arm-none-eabi/5.4.1/../../../../arm-none-eabi/lib/armv6-m\libg_nano.a(lib_a-mprec.o)
                0x00005338                __lo0bits
 .text.__i2b    0x00005396       0x12 c:/program files (x86)/cypress/psoc creator/4.3/psoc creator/import/gnu/arm/5.4.1/bin/../lib/gcc/arm-none-eabi/5.4.1/../../../../arm-none-eabi/lib/armv6-m\libg_nano.a(lib_a-mprec.o)
                0x00005396                __i2b
 .text.__multiply
                0x000053a8      0x112 c:/program files (x86)/cypress/psoc creator/4.3/psoc creator/import/gnu/arm/5.4.1/bin/../lib/gcc/arm-none-eabi/5.4.1/../../../../arm-none-eabi/lib/armv6-m\libg_nano.a(lib_a-mprec.o)
                0x000053a8                __multiply
 *fill*         0x000054ba        0x2 
 .text.__pow5mult
                0x000054bc       0xa8 c:/program files (x86)/cypress/psoc creator/4.3/psoc creator/import/gnu/arm/5.4.1/bin/../lib/gcc/arm-none-eabi/5.4.1/../../../../arm-none-eabi/lib/armv6-m\libg_nano.a(lib_a-mprec.o)
                0x000054bc                __pow5mult
 .text.__lshift
                0x00005564       0xa4 c:/program files (x86)/cypress/psoc creator/4.3/psoc creator/import/gnu/arm/5.4.1/bin/../lib/gcc/arm-none-eabi/5.4.1/../../../../arm-none-eabi/lib/armv6-m\libg_nano.a(lib_a-mprec.o)
                0x00005564                __lshift
 .text.__mcmp   0x00005608       0x36 c:/program files (x86)/cypress/psoc creator/4.3/psoc creator/import/gnu/arm/5.4.1/bin/../lib/gcc/arm-none-eabi/5.4.1/../../../../arm-none-eabi/lib/armv6-m\libg_nano.a(lib_a-mprec.o)
                0x00005608                __mcmp
 .text.__mdiff  0x0000563e       0xd6 c:/program files (x86)/cypress/psoc creator/4.3/psoc creator/import/gnu/arm/5.4.1/bin/../lib/gcc/arm-none-eabi/5.4.1/../../../../arm-none-eabi/lib/armv6-m\libg_nano.a(lib_a-mprec.o)
                0x0000563e                __mdiff
 .text.__d2b    0x00005714       0xa8 c:/program files (x86)/cypress/psoc creator/4.3/psoc creator/import/gnu/arm/5.4.1/bin/../lib/gcc/arm-none-eabi/5.4.1/../../../../arm-none-eabi/lib/armv6-m\libg_nano.a(lib_a-mprec.o)
                0x00005714                __d2b
 .text._calloc_r
                0x000057bc       0x1c c:/program files (x86)/cypress/psoc creator/4.3/psoc creator/import/gnu/arm/5.4.1/bin/../lib/gcc/arm-none-eabi/5.4.1/../../../../arm-none-eabi/lib/armv6-m\libg_nano.a(lib_a-nano-callocr.o)
                0x000057bc                _calloc_r
 .text._free_r  0x000057d8       0x98 c:/program files (x86)/cypress/psoc creator/4.3/psoc creator/import/gnu/arm/5.4.1/bin/../lib/gcc/arm-none-eabi/5.4.1/../../../../arm-none-eabi/lib/armv6-m\libg_nano.a(lib_a-nano-freer.o)
                0x000057d8                _free_r
 .text._malloc_r
                0x00005870       0xc0 c:/program files (x86)/cypress/psoc creator/4.3/psoc creator/import/gnu/arm/5.4.1/bin/../lib/gcc/arm-none-eabi/5.4.1/../../../../arm-none-eabi/lib/armv6-m\libg_nano.a(lib_a-nano-mallocr.o)
                0x00005870                _malloc_r
 .text.__ssputs_r
                0x00005930       0xc4 c:/program files (x86)/cypress/psoc creator/4.3/psoc creator/import/gnu/arm/5.4.1/bin/../lib/gcc/arm-none-eabi/5.4.1/../../../../arm-none-eabi/lib/armv6-m\libg_nano.a(lib_a-nano-svfprintf.o)
                0x00005930                __ssputs_r
 .text._svfprintf_r
                0x000059f4      0x1fc c:/program files (x86)/cypress/psoc creator/4.3/psoc creator/import/gnu/arm/5.4.1/bin/../lib/gcc/arm-none-eabi/5.4.1/../../../../arm-none-eabi/lib/armv6-m\libg_nano.a(lib_a-nano-svfprintf.o)
                0x000059f4                _svfiprintf_r
                0x000059f4                _svfprintf_r
 .text._sbrk_r  0x00005bf0       0x24 c:/program files (x86)/cypress/psoc creator/4.3/psoc creator/import/gnu/arm/5.4.1/bin/../lib/gcc/arm-none-eabi/5.4.1/../../../../arm-none-eabi/lib/armv6-m\libg_nano.a(lib_a-sbrkr.o)
                0x00005bf0                _sbrk_r
 .text.memmove  0x00005c14       0x2a c:/program files (x86)/cypress/psoc creator/4.3/psoc creator/import/gnu/arm/5.4.1/bin/../lib/gcc/arm-none-eabi/5.4.1/../../../../arm-none-eabi/lib/armv6-m\libg_nano.a(lib_a-memmove.o)
                0x00005c14                memmove
 .text.__malloc_lock
                0x00005c3e        0x2 c:/program files (x86)/cypress/psoc creator/4.3/psoc creator/import/gnu/arm/5.4.1/bin/../lib/gcc/arm-none-eabi/5.4.1/../../../../arm-none-eabi/lib/armv6-m\libg_nano.a(lib_a-mlock.o)
                0x00005c3e                __malloc_lock
 .text.__malloc_unlock
                0x00005c40        0x2 c:/program files (x86)/cypress/psoc creator/4.3/psoc creator/import/gnu/arm/5.4.1/bin/../lib/gcc/arm-none-eabi/5.4.1/../../../../arm-none-eabi/lib/armv6-m\libg_nano.a(lib_a-mlock.o)
                0x00005c40                __malloc_unlock
 .text._realloc_r
                0x00005c42       0x4c c:/program files (x86)/cypress/psoc creator/4.3/psoc creator/import/gnu/arm/5.4.1/bin/../lib/gcc/arm-none-eabi/5.4.1/../../../../arm-none-eabi/lib/armv6-m\libg_nano.a(lib_a-nano-reallocr.o)
                0x00005c42                _realloc_r
 .text._malloc_usable_size_r
                0x00005c8e       0x16 c:/program files (x86)/cypress/psoc creator/4.3/psoc creator/import/gnu/arm/5.4.1/bin/../lib/gcc/arm-none-eabi/5.4.1/../../../../arm-none-eabi/lib/armv6-m\libg_nano.a(lib_a-nano-msizer.o)
                0x00005c8e                _malloc_usable_size_r
 .text          0x00005ca4       0x14 c:/program files (x86)/cypress/psoc creator/4.3/psoc creator/import/gnu/arm/5.4.1/bin/../lib/gcc/arm-none-eabi/5.4.1/armv6-m\libgcc.a(_thumb1_case_uqi.o)
                0x00005ca4                __gnu_thumb1_case_uqi
 .text          0x00005cb8       0x7c c:/program files (x86)/cypress/psoc creator/4.3/psoc creator/import/gnu/arm/5.4.1/bin/../lib/gcc/arm-none-eabi/5.4.1/armv6-m\libgcc.a(_arm_cmpdf2.o)
                0x00005cb8                __aeabi_cdrcmple
                0x00005cc8                __aeabi_cdcmple
                0x00005cc8                __aeabi_cdcmpeq
                0x00005cd8                __aeabi_dcmpeq
                0x00005ce4                __aeabi_dcmplt
                0x00005cf8                __aeabi_dcmple
                0x00005d0c                __aeabi_dcmpgt
                0x00005d20                __aeabi_dcmpge
 .text          0x00005d34      0x658 c:/program files (x86)/cypress/psoc creator/4.3/psoc creator/import/gnu/arm/5.4.1/bin/../lib/gcc/arm-none-eabi/5.4.1/armv6-m\libgcc.a(adddf3.o)
                0x00005d34                __aeabi_dadd
 .text          0x0000638c       0x80 c:/program files (x86)/cypress/psoc creator/4.3/psoc creator/import/gnu/arm/5.4.1/bin/../lib/gcc/arm-none-eabi/5.4.1/armv6-m\libgcc.a(eqdf2.o)
                0x0000638c                __nedf2
                0x0000638c                __eqdf2
 .text          0x0000640c       0xc8 c:/program files (x86)/cypress/psoc creator/4.3/psoc creator/import/gnu/arm/5.4.1/bin/../lib/gcc/arm-none-eabi/5.4.1/armv6-m\libgcc.a(gedf2.o)
                0x0000640c                __gedf2
                0x0000640c                __gtdf2
 .text          0x000064d4       0xd4 c:/program files (x86)/cypress/psoc creator/4.3/psoc creator/import/gnu/arm/5.4.1/bin/../lib/gcc/arm-none-eabi/5.4.1/armv6-m\libgcc.a(ledf2.o)
                0x000064d4                __ledf2
                0x000064d4                __ltdf2
 .text          0x000065a8      0x6a8 c:/program files (x86)/cypress/psoc creator/4.3/psoc creator/import/gnu/arm/5.4.1/bin/../lib/gcc/arm-none-eabi/5.4.1/armv6-m\libgcc.a(subdf3.o)
                0x000065a8                __aeabi_dsub
 .text          0x00006c50       0x40 c:/program files (x86)/cypress/psoc creator/4.3/psoc creator/import/gnu/arm/5.4.1/bin/../lib/gcc/arm-none-eabi/5.4.1/armv6-m\libgcc.a(unorddf2.o)
                0x00006c50                __aeabi_dcmpun
 .text          0x00006c90       0x6c c:/program files (x86)/cypress/psoc creator/4.3/psoc creator/import/gnu/arm/5.4.1/bin/../lib/gcc/arm-none-eabi/5.4.1/armv6-m\libgcc.a(fixdfsi.o)
                0x00006c90                __aeabi_d2iz
 .text          0x00006cfc       0x84 c:/program files (x86)/cypress/psoc creator/4.3/psoc creator/import/gnu/arm/5.4.1/bin/../lib/gcc/arm-none-eabi/5.4.1/armv6-m\libgcc.a(floatsidf.o)
                0x00006cfc                __aeabi_i2d
 .text          0x00006d80       0x70 c:/program files (x86)/cypress/psoc creator/4.3/psoc creator/import/gnu/arm/5.4.1/bin/../lib/gcc/arm-none-eabi/5.4.1/armv6-m\libgcc.a(floatunsidf.o)
                0x00006d80                __aeabi_ui2d
 *(.plt)
 *(.gnu.warning)
 *(.glue_7t)
 .glue_7t       0x00006df0        0x0 linker stubs
 *(.glue_7)
 .glue_7        0x00006df0        0x0 linker stubs
 *(.vfp11_veneer)
 .vfp11_veneer  0x00006df0        0x0 linker stubs
 *(.bootloader)
 *(.ARM.extab* .gnu.linkonce.armextab.*)
 *(.gcc_except_table)

.v4_bx          0x00006df0        0x0
 .v4_bx         0x00006df0        0x0 linker stubs

.iplt           0x00006df0        0x0
 .iplt          0x00006df0        0x0 c:/program files (x86)/cypress/psoc creator/4.3/psoc creator/import/gnu/arm/5.4.1/bin/../lib/gcc/arm-none-eabi/5.4.1/armv6-m/crtbegin.o

.eh_frame_hdr
 *(.eh_frame_hdr)

.eh_frame       0x00006df0        0x4
 *(.eh_frame)
 .eh_frame      0x00006df0        0x0 c:/program files (x86)/cypress/psoc creator/4.3/psoc creator/import/gnu/arm/5.4.1/bin/../lib/gcc/arm-none-eabi/5.4.1/armv6-m/crtbegin.o
 .eh_frame      0x00006df0        0x4 c:/program files (x86)/cypress/psoc creator/4.3/psoc creator/import/gnu/arm/5.4.1/bin/../lib/gcc/arm-none-eabi/5.4.1/armv6-m/crtend.o
                [!provide]                PROVIDE (__exidx_start, .)

.ARM.exidx
 *(.ARM.exidx* .gnu.linkonce.armexidx.*)
                0x00006df4                __exidx_end = .

.rodata         0x00006df8      0x530
 *(.rodata .rodata.* .gnu.linkonce.r.*)
 .rodata.str1.4
                0x00006df8      0x190 .\CortexM0p\ARM_GCC_541\Debug\main.o
                                0x191 (size before relaxing)
 .rodata        0x00006f88       0x38 .\CortexM0p\ARM_GCC_541\Debug\PSOC4_Main.a(ADC_1_INIT.o)
                0x00006f88                ADC_1_allConfigs
 .rodata        0x00006fc0       0x48 .\CortexM0p\ARM_GCC_541\Debug\PSOC4_Main.a(PGA_1.o)
                0x00006fc0                PGA_1_compTab
 .rodata        0x00007008       0x48 .\CortexM0p\ARM_GCC_541\Debug\PSOC4_Main.a(PGA_2.o)
                0x00007008                PGA_2_compTab
 .rodata        0x00007050       0x80 c:/program files (x86)/cypress/psoc creator/4.3/psoc creator/import/gnu/arm/5.4.1/bin/../lib/gcc/arm-none-eabi/5.4.1/armv6-m\libgcc.a(divsf3.o)
 .rodata        0x000070d0       0x40 c:/program files (x86)/cypress/psoc creator/4.3/psoc creator/import/gnu/arm/5.4.1/bin/../lib/gcc/arm-none-eabi/5.4.1/armv6-m\libgcc.a(mulsf3.o)
 .rodata        0x00007110       0x40 c:/program files (x86)/cypress/psoc creator/4.3/psoc creator/import/gnu/arm/5.4.1/bin/../lib/gcc/arm-none-eabi/5.4.1/armv6-m\libgcc.a(divdf3.o)
 .rodata        0x00007150       0x40 c:/program files (x86)/cypress/psoc creator/4.3/psoc creator/import/gnu/arm/5.4.1/bin/../lib/gcc/arm-none-eabi/5.4.1/armv6-m\libgcc.a(muldf3.o)
 .rodata.str1.1
                0x00007190        0x2 c:/program files (x86)/cypress/psoc creator/4.3/psoc creator/import/gnu/arm/5.4.1/bin/../lib/gcc/arm-none-eabi/5.4.1/../../../../arm-none-eabi/lib/armv6-m\libg_nano.a(lib_a-impure.o)
 .rodata.str1.1
                0x00007192       0x12 c:/program files (x86)/cypress/psoc creator/4.3/psoc creator/import/gnu/arm/5.4.1/bin/../lib/gcc/arm-none-eabi/5.4.1/../../../../arm-none-eabi/lib/armv6-m\libg_nano.a(lib_a-nano-vfprintf_float.o)
 .rodata.str1.1
                0x000071a4       0x22 c:/program files (x86)/cypress/psoc creator/4.3/psoc creator/import/gnu/arm/5.4.1/bin/../lib/gcc/arm-none-eabi/5.4.1/../../../../arm-none-eabi/lib/armv6-m\libg_nano.a(lib_a-nano-vfprintf_i.o)
 .rodata.str1.1
                0x000071c6        0xd c:/program files (x86)/cypress/psoc creator/4.3/psoc creator/import/gnu/arm/5.4.1/bin/../lib/gcc/arm-none-eabi/5.4.1/../../../../arm-none-eabi/lib/armv6-m\libg_nano.a(lib_a-dtoa.o)
                                  0xf (size before relaxing)
 .rodata.str1.1
                0x000071d3        0x8 c:/program files (x86)/cypress/psoc creator/4.3/psoc creator/import/gnu/arm/5.4.1/bin/../lib/gcc/arm-none-eabi/5.4.1/../../../../arm-none-eabi/lib/armv6-m\libg_nano.a(lib_a-locale.o)
                                  0xb (size before relaxing)
 *fill*         0x000071db        0x5 
 .rodata.__mprec_tens
                0x000071e0       0xc8 c:/program files (x86)/cypress/psoc creator/4.3/psoc creator/import/gnu/arm/5.4.1/bin/../lib/gcc/arm-none-eabi/5.4.1/../../../../arm-none-eabi/lib/armv6-m\libg_nano.a(lib_a-mprec.o)
                0x000071e0                __mprec_tens
 .rodata.p05.5408
                0x000072a8        0xc c:/program files (x86)/cypress/psoc creator/4.3/psoc creator/import/gnu/arm/5.4.1/bin/../lib/gcc/arm-none-eabi/5.4.1/../../../../arm-none-eabi/lib/armv6-m\libg_nano.a(lib_a-mprec.o)
 *fill*         0x000072b4        0x4 
 .rodata.__mprec_bigtens
                0x000072b8       0x28 c:/program files (x86)/cypress/psoc creator/4.3/psoc creator/import/gnu/arm/5.4.1/bin/../lib/gcc/arm-none-eabi/5.4.1/../../../../arm-none-eabi/lib/armv6-m\libg_nano.a(lib_a-mprec.o)
                0x000072b8                __mprec_bigtens
 .rodata.str1.1
                0x000072e0       0x11 c:/program files (x86)/cypress/psoc creator/4.3/psoc creator/import/gnu/arm/5.4.1/bin/../lib/gcc/arm-none-eabi/5.4.1/../../../../arm-none-eabi/lib/armv6-m\libg_nano.a(lib_a-nano-svfprintf.o)
                0x000072f4                . = ALIGN (0x4)
 *fill*         0x000072f1        0x3 
 *(.init)
 .init          0x000072f4        0x4 c:/program files (x86)/cypress/psoc creator/4.3/psoc creator/import/gnu/arm/5.4.1/bin/../lib/gcc/arm-none-eabi/5.4.1/armv6-m/crti.o
                0x000072f4                _init
 .init          0x000072f8        0x8 c:/program files (x86)/cypress/psoc creator/4.3/psoc creator/import/gnu/arm/5.4.1/bin/../lib/gcc/arm-none-eabi/5.4.1/armv6-m/crtn.o
                0x00007300                . = ALIGN (0x4)
                0x00007300                __preinit_array_start = .
 *(.preinit_array)
                0x00007300                __preinit_array_end = .
                0x00007300                . = ALIGN (0x4)
                0x00007300                __init_array_start = .
 *(SORT(.init_array.*))
 *(.init_array)
 .init_array    0x00007300        0x4 c:/program files (x86)/cypress/psoc creator/4.3/psoc creator/import/gnu/arm/5.4.1/bin/../lib/gcc/arm-none-eabi/5.4.1/armv6-m/crtbegin.o
 .init_array    0x00007304        0x4 .\CortexM0p\ARM_GCC_541\Debug\Cm0plusStart.o
                0x00007308                __init_array_end = .
                0x00007308                . = ALIGN (0x4)
 *(.fini)
 .fini          0x00007308        0x4 c:/program files (x86)/cypress/psoc creator/4.3/psoc creator/import/gnu/arm/5.4.1/bin/../lib/gcc/arm-none-eabi/5.4.1/armv6-m/crti.o
                0x00007308                _fini
 .fini          0x0000730c        0x8 c:/program files (x86)/cypress/psoc creator/4.3/psoc creator/import/gnu/arm/5.4.1/bin/../lib/gcc/arm-none-eabi/5.4.1/armv6-m/crtn.o
                0x00007314                . = ALIGN (0x4)
                0x00007314                __fini_array_start = .
 *(.fini_array)
 .fini_array    0x00007314        0x4 c:/program files (x86)/cypress/psoc creator/4.3/psoc creator/import/gnu/arm/5.4.1/bin/../lib/gcc/arm-none-eabi/5.4.1/armv6-m/crtbegin.o
 *(SORT(.fini_array.*))
                0x00007318                __fini_array_end = .
                0x00007318                . = ALIGN (0x4)
 *crtbegin.o(.ctors)
 *(EXCLUDE_FILE(*crtend.o) .ctors)
 *(SORT(.ctors.*))
 *crtend.o(.ctors)
                0x00007318                . = ALIGN (0x4)
 *crtbegin.o(.dtors)
 *(EXCLUDE_FILE(*crtend.o) .dtors)
 *(SORT(.dtors.*))
 *crtend.o(.dtors)
                0x00007318                . = ALIGN (0x4)
                0x00007318                __cy_regions = .
                0x00007318        0x4 LONG 0x7328 __cy_region_init_ram
                0x0000731c        0x4 LONG 0x200000a8 __cy_region_start_data
                0x00007320        0x4 LONG 0xc0 __cy_region_init_size_ram
                0x00007324        0x4 LONG 0xa0 __cy_region_zero_size_ram
                0x00007328                __cy_regions_end = .
                0x00007328                . = ALIGN (0x8)
                0x00007328                _etext = .

.cy_checksum_exclude
                0x00007328        0x0
 *(.cy_checksum_exclude)

.ramvectors     0x20000000       0xa4
                0x20000000                __cy_region_start_ram = .
 *(.ramvectors)
 .ramvectors    0x20000000       0xa4 .\CortexM0p\ARM_GCC_541\Debug\Cm0plusStart.o
                0x20000000                CyRamVectors

.noinit
 *(.noinit)

.data           0x200000a8       0xc0 load address 0x00007328
                0x200000a8                __cy_region_start_data = .
 *(.jcr)
 .jcr           0x200000a8        0x0 c:/program files (x86)/cypress/psoc creator/4.3/psoc creator/import/gnu/arm/5.4.1/bin/../lib/gcc/arm-none-eabi/5.4.1/armv6-m/crtbegin.o
 .jcr           0x200000a8        0x4 c:/program files (x86)/cypress/psoc creator/4.3/psoc creator/import/gnu/arm/5.4.1/bin/../lib/gcc/arm-none-eabi/5.4.1/armv6-m/crtend.o
 *(.got.plt)
 *(.got)
 *(.shdata)
 *(.data .data.* .gnu.linkonce.d.*)
 .data          0x200000ac        0x4 .\CortexM0p\ARM_GCC_541\Debug\Cm0plusStart.o
 .data          0x200000b0        0x1 .\CortexM0p\ARM_GCC_541\Debug\PSOC4_Main.a(AMux_1.o)
 *fill*         0x200000b1        0x3 
 .data          0x200000b4       0x14 .\CortexM0p\ARM_GCC_541\Debug\PSOC4_Main.a(CyLib.o)
                0x200000b4                CySysClkPumpConfig
                0x200000b8                cydelay32kMs
                0x200000bc                cydelayFreqKhz
                0x200000c0                cydelayFreqMhz
                0x200000c4                cydelayFreqHz
 .data          0x200000c8        0x4 .\CortexM0p\ARM_GCC_541\Debug\PSOC4_Main.a(CyLFClk.o)
 .data.impure_data
                0x200000cc       0x60 c:/program files (x86)/cypress/psoc creator/4.3/psoc creator/import/gnu/arm/5.4.1/bin/../lib/gcc/arm-none-eabi/5.4.1/../../../../arm-none-eabi/lib/armv6-m\libg_nano.a(lib_a-impure.o)
 .data._impure_ptr
                0x2000012c        0x4 c:/program files (x86)/cypress/psoc creator/4.3/psoc creator/import/gnu/arm/5.4.1/bin/../lib/gcc/arm-none-eabi/5.4.1/../../../../arm-none-eabi/lib/armv6-m\libg_nano.a(lib_a-impure.o)
                0x2000012c                _impure_ptr
 .data.lconv    0x20000130       0x38 c:/program files (x86)/cypress/psoc creator/4.3/psoc creator/import/gnu/arm/5.4.1/bin/../lib/gcc/arm-none-eabi/5.4.1/../../../../arm-none-eabi/lib/armv6-m\libg_nano.a(lib_a-locale.o)
                0x20000168                . = ALIGN (0x8)
 *(.ram)
                0x20000168                _edata = .

.igot.plt       0x20000168        0x0 load address 0x000073e8
 .igot.plt      0x20000168        0x0 c:/program files (x86)/cypress/psoc creator/4.3/psoc creator/import/gnu/arm/5.4.1/bin/../lib/gcc/arm-none-eabi/5.4.1/armv6-m/crtbegin.o

.bss            0x20000168       0xa0 load address 0x000073e8
                0x20000168                PROVIDE (__bss_start__, .)
 *(.shbss)
 *(.bss .bss.* .gnu.linkonce.b.*)
 .bss           0x20000168       0x1c c:/program files (x86)/cypress/psoc creator/4.3/psoc creator/import/gnu/arm/5.4.1/bin/../lib/gcc/arm-none-eabi/5.4.1/armv6-m/crtbegin.o
 .bss           0x20000184        0x1 .\CortexM0p\ARM_GCC_541\Debug\PSOC4_Main.a(Timer_1.o)
                0x20000184                Timer_1_initVar
 *fill*         0x20000185        0x1 
 .bss           0x20000186        0x4 .\CortexM0p\ARM_GCC_541\Debug\PSOC4_Main.a(UART_1.o)
                0x20000186                UART_1_initVar
                0x20000188                UART_1_IntrTxMask
 *fill*         0x2000018a        0x2 
 .bss           0x2000018c        0x8 .\CortexM0p\ARM_GCC_541\Debug\PSOC4_Main.a(I2C_1.o)
                0x2000018c                I2C_1_initVar
                0x20000190                I2C_1_customIntrHandler
 .bss           0x20000194        0x6 .\CortexM0p\ARM_GCC_541\Debug\PSOC4_Main.a(ADC_1.o)
                0x20000198                ADC_1_initVar
                0x20000199                ADC_1_selected
 *fill*         0x2000019a        0x2 
 .bss           0x2000019c        0x5 .\CortexM0p\ARM_GCC_541\Debug\PSOC4_Main.a(PGA_1.o)
                0x2000019c                PGA_1_internalGainPower
                0x200001a0                PGA_1_initVar
 *fill*         0x200001a1        0x3 
 .bss           0x200001a4        0x5 .\CortexM0p\ARM_GCC_541\Debug\PSOC4_Main.a(Opamp_1.o)
                0x200001a8                Opamp_1_initVar
 *fill*         0x200001a9        0x3 
 .bss           0x200001ac       0x18 .\CortexM0p\ARM_GCC_541\Debug\PSOC4_Main.a(CyLFClk.o)
 .bss           0x200001c4        0x1 .\CortexM0p\ARM_GCC_541\Debug\PSOC4_Main.a(PVref_1.o)
                0x200001c4                PVref_1_initVar
 *fill*         0x200001c5        0x3 
 .bss           0x200001c8        0x5 .\CortexM0p\ARM_GCC_541\Debug\PSOC4_Main.a(PGA_2.o)
                0x200001c8                PGA_2_internalGainPower
                0x200001cc                PGA_2_initVar
 *fill*         0x200001cd        0x3 
 .bss.__malloc_sbrk_start
                0x200001d0        0x4 c:/program files (x86)/cypress/psoc creator/4.3/psoc creator/import/gnu/arm/5.4.1/bin/../lib/gcc/arm-none-eabi/5.4.1/../../../../arm-none-eabi/lib/armv6-m\libg_nano.a(lib_a-nano-mallocr.o)
                0x200001d0                __malloc_sbrk_start
 .bss.__malloc_free_list
                0x200001d4        0x4 c:/program files (x86)/cypress/psoc creator/4.3/psoc creator/import/gnu/arm/5.4.1/bin/../lib/gcc/arm-none-eabi/5.4.1/../../../../arm-none-eabi/lib/armv6-m\libg_nano.a(lib_a-nano-mallocr.o)
                0x200001d4                __malloc_free_list
 *(COMMON)
 COMMON         0x200001d8        0x1 .\CortexM0p\ARM_GCC_541\Debug\PSOC4_Main.a(I2C_1_I2C.o)
                0x200001d8                I2C_1_state
 *fill*         0x200001d9        0x3 
 COMMON         0x200001dc       0x20 .\CortexM0p\ARM_GCC_541\Debug\PSOC4_Main.a(I2C_1_I2C_MASTER.o)
                0x200001dc                I2C_1_mstrWrBufIndexTmp
                0x200001e0                I2C_1_mstrWrBufIndex
                0x200001e4                I2C_1_mstrControl
                0x200001e6                I2C_1_mstrStatus
                0x200001e8                I2C_1_mstrWrBufSize
                0x200001ec                I2C_1_mstrRdBufIndex
                0x200001f0                I2C_1_mstrWrBufPtr
                0x200001f4                I2C_1_mstrRdBufPtr
                0x200001f8                I2C_1_mstrRdBufSize
 COMMON         0x200001fc        0x8 .\CortexM0p\ARM_GCC_541\Debug\PSOC4_Main.a(ADC_1.o)
                0x200001fc                ADC_1_offset
                0x20000200                ADC_1_countsPer10Volt
 COMMON         0x20000204        0x4 c:/program files (x86)/cypress/psoc creator/4.3/psoc creator/import/gnu/arm/5.4.1/bin/../lib/gcc/arm-none-eabi/5.4.1/../../../../arm-none-eabi/lib/armv6-m\libg_nano.a(lib_a-reent.o)
                0x20000204                errno
                0x20000208                . = ALIGN (0x8)
 *(.ram.b)
                0x20000208                _end = .
                0x20000208                __end = .
                0x20000208                PROVIDE (end, .)
                0x20000208                PROVIDE (__bss_end__, .)
                0x00007328                __cy_region_init_ram = LOADADDR (.data)
                0x000000c0                __cy_region_init_size_ram = (_edata - ADDR (.data))
                0x000000a0                __cy_region_zero_size_ram = (_end - _edata)

.heap           0x20000208       0x80 load address 0x000073e8
                0x20000208                . = _end
                0x20000288                . = (. + 0x80)
 *fill*         0x20000208       0x80 
                0x20000288                __cy_heap_limit = .

.stack          0x20000800      0x800
                0x20000800                __cy_stack_limit = .
                0x20001000                . = (. + 0x800)
 *fill*         0x20000800      0x800 
                0x00000001                ASSERT ((__cy_stack_limit >= __cy_heap_limit), region RAM overflowed with stack)
                0x00000000                cy_checksum_exclude_size = (CY_APPL_LOADABLE == 0x1)?SIZEOF (.cy_checksum_exclude):0x0
                0x00000001                ASSERT ((cy_checksum_exclude_size <= CY_CHECKSUM_EXCLUDE_SIZE), CY_BOOT: Section .cy_checksum_exclude size exceedes specified limit.)
                0x00007fc0                cyloadermeta_start = (cy_project_type_bootloader || cy_project_type_app_for_stack_and_copier)?(LENGTH (rom) - CY_METADATA_SIZE):0xf0000000

.cyloadermeta
 *(.cyloadermeta)
                0x00007fc0                cyloadablemeta_start = cy_project_type_app_for_stack_and_copier?((LENGTH (rom) - CY_FLASH_ROW_SIZE) - CY_METADATA_SIZE):((LENGTH (rom) - (CY_FLASH_ROW_SIZE * (CY_APPL_NUM - 0x1))) - CY_METADATA_SIZE)

.cyloadablemeta
 *(.cyloadablemeta)

.cyflashprotect
                0x90400000       0x20
 *(.cyflashprotect)
 .cyflashprotect
                0x90400000       0x20 .\CortexM0p\ARM_GCC_541\Debug\cymetadata.o
                0x90400000                cy_meta_flashprotect

.cymeta         0x90500000        0xc
 *(.cymeta)
 .cymeta        0x90500000        0xc .\CortexM0p\ARM_GCC_541\Debug\cymetadata.o
                0x90500000                cy_metadata

.cychipprotect  0x90600000        0x1
 *(.cychipprotect)
 .cychipprotect
                0x90600000        0x1 .\CortexM0p\ARM_GCC_541\Debug\cymetadata.o
                0x90600000                cy_meta_chipprotect

.rel.dyn        0x000073e8        0x0 load address 0x90600004
 .rel.iplt      0x000073e8        0x0 c:/program files (x86)/cypress/psoc creator/4.3/psoc creator/import/gnu/arm/5.4.1/bin/../lib/gcc/arm-none-eabi/5.4.1/armv6-m/crtbegin.o

.stab
 *(.stab)

.stabstr
 *(.stabstr)

.debug
 *(.debug)

.line
 *(.line)

.debug_srcinfo
 *(.debug_srcinfo)

.debug_sfnames
 *(.debug_sfnames)

.debug_aranges  0x00000000      0xca8
 *(.debug_aranges)
 .debug_aranges
                0x00000000       0x38 .\CortexM0p\ARM_GCC_541\Debug\main.o
 .debug_aranges
                0x00000038       0x48 .\CortexM0p\ARM_GCC_541\Debug\cyfitter_cfg.o
 .debug_aranges
                0x00000080       0x18 .\CortexM0p\ARM_GCC_541\Debug\cymetadata.o
 .debug_aranges
                0x00000098       0x48 .\CortexM0p\ARM_GCC_541\Debug\Cm0plusStart.o
 .debug_aranges
                0x000000e0      0x158 .\CortexM0p\ARM_GCC_541\Debug\PSOC4_Main.a(Timer_1.o)
 .debug_aranges
                0x00000238       0x58 .\CortexM0p\ARM_GCC_541\Debug\PSOC4_Main.a(UART_1.o)
 .debug_aranges
                0x00000290       0x90 .\CortexM0p\ARM_GCC_541\Debug\PSOC4_Main.a(UART_1_UART.o)
 .debug_aranges
                0x00000320       0x60 .\CortexM0p\ARM_GCC_541\Debug\PSOC4_Main.a(I2C_1.o)
 .debug_aranges
                0x00000380       0x30 .\CortexM0p\ARM_GCC_541\Debug\PSOC4_Main.a(I2C_1_I2C.o)
 .debug_aranges
                0x000003b0       0x98 .\CortexM0p\ARM_GCC_541\Debug\PSOC4_Main.a(I2C_1_I2C_MASTER.o)
 .debug_aranges
                0x00000448       0xf0 .\CortexM0p\ARM_GCC_541\Debug\PSOC4_Main.a(ADC_1.o)
 .debug_aranges
                0x00000538       0x18 .\CortexM0p\ARM_GCC_541\Debug\PSOC4_Main.a(ADC_1_INIT.o)
 .debug_aranges
                0x00000550       0x20 .\CortexM0p\ARM_GCC_541\Debug\PSOC4_Main.a(ADC_1_INT.o)
 .debug_aranges
                0x00000570       0x50 .\CortexM0p\ARM_GCC_541\Debug\PSOC4_Main.a(PGA_1.o)
 .debug_aranges
                0x000005c0       0x48 .\CortexM0p\ARM_GCC_541\Debug\PSOC4_Main.a(Opamp_1.o)
 .debug_aranges
                0x00000608       0x30 .\CortexM0p\ARM_GCC_541\Debug\PSOC4_Main.a(AMux_1.o)
 .debug_aranges
                0x00000638       0x40 .\CortexM0p\ARM_GCC_541\Debug\PSOC4_Main.a(ADC_1_intSarClock.o)
 .debug_aranges
                0x00000678       0x80 .\CortexM0p\ARM_GCC_541\Debug\PSOC4_Main.a(ADC_1_IRQ.o)
 .debug_aranges
                0x000006f8      0x1f8 .\CortexM0p\ARM_GCC_541\Debug\PSOC4_Main.a(CyLib.o)
 .debug_aranges
                0x000008f0      0x1a8 .\CortexM0p\ARM_GCC_541\Debug\PSOC4_Main.a(CyLFClk.o)
 .debug_aranges
                0x00000a98       0x48 .\CortexM0p\ARM_GCC_541\Debug\PSOC4_Main.a(RELAY.o)
 .debug_aranges
                0x00000ae0       0x48 .\CortexM0p\ARM_GCC_541\Debug\PSOC4_Main.a(RED_LED.o)
 .debug_aranges
                0x00000b28       0x48 .\CortexM0p\ARM_GCC_541\Debug\PSOC4_Main.a(PVref_1.o)
 .debug_aranges
                0x00000b70       0x50 .\CortexM0p\ARM_GCC_541\Debug\PSOC4_Main.a(PGA_2.o)
 .debug_aranges
                0x00000bc0       0x20 .\CortexM0p\ARM_GCC_541\Debug\PSOC4_Main.a(CyBootAsmGnu.o)
 .debug_aranges
                0x00000be0       0x60 .\CortexM0p\ARM_GCC_541\Debug\PSOC4_Main.a(UART_1_SPI_UART.o)
 .debug_aranges
                0x00000c40       0x20 .\CortexM0p\ARM_GCC_541\Debug\PSOC4_Main.a(I2C_1_I2C_INT.o)
 .debug_aranges
                0x00000c60       0x48 .\CortexM0p\ARM_GCC_541\Debug\PSOC4_Main.a(CyFlash.o)

.debug_pubnames
 *(.debug_pubnames)

.debug_info     0x00000000     0x6cce
 *(.debug_info .gnu.linkonce.wi.*)
 .debug_info    0x00000000      0xabc .\CortexM0p\ARM_GCC_541\Debug\main.o
 .debug_info    0x00000abc      0x20f .\CortexM0p\ARM_GCC_541\Debug\cyfitter_cfg.o
 .debug_info    0x00000ccb       0xf8 .\CortexM0p\ARM_GCC_541\Debug\cymetadata.o
 .debug_info    0x00000dc3      0x3a5 .\CortexM0p\ARM_GCC_541\Debug\Cm0plusStart.o
 .debug_info    0x00001168      0x8f6 .\CortexM0p\ARM_GCC_541\Debug\PSOC4_Main.a(Timer_1.o)
 .debug_info    0x00001a5e      0x23a .\CortexM0p\ARM_GCC_541\Debug\PSOC4_Main.a(UART_1.o)
 .debug_info    0x00001c98      0x3b5 .\CortexM0p\ARM_GCC_541\Debug\PSOC4_Main.a(UART_1_UART.o)
 .debug_info    0x0000204d      0x298 .\CortexM0p\ARM_GCC_541\Debug\PSOC4_Main.a(I2C_1.o)
 .debug_info    0x000022e5      0x195 .\CortexM0p\ARM_GCC_541\Debug\PSOC4_Main.a(I2C_1_I2C.o)
 .debug_info    0x0000247a      0x813 .\CortexM0p\ARM_GCC_541\Debug\PSOC4_Main.a(I2C_1_I2C_MASTER.o)
 .debug_info    0x00002c8d      0xa71 .\CortexM0p\ARM_GCC_541\Debug\PSOC4_Main.a(ADC_1.o)
 .debug_info    0x000036fe      0x192 .\CortexM0p\ARM_GCC_541\Debug\PSOC4_Main.a(ADC_1_INIT.o)
 .debug_info    0x00003890       0xcb .\CortexM0p\ARM_GCC_541\Debug\PSOC4_Main.a(ADC_1_INT.o)
 .debug_info    0x0000395b      0x209 .\CortexM0p\ARM_GCC_541\Debug\PSOC4_Main.a(PGA_1.o)
 .debug_info    0x00003b64      0x17c .\CortexM0p\ARM_GCC_541\Debug\PSOC4_Main.a(Opamp_1.o)
 .debug_info    0x00003ce0      0x146 .\CortexM0p\ARM_GCC_541\Debug\PSOC4_Main.a(AMux_1.o)
 .debug_info    0x00003e26      0x166 .\CortexM0p\ARM_GCC_541\Debug\PSOC4_Main.a(ADC_1_intSarClock.o)
 .debug_info    0x00003f8c      0x305 .\CortexM0p\ARM_GCC_541\Debug\PSOC4_Main.a(ADC_1_IRQ.o)
 .debug_info    0x00004291      0xe0e .\CortexM0p\ARM_GCC_541\Debug\PSOC4_Main.a(CyLib.o)
 .debug_info    0x0000509f      0xd06 .\CortexM0p\ARM_GCC_541\Debug\PSOC4_Main.a(CyLFClk.o)
 .debug_info    0x00005da5      0x19d .\CortexM0p\ARM_GCC_541\Debug\PSOC4_Main.a(RELAY.o)
 .debug_info    0x00005f42      0x19d .\CortexM0p\ARM_GCC_541\Debug\PSOC4_Main.a(RED_LED.o)
 .debug_info    0x000060df      0x15e .\CortexM0p\ARM_GCC_541\Debug\PSOC4_Main.a(PVref_1.o)
 .debug_info    0x0000623d      0x209 .\CortexM0p\ARM_GCC_541\Debug\PSOC4_Main.a(PGA_2.o)
 .debug_info    0x00006446       0xa9 .\CortexM0p\ARM_GCC_541\Debug\PSOC4_Main.a(CyBootAsmGnu.o)
 .debug_info    0x000064ef      0x220 .\CortexM0p\ARM_GCC_541\Debug\PSOC4_Main.a(UART_1_SPI_UART.o)
 .debug_info    0x0000670f      0x1a8 .\CortexM0p\ARM_GCC_541\Debug\PSOC4_Main.a(I2C_1_I2C_INT.o)
 .debug_info    0x000068b7      0x417 .\CortexM0p\ARM_GCC_541\Debug\PSOC4_Main.a(CyFlash.o)

.debug_abbrev   0x00000000     0x1e06
 *(.debug_abbrev)
 .debug_abbrev  0x00000000      0x1a3 .\CortexM0p\ARM_GCC_541\Debug\main.o
 .debug_abbrev  0x000001a3       0xce .\CortexM0p\ARM_GCC_541\Debug\cyfitter_cfg.o
 .debug_abbrev  0x00000271       0x5d .\CortexM0p\ARM_GCC_541\Debug\cymetadata.o
 .debug_abbrev  0x000002ce      0x1d0 .\CortexM0p\ARM_GCC_541\Debug\Cm0plusStart.o
 .debug_abbrev  0x0000049e      0x119 .\CortexM0p\ARM_GCC_541\Debug\PSOC4_Main.a(Timer_1.o)
 .debug_abbrev  0x000005b7       0xd5 .\CortexM0p\ARM_GCC_541\Debug\PSOC4_Main.a(UART_1.o)
 .debug_abbrev  0x0000068c      0x132 .\CortexM0p\ARM_GCC_541\Debug\PSOC4_Main.a(UART_1_UART.o)
 .debug_abbrev  0x000007be      0x118 .\CortexM0p\ARM_GCC_541\Debug\PSOC4_Main.a(I2C_1.o)
 .debug_abbrev  0x000008d6       0xc7 .\CortexM0p\ARM_GCC_541\Debug\PSOC4_Main.a(I2C_1_I2C.o)
 .debug_abbrev  0x0000099d      0x1c2 .\CortexM0p\ARM_GCC_541\Debug\PSOC4_Main.a(I2C_1_I2C_MASTER.o)
 .debug_abbrev  0x00000b5f      0x211 .\CortexM0p\ARM_GCC_541\Debug\PSOC4_Main.a(ADC_1.o)
 .debug_abbrev  0x00000d70       0x86 .\CortexM0p\ARM_GCC_541\Debug\PSOC4_Main.a(ADC_1_INIT.o)
 .debug_abbrev  0x00000df6       0x65 .\CortexM0p\ARM_GCC_541\Debug\PSOC4_Main.a(ADC_1_INT.o)
 .debug_abbrev  0x00000e5b      0x103 .\CortexM0p\ARM_GCC_541\Debug\PSOC4_Main.a(PGA_1.o)
 .debug_abbrev  0x00000f5e       0xc8 .\CortexM0p\ARM_GCC_541\Debug\PSOC4_Main.a(Opamp_1.o)
 .debug_abbrev  0x00001026       0xb1 .\CortexM0p\ARM_GCC_541\Debug\PSOC4_Main.a(AMux_1.o)
 .debug_abbrev  0x000010d7       0xb7 .\CortexM0p\ARM_GCC_541\Debug\PSOC4_Main.a(ADC_1_intSarClock.o)
 .debug_abbrev  0x0000118e      0x19a .\CortexM0p\ARM_GCC_541\Debug\PSOC4_Main.a(ADC_1_IRQ.o)
 .debug_abbrev  0x00001328      0x1f5 .\CortexM0p\ARM_GCC_541\Debug\PSOC4_Main.a(CyLib.o)
 .debug_abbrev  0x0000151d      0x207 .\CortexM0p\ARM_GCC_541\Debug\PSOC4_Main.a(CyLFClk.o)
 .debug_abbrev  0x00001724       0xc8 .\CortexM0p\ARM_GCC_541\Debug\PSOC4_Main.a(RELAY.o)
 .debug_abbrev  0x000017ec       0xc8 .\CortexM0p\ARM_GCC_541\Debug\PSOC4_Main.a(RED_LED.o)
 .debug_abbrev  0x000018b4       0xaa .\CortexM0p\ARM_GCC_541\Debug\PSOC4_Main.a(PVref_1.o)
 .debug_abbrev  0x0000195e      0x103 .\CortexM0p\ARM_GCC_541\Debug\PSOC4_Main.a(PGA_2.o)
 .debug_abbrev  0x00001a61       0x14 .\CortexM0p\ARM_GCC_541\Debug\PSOC4_Main.a(CyBootAsmGnu.o)
 .debug_abbrev  0x00001a75      0x14f .\CortexM0p\ARM_GCC_541\Debug\PSOC4_Main.a(UART_1_SPI_UART.o)
 .debug_abbrev  0x00001bc4       0xa4 .\CortexM0p\ARM_GCC_541\Debug\PSOC4_Main.a(I2C_1_I2C_INT.o)
 .debug_abbrev  0x00001c68      0x19e .\CortexM0p\ARM_GCC_541\Debug\PSOC4_Main.a(CyFlash.o)

.debug_line     0x00000000     0x2fa1
 *(.debug_line)
 .debug_line    0x00000000      0x34a .\CortexM0p\ARM_GCC_541\Debug\main.o
 .debug_line    0x0000034a      0x116 .\CortexM0p\ARM_GCC_541\Debug\cyfitter_cfg.o
 .debug_line    0x00000460      0x141 .\CortexM0p\ARM_GCC_541\Debug\cymetadata.o
 .debug_line    0x000005a1      0x247 .\CortexM0p\ARM_GCC_541\Debug\Cm0plusStart.o
 .debug_line    0x000007e8      0x37b .\CortexM0p\ARM_GCC_541\Debug\PSOC4_Main.a(Timer_1.o)
 .debug_line    0x00000b63      0x10c .\CortexM0p\ARM_GCC_541\Debug\PSOC4_Main.a(UART_1.o)
 .debug_line    0x00000c6f      0x1cf .\CortexM0p\ARM_GCC_541\Debug\PSOC4_Main.a(UART_1_UART.o)
 .debug_line    0x00000e3e      0x128 .\CortexM0p\ARM_GCC_541\Debug\PSOC4_Main.a(I2C_1.o)
 .debug_line    0x00000f66       0xc6 .\CortexM0p\ARM_GCC_541\Debug\PSOC4_Main.a(I2C_1_I2C.o)
 .debug_line    0x0000102c      0x300 .\CortexM0p\ARM_GCC_541\Debug\PSOC4_Main.a(I2C_1_I2C_MASTER.o)
 .debug_line    0x0000132c      0x3c0 .\CortexM0p\ARM_GCC_541\Debug\PSOC4_Main.a(ADC_1.o)
 .debug_line    0x000016ec       0x5c .\CortexM0p\ARM_GCC_541\Debug\PSOC4_Main.a(ADC_1_INIT.o)
 .debug_line    0x00001748       0x64 .\CortexM0p\ARM_GCC_541\Debug\PSOC4_Main.a(ADC_1_INT.o)
 .debug_line    0x000017ac       0xe4 .\CortexM0p\ARM_GCC_541\Debug\PSOC4_Main.a(PGA_1.o)
 .debug_line    0x00001890       0xc3 .\CortexM0p\ARM_GCC_541\Debug\PSOC4_Main.a(Opamp_1.o)
 .debug_line    0x00001953       0xad .\CortexM0p\ARM_GCC_541\Debug\PSOC4_Main.a(AMux_1.o)
 .debug_line    0x00001a00       0xc4 .\CortexM0p\ARM_GCC_541\Debug\PSOC4_Main.a(ADC_1_intSarClock.o)
 .debug_line    0x00001ac4      0x155 .\CortexM0p\ARM_GCC_541\Debug\PSOC4_Main.a(ADC_1_IRQ.o)
 .debug_line    0x00001c19      0x5df .\CortexM0p\ARM_GCC_541\Debug\PSOC4_Main.a(CyLib.o)
 .debug_line    0x000021f8      0x5c1 .\CortexM0p\ARM_GCC_541\Debug\PSOC4_Main.a(CyLFClk.o)
 .debug_line    0x000027b9       0xbd .\CortexM0p\ARM_GCC_541\Debug\PSOC4_Main.a(RELAY.o)
 .debug_line    0x00002876       0xbf .\CortexM0p\ARM_GCC_541\Debug\PSOC4_Main.a(RED_LED.o)
 .debug_line    0x00002935       0xc1 .\CortexM0p\ARM_GCC_541\Debug\PSOC4_Main.a(PVref_1.o)
 .debug_line    0x000029f6       0xe4 .\CortexM0p\ARM_GCC_541\Debug\PSOC4_Main.a(PGA_2.o)
 .debug_line    0x00002ada       0x68 .\CortexM0p\ARM_GCC_541\Debug\PSOC4_Main.a(CyBootAsmGnu.o)
 .debug_line    0x00002b42      0x11c .\CortexM0p\ARM_GCC_541\Debug\PSOC4_Main.a(UART_1_SPI_UART.o)
 .debug_line    0x00002c5e      0x162 .\CortexM0p\ARM_GCC_541\Debug\PSOC4_Main.a(I2C_1_I2C_INT.o)
 .debug_line    0x00002dc0      0x1e1 .\CortexM0p\ARM_GCC_541\Debug\PSOC4_Main.a(CyFlash.o)

.debug_frame    0x00000000     0x2a94
 *(.debug_frame)
 .debug_frame   0x00000000       0xa4 .\CortexM0p\ARM_GCC_541\Debug\main.o
 .debug_frame   0x000000a4       0x94 .\CortexM0p\ARM_GCC_541\Debug\cyfitter_cfg.o
 .debug_frame   0x00000138       0xbc .\CortexM0p\ARM_GCC_541\Debug\Cm0plusStart.o
 .debug_frame   0x000001f4      0x3a0 .\CortexM0p\ARM_GCC_541\Debug\PSOC4_Main.a(Timer_1.o)
 .debug_frame   0x00000594       0xd8 .\CortexM0p\ARM_GCC_541\Debug\PSOC4_Main.a(UART_1.o)
 .debug_frame   0x0000066c      0x144 .\CortexM0p\ARM_GCC_541\Debug\PSOC4_Main.a(UART_1_UART.o)
 .debug_frame   0x000007b0       0xe8 .\CortexM0p\ARM_GCC_541\Debug\PSOC4_Main.a(I2C_1.o)
 .debug_frame   0x00000898       0x58 .\CortexM0p\ARM_GCC_541\Debug\PSOC4_Main.a(I2C_1_I2C.o)
 .debug_frame   0x000008f0      0x1d8 .\CortexM0p\ARM_GCC_541\Debug\PSOC4_Main.a(I2C_1_I2C_MASTER.o)
 .debug_frame   0x00000ac8      0x2a8 .\CortexM0p\ARM_GCC_541\Debug\PSOC4_Main.a(ADC_1.o)
 .debug_frame   0x00000d70       0x20 .\CortexM0p\ARM_GCC_541\Debug\PSOC4_Main.a(ADC_1_INT.o)
 .debug_frame   0x00000d90       0xbc .\CortexM0p\ARM_GCC_541\Debug\PSOC4_Main.a(PGA_1.o)
 .debug_frame   0x00000e4c       0x7c .\CortexM0p\ARM_GCC_541\Debug\PSOC4_Main.a(Opamp_1.o)
 .debug_frame   0x00000ec8       0x64 .\CortexM0p\ARM_GCC_541\Debug\PSOC4_Main.a(AMux_1.o)
 .debug_frame   0x00000f2c       0x6c .\CortexM0p\ARM_GCC_541\Debug\PSOC4_Main.a(ADC_1_intSarClock.o)
 .debug_frame   0x00000f98      0x110 .\CortexM0p\ARM_GCC_541\Debug\PSOC4_Main.a(ADC_1_IRQ.o)
 .debug_frame   0x000010a8      0x500 .\CortexM0p\ARM_GCC_541\Debug\PSOC4_Main.a(CyLib.o)
 .debug_frame   0x000015a8      0x484 .\CortexM0p\ARM_GCC_541\Debug\PSOC4_Main.a(CyLFClk.o)
 .debug_frame   0x00001a2c       0x70 .\CortexM0p\ARM_GCC_541\Debug\PSOC4_Main.a(RELAY.o)
 .debug_frame   0x00001a9c       0x70 .\CortexM0p\ARM_GCC_541\Debug\PSOC4_Main.a(RED_LED.o)
 .debug_frame   0x00001b0c       0x7c .\CortexM0p\ARM_GCC_541\Debug\PSOC4_Main.a(PVref_1.o)
 .debug_frame   0x00001b88       0xbc .\CortexM0p\ARM_GCC_541\Debug\PSOC4_Main.a(PGA_2.o)
 .debug_frame   0x00001c44       0xb0 .\CortexM0p\ARM_GCC_541\Debug\PSOC4_Main.a(UART_1_SPI_UART.o)
 .debug_frame   0x00001cf4       0x2c .\CortexM0p\ARM_GCC_541\Debug\PSOC4_Main.a(I2C_1_I2C_INT.o)
 .debug_frame   0x00001d20       0xa8 .\CortexM0p\ARM_GCC_541\Debug\PSOC4_Main.a(CyFlash.o)
 .debug_frame   0x00001dc8       0x20 c:/program files (x86)/cypress/psoc creator/4.3/psoc creator/import/gnu/arm/5.4.1/bin/../lib/gcc/arm-none-eabi/5.4.1/armv6-m\libgcc.a(_udivsi3.o)
 .debug_frame   0x00001de8       0x20 c:/program files (x86)/cypress/psoc creator/4.3/psoc creator/import/gnu/arm/5.4.1/bin/../lib/gcc/arm-none-eabi/5.4.1/armv6-m\libgcc.a(_divsi3.o)
 .debug_frame   0x00001e08       0x34 c:/program files (x86)/cypress/psoc creator/4.3/psoc creator/import/gnu/arm/5.4.1/bin/../lib/gcc/arm-none-eabi/5.4.1/armv6-m\libgcc.a(_muldi3.o)
 .debug_frame   0x00001e3c       0x30 c:/program files (x86)/cypress/psoc creator/4.3/psoc creator/import/gnu/arm/5.4.1/bin/../lib/gcc/arm-none-eabi/5.4.1/armv6-m\libgcc.a(bpabi.o)
 .debug_frame   0x00001e6c       0x30 c:/program files (x86)/cypress/psoc creator/4.3/psoc creator/import/gnu/arm/5.4.1/bin/../lib/gcc/arm-none-eabi/5.4.1/armv6-m\libgcc.a(addsf3.o)
 .debug_frame   0x00001e9c       0x3c c:/program files (x86)/cypress/psoc creator/4.3/psoc creator/import/gnu/arm/5.4.1/bin/../lib/gcc/arm-none-eabi/5.4.1/armv6-m\libgcc.a(divsf3.o)
 .debug_frame   0x00001ed8       0x2c c:/program files (x86)/cypress/psoc creator/4.3/psoc creator/import/gnu/arm/5.4.1/bin/../lib/gcc/arm-none-eabi/5.4.1/armv6-m\libgcc.a(eqsf2.o)
 .debug_frame   0x00001f04       0x30 c:/program files (x86)/cypress/psoc creator/4.3/psoc creator/import/gnu/arm/5.4.1/bin/../lib/gcc/arm-none-eabi/5.4.1/armv6-m\libgcc.a(gesf2.o)
 .debug_frame   0x00001f34       0x30 c:/program files (x86)/cypress/psoc creator/4.3/psoc creator/import/gnu/arm/5.4.1/bin/../lib/gcc/arm-none-eabi/5.4.1/armv6-m\libgcc.a(lesf2.o)
 .debug_frame   0x00001f64       0x38 c:/program files (x86)/cypress/psoc creator/4.3/psoc creator/import/gnu/arm/5.4.1/bin/../lib/gcc/arm-none-eabi/5.4.1/armv6-m\libgcc.a(mulsf3.o)
 .debug_frame   0x00001f9c       0x30 c:/program files (x86)/cypress/psoc creator/4.3/psoc creator/import/gnu/arm/5.4.1/bin/../lib/gcc/arm-none-eabi/5.4.1/armv6-m\libgcc.a(subsf3.o)
 .debug_frame   0x00001fcc       0x2c c:/program files (x86)/cypress/psoc creator/4.3/psoc creator/import/gnu/arm/5.4.1/bin/../lib/gcc/arm-none-eabi/5.4.1/armv6-m\libgcc.a(floatsisf.o)
 .debug_frame   0x00001ff8       0x2c c:/program files (x86)/cypress/psoc creator/4.3/psoc creator/import/gnu/arm/5.4.1/bin/../lib/gcc/arm-none-eabi/5.4.1/armv6-m\libgcc.a(floatunsisf.o)
 .debug_frame   0x00002024       0x3c c:/program files (x86)/cypress/psoc creator/4.3/psoc creator/import/gnu/arm/5.4.1/bin/../lib/gcc/arm-none-eabi/5.4.1/armv6-m\libgcc.a(divdf3.o)
 .debug_frame   0x00002060       0x3c c:/program files (x86)/cypress/psoc creator/4.3/psoc creator/import/gnu/arm/5.4.1/bin/../lib/gcc/arm-none-eabi/5.4.1/armv6-m\libgcc.a(muldf3.o)
 .debug_frame   0x0000209c       0x2c c:/program files (x86)/cypress/psoc creator/4.3/psoc creator/import/gnu/arm/5.4.1/bin/../lib/gcc/arm-none-eabi/5.4.1/armv6-m\libgcc.a(extendsfdf2.o)
 .debug_frame   0x000020c8       0x2c c:/program files (x86)/cypress/psoc creator/4.3/psoc creator/import/gnu/arm/5.4.1/bin/../lib/gcc/arm-none-eabi/5.4.1/armv6-m\libgcc.a(truncdfsf2.o)
 .debug_frame   0x000020f4       0x3c c:/program files (x86)/cypress/psoc creator/4.3/psoc creator/import/gnu/arm/5.4.1/bin/../lib/gcc/arm-none-eabi/5.4.1/armv6-m\libgcc.a(_divdi3.o)
 .debug_frame   0x00002130       0x20 c:/program files (x86)/cypress/psoc creator/4.3/psoc creator/import/gnu/arm/5.4.1/bin/../lib/gcc/arm-none-eabi/5.4.1/../../../../arm-none-eabi/lib/armv6-m\libg_nano.a(lib_a-errno.o)
 .debug_frame   0x00002150       0x28 c:/program files (x86)/cypress/psoc creator/4.3/psoc creator/import/gnu/arm/5.4.1/bin/../lib/gcc/arm-none-eabi/5.4.1/../../../../arm-none-eabi/lib/armv6-m\libg_nano.a(lib_a-exit.o)
 .debug_frame   0x00002178       0x2c c:/program files (x86)/cypress/psoc creator/4.3/psoc creator/import/gnu/arm/5.4.1/bin/../lib/gcc/arm-none-eabi/5.4.1/../../../../arm-none-eabi/lib/armv6-m\libg_nano.a(lib_a-init.o)
 .debug_frame   0x000021a4       0x28 c:/program files (x86)/cypress/psoc creator/4.3/psoc creator/import/gnu/arm/5.4.1/bin/../lib/gcc/arm-none-eabi/5.4.1/../../../../arm-none-eabi/lib/armv6-m\libg_nano.a(lib_a-memcpy-stub.o)
 .debug_frame   0x000021cc       0x20 c:/program files (x86)/cypress/psoc creator/4.3/psoc creator/import/gnu/arm/5.4.1/bin/../lib/gcc/arm-none-eabi/5.4.1/../../../../arm-none-eabi/lib/armv6-m\libg_nano.a(lib_a-memset.o)
 .debug_frame   0x000021ec       0x74 c:/program files (x86)/cypress/psoc creator/4.3/psoc creator/import/gnu/arm/5.4.1/bin/../lib/gcc/arm-none-eabi/5.4.1/../../../../arm-none-eabi/lib/armv6-m\libg_nano.a(lib_a-nano-vfprintf_float.o)
 .debug_frame   0x00002260       0x54 c:/program files (x86)/cypress/psoc creator/4.3/psoc creator/import/gnu/arm/5.4.1/bin/../lib/gcc/arm-none-eabi/5.4.1/../../../../arm-none-eabi/lib/armv6-m\libg_nano.a(lib_a-nano-vfprintf_i.o)
 .debug_frame   0x000022b4       0x50 c:/program files (x86)/cypress/psoc creator/4.3/psoc creator/import/gnu/arm/5.4.1/bin/../lib/gcc/arm-none-eabi/5.4.1/../../../../arm-none-eabi/lib/armv6-m\libg_nano.a(lib_a-sprintf.o)
 .debug_frame   0x00002304       0x54 c:/program files (x86)/cypress/psoc creator/4.3/psoc creator/import/gnu/arm/5.4.1/bin/../lib/gcc/arm-none-eabi/5.4.1/../../../../arm-none-eabi/lib/armv6-m\libg_nano.a(lib_a-dtoa.o)
 .debug_frame   0x00002358       0xa4 c:/program files (x86)/cypress/psoc creator/4.3/psoc creator/import/gnu/arm/5.4.1/bin/../lib/gcc/arm-none-eabi/5.4.1/../../../../arm-none-eabi/lib/armv6-m\libg_nano.a(lib_a-locale.o)
 .debug_frame   0x000023fc       0x40 c:/program files (x86)/cypress/psoc creator/4.3/psoc creator/import/gnu/arm/5.4.1/bin/../lib/gcc/arm-none-eabi/5.4.1/../../../../arm-none-eabi/lib/armv6-m\libg_nano.a(lib_a-malloc.o)
 .debug_frame   0x0000243c       0x20 c:/program files (x86)/cypress/psoc creator/4.3/psoc creator/import/gnu/arm/5.4.1/bin/../lib/gcc/arm-none-eabi/5.4.1/../../../../arm-none-eabi/lib/armv6-m\libg_nano.a(lib_a-memchr-stub.o)
 .debug_frame   0x0000245c      0x238 c:/program files (x86)/cypress/psoc creator/4.3/psoc creator/import/gnu/arm/5.4.1/bin/../lib/gcc/arm-none-eabi/5.4.1/../../../../arm-none-eabi/lib/armv6-m\libg_nano.a(lib_a-mprec.o)
 .debug_frame   0x00002694       0x2c c:/program files (x86)/cypress/psoc creator/4.3/psoc creator/import/gnu/arm/5.4.1/bin/../lib/gcc/arm-none-eabi/5.4.1/../../../../arm-none-eabi/lib/armv6-m\libg_nano.a(lib_a-nano-callocr.o)
 .debug_frame   0x000026c0       0x2c c:/program files (x86)/cypress/psoc creator/4.3/psoc creator/import/gnu/arm/5.4.1/bin/../lib/gcc/arm-none-eabi/5.4.1/../../../../arm-none-eabi/lib/armv6-m\libg_nano.a(lib_a-nano-freer.o)
 .debug_frame   0x000026ec       0x2c c:/program files (x86)/cypress/psoc creator/4.3/psoc creator/import/gnu/arm/5.4.1/bin/../lib/gcc/arm-none-eabi/5.4.1/../../../../arm-none-eabi/lib/armv6-m\libg_nano.a(lib_a-nano-mallocr.o)
 .debug_frame   0x00002718       0x74 c:/program files (x86)/cypress/psoc creator/4.3/psoc creator/import/gnu/arm/5.4.1/bin/../lib/gcc/arm-none-eabi/5.4.1/../../../../arm-none-eabi/lib/armv6-m\libg_nano.a(lib_a-nano-svfprintf.o)
 .debug_frame   0x0000278c       0x2c c:/program files (x86)/cypress/psoc creator/4.3/psoc creator/import/gnu/arm/5.4.1/bin/../lib/gcc/arm-none-eabi/5.4.1/../../../../arm-none-eabi/lib/armv6-m\libg_nano.a(lib_a-sbrkr.o)
 .debug_frame   0x000027b8       0x20 c:/program files (x86)/cypress/psoc creator/4.3/psoc creator/import/gnu/arm/5.4.1/bin/../lib/gcc/arm-none-eabi/5.4.1/../../../../arm-none-eabi/lib/armv6-m\libg_nano.a(lib_a-strcmp.o)
 .debug_frame   0x000027d8       0x28 c:/program files (x86)/cypress/psoc creator/4.3/psoc creator/import/gnu/arm/5.4.1/bin/../lib/gcc/arm-none-eabi/5.4.1/../../../../arm-none-eabi/lib/armv6-m\libg_nano.a(lib_a-memmove.o)
 .debug_frame   0x00002800       0x30 c:/program files (x86)/cypress/psoc creator/4.3/psoc creator/import/gnu/arm/5.4.1/bin/../lib/gcc/arm-none-eabi/5.4.1/../../../../arm-none-eabi/lib/armv6-m\libg_nano.a(lib_a-mlock.o)
 .debug_frame   0x00002830       0x30 c:/program files (x86)/cypress/psoc creator/4.3/psoc creator/import/gnu/arm/5.4.1/bin/../lib/gcc/arm-none-eabi/5.4.1/../../../../arm-none-eabi/lib/armv6-m\libg_nano.a(lib_a-nano-reallocr.o)
 .debug_frame   0x00002860       0x48 c:/program files (x86)/cypress/psoc creator/4.3/psoc creator/import/gnu/arm/5.4.1/bin/../lib/gcc/arm-none-eabi/5.4.1/../../../../arm-none-eabi/lib/armv6-m\libg_nano.a(lib_a-reent.o)
 .debug_frame   0x000028a8       0x20 c:/program files (x86)/cypress/psoc creator/4.3/psoc creator/import/gnu/arm/5.4.1/bin/../lib/gcc/arm-none-eabi/5.4.1/../../../../arm-none-eabi/lib/armv6-m\libg_nano.a(lib_a-nano-msizer.o)
 .debug_frame   0x000028c8       0x3c c:/program files (x86)/cypress/psoc creator/4.3/psoc creator/import/gnu/arm/5.4.1/bin/../lib/gcc/arm-none-eabi/5.4.1/armv6-m\libgcc.a(adddf3.o)
 .debug_frame   0x00002904       0x38 c:/program files (x86)/cypress/psoc creator/4.3/psoc creator/import/gnu/arm/5.4.1/bin/../lib/gcc/arm-none-eabi/5.4.1/armv6-m\libgcc.a(eqdf2.o)
 .debug_frame   0x0000293c       0x38 c:/program files (x86)/cypress/psoc creator/4.3/psoc creator/import/gnu/arm/5.4.1/bin/../lib/gcc/arm-none-eabi/5.4.1/armv6-m\libgcc.a(gedf2.o)
 .debug_frame   0x00002974       0x38 c:/program files (x86)/cypress/psoc creator/4.3/psoc creator/import/gnu/arm/5.4.1/bin/../lib/gcc/arm-none-eabi/5.4.1/armv6-m\libgcc.a(ledf2.o)
 .debug_frame   0x000029ac       0x38 c:/program files (x86)/cypress/psoc creator/4.3/psoc creator/import/gnu/arm/5.4.1/bin/../lib/gcc/arm-none-eabi/5.4.1/armv6-m\libgcc.a(subdf3.o)
 .debug_frame   0x000029e4       0x2c c:/program files (x86)/cypress/psoc creator/4.3/psoc creator/import/gnu/arm/5.4.1/bin/../lib/gcc/arm-none-eabi/5.4.1/armv6-m\libgcc.a(unorddf2.o)
 .debug_frame   0x00002a10       0x2c c:/program files (x86)/cypress/psoc creator/4.3/psoc creator/import/gnu/arm/5.4.1/bin/../lib/gcc/arm-none-eabi/5.4.1/armv6-m\libgcc.a(fixdfsi.o)
 .debug_frame   0x00002a3c       0x2c c:/program files (x86)/cypress/psoc creator/4.3/psoc creator/import/gnu/arm/5.4.1/bin/../lib/gcc/arm-none-eabi/5.4.1/armv6-m\libgcc.a(floatsidf.o)
 .debug_frame   0x00002a68       0x2c c:/program files (x86)/cypress/psoc creator/4.3/psoc creator/import/gnu/arm/5.4.1/bin/../lib/gcc/arm-none-eabi/5.4.1/armv6-m\libgcc.a(floatunsidf.o)

.debug_str      0x00000000     0x2b77
 *(.debug_str)
 .debug_str     0x00000000      0x3e4 .\CortexM0p\ARM_GCC_541\Debug\main.o
                                0x42a (size before relaxing)
 .debug_str     0x000003e4       0xe3 .\CortexM0p\ARM_GCC_541\Debug\cyfitter_cfg.o
                                0x288 (size before relaxing)
 .debug_str     0x000004c7       0x63 .\CortexM0p\ARM_GCC_541\Debug\cymetadata.o
                                0x1e5 (size before relaxing)
 .debug_str     0x0000052a      0x155 .\CortexM0p\ARM_GCC_541\Debug\Cm0plusStart.o
                                0x32c (size before relaxing)
 .debug_str     0x0000067f      0x44f .\CortexM0p\ARM_GCC_541\Debug\PSOC4_Main.a(Timer_1.o)
                                0x622 (size before relaxing)
 .debug_str     0x00000ace      0x118 .\CortexM0p\ARM_GCC_541\Debug\PSOC4_Main.a(UART_1.o)
                                0x2d0 (size before relaxing)
 .debug_str     0x00000be6      0x1d5 .\CortexM0p\ARM_GCC_541\Debug\PSOC4_Main.a(UART_1_UART.o)
                                0x40d (size before relaxing)
 .debug_str     0x00000dbb      0x118 .\CortexM0p\ARM_GCC_541\Debug\PSOC4_Main.a(I2C_1.o)
                                0x2f7 (size before relaxing)
 .debug_str     0x00000ed3       0x91 .\CortexM0p\ARM_GCC_541\Debug\PSOC4_Main.a(I2C_1_I2C.o)
                                0x27b (size before relaxing)
 .debug_str     0x00000f64      0x2c0 .\CortexM0p\ARM_GCC_541\Debug\PSOC4_Main.a(I2C_1_I2C_MASTER.o)
                                0x50b (size before relaxing)
 .debug_str     0x00001224      0x454 .\CortexM0p\ARM_GCC_541\Debug\PSOC4_Main.a(ADC_1.o)
                                0x6d8 (size before relaxing)
 .debug_str     0x00001678       0x24 .\CortexM0p\ARM_GCC_541\Debug\PSOC4_Main.a(ADC_1_INIT.o)
                                0x28d (size before relaxing)
 .debug_str     0x0000169c       0x39 .\CortexM0p\ARM_GCC_541\Debug\PSOC4_Main.a(ADC_1_INT.o)
                                0x1de (size before relaxing)
 .debug_str     0x000016d5       0xc7 .\CortexM0p\ARM_GCC_541\Debug\PSOC4_Main.a(PGA_1.o)
                                0x272 (size before relaxing)
 .debug_str     0x0000179c       0x9b .\CortexM0p\ARM_GCC_541\Debug\PSOC4_Main.a(Opamp_1.o)
                                0x245 (size before relaxing)
 .debug_str     0x00001837       0x48 .\CortexM0p\ARM_GCC_541\Debug\PSOC4_Main.a(AMux_1.o)
                                0x215 (size before relaxing)
 .debug_str     0x0000187f       0xa8 .\CortexM0p\ARM_GCC_541\Debug\PSOC4_Main.a(ADC_1_intSarClock.o)
                                0x2b0 (size before relaxing)
 .debug_str     0x00001927      0x133 .\CortexM0p\ARM_GCC_541\Debug\PSOC4_Main.a(ADC_1_IRQ.o)
                                0x33f (size before relaxing)
 .debug_str     0x00001a5a      0x631 .\CortexM0p\ARM_GCC_541\Debug\PSOC4_Main.a(CyLib.o)
                                0x8d2 (size before relaxing)
 .debug_str     0x0000208b      0x63d .\CortexM0p\ARM_GCC_541\Debug\PSOC4_Main.a(CyLFClk.o)
                                0x8b6 (size before relaxing)
 .debug_str     0x000026c8       0x9f .\CortexM0p\ARM_GCC_541\Debug\PSOC4_Main.a(RELAY.o)
                                0x253 (size before relaxing)
 .debug_str     0x00002767       0x87 .\CortexM0p\ARM_GCC_541\Debug\PSOC4_Main.a(RED_LED.o)
                                0x261 (size before relaxing)
 .debug_str     0x000027ee       0x84 .\CortexM0p\ARM_GCC_541\Debug\PSOC4_Main.a(PVref_1.o)
                                0x235 (size before relaxing)
 .debug_str     0x00002872       0xa5 .\CortexM0p\ARM_GCC_541\Debug\PSOC4_Main.a(PGA_2.o)
                                0x272 (size before relaxing)
 .debug_str     0x00002917       0xf1 .\CortexM0p\ARM_GCC_541\Debug\PSOC4_Main.a(UART_1_SPI_UART.o)
                                0x2ff (size before relaxing)
 .debug_str     0x00002a08       0x4b .\CortexM0p\ARM_GCC_541\Debug\PSOC4_Main.a(I2C_1_I2C_INT.o)
                                0x2f7 (size before relaxing)
 .debug_str     0x00002a53      0x124 .\CortexM0p\ARM_GCC_541\Debug\PSOC4_Main.a(CyFlash.o)
                                0x33f (size before relaxing)

.debug_loc      0x00000000     0x3ae9
 *(.debug_loc)
 .debug_loc     0x00000000      0x439 .\CortexM0p\ARM_GCC_541\Debug\main.o
 .debug_loc     0x00000439       0x1e .\CortexM0p\ARM_GCC_541\Debug\cyfitter_cfg.o
 .debug_loc     0x00000457      0x14f .\CortexM0p\ARM_GCC_541\Debug\Cm0plusStart.o
 .debug_loc     0x000005a6      0x547 .\CortexM0p\ARM_GCC_541\Debug\PSOC4_Main.a(Timer_1.o)
 .debug_loc     0x00000aed       0x7e .\CortexM0p\ARM_GCC_541\Debug\PSOC4_Main.a(UART_1.o)
 .debug_loc     0x00000b6b      0x223 .\CortexM0p\ARM_GCC_541\Debug\PSOC4_Main.a(UART_1_UART.o)
 .debug_loc     0x00000d8e       0x7e .\CortexM0p\ARM_GCC_541\Debug\PSOC4_Main.a(I2C_1.o)
 .debug_loc     0x00000e0c      0xa49 .\CortexM0p\ARM_GCC_541\Debug\PSOC4_Main.a(I2C_1_I2C_MASTER.o)
 .debug_loc     0x00001855      0x877 .\CortexM0p\ARM_GCC_541\Debug\PSOC4_Main.a(ADC_1.o)
 .debug_loc     0x000020cc       0x7c .\CortexM0p\ARM_GCC_541\Debug\PSOC4_Main.a(PGA_1.o)
 .debug_loc     0x00002148       0x21 .\CortexM0p\ARM_GCC_541\Debug\PSOC4_Main.a(Opamp_1.o)
 .debug_loc     0x00002169       0x4b .\CortexM0p\ARM_GCC_541\Debug\PSOC4_Main.a(AMux_1.o)
 .debug_loc     0x000021b4       0x76 .\CortexM0p\ARM_GCC_541\Debug\PSOC4_Main.a(ADC_1_intSarClock.o)
 .debug_loc     0x0000222a       0x82 .\CortexM0p\ARM_GCC_541\Debug\PSOC4_Main.a(ADC_1_IRQ.o)
 .debug_loc     0x000022ac      0x868 .\CortexM0p\ARM_GCC_541\Debug\PSOC4_Main.a(CyLib.o)
 .debug_loc     0x00002b14      0xa88 .\CortexM0p\ARM_GCC_541\Debug\PSOC4_Main.a(CyLFClk.o)
 .debug_loc     0x0000359c       0xa2 .\CortexM0p\ARM_GCC_541\Debug\PSOC4_Main.a(RELAY.o)
 .debug_loc     0x0000363e       0xa2 .\CortexM0p\ARM_GCC_541\Debug\PSOC4_Main.a(RED_LED.o)
 .debug_loc     0x000036e0       0x2e .\CortexM0p\ARM_GCC_541\Debug\PSOC4_Main.a(PVref_1.o)
 .debug_loc     0x0000370e       0x7c .\CortexM0p\ARM_GCC_541\Debug\PSOC4_Main.a(PGA_2.o)
 .debug_loc     0x0000378a       0x96 .\CortexM0p\ARM_GCC_541\Debug\PSOC4_Main.a(UART_1_SPI_UART.o)
 .debug_loc     0x00003820      0x10c .\CortexM0p\ARM_GCC_541\Debug\PSOC4_Main.a(I2C_1_I2C_INT.o)
 .debug_loc     0x0000392c      0x1bd .\CortexM0p\ARM_GCC_541\Debug\PSOC4_Main.a(CyFlash.o)

.debug_macinfo
 *(.debug_macinfo)

.debug_ranges   0x00000000      0xae0
 *(.debug_ranges)
 .debug_ranges  0x00000000       0x40 .\CortexM0p\ARM_GCC_541\Debug\main.o
 .debug_ranges  0x00000040       0x38 .\CortexM0p\ARM_GCC_541\Debug\cyfitter_cfg.o
 .debug_ranges  0x00000078       0x38 .\CortexM0p\ARM_GCC_541\Debug\Cm0plusStart.o
 .debug_ranges  0x000000b0      0x148 .\CortexM0p\ARM_GCC_541\Debug\PSOC4_Main.a(Timer_1.o)
 .debug_ranges  0x000001f8       0x48 .\CortexM0p\ARM_GCC_541\Debug\PSOC4_Main.a(UART_1.o)
 .debug_ranges  0x00000240       0x80 .\CortexM0p\ARM_GCC_541\Debug\PSOC4_Main.a(UART_1_UART.o)
 .debug_ranges  0x000002c0       0x50 .\CortexM0p\ARM_GCC_541\Debug\PSOC4_Main.a(I2C_1.o)
 .debug_ranges  0x00000310       0x20 .\CortexM0p\ARM_GCC_541\Debug\PSOC4_Main.a(I2C_1_I2C.o)
 .debug_ranges  0x00000330       0x88 .\CortexM0p\ARM_GCC_541\Debug\PSOC4_Main.a(I2C_1_I2C_MASTER.o)
 .debug_ranges  0x000003b8       0xe0 .\CortexM0p\ARM_GCC_541\Debug\PSOC4_Main.a(ADC_1.o)
 .debug_ranges  0x00000498       0x10 .\CortexM0p\ARM_GCC_541\Debug\PSOC4_Main.a(ADC_1_INT.o)
 .debug_ranges  0x000004a8       0x40 .\CortexM0p\ARM_GCC_541\Debug\PSOC4_Main.a(PGA_1.o)
 .debug_ranges  0x000004e8       0x38 .\CortexM0p\ARM_GCC_541\Debug\PSOC4_Main.a(Opamp_1.o)
 .debug_ranges  0x00000520       0x20 .\CortexM0p\ARM_GCC_541\Debug\PSOC4_Main.a(AMux_1.o)
 .debug_ranges  0x00000540       0x30 .\CortexM0p\ARM_GCC_541\Debug\PSOC4_Main.a(ADC_1_intSarClock.o)
 .debug_ranges  0x00000570       0x70 .\CortexM0p\ARM_GCC_541\Debug\PSOC4_Main.a(ADC_1_IRQ.o)
 .debug_ranges  0x000005e0      0x1e8 .\CortexM0p\ARM_GCC_541\Debug\PSOC4_Main.a(CyLib.o)
 .debug_ranges  0x000007c8      0x198 .\CortexM0p\ARM_GCC_541\Debug\PSOC4_Main.a(CyLFClk.o)
 .debug_ranges  0x00000960       0x38 .\CortexM0p\ARM_GCC_541\Debug\PSOC4_Main.a(RELAY.o)
 .debug_ranges  0x00000998       0x38 .\CortexM0p\ARM_GCC_541\Debug\PSOC4_Main.a(RED_LED.o)
 .debug_ranges  0x000009d0       0x38 .\CortexM0p\ARM_GCC_541\Debug\PSOC4_Main.a(PVref_1.o)
 .debug_ranges  0x00000a08       0x40 .\CortexM0p\ARM_GCC_541\Debug\PSOC4_Main.a(PGA_2.o)
 .debug_ranges  0x00000a48       0x50 .\CortexM0p\ARM_GCC_541\Debug\PSOC4_Main.a(UART_1_SPI_UART.o)
 .debug_ranges  0x00000a98       0x10 .\CortexM0p\ARM_GCC_541\Debug\PSOC4_Main.a(I2C_1_I2C_INT.o)
 .debug_ranges  0x00000aa8       0x38 .\CortexM0p\ARM_GCC_541\Debug\PSOC4_Main.a(CyFlash.o)

.comment        0x00000000       0x6e
 .comment       0x00000000       0x6e .\CortexM0p\ARM_GCC_541\Debug\main.o
                                 0x6f (size before relaxing)
 .comment       0x0000006e       0x6f .\CortexM0p\ARM_GCC_541\Debug\cyfitter_cfg.o
 .comment       0x0000006e       0x6f .\CortexM0p\ARM_GCC_541\Debug\cymetadata.o
 .comment       0x0000006e       0x6f .\CortexM0p\ARM_GCC_541\Debug\Cm0plusStart.o
 .comment       0x0000006e       0x6f .\CortexM0p\ARM_GCC_541\Debug\PSOC4_Main.a(Timer_1.o)
 .comment       0x0000006e       0x6f .\CortexM0p\ARM_GCC_541\Debug\PSOC4_Main.a(UART_1.o)
 .comment       0x0000006e       0x6f .\CortexM0p\ARM_GCC_541\Debug\PSOC4_Main.a(UART_1_UART.o)
 .comment       0x0000006e       0x6f .\CortexM0p\ARM_GCC_541\Debug\PSOC4_Main.a(I2C_1.o)
 .comment       0x0000006e       0x6f .\CortexM0p\ARM_GCC_541\Debug\PSOC4_Main.a(I2C_1_I2C.o)
 .comment       0x0000006e       0x6f .\CortexM0p\ARM_GCC_541\Debug\PSOC4_Main.a(I2C_1_I2C_MASTER.o)
 .comment       0x0000006e       0x6f .\CortexM0p\ARM_GCC_541\Debug\PSOC4_Main.a(ADC_1.o)
 .comment       0x0000006e       0x6f .\CortexM0p\ARM_GCC_541\Debug\PSOC4_Main.a(ADC_1_INIT.o)
 .comment       0x0000006e       0x6f .\CortexM0p\ARM_GCC_541\Debug\PSOC4_Main.a(ADC_1_INT.o)
 .comment       0x0000006e       0x6f .\CortexM0p\ARM_GCC_541\Debug\PSOC4_Main.a(PGA_1.o)
 .comment       0x0000006e       0x6f .\CortexM0p\ARM_GCC_541\Debug\PSOC4_Main.a(Opamp_1.o)
 .comment       0x0000006e       0x6f .\CortexM0p\ARM_GCC_541\Debug\PSOC4_Main.a(AMux_1.o)
 .comment       0x0000006e       0x6f .\CortexM0p\ARM_GCC_541\Debug\PSOC4_Main.a(ADC_1_intSarClock.o)
 .comment       0x0000006e       0x6f .\CortexM0p\ARM_GCC_541\Debug\PSOC4_Main.a(ADC_1_IRQ.o)
 .comment       0x0000006e       0x6f .\CortexM0p\ARM_GCC_541\Debug\PSOC4_Main.a(CyLib.o)
 .comment       0x0000006e       0x6f .\CortexM0p\ARM_GCC_541\Debug\PSOC4_Main.a(CyLFClk.o)
 .comment       0x0000006e       0x6f .\CortexM0p\ARM_GCC_541\Debug\PSOC4_Main.a(RELAY.o)
 .comment       0x0000006e       0x6f .\CortexM0p\ARM_GCC_541\Debug\PSOC4_Main.a(RED_LED.o)
 .comment       0x0000006e       0x6f .\CortexM0p\ARM_GCC_541\Debug\PSOC4_Main.a(PVref_1.o)
 .comment       0x0000006e       0x6f .\CortexM0p\ARM_GCC_541\Debug\PSOC4_Main.a(PGA_2.o)
 .comment       0x0000006e       0x6f .\CortexM0p\ARM_GCC_541\Debug\PSOC4_Main.a(UART_1_SPI_UART.o)
 .comment       0x0000006e       0x6f .\CortexM0p\ARM_GCC_541\Debug\PSOC4_Main.a(I2C_1_I2C_INT.o)
 .comment       0x0000006e       0x6f .\CortexM0p\ARM_GCC_541\Debug\PSOC4_Main.a(CyFlash.o)

.debug_weaknames
 *(.debug_weaknames)

.debug_funcnames
 *(.debug_funcnames)

.debug_typenames
 *(.debug_typenames)

.debug_varnames
 *(.debug_varnames)

.note.gnu.arm.ident
 *(.note.gnu.arm.ident)

.ARM.attributes
                0x00000000       0x28
 *(.ARM.attributes)
 .ARM.attributes
                0x00000000       0x1e c:/program files (x86)/cypress/psoc creator/4.3/psoc creator/import/gnu/arm/5.4.1/bin/../lib/gcc/arm-none-eabi/5.4.1/armv6-m/crti.o
 .ARM.attributes
                0x0000001e       0x2c c:/program files (x86)/cypress/psoc creator/4.3/psoc creator/import/gnu/arm/5.4.1/bin/../lib/gcc/arm-none-eabi/5.4.1/armv6-m/crtbegin.o
 .ARM.attributes
                0x0000004a       0x1b c:/program files (x86)/cypress/psoc creator/4.3/psoc creator/import/gnu/arm/5.4.1/bin/../lib/gcc/arm-none-eabi/5.4.1/../../../../arm-none-eabi/lib/armv6-m/crt0.o
 .ARM.attributes