Archive member included to satisfy reference by file (symbol)

.\CortexM0p\ARM_GCC_541\Debug\PSOC4_Main.a(Timer_1.o)
                              .\CortexM0p\ARM_GCC_541\Debug\main.o (Timer_1_ReadCounter)
.\CortexM0p\ARM_GCC_541\Debug\PSOC4_Main.a(UART_1.o)
                              .\CortexM0p\ARM_GCC_541\Debug\main.o (UART_1_Start)
.\CortexM0p\ARM_GCC_541\Debug\PSOC4_Main.a(UART_1_UART.o)
                              .\CortexM0p\ARM_GCC_541\Debug\PSOC4_Main.a(UART_1.o) (UART_1_UartInit)
.\CortexM0p\ARM_GCC_541\Debug\PSOC4_Main.a(I2C_1.o)
                              .\CortexM0p\ARM_GCC_541\Debug\main.o (I2C_1_Start)
.\CortexM0p\ARM_GCC_541\Debug\PSOC4_Main.a(I2C_1_I2C.o)
                              .\CortexM0p\ARM_GCC_541\Debug\PSOC4_Main.a(I2C_1.o) (I2C_1_I2CInit)
.\CortexM0p\ARM_GCC_541\Debug\PSOC4_Main.a(I2C_1_I2C_MASTER.o)
                              .\CortexM0p\ARM_GCC_541\Debug\PSOC4_Main.a(I2C_1_I2C.o) (I2C_1_mstrRdBufIndex)
.\CortexM0p\ARM_GCC_541\Debug\PSOC4_Main.a(ADC_1.o)
                              .\CortexM0p\ARM_GCC_541\Debug\main.o (ADC_1_StartConvert)
.\CortexM0p\ARM_GCC_541\Debug\PSOC4_Main.a(ADC_1_INIT.o)
                              .\CortexM0p\ARM_GCC_541\Debug\PSOC4_Main.a(ADC_1.o) (ADC_1_allConfigs)
.\CortexM0p\ARM_GCC_541\Debug\PSOC4_Main.a(ADC_1_INT.o)
                              .\CortexM0p\ARM_GCC_541\Debug\PSOC4_Main.a(ADC_1.o) (ADC_1_ISR)
.\CortexM0p\ARM_GCC_541\Debug\PSOC4_Main.a(PGA_1.o)
                              .\CortexM0p\ARM_GCC_541\Debug\main.o (PGA_1_Start)
.\CortexM0p\ARM_GCC_541\Debug\PSOC4_Main.a(Opamp_1.o)
                              .\CortexM0p\ARM_GCC_541\Debug\main.o (Opamp_1_Start)
.\CortexM0p\ARM_GCC_541\Debug\PSOC4_Main.a(AMux_1.o)
                              .\CortexM0p\ARM_GCC_541\Debug\main.o (AMux_1_Start)
.\CortexM0p\ARM_GCC_541\Debug\PSOC4_Main.a(ADC_1_intSarClock.o)
                              .\CortexM0p\ARM_GCC_541\Debug\PSOC4_Main.a(ADC_1.o) (ADC_1_intSarClock_StartEx)
.\CortexM0p\ARM_GCC_541\Debug\PSOC4_Main.a(ADC_1_IRQ.o)
                              .\CortexM0p\ARM_GCC_541\Debug\PSOC4_Main.a(ADC_1.o) (ADC_1_IRQ_StartEx)
.\CortexM0p\ARM_GCC_541\Debug\PSOC4_Main.a(CyLib.o)
                              .\CortexM0p\ARM_GCC_541\Debug\cyfitter_cfg.o (CyIntEnable)
.\CortexM0p\ARM_GCC_541\Debug\PSOC4_Main.a(CyLFClk.o)
                              .\CortexM0p\ARM_GCC_541\Debug\PSOC4_Main.a(CyLib.o) (CySysClkWcoEnabled)
.\CortexM0p\ARM_GCC_541\Debug\PSOC4_Main.a(RELAY.o)
                              .\CortexM0p\ARM_GCC_541\Debug\main.o (RELAY_Write)
.\CortexM0p\ARM_GCC_541\Debug\PSOC4_Main.a(RED_LED.o)
                              .\CortexM0p\ARM_GCC_541\Debug\main.o (RED_LED_Write)
.\CortexM0p\ARM_GCC_541\Debug\PSOC4_Main.a(PVref_1.o)
                              .\CortexM0p\ARM_GCC_541\Debug\main.o (PVref_1_Start)
.\CortexM0p\ARM_GCC_541\Debug\PSOC4_Main.a(PGA_2.o)
                              .\CortexM0p\ARM_GCC_541\Debug\main.o (PGA_2_Start)
.\CortexM0p\ARM_GCC_541\Debug\PSOC4_Main.a(CyBootAsmGnu.o)
                              .\CortexM0p\ARM_GCC_541\Debug\PSOC4_Main.a(CyLib.o) (CyDelayCycles)
.\CortexM0p\ARM_GCC_541\Debug\PSOC4_Main.a(UART_1_SPI_UART.o)
                              .\CortexM0p\ARM_GCC_541\Debug\PSOC4_Main.a(UART_1_UART.o) (UART_1_SpiUartReadRxData)
.\CortexM0p\ARM_GCC_541\Debug\PSOC4_Main.a(I2C_1_I2C_INT.o)
                              .\CortexM0p\ARM_GCC_541\Debug\PSOC4_Main.a(I2C_1_I2C.o) (I2C_1_I2C_ISR)
.\CortexM0p\ARM_GCC_541\Debug\PSOC4_Main.a(CyFlash.o)
                              .\CortexM0p\ARM_GCC_541\Debug\PSOC4_Main.a(CyLib.o) (CySysFlashSetWaitCycles)
c:/program files (x86)/cypress/psoc creator/4.4/psoc creator/import/gnu/arm/5.4.1/bin/../lib/gcc/arm-none-eabi/5.4.1/armv6-m\libgcc.a(_udivsi3.o)
                              .\CortexM0p\ARM_GCC_541\Debug\PSOC4_Main.a(ADC_1.o) (__aeabi_uidiv)
c:/program files (x86)/cypress/psoc creator/4.4/psoc creator/import/gnu/arm/5.4.1/bin/../lib/gcc/arm-none-eabi/5.4.1/armv6-m\libgcc.a(_divsi3.o)
                              .\CortexM0p\ARM_GCC_541\Debug\PSOC4_Main.a(ADC_1.o) (__aeabi_idiv)
c:/program files (x86)/cypress/psoc creator/4.4/psoc creator/import/gnu/arm/5.4.1/bin/../lib/gcc/arm-none-eabi/5.4.1/armv6-m\libgcc.a(_dvmd_tls.o)
                              c:/program files (x86)/cypress/psoc creator/4.4/psoc creator/import/gnu/arm/5.4.1/bin/../lib/gcc/arm-none-eabi/5.4.1/armv6-m\libgcc.a(_udivsi3.o) (__aeabi_idiv0)
c:/program files (x86)/cypress/psoc creator/4.4/psoc creator/import/gnu/arm/5.4.1/bin/../lib/gcc/arm-none-eabi/5.4.1/armv6-m\libgcc.a(_arm_cmpsf2.o)
                              .\CortexM0p\ARM_GCC_541\Debug\main.o (__aeabi_fcmpeq)
c:/program files (x86)/cypress/psoc creator/4.4/psoc creator/import/gnu/arm/5.4.1/bin/../lib/gcc/arm-none-eabi/5.4.1/armv6-m\libgcc.a(_aeabi_ldivmod.o)
                              .\CortexM0p\ARM_GCC_541\Debug\PSOC4_Main.a(ADC_1.o) (__aeabi_ldivmod)
[...]
Memory Configuration

Name             Origin             Length             Attributes
rom              0x00000000         0x00008000         xr
ram              0x20000000         0x00001000         xrw
*default*        0x00000000         0xffffffff

Linker script and memory map

LOAD c:/program files (x86)/cypress/psoc creator/4.4/psoc creator/import/gnu/arm/5.4.1/bin/../lib/gcc/arm-none-eabi/5.4.1/armv6-m/crti.o
LOAD c:/program files (x86)/cypress/psoc creator/4.4/psoc creator/import/gnu/arm/5.4.1/bin/../lib/gcc/arm-none-eabi/5.4.1/armv6-m/crtbegin.o
LOAD c:/program files (x86)/cypress/psoc creator/4.4/psoc creator/import/gnu/arm/5.4.1/bin/../lib/gcc/arm-none-eabi/5.4.1/../../../../arm-none-eabi/lib/armv6-m/crt0.o
START GROUP
LOAD .\CortexM0p\ARM_GCC_541\Debug\main.o
LOAD .\CortexM0p\ARM_GCC_541\Debug\cyfitter_cfg.o
LOAD .\CortexM0p\ARM_GCC_541\Debug\cymetadata.o
LOAD .\CortexM0p\ARM_GCC_541\Debug\Cm0plusStart.o
LOAD .\CortexM0p\ARM_GCC_541\Debug\PSOC4_Main.a
END GROUP
START GROUP
LOAD c:/program files (x86)/cypress/psoc creator/4.4/psoc creator/import/gnu/arm/5.4.1/bin/../lib/gcc/arm-none-eabi/5.4.1/armv6-m\libgcc.a
LOAD c:/program files (x86)/cypress/psoc creator/4.4/psoc creator/import/gnu/arm/5.4.1/bin/../lib/gcc/arm-none-eabi/5.4.1/../../../../arm-none-eabi/lib/armv6-m\libg_nano.a
LOAD c:/program files (x86)/cypress/psoc creator/4.4/psoc creator/import/gnu/arm/5.4.1/bin/../lib/gcc/arm-none-eabi/5.4.1/../../../../arm-none-eabi/lib/armv6-m\libc_nano.a
END GROUP
START GROUP
LOAD c:/program files (x86)/cypress/psoc creator/4.4/psoc creator/import/gnu/arm/5.4.1/bin/../lib/gcc/arm-none-eabi/5.4.1/armv6-m\libgcc.a
LOAD c:/program files (x86)/cypress/psoc creator/4.4/psoc creator/import/gnu/arm/5.4.1/bin/../lib/gcc/arm-none-eabi/5.4.1/../../../../arm-none-eabi/lib/armv6-m\libc_nano.a
END GROUP
LOAD c:/program files (x86)/cypress/psoc creator/4.4/psoc creator/import/gnu/arm/5.4.1/bin/../lib/gcc/arm-none-eabi/5.4.1/armv6-m/crtend.o
LOAD c:/program files (x86)/cypress/psoc creator/4.4/psoc creator/import/gnu/arm/5.4.1/bin/../lib/gcc/arm-none-eabi/5.4.1/armv6-m/crtn.o
START GROUP
LOAD c:/program files (x86)/cypress/psoc creator/4.4/psoc creator/import/gnu/arm/5.4.1/bin/../lib/gcc/arm-none-eabi/5.4.1/armv6-m\libgcc.a
LOAD c:/program files (x86)/cypress/psoc creator/4.4/psoc creator/import/gnu/arm/5.4.1/bin/../lib/gcc/arm-none-eabi/5.4.1/../../../../arm-none-eabi/lib/armv6-m\libc.a
LOAD c:/program files (x86)/cypress/psoc creator/4.4/psoc creator/import/gnu/arm/5.4.1/bin/../lib/gcc/arm-none-eabi/5.4.1/../../../../arm-none-eabi/lib/armv6-m\libnosys.a
END GROUP
                0x00000000                CY_APPL_ORIGIN = 0x0
                0x00000080                CY_FLASH_ROW_SIZE = 0x80
                0x00000001                CY_APPL_NUM = 0x1
                0x00000001                CY_APPL_MAX = 0x1
                0x00000040                CY_METADATA_SIZE = 0x40
                0x00000000                CY_APPL_LOADABLE = 0x0
                0x00000000                CY_CHECKSUM_EXCLUDE_SIZE = ALIGN (0x0, CY_FLASH_ROW_SIZE)
                0x00000000                CY_APP_FOR_STACK_AND_COPIER = 0x0
                [!provide]                PROVIDE (__cy_heap_start, _end)
                0x00000001                PROVIDE (__cy_region_num, ((__cy_regions_end - __cy_regions) / 0x10))
                0x20001000                PROVIDE (__cy_stack, (ORIGIN (ram) + LENGTH (ram)))
                [!provide]                PROVIDE (__cy_heap_end, (__cy_stack - 0x800))

.cybootloader   0x00000000        0x0
 *(.cybootloader)
                0x00000000                appl1_start = CY_APPL_ORIGIN?CY_APPL_ORIGIN:ALIGN (CY_FLASH_ROW_SIZE)
                0x00003f80                appl2_start = (appl1_start + ALIGN ((((LENGTH (rom) - appl1_start) - (0x2 * CY_FLASH_ROW_SIZE)) / 0x2), CY_FLASH_ROW_SIZE))
                0x00000000                appl_start = (CY_APPL_NUM == 0x1)?appl1_start:appl2_start
                0x00000001                cy_project_type_bootloader = (appl_start == 0x0)?0x1:0x0
                0x00000000                cy_project_type_app_for_stack_and_copier = (CY_APP_FOR_STACK_AND_COPIER == 0x1)?0x1:0x0

.text           0x00000000     0x6d68
 CREATE_OBJECT_SYMBOLS
                0x00000000                PROVIDE (__cy_interrupt_vector, RomVectors)
 *(.romvectors)
 .romvectors    0x00000000       0x10 .\CortexM0p\ARM_GCC_541\Debug\Cm0plusStart.o
                0x00000000                RomVectors
                0x00000001                ASSERT ((. != __cy_interrupt_vector), No interrupt vector)
                0x00000001                ASSERT (CY_APPL_ORIGIN?(SIZEOF (.cybootloader) <= CY_APPL_ORIGIN):0x1, Wrong image location)
                0x00000010                PROVIDE (__cy_reset, Reset)
 *(.text.Reset)
 .text.Reset    0x00000010        0xc .\CortexM0p\ARM_GCC_541\Debug\Cm0plusStart.o
                0x00000010                Reset
                0x00000001                ASSERT ((. != __cy_reset), No reset code)
 *(.psocinit)
 .psocinit      0x0000001c      0x158 .\CortexM0p\ARM_GCC_541\Debug\cyfitter_cfg.o
                0x000000f0                cyfitter_cfg
                0x00000174                . = MAX (., 0x100)
 *(.text .text.* .gnu.linkonce.t.*)
 .text          0x00000174       0x60 c:/program files (x86)/cypress/psoc creator/4.4/psoc creator/import/gnu/arm/5.4.1/bin/../lib/gcc/arm-none-eabi/5.4.1/armv6-m/crtbegin.o
 .text.Shutdown_Test
                0x000001d4       0x30 .\CortexM0p\ARM_GCC_541\Debug\main.o
                0x000001d4                Shutdown_Test
 .text.Print_headers
                0x00000204       0x90 .\CortexM0p\ARM_GCC_541\Debug\main.o
                0x00000204                Print_headers
 .text.Move_Window
                0x00000294       0x48 .\CortexM0p\ARM_GCC_541\Debug\main.o
                0x00000294                Move_Window
 .text.main     0x000002dc      0x2f4 .\CortexM0p\ARM_GCC_541\Debug\main.o
                0x000002dc                main
 .text.SetAnalogRoutingPumps
                0x000005d0       0x20 .\CortexM0p\ARM_GCC_541\Debug\cyfitter_cfg.o
                0x000005d0                SetAnalogRoutingPumps
 .text.AnalogSetDefault
                0x000005f0       0xa0 .\CortexM0p\ARM_GCC_541\Debug\cyfitter_cfg.o
 .text.AMux_1_Set
                0x00000690       0x70 .\CortexM0p\ARM_GCC_541\Debug\cyfitter_cfg.o
                0x00000690                AMux_1_Set
 .text.AMux_1_Unset
                0x00000700       0x70 .\CortexM0p\ARM_GCC_541\Debug\cyfitter_cfg.o
                0x00000700                AMux_1_Unset
 .text.IntDefaultHandler
                0x00000770       0x10 .\CortexM0p\ARM_GCC_541\Debug\Cm0plusStart.o
                0x00000770                IntDefaultHandler
 .text._sbrk    0x00000780       0x34 .\CortexM0p\ARM_GCC_541\Debug\Cm0plusStart.o
                0x00000780                _sbrk
 .text.Start_c  0x000007b4       0x48 .\CortexM0p\ARM_GCC_541\Debug\Cm0plusStart.o
                0x000007b4                Start_c
 .text.initialize_psoc
                0x000007fc       0x40 .\CortexM0p\ARM_GCC_541\Debug\Cm0plusStart.o
                0x000007fc                initialize_psoc
 .text.Timer_1_WriteCounter
                0x0000083c       0x10 .\CortexM0p\ARM_GCC_541\Debug\PSOC4_Main.a(Timer_1.o)
                0x0000083c                Timer_1_WriteCounter
 .text.Timer_1_ReadCounter
                0x0000084c       0x10 .\CortexM0p\ARM_GCC_541\Debug\PSOC4_Main.a(Timer_1.o)
                0x0000084c                Timer_1_ReadCounter
 .text.Timer_1_WritePeriod
                0x0000085c       0x10 .\CortexM0p\ARM_GCC_541\Debug\PSOC4_Main.a(Timer_1.o)
                0x0000085c                Timer_1_WritePeriod
 .text.Timer_1_TriggerCommand
                0x0000086c       0x1c .\CortexM0p\ARM_GCC_541\Debug\PSOC4_Main.a(Timer_1.o)
                0x0000086c                Timer_1_TriggerCommand
 .text.Timer_1_Enable
                0x00000888       0x24 .\CortexM0p\ARM_GCC_541\Debug\PSOC4_Main.a(Timer_1.o)
                0x00000888                Timer_1_Enable
 .text.Timer_1_SetInterruptMode
                0x000008ac        0xc .\CortexM0p\ARM_GCC_541\Debug\PSOC4_Main.a(Timer_1.o)
                0x000008ac                Timer_1_SetInterruptMode
 .text.Timer_1_Init
                0x000008b8       0x34 .\CortexM0p\ARM_GCC_541\Debug\PSOC4_Main.a(Timer_1.o)
                0x000008b8                Timer_1_Init
 .text.Timer_1_Start
                0x000008ec       0x20 .\CortexM0p\ARM_GCC_541\Debug\PSOC4_Main.a(Timer_1.o)
                0x000008ec                Timer_1_Start
 .text.UART_1_ScbModePostEnable
                0x0000090c        0x8 .\CortexM0p\ARM_GCC_541\Debug\PSOC4_Main.a(UART_1.o)
 .text.UART_1_Init
                0x00000914        0x8 .\CortexM0p\ARM_GCC_541\Debug\PSOC4_Main.a(UART_1.o)
                0x00000914                UART_1_Init
 .text.UART_1_Enable
                0x0000091c       0x18 .\CortexM0p\ARM_GCC_541\Debug\PSOC4_Main.a(UART_1.o)
                0x0000091c                UART_1_Enable
 .text.UART_1_Start
                0x00000934       0x20 .\CortexM0p\ARM_GCC_541\Debug\PSOC4_Main.a(UART_1.o)
                0x00000934                UART_1_Start
 .text.UART_1_UartInit
                0x00000954       0xa8 .\CortexM0p\ARM_GCC_541\Debug\PSOC4_Main.a(UART_1_UART.o)
                0x00000954                UART_1_UartInit
 .text.UART_1_UartPostEnable
                0x000009fc       0x14 .\CortexM0p\ARM_GCC_541\Debug\PSOC4_Main.a(UART_1_UART.o)
                0x000009fc                UART_1_UartPostEnable
 .text.UART_1_UartGetChar
                0x00000a10       0x2c .\CortexM0p\ARM_GCC_541\Debug\PSOC4_Main.a(UART_1_UART.o)
                0x00000a10                UART_1_UartGetChar
 .text.UART_1_UartPutString
                0x00000a3c       0x18 .\CortexM0p\ARM_GCC_541\Debug\PSOC4_Main.a(UART_1_UART.o)
                0x00000a3c                UART_1_UartPutString
 .text.I2C_1_ScbEnableIntr
                0x00000a54        0xc .\CortexM0p\ARM_GCC_541\Debug\PSOC4_Main.a(I2C_1.o)
 .text.I2C_1_Init
                0x00000a60        0x8 .\CortexM0p\ARM_GCC_541\Debug\PSOC4_Main.a(I2C_1.o)
                0x00000a60                I2C_1_Init
 .text.I2C_1_Enable
                0x00000a68       0x18 .\CortexM0p\ARM_GCC_541\Debug\PSOC4_Main.a(I2C_1.o)
                0x00000a68                I2C_1_Enable
 .text.I2C_1_Start
                0x00000a80       0x20 .\CortexM0p\ARM_GCC_541\Debug\PSOC4_Main.a(I2C_1.o)
                0x00000a80                I2C_1_Start
 .text.I2C_1_I2CInit
                0x00000aa0       0xb8 .\CortexM0p\ARM_GCC_541\Debug\PSOC4_Main.a(I2C_1_I2C.o)
                0x00000aa0                I2C_1_I2CInit
 .text.I2C_1_I2CFwBlockReset
                0x00000b58       0x5c .\CortexM0p\ARM_GCC_541\Debug\PSOC4_Main.a(I2C_1_I2C.o)
                0x00000b58                I2C_1_I2CFwBlockReset
 .text.I2C_1_I2CReStartGeneration
                0x00000bb4       0x20 .\CortexM0p\ARM_GCC_541\Debug\PSOC4_Main.a(I2C_1_I2C_MASTER.o)
                0x00000bb4                I2C_1_I2CReStartGeneration
 .text.I2C_1_I2CMasterReadBuf
                0x00000bd4      0x108 .\CortexM0p\ARM_GCC_541\Debug\PSOC4_Main.a(I2C_1_I2C_MASTER.o)
                0x00000bd4                I2C_1_I2CMasterReadBuf
 .text.ADC_1_SetDFTControl
                0x00000cdc       0x34 .\CortexM0p\ARM_GCC_541\Debug\PSOC4_Main.a(ADC_1.o)
 .text.ADC_1_IsChannelSigned
                0x00000d10       0x58 .\CortexM0p\ARM_GCC_541\Debug\PSOC4_Main.a(ADC_1.o)
 .text.ADC_1_Stop
                0x00000d68       0x10 .\CortexM0p\ARM_GCC_541\Debug\PSOC4_Main.a(ADC_1.o)
                0x00000d68                ADC_1_Stop
 .text.ADC_1_InitConfig
                0x00000d78       0xac .\CortexM0p\ARM_GCC_541\Debug\PSOC4_Main.a(ADC_1.o)
                0x00000d78                ADC_1_InitConfig
 .text.ADC_1_StartConvert
                0x00000e24       0x28 .\CortexM0p\ARM_GCC_541\Debug\PSOC4_Main.a(ADC_1.o)
                0x00000e24                ADC_1_StartConvert
 .text.ADC_1_IsEndConversion
                0x00000e4c       0x38 .\CortexM0p\ARM_GCC_541\Debug\PSOC4_Main.a(ADC_1.o)
                0x00000e4c                ADC_1_IsEndConversion
 .text.ADC_1_GetResult32
                0x00000e84       0x64 .\CortexM0p\ARM_GCC_541\Debug\PSOC4_Main.a(ADC_1.o)
                0x00000e84                ADC_1_GetResult32
 .text.ADC_1_RawCounts2Counts
                0x00000ee8       0x88 .\CortexM0p\ARM_GCC_541\Debug\PSOC4_Main.a(ADC_1.o)
                0x00000ee8                ADC_1_RawCounts2Counts
 .text.ADC_1_CountsTo_mVolts
                0x00000f70       0x68 .\CortexM0p\ARM_GCC_541\Debug\PSOC4_Main.a(ADC_1.o)
                0x00000f70                ADC_1_CountsTo_mVolts
 .text.ADC_1_Init
                0x00000fd8       0xdc .\CortexM0p\ARM_GCC_541\Debug\PSOC4_Main.a(ADC_1.o)
                0x00000fd8                ADC_1_Init
 .text.ADC_1_Enable
                0x000010b4       0x48 .\CortexM0p\ARM_GCC_541\Debug\PSOC4_Main.a(ADC_1.o)
                0x000010b4                ADC_1_Enable
 .text.ADC_1_Start
                0x000010fc       0x24 .\CortexM0p\ARM_GCC_541\Debug\PSOC4_Main.a(ADC_1.o)
                0x000010fc                ADC_1_Start
 .text.ADC_1_StopConvert
                0x00001120       0x44 .\CortexM0p\ARM_GCC_541\Debug\PSOC4_Main.a(ADC_1.o)
                0x00001120                ADC_1_StopConvert
 .text.ADC_1_ISR
                0x00001164        0xc .\CortexM0p\ARM_GCC_541\Debug\PSOC4_Main.a(ADC_1_INT.o)
                0x00001164                ADC_1_ISR
 .text.PGA_1_Enable
                0x00001170       0x1c .\CortexM0p\ARM_GCC_541\Debug\PSOC4_Main.a(PGA_1.o)
                0x00001170                PGA_1_Enable
 .text.PGA_1_SetGain
                0x0000118c       0xa4 .\CortexM0p\ARM_GCC_541\Debug\PSOC4_Main.a(PGA_1.o)
                0x0000118c                PGA_1_SetGain
 .text.PGA_1_Init
                0x00001230       0x50 .\CortexM0p\ARM_GCC_541\Debug\PSOC4_Main.a(PGA_1.o)
                0x00001230                PGA_1_Init
 .text.PGA_1_Start
                0x00001280       0x20 .\CortexM0p\ARM_GCC_541\Debug\PSOC4_Main.a(PGA_1.o)
                0x00001280                PGA_1_Start
 .text.Opamp_1_Init
                0x000012a0       0x2c .\CortexM0p\ARM_GCC_541\Debug\PSOC4_Main.a(Opamp_1.o)
                0x000012a0                Opamp_1_Init
 .text.Opamp_1_Enable
                0x000012cc       0x1c .\CortexM0p\ARM_GCC_541\Debug\PSOC4_Main.a(Opamp_1.o)
                0x000012cc                Opamp_1_Enable
 .text.Opamp_1_Start
                0x000012e8       0x20 .\CortexM0p\ARM_GCC_541\Debug\PSOC4_Main.a(Opamp_1.o)
                0x000012e8                Opamp_1_Start
 .text.AMux_1_Start
                0x00001308       0x20 .\CortexM0p\ARM_GCC_541\Debug\PSOC4_Main.a(AMux_1.o)
                0x00001308                AMux_1_Start
 .text.AMux_1_FastSelect
                0x00001328       0x20 .\CortexM0p\ARM_GCC_541\Debug\PSOC4_Main.a(AMux_1.o)
                0x00001328                AMux_1_FastSelect
 .text.ADC_1_intSarClock_StartEx
                0x00001348       0x1c .\CortexM0p\ARM_GCC_541\Debug\PSOC4_Main.a(ADC_1_intSarClock.o)
                0x00001348                ADC_1_intSarClock_StartEx
 .text.ADC_1_intSarClock_Stop
                0x00001364       0x18 .\CortexM0p\ARM_GCC_541\Debug\PSOC4_Main.a(ADC_1_intSarClock.o)
                0x00001364                ADC_1_intSarClock_Stop
 .text.ADC_1_intSarClock_SetFractionalDividerRegister
                0x0000137c       0x20 .\CortexM0p\ARM_GCC_541\Debug\PSOC4_Main.a(ADC_1_intSarClock.o)
                0x0000137c                ADC_1_intSarClock_SetFractionalDividerRegister
 .text.CySysClkImoDisableWcoLock
                0x0000139c       0x4c .\CortexM0p\ARM_GCC_541\Debug\PSOC4_Main.a(CyLib.o)
                0x0000139c                CySysClkImoDisableWcoLock
 .text.CySysClkImoGetWcoLock
                0x000013e8       0x14 .\CortexM0p\ARM_GCC_541\Debug\PSOC4_Main.a(CyLib.o)
                0x000013e8                CySysClkImoGetWcoLock
 .text.CyIntEnable
                0x000013fc       0x14 .\CortexM0p\ARM_GCC_541\Debug\PSOC4_Main.a(CyLib.o)
                0x000013fc                CyIntEnable
 .text.CyIntDisable
                0x00001410       0x14 .\CortexM0p\ARM_GCC_541\Debug\PSOC4_Main.a(CyLib.o)
                0x00001410                CyIntDisable
 .text.CyHalt   0x00001424        0x4 .\CortexM0p\ARM_GCC_541\Debug\PSOC4_Main.a(CyLib.o)
                0x00001424                CyHalt
 .text.CyIntSetVector
                0x00001428       0x24 .\CortexM0p\ARM_GCC_541\Debug\PSOC4_Main.a(CyLib.o)
                0x00001428                CyIntSetVector
 .text.CyIntSetPriority
                0x0000144c       0x4c .\CortexM0p\ARM_GCC_541\Debug\PSOC4_Main.a(CyLib.o)
                0x0000144c                CyIntSetPriority
 .text.CyDelay  0x00001498       0x30 .\CortexM0p\ARM_GCC_541\Debug\PSOC4_Main.a(CyLib.o)
                0x00001498                CyDelay
 .text.CySysClkImoEnableWcoLock
                0x000014c8       0xd0 .\CortexM0p\ARM_GCC_541\Debug\PSOC4_Main.a(CyLib.o)
                0x000014c8                CySysClkImoEnableWcoLock
 .text.CySysClkWriteImoFreq
                0x00001598       0xd8 .\CortexM0p\ARM_GCC_541\Debug\PSOC4_Main.a(CyLib.o)
                0x00001598                CySysClkWriteImoFreq
 .text.CyDelayUs
                0x00001670       0x14 .\CortexM0p\ARM_GCC_541\Debug\PSOC4_Main.a(CyLib.o)
                0x00001670                CyDelayUs
 .text.CySysClkGetTimerSource
                0x00001684       0x10 .\CortexM0p\ARM_GCC_541\Debug\PSOC4_Main.a(CyLFClk.o)
 .text.CySysClkWcoEnabled
                0x00001694       0x14 .\CortexM0p\ARM_GCC_541\Debug\PSOC4_Main.a(CyLFClk.o)
                0x00001694                CySysClkWcoEnabled
 .text.CySysWdtDisable
                0x000016a8       0x10 .\CortexM0p\ARM_GCC_541\Debug\PSOC4_Main.a(CyLFClk.o)
                0x000016a8                CySysWdtDisable
 .text.CySysClkSetTimerSource
                0x000016b8       0x68 .\CortexM0p\ARM_GCC_541\Debug\PSOC4_Main.a(CyLFClk.o)
                0x000016b8                CySysClkSetTimerSource
 .text.CySysTimerClearInterrupt
                0x00001720       0x2c .\CortexM0p\ARM_GCC_541\Debug\PSOC4_Main.a(CyLFClk.o)
                0x00001720                CySysTimerClearInterrupt
 .text.CySysTimerIsr
                0x0000174c       0xa4 .\CortexM0p\ARM_GCC_541\Debug\PSOC4_Main.a(CyLFClk.o)
                0x0000174c                CySysTimerIsr
 .text.RELAY_Write
                0x000017f0       0x18 .\CortexM0p\ARM_GCC_541\Debug\PSOC4_Main.a(RELAY.o)
                0x000017f0                RELAY_Write
 .text.RED_LED_Write
                0x00001808       0x18 .\CortexM0p\ARM_GCC_541\Debug\PSOC4_Main.a(RED_LED.o)
                0x00001808                RED_LED_Write
 .text.PVref_1_Init
                0x00001820       0x1c .\CortexM0p\ARM_GCC_541\Debug\PSOC4_Main.a(PVref_1.o)
                0x00001820                PVref_1_Init
 .text.PVref_1_Enable
                0x0000183c       0x10 .\CortexM0p\ARM_GCC_541\Debug\PSOC4_Main.a(PVref_1.o)
                0x0000183c                PVref_1_Enable
 .text.PVref_1_Start
                0x0000184c       0x20 .\CortexM0p\ARM_GCC_541\Debug\PSOC4_Main.a(PVref_1.o)
                0x0000184c                PVref_1_Start
 .text.PVref_1_Stop
                0x0000186c       0x10 .\CortexM0p\ARM_GCC_541\Debug\PSOC4_Main.a(PVref_1.o)
                0x0000186c                PVref_1_Stop
 .text.PGA_2_Enable
                0x0000187c       0x1c .\CortexM0p\ARM_GCC_541\Debug\PSOC4_Main.a(PGA_2.o)
                0x0000187c                PGA_2_Enable
 .text.PGA_2_SetGain
                0x00001898       0xa4 .\CortexM0p\ARM_GCC_541\Debug\PSOC4_Main.a(PGA_2.o)
                0x00001898                PGA_2_SetGain
 .text.PGA_2_Init
                0x0000193c       0x50 .\CortexM0p\ARM_GCC_541\Debug\PSOC4_Main.a(PGA_2.o)
                0x0000193c                PGA_2_Init
 .text.PGA_2_Start
                0x0000198c       0x20 .\CortexM0p\ARM_GCC_541\Debug\PSOC4_Main.a(PGA_2.o)
                0x0000198c                PGA_2_Start
 *fill*         0x000019ac        0x4 
 .text          0x000019b0       0x20 .\CortexM0p\ARM_GCC_541\Debug\PSOC4_Main.a(CyBootAsmGnu.o)
                0x000019b0                CyDelayCycles
                0x000019c2                CyEnterCriticalSection
                0x000019ca                CyExitCriticalSection
 .text.UART_1_SpiUartReadRxData
                0x000019d0        0xc .\CortexM0p\ARM_GCC_541\Debug\PSOC4_Main.a(UART_1_SPI_UART.o)
                0x000019d0                UART_1_SpiUartReadRxData
 .text.UART_1_SpiUartGetRxBufferSize
                0x000019dc       0x10 .\CortexM0p\ARM_GCC_541\Debug\PSOC4_Main.a(UART_1_SPI_UART.o)
                0x000019dc                UART_1_SpiUartGetRxBufferSize
 .text.UART_1_SpiUartWriteTxData
                0x000019ec       0x1c .\CortexM0p\ARM_GCC_541\Debug\PSOC4_Main.a(UART_1_SPI_UART.o)
                0x000019ec                UART_1_SpiUartWriteTxData
 .text.I2C_1_I2C_ISR
                0x00001a08      0x340 .\CortexM0p\ARM_GCC_541\Debug\PSOC4_Main.a(I2C_1_I2C_INT.o)
                0x00001a08                I2C_1_I2C_ISR
 .text.CySysFlashSetWaitCycles
                0x00001d48       0x54 .\CortexM0p\ARM_GCC_541\Debug\PSOC4_Main.a(CyFlash.o)
                0x00001d48                CySysFlashSetWaitCycles
 .text          0x00001d9c      0x114 c:/program files (x86)/cypress/psoc creator/4.4/psoc creator/import/gnu/arm/5.4.1/bin/../lib/gcc/arm-none-eabi/5.4.1/armv6-m\libgcc.a(_udivsi3.o)
                0x00001d9c                __aeabi_uidiv
                0x00001d9c                __udivsi3
                0x00001ea8                __aeabi_uidivmod
 .text          0x00001eb0      0x1d4 c:/program files (x86)/cypress/psoc creator/4.4/psoc creator/import/gnu/arm/5.4.1/bin/../lib/gcc/arm-none-eabi/5.4.1/armv6-m\libgcc.a(_divsi3.o)
                0x00001eb0                __divsi3
                0x00001eb0                __aeabi_idiv
                0x0000207c                __aeabi_idivmod
 .text          0x00002084        0x4 c:/program files (x86)/cypress/psoc creator/4.4/psoc creator/import/gnu/arm/5.4.1/bin/../lib/gcc/arm-none-eabi/5.4.1/armv6-m\libgcc.a(_dvmd_tls.o)
                0x00002084                __aeabi_idiv0
                0x00002084                __aeabi_ldiv0
 .text          0x00002088       0x74 c:/program files (x86)/cypress/psoc creator/4.4/psoc creator/import/gnu/arm/5.4.1/bin/../lib/gcc/arm-none-eabi/5.4.1/armv6-m\libgcc.a(_arm_cmpsf2.o)
                0x00002088                __aeabi_cfrcmple
                0x00002090                __aeabi_cfcmpeq
                0x00002090                __aeabi_cfcmple
                0x000020a0                __aeabi_fcmpeq
                0x000020ac                __aeabi_fcmplt
                0x000020c0                __aeabi_fcmple
                0x000020d4                __aeabi_fcmpgt
                0x000020e8                __aeabi_fcmpge
 .text          0x000020fc      0x2ec c:/program files (x86)/cypress/psoc creator/4.4/psoc creator/import/gnu/arm/5.4.1/bin/../lib/gcc/arm-none-eabi/5.4.1/armv6-m\libgcc.a(addsf3.o)
                0x000020fc                __aeabi_fadd
 .text          0x000023e8      0x234 c:/program files (x86)/cypress/psoc creator/4.4/psoc creator/import/gnu/arm/5.4.1/bin/../lib/gcc/arm-none-eabi/5.4.1/armv6-m\libgcc.a(divsf3.o)
                0x000023e8                __aeabi_fdiv
 .text          0x0000261c       0x50 c:/program files (x86)/cypress/psoc creator/4.4/psoc creator/import/gnu/arm/5.4.1/bin/../lib/gcc/arm-none-eabi/5.4.1/armv6-m\libgcc.a(eqsf2.o)
                0x0000261c                __eqsf2
                0x0000261c                __nesf2
 .text          0x0000266c       0x88 c:/program files (x86)/cypress/psoc creator/4.4/psoc creator/import/gnu/arm/5.4.1/bin/../lib/gcc/arm-none-eabi/5.4.1/armv6-m\libgcc.a(gesf2.o)
                0x0000266c                __gesf2
                0x0000266c                __gtsf2
 .text          0x000026f4       0x88 c:/program files (x86)/cypress/psoc creator/4.4/psoc creator/import/gnu/arm/5.4.1/bin/../lib/gcc/arm-none-eabi/5.4.1/armv6-m\libgcc.a(lesf2.o)
                0x000026f4                __ltsf2
                0x000026f4                __lesf2
 .text          0x0000277c      0x228 c:/program files (x86)/cypress/psoc creator/4.4/psoc creator/import/gnu/arm/5.4.1/bin/../lib/gcc/arm-none-eabi/5.4.1/armv6-m\libgcc.a(mulsf3.o)
                0x0000277c                __aeabi_fmul
 .text          0x000029a4      0x30c c:/program files (x86)/cypress/psoc creator/4.4/psoc creator/import/gnu/arm/5.4.1/bin/../lib/gcc/arm-none-eabi/5.4.1/armv6-m\libgcc.a(subsf3.o)
                0x000029a4                __aeabi_fsub
 .text          0x00002cb0       0x90 c:/program files (x86)/cypress/psoc creator/4.4/psoc creator/import/gnu/arm/5.4.1/bin/../lib/gcc/arm-none-eabi/5.4.1/armv6-m\libgcc.a(floatsisf.o)
                0x00002cb0                __aeabi_i2f
 .text          0x00002d40       0x7c c:/program files (x86)/cypress/psoc creator/4.4/psoc creator/import/gnu/arm/5.4.1/bin/../lib/gcc/arm-none-eabi/5.4.1/armv6-m\libgcc.a(floatunsisf.o)
                0x00002d40                __aeabi_ui2f
 .text          0x00002dbc      0x62c c:/program files (x86)/cypress/psoc creator/4.4/psoc creator/import/gnu/arm/5.4.1/bin/../lib/gcc/arm-none-eabi/5.4.1/armv6-m\libgcc.a(divdf3.o)
                0x00002dbc                __aeabi_ddiv
 .text          0x000033e8      0x4f4 c:/program files (x86)/cypress/psoc creator/4.4/psoc creator/import/gnu/arm/5.4.1/bin/../lib/gcc/arm-none-eabi/5.4.1/armv6-m\libgcc.a(muldf3.o)
                0x000033e8                __aeabi_dmul
 .text          0x000038dc       0xa8 c:/program files (x86)/cypress/psoc creator/4.4/psoc creator/import/gnu/arm/5.4.1/bin/../lib/gcc/arm-none-eabi/5.4.1/armv6-m\libgcc.a(extendsfdf2.o)
                0x000038dc                __aeabi_f2d
 .text          0x00003984      0x118 c:/program files (x86)/cypress/psoc creator/4.4/psoc creator/import/gnu/arm/5.4.1/bin/../lib/gcc/arm-none-eabi/5.4.1/armv6-m\libgcc.a(truncdfsf2.o)
                0x00003984                __aeabi_d2f
 .text          0x00003a9c       0x3c c:/program files (x86)/cypress/psoc creator/4.4/psoc creator/import/gnu/arm/5.4.1/bin/../lib/gcc/arm-none-eabi/5.4.1/armv6-m\libgcc.a(_clzsi2.o)
                0x00003a9c                __clzsi2
 .text.__errno  0x00003ad8        0xc c:/program files (x86)/cypress/psoc creator/4.4/psoc creator/import/gnu/arm/5.4.1/bin/../lib/gcc/arm-none-eabi/5.4.1/../../../../arm-none-eabi/lib/armv6-m\libg_nano.a(lib_a-errno.o)
                0x00003ad8                __errno
 .text.__libc_init_array
                0x00003ae4       0x4c c:/program files (x86)/cypress/psoc creator/4.4/psoc creator/import/gnu/arm/5.4.1/bin/../lib/gcc/arm-none-eabi/5.4.1/../../../../arm-none-eabi/lib/armv6-m\libg_nano.a(lib_a-init.o)
                0x00003ae4                __libc_init_array
 .text.memcpy   0x00003b30       0x12 c:/program files (x86)/cypress/psoc creator/4.4/psoc creator/import/gnu/arm/5.4.1/bin/../lib/gcc/arm-none-eabi/5.4.1/../../../../arm-none-eabi/lib/armv6-m\libg_nano.a(lib_a-memcpy-stub.o)
                0x00003b30                memcpy
 .text.memset   0x00003b42       0x10 c:/program files (x86)/cypress/psoc creator/4.4/psoc creator/import/gnu/arm/5.4.1/bin/../lib/gcc/arm-none-eabi/5.4.1/../../../../arm-none-eabi/lib/armv6-m\libg_nano.a(lib_a-memset.o)
                0x00003b42                memset
 .text.__cvt    0x00003b52       0xca c:/program files (x86)/cypress/psoc creator/4.4/psoc creator/import/gnu/arm/5.4.1/bin/../lib/gcc/arm-none-eabi/5.4.1/../../../../arm-none-eabi/lib/armv6-m\libg_nano.a(lib_a-nano-vfprintf_float.o)
                0x00003b52                __cvt
 .text.__exponent
                0x00003c1c       0x62 c:/program files (x86)/cypress/psoc creator/4.4/psoc creator/import/gnu/arm/5.4.1/bin/../lib/gcc/arm-none-eabi/5.4.1/../../../../arm-none-eabi/lib/armv6-m\libg_nano.a(lib_a-nano-vfprintf_float.o)
                0x00003c1c                __exponent
 *fill*         0x00003c7e        0x2 
 .text._printf_float
                0x00003c80      0x4a0 c:/program files (x86)/cypress/psoc creator/4.4/psoc creator/import/gnu/arm/5.4.1/bin/../lib/gcc/arm-none-eabi/5.4.1/../../../../arm-none-eabi/lib/armv6-m\libg_nano.a(lib_a-nano-vfprintf_float.o)
                0x00003c80                _printf_float
 .text._printf_common
                0x00004120       0xdc c:/program files (x86)/cypress/psoc creator/4.4/psoc creator/import/gnu/arm/5.4.1/bin/../lib/gcc/arm-none-eabi/5.4.1/../../../../arm-none-eabi/lib/armv6-m\libg_nano.a(lib_a-nano-vfprintf_i.o)
                0x00004120                _printf_common
 .text._printf_i
                0x000041fc      0x244 c:/program files (x86)/cypress/psoc creator/4.4/psoc creator/import/gnu/arm/5.4.1/bin/../lib/gcc/arm-none-eabi/5.4.1/../../../../arm-none-eabi/lib/armv6-m\libg_nano.a(lib_a-nano-vfprintf_i.o)
                0x000041fc                _printf_i
 .text.sprintf  0x00004440       0x44 c:/program files (x86)/cypress/psoc creator/4.4/psoc creator/import/gnu/arm/5.4.1/bin/../lib/gcc/arm-none-eabi/5.4.1/../../../../arm-none-eabi/lib/armv6-m\libg_nano.a(lib_a-sprintf.o)
                0x00004440                siprintf
                0x00004440                sprintf
 .text          0x00004484        0xe c:/program files (x86)/cypress/psoc creator/4.4/psoc creator/import/gnu/arm/5.4.1/bin/../lib/gcc/arm-none-eabi/5.4.1/../../../../arm-none-eabi/lib/armv6-m\libg_nano.a(lib_a-strlen.o)
                0x00004484                strlen
 .text.quorem   0x00004492      0x10c c:/program files (x86)/cypress/psoc creator/4.4/psoc creator/import/gnu/arm/5.4.1/bin/../lib/gcc/arm-none-eabi/5.4.1/../../../../arm-none-eabi/lib/armv6-m\libg_nano.a(lib_a-dtoa.o)
 *fill*         0x0000459e        0x2 
 .text._dtoa_r  0x000045a0      0xb8c c:/program files (x86)/cypress/psoc creator/4.4/psoc creator/import/gnu/arm/5.4.1/bin/../lib/gcc/arm-none-eabi/5.4.1/../../../../arm-none-eabi/lib/armv6-m\libg_nano.a(lib_a-dtoa.o)
                0x000045a0                _dtoa_r
 .text._localeconv_r
                0x0000512c        0x8 c:/program files (x86)/cypress/psoc creator/4.4/psoc creator/import/gnu/arm/5.4.1/bin/../lib/gcc/arm-none-eabi/5.4.1/../../../../arm-none-eabi/lib/armv6-m\libg_nano.a(lib_a-locale.o)
                0x0000512c                _localeconv_r
 .text.malloc   0x00005134       0x14 c:/program files (x86)/cypress/psoc creator/4.4/psoc creator/import/gnu/arm/5.4.1/bin/../lib/gcc/arm-none-eabi/5.4.1/../../../../arm-none-eabi/lib/armv6-m\libg_nano.a(lib_a-malloc.o)
                0x00005134                malloc
 .text.memchr   0x00005148       0x16 c:/program files (x86)/cypress/psoc creator/4.4/psoc creator/import/gnu/arm/5.4.1/bin/../lib/gcc/arm-none-eabi/5.4.1/../../../../arm-none-eabi/lib/armv6-m\libg_nano.a(lib_a-memchr-stub.o)
                0x00005148                memchr
 .text._Balloc  0x0000515e       0x70 c:/program files (x86)/cypress/psoc creator/4.4/psoc creator/import/gnu/arm/5.4.1/bin/../lib/gcc/arm-none-eabi/5.4.1/../../../../arm-none-eabi/lib/armv6-m\libg_nano.a(lib_a-mprec.o)
                0x0000515e                _Balloc
 .text._Bfree   0x000051ce       0x32 c:/program files (x86)/cypress/psoc creator/4.4/psoc creator/import/gnu/arm/5.4.1/bin/../lib/gcc/arm-none-eabi/5.4.1/../../../../arm-none-eabi/lib/armv6-m\libg_nano.a(lib_a-mprec.o)
                0x000051ce                _Bfree
 .text.__multadd
                0x00005200       0x7a c:/program files (x86)/cypress/psoc creator/4.4/psoc creator/import/gnu/arm/5.4.1/bin/../lib/gcc/arm-none-eabi/5.4.1/../../../../arm-none-eabi/lib/armv6-m\libg_nano.a(lib_a-mprec.o)
                0x00005200                __multadd
 .text.__hi0bits
                0x0000527a       0x36 c:/program files (x86)/cypress/psoc creator/4.4/psoc creator/import/gnu/arm/5.4.1/bin/../lib/gcc/arm-none-eabi/5.4.1/../../../../arm-none-eabi/lib/armv6-m\libg_nano.a(lib_a-mprec.o)
                0x0000527a                __hi0bits
 .text.__lo0bits
                0x000052b0       0x5e c:/program files (x86)/cypress/psoc creator/4.4/psoc creator/import/gnu/arm/5.4.1/bin/../lib/gcc/arm-none-eabi/5.4.1/../../../../arm-none-eabi/lib/armv6-m\libg_nano.a(lib_a-mprec.o)
                0x000052b0                __lo0bits
 .text.__i2b    0x0000530e       0x12 c:/program files (x86)/cypress/psoc creator/4.4/psoc creator/import/gnu/arm/5.4.1/bin/../lib/gcc/arm-none-eabi/5.4.1/../../../../arm-none-eabi/lib/armv6-m\libg_nano.a(lib_a-mprec.o)
                0x0000530e                __i2b
 .text.__multiply
                0x00005320      0x112 c:/program files (x86)/cypress/psoc creator/4.4/psoc creator/import/gnu/arm/5.4.1/bin/../lib/gcc/arm-none-eabi/5.4.1/../../../../arm-none-eabi/lib/armv6-m\libg_nano.a(lib_a-mprec.o)
                0x00005320                __multiply
 *fill*         0x00005432        0x2 
 .text.__pow5mult
                0x00005434       0xa8 c:/program files (x86)/cypress/psoc creator/4.4/psoc creator/import/gnu/arm/5.4.1/bin/../lib/gcc/arm-none-eabi/5.4.1/../../../../arm-none-eabi/lib/armv6-m\libg_nano.a(lib_a-mprec.o)
                0x00005434                __pow5mult
 .text.__lshift
                0x000054dc       0xa4 c:/program files (x86)/cypress/psoc creator/4.4/psoc creator/import/gnu/arm/5.4.1/bin/../lib/gcc/arm-none-eabi/5.4.1/../../../../arm-none-eabi/lib/armv6-m\libg_nano.a(lib_a-mprec.o)
                0x000054dc                __lshift
 .text.__mcmp   0x00005580       0x36 c:/program files (x86)/cypress/psoc creator/4.4/psoc creator/import/gnu/arm/5.4.1/bin/../lib/gcc/arm-none-eabi/5.4.1/../../../../arm-none-eabi/lib/armv6-m\libg_nano.a(lib_a-mprec.o)
                0x00005580                __mcmp
 .text.__mdiff  0x000055b6       0xd6 c:/program files (x86)/cypress/psoc creator/4.4/psoc creator/import/gnu/arm/5.4.1/bin/../lib/gcc/arm-none-eabi/5.4.1/../../../../arm-none-eabi/lib/armv6-m\libg_nano.a(lib_a-mprec.o)
                0x000055b6                __mdiff
 .text.__d2b    0x0000568c       0xa8 c:/program files (x86)/cypress/psoc creator/4.4/psoc creator/import/gnu/arm/5.4.1/bin/../lib/gcc/arm-none-eabi/5.4.1/../../../../arm-none-eabi/lib/armv6-m\libg_nano.a(lib_a-mprec.o)
                0x0000568c                __d2b
 .text._calloc_r
                0x00005734       0x1c c:/program files (x86)/cypress/psoc creator/4.4/psoc creator/import/gnu/arm/5.4.1/bin/../lib/gcc/arm-none-eabi/5.4.1/../../../../arm-none-eabi/lib/armv6-m\libg_nano.a(lib_a-nano-callocr.o)
                0x00005734                _calloc_r
 .text._free_r  0x00005750       0x98 c:/program files (x86)/cypress/psoc creator/4.4/psoc creator/import/gnu/arm/5.4.1/bin/../lib/gcc/arm-none-eabi/5.4.1/../../../../arm-none-eabi/lib/armv6-m\libg_nano.a(lib_a-nano-freer.o)
                0x00005750                _free_r
 .text._malloc_r
                0x000057e8       0xc0 c:/program files (x86)/cypress/psoc creator/4.4/psoc creator/import/gnu/arm/5.4.1/bin/../lib/gcc/arm-none-eabi/5.4.1/../../../../arm-none-eabi/lib/armv6-m\libg_nano.a(lib_a-nano-mallocr.o)
                0x000057e8                _malloc_r
 .text.__ssputs_r
                0x000058a8       0xc4 c:/program files (x86)/cypress/psoc creator/4.4/psoc creator/import/gnu/arm/5.4.1/bin/../lib/gcc/arm-none-eabi/5.4.1/../../../../arm-none-eabi/lib/armv6-m\libg_nano.a(lib_a-nano-svfprintf.o)
                0x000058a8                __ssputs_r
 .text._svfprintf_r
                0x0000596c      0x1fc c:/program files (x86)/cypress/psoc creator/4.4/psoc creator/import/gnu/arm/5.4.1/bin/../lib/gcc/arm-none-eabi/5.4.1/../../../../arm-none-eabi/lib/armv6-m\libg_nano.a(lib_a-nano-svfprintf.o)
                0x0000596c                _svfiprintf_r
                0x0000596c                _svfprintf_r
 .text._sbrk_r  0x00005b68       0x24 c:/program files (x86)/cypress/psoc creator/4.4/psoc creator/import/gnu/arm/5.4.1/bin/../lib/gcc/arm-none-eabi/5.4.1/../../../../arm-none-eabi/lib/armv6-m\libg_nano.a(lib_a-sbrkr.o)
                0x00005b68                _sbrk_r
 .text.memmove  0x00005b8c       0x2a c:/program files (x86)/cypress/psoc creator/4.4/psoc creator/import/gnu/arm/5.4.1/bin/../lib/gcc/arm-none-eabi/5.4.1/../../../../arm-none-eabi/lib/armv6-m\libg_nano.a(lib_a-memmove.o)
                0x00005b8c                memmove
 .text.__malloc_lock
                0x00005bb6        0x2 c:/program files (x86)/cypress/psoc creator/4.4/psoc creator/import/gnu/arm/5.4.1/bin/../lib/gcc/arm-none-eabi/5.4.1/../../../../arm-none-eabi/lib/armv6-m\libg_nano.a(lib_a-mlock.o)
                0x00005bb6                __malloc_lock
 .text.__malloc_unlock
                0x00005bb8        0x2 c:/program files (x86)/cypress/psoc creator/4.4/psoc creator/import/gnu/arm/5.4.1/bin/../lib/gcc/arm-none-eabi/5.4.1/../../../../arm-none-eabi/lib/armv6-m\libg_nano.a(lib_a-mlock.o)
                0x00005bb8                __malloc_unlock
 .text._realloc_r
                0x00005bba       0x4c c:/program files (x86)/cypress/psoc creator/4.4/psoc creator/import/gnu/arm/5.4.1/bin/../lib/gcc/arm-none-eabi/5.4.1/../../../../arm-none-eabi/lib/armv6-m\libg_nano.a(lib_a-nano-reallocr.o)
                0x00005bba                _realloc_r
 .text._malloc_usable_size_r
                0x00005c06       0x16 c:/program files (x86)/cypress/psoc creator/4.4/psoc creator/import/gnu/arm/5.4.1/bin/../lib/gcc/arm-none-eabi/5.4.1/../../../../arm-none-eabi/lib/armv6-m\libg_nano.a(lib_a-nano-msizer.o)
                0x00005c06                _malloc_usable_size_r
 .text          0x00005c1c       0x14 c:/program files (x86)/cypress/psoc creator/4.4/psoc creator/import/gnu/arm/5.4.1/bin/../lib/gcc/arm-none-eabi/5.4.1/armv6-m\libgcc.a(_thumb1_case_uqi.o)
                0x00005c1c                __gnu_thumb1_case_uqi
 .text          0x00005c30       0x7c c:/program files (x86)/cypress/psoc creator/4.4/psoc creator/import/gnu/arm/5.4.1/bin/../lib/gcc/arm-none-eabi/5.4.1/armv6-m\libgcc.a(_arm_cmpdf2.o)
                0x00005c30                __aeabi_cdrcmple
                0x00005c40                __aeabi_cdcmple
                0x00005c40                __aeabi_cdcmpeq
                0x00005c50                __aeabi_dcmpeq
                0x00005c5c                __aeabi_dcmplt
                0x00005c70                __aeabi_dcmple
                0x00005c84                __aeabi_dcmpgt
                0x00005c98                __aeabi_dcmpge
 .text          0x00005cac      0x658 c:/program files (x86)/cypress/psoc creator/4.4/psoc creator/import/gnu/arm/5.4.1/bin/../lib/gcc/arm-none-eabi/5.4.1/armv6-m\libgcc.a(adddf3.o)
                0x00005cac                __aeabi_dadd
 .text          0x00006304       0x80 c:/program files (x86)/cypress/psoc creator/4.4/psoc creator/import/gnu/arm/5.4.1/bin/../lib/gcc/arm-none-eabi/5.4.1/armv6-m\libgcc.a(eqdf2.o)
                0x00006304                __nedf2
                0x00006304                __eqdf2
 .text          0x00006384       0xc8 c:/program files (x86)/cypress/psoc creator/4.4/psoc creator/import/gnu/arm/5.4.1/bin/../lib/gcc/arm-none-eabi/5.4.1/armv6-m\libgcc.a(gedf2.o)
                0x00006384                __gedf2
                0x00006384                __gtdf2
 .text          0x0000644c       0xd4 c:/program files (x86)/cypress/psoc creator/4.4/psoc creator/import/gnu/arm/5.4.1/bin/../lib/gcc/arm-none-eabi/5.4.1/armv6-m\libgcc.a(ledf2.o)
                0x0000644c                __ledf2
                0x0000644c                __ltdf2
 .text          0x00006520      0x6a8 c:/program files (x86)/cypress/psoc creator/4.4/psoc creator/import/gnu/arm/5.4.1/bin/../lib/gcc/arm-none-eabi/5.4.1/armv6-m\libgcc.a(subdf3.o)
                0x00006520                __aeabi_dsub
 .text          0x00006bc8       0x40 c:/program files (x86)/cypress/psoc creator/4.4/psoc creator/import/gnu/arm/5.4.1/bin/../lib/gcc/arm-none-eabi/5.4.1/armv6-m\libgcc.a(unorddf2.o)
                0x00006bc8                __aeabi_dcmpun
 .text          0x00006c08       0x6c c:/program files (x86)/cypress/psoc creator/4.4/psoc creator/import/gnu/arm/5.4.1/bin/../lib/gcc/arm-none-eabi/5.4.1/armv6-m\libgcc.a(fixdfsi.o)
                0x00006c08                __aeabi_d2iz
 .text          0x00006c74       0x84 c:/program files (x86)/cypress/psoc creator/4.4/psoc creator/import/gnu/arm/5.4.1/bin/../lib/gcc/arm-none-eabi/5.4.1/armv6-m\libgcc.a(floatsidf.o)
                0x00006c74                __aeabi_i2d
 .text          0x00006cf8       0x70 c:/program files (x86)/cypress/psoc creator/4.4/psoc creator/import/gnu/arm/5.4.1/bin/../lib/gcc/arm-none-eabi/5.4.1/armv6-m\libgcc.a(floatunsidf.o)
                0x00006cf8                __aeabi_ui2d
 *(.plt)
 *(.gnu.warning)
 *(.glue_7t)
 .glue_7t       0x00006d68        0x0 linker stubs
 *(.glue_7)
 .glue_7        0x00006d68        0x0 linker stubs
 *(.vfp11_veneer)
 .vfp11_veneer  0x00006d68        0x0 linker stubs
 *(.bootloader)
 *(.ARM.extab* .gnu.linkonce.armextab.*)
 *(.gcc_except_table)

.v4_bx          0x00006d68        0x0
 .v4_bx         0x00006d68        0x0 linker stubs

.iplt           0x00006d68        0x0
 .iplt          0x00006d68        0x0 c:/program files (x86)/cypress/psoc creator/4.4/psoc creator/import/gnu/arm/5.4.1/bin/../lib/gcc/arm-none-eabi/5.4.1/armv6-m/crtbegin.o

.eh_frame_hdr
 *(.eh_frame_hdr)

.eh_frame       0x00006d68        0x4
 *(.eh_frame)
 .eh_frame      0x00006d68        0x0 c:/program files (x86)/cypress/psoc creator/4.4/psoc creator/import/gnu/arm/5.4.1/bin/../lib/gcc/arm-none-eabi/5.4.1/armv6-m/crtbegin.o
 .eh_frame      0x00006d68        0x4 c:/program files (x86)/cypress/psoc creator/4.4/psoc creator/import/gnu/arm/5.4.1/bin/../lib/gcc/arm-none-eabi/5.4.1/armv6-m/crtend.o
                [!provide]                PROVIDE (__exidx_start, .)

.ARM.exidx
 *(.ARM.exidx* .gnu.linkonce.armexidx.*)
                0x00006d6c                __exidx_end = .

.rodata         0x00006d70      0x4c0
 *(.rodata .rodata.* .gnu.linkonce.r.*)
 .rodata.str1.4
                0x00006d70      0x120 .\CortexM0p\ARM_GCC_541\Debug\main.o
                                0x11d (size before relaxing)
 .rodata        0x00006e90       0x38 .\CortexM0p\ARM_GCC_541\Debug\PSOC4_Main.a(ADC_1_INIT.o)
                0x00006e90                ADC_1_allConfigs
 .rodata        0x00006ec8       0x48 .\CortexM0p\ARM_GCC_541\Debug\PSOC4_Main.a(PGA_1.o)
                0x00006ec8                PGA_1_compTab
 .rodata        0x00006f10       0x48 .\CortexM0p\ARM_GCC_541\Debug\PSOC4_Main.a(PGA_2.o)
                0x00006f10                PGA_2_compTab
 .rodata        0x00006f58       0x80 c:/program files (x86)/cypress/psoc creator/4.4/psoc creator/import/gnu/arm/5.4.1/bin/../lib/gcc/arm-none-eabi/5.4.1/armv6-m\libgcc.a(divsf3.o)
 .rodata        0x00006fd8       0x40 c:/program files (x86)/cypress/psoc creator/4.4/psoc creator/import/gnu/arm/5.4.1/bin/../lib/gcc/arm-none-eabi/5.4.1/armv6-m\libgcc.a(mulsf3.o)
 .rodata        0x00007018       0x40 c:/program files (x86)/cypress/psoc creator/4.4/psoc creator/import/gnu/arm/5.4.1/bin/../lib/gcc/arm-none-eabi/5.4.1/armv6-m\libgcc.a(divdf3.o)
 .rodata        0x00007058       0x40 c:/program files (x86)/cypress/psoc creator/4.4/psoc creator/import/gnu/arm/5.4.1/bin/../lib/gcc/arm-none-eabi/5.4.1/armv6-m\libgcc.a(muldf3.o)
 .rodata.str1.1
                0x00007098        0x2 c:/program files (x86)/cypress/psoc creator/4.4/psoc creator/import/gnu/arm/5.4.1/bin/../lib/gcc/arm-none-eabi/5.4.1/../../../../arm-none-eabi/lib/armv6-m\libg_nano.a(lib_a-impure.o)
 .rodata.str1.1
                0x0000709a       0x12 c:/program files (x86)/cypress/psoc creator/4.4/psoc creator/import/gnu/arm/5.4.1/bin/../lib/gcc/arm-none-eabi/5.4.1/../../../../arm-none-eabi/lib/armv6-m\libg_nano.a(lib_a-nano-vfprintf_float.o)
 .rodata.str1.1
                0x000070ac       0x22 c:/program files (x86)/cypress/psoc creator/4.4/psoc creator/import/gnu/arm/5.4.1/bin/../lib/gcc/arm-none-eabi/5.4.1/../../../../arm-none-eabi/lib/armv6-m\libg_nano.a(lib_a-nano-vfprintf_i.o)
 .rodata.str1.1
                0x000070ce        0xd c:/program files (x86)/cypress/psoc creator/4.4/psoc creator/import/gnu/arm/5.4.1/bin/../lib/gcc/arm-none-eabi/5.4.1/../../../../arm-none-eabi/lib/armv6-m\libg_nano.a(lib_a-dtoa.o)
                                  0xf (size before relaxing)
 .rodata.str1.1
                0x000070db        0x8 c:/program files (x86)/cypress/psoc creator/4.4/psoc creator/import/gnu/arm/5.4.1/bin/../lib/gcc/arm-none-eabi/5.4.1/../../../../arm-none-eabi/lib/armv6-m\libg_nano.a(lib_a-locale.o)
                                  0xb (size before relaxing)
 *fill*         0x000070e3        0x5 
 .rodata.__mprec_tens
                0x000070e8       0xc8 c:/program files (x86)/cypress/psoc creator/4.4/psoc creator/import/gnu/arm/5.4.1/bin/../lib/gcc/arm-none-eabi/5.4.1/../../../../arm-none-eabi/lib/armv6-m\libg_nano.a(lib_a-mprec.o)
                0x000070e8                __mprec_tens
 .rodata.p05.5408
                0x000071b0        0xc c:/program files (x86)/cypress/psoc creator/4.4/psoc creator/import/gnu/arm/5.4.1/bin/../lib/gcc/arm-none-eabi/5.4.1/../../../../arm-none-eabi/lib/armv6-m\libg_nano.a(lib_a-mprec.o)
 *fill*         0x000071bc        0x4 
 .rodata.__mprec_bigtens
                0x000071c0       0x28 c:/program files (x86)/cypress/psoc creator/4.4/psoc creator/import/gnu/arm/5.4.1/bin/../lib/gcc/arm-none-eabi/5.4.1/../../../../arm-none-eabi/lib/armv6-m\libg_nano.a(lib_a-mprec.o)
                0x000071c0                __mprec_bigtens
 .rodata.str1.1
                0x000071e8       0x11 c:/program files (x86)/cypress/psoc creator/4.4/psoc creator/import/gnu/arm/5.4.1/bin/../lib/gcc/arm-none-eabi/5.4.1/../../../../arm-none-eabi/lib/armv6-m\libg_nano.a(lib_a-nano-svfprintf.o)
                0x000071fc                . = ALIGN (0x4)
 *fill*         0x000071f9        0x3 
 *(.init)
 .init          0x000071fc        0x4 c:/program files (x86)/cypress/psoc creator/4.4/psoc creator/import/gnu/arm/5.4.1/bin/../lib/gcc/arm-none-eabi/5.4.1/armv6-m/crti.o
                0x000071fc                _init
 .init          0x00007200        0x8 c:/program files (x86)/cypress/psoc creator/4.4/psoc creator/import/gnu/arm/5.4.1/bin/../lib/gcc/arm-none-eabi/5.4.1/armv6-m/crtn.o
                0x00007208                . = ALIGN (0x4)
                0x00007208                __preinit_array_start = .
 *(.preinit_array)
                0x00007208                __preinit_array_end = .
                0x00007208                . = ALIGN (0x4)
                0x00007208                __init_array_start = .
 *(SORT(.init_array.*))
 *(.init_array)
 .init_array    0x00007208        0x4 c:/program files (x86)/cypress/psoc creator/4.4/psoc creator/import/gnu/arm/5.4.1/bin/../lib/gcc/arm-none-eabi/5.4.1/armv6-m/crtbegin.o
 .init_array    0x0000720c        0x4 .\CortexM0p\ARM_GCC_541\Debug\Cm0plusStart.o
                0x00007210                __init_array_end = .
                0x00007210                . = ALIGN (0x4)
 *(.fini)
 .fini          0x00007210        0x4 c:/program files (x86)/cypress/psoc creator/4.4/psoc creator/import/gnu/arm/5.4.1/bin/../lib/gcc/arm-none-eabi/5.4.1/armv6-m/crti.o
                0x00007210                _fini
 .fini          0x00007214        0x8 c:/program files (x86)/cypress/psoc creator/4.4/psoc creator/import/gnu/arm/5.4.1/bin/../lib/gcc/arm-none-eabi/5.4.1/armv6-m/crtn.o
                0x0000721c                . = ALIGN (0x4)
                0x0000721c                __fini_array_start = .
 *(.fini_array)
 .fini_array    0x0000721c        0x4 c:/program files (x86)/cypress/psoc creator/4.4/psoc creator/import/gnu/arm/5.4.1/bin/../lib/gcc/arm-none-eabi/5.4.1/armv6-m/crtbegin.o
 *(SORT(.fini_array.*))
                0x00007220                __fini_array_end = .
                0x00007220                . = ALIGN (0x4)
 *crtbegin.o(.ctors)
 *(EXCLUDE_FILE(*crtend.o) .ctors)
 *(SORT(.ctors.*))
 *crtend.o(.ctors)
                0x00007220                . = ALIGN (0x4)
 *crtbegin.o(.dtors)
 *(EXCLUDE_FILE(*crtend.o) .dtors)
 *(SORT(.dtors.*))
 *crtend.o(.dtors)
                0x00007220                . = ALIGN (0x4)
                0x00007220                __cy_regions = .
                0x00007220        0x4 LONG 0x7230 __cy_region_init_ram
                0x00007224        0x4 LONG 0x200000a8 __cy_region_start_data
                0x00007228        0x4 LONG 0xc0 __cy_region_init_size_ram
                0x0000722c        0x4 LONG 0xa0 __cy_region_zero_size_ram
                0x00007230                __cy_regions_end = .
                0x00007230                . = ALIGN (0x8)
                0x00007230                _etext = .

.cy_checksum_exclude
                0x00007230        0x0
 *(.cy_checksum_exclude)

.ramvectors     0x20000000       0xa4
                0x20000000                __cy_region_start_ram = .
 *(.ramvectors)
 .ramvectors    0x20000000       0xa4 .\CortexM0p\ARM_GCC_541\Debug\Cm0plusStart.o
                0x20000000                CyRamVectors

.noinit
 *(.noinit)

.data           0x200000a8       0xc0 load address 0x00007230
                0x200000a8                __cy_region_start_data = .
 *(.jcr)
 .jcr           0x200000a8        0x0 c:/program files (x86)/cypress/psoc creator/4.4/psoc creator/import/gnu/arm/5.4.1/bin/../lib/gcc/arm-none-eabi/5.4.1/armv6-m/crtbegin.o
 .jcr           0x200000a8        0x4 c:/program files (x86)/cypress/psoc creator/4.4/psoc creator/import/gnu/arm/5.4.1/bin/../lib/gcc/arm-none-eabi/5.4.1/armv6-m/crtend.o
 *(.got.plt)
 *(.got)
 *(.shdata)
 *(.data .data.* .gnu.linkonce.d.*)
 .data          0x200000ac        0x4 .\CortexM0p\ARM_GCC_541\Debug\Cm0plusStart.o
 .data          0x200000b0        0x1 .\CortexM0p\ARM_GCC_541\Debug\PSOC4_Main.a(AMux_1.o)
 *fill*         0x200000b1        0x3 
 .data          0x200000b4       0x14 .\CortexM0p\ARM_GCC_541\Debug\PSOC4_Main.a(CyLib.o)
                0x200000b4                CySysClkPumpConfig
                0x200000b8                cydelay32kMs
                0x200000bc                cydelayFreqKhz
                0x200000c0                cydelayFreqMhz
                0x200000c4                cydelayFreqHz
 .data          0x200000c8        0x4 .\CortexM0p\ARM_GCC_541\Debug\PSOC4_Main.a(CyLFClk.o)
 .data.impure_data
                0x200000cc       0x60 c:/program files (x86)/cypress/psoc creator/4.4/psoc creator/import/gnu/arm/5.4.1/bin/../lib/gcc/arm-none-eabi/5.4.1/../../../../arm-none-eabi/lib/armv6-m\libg_nano.a(lib_a-impure.o)
 .data._impure_ptr
                0x2000012c        0x4 c:/program files (x86)/cypress/psoc creator/4.4/psoc creator/import/gnu/arm/5.4.1/bin/../lib/gcc/arm-none-eabi/5.4.1/../../../../arm-none-eabi/lib/armv6-m\libg_nano.a(lib_a-impure.o)
                0x2000012c                _impure_ptr
 .data.lconv    0x20000130       0x38 c:/program files (x86)/cypress/psoc creator/4.4/psoc creator/import/gnu/arm/5.4.1/bin/../lib/gcc/arm-none-eabi/5.4.1/../../../../arm-none-eabi/lib/armv6-m\libg_nano.a(lib_a-locale.o)
                0x20000168                . = ALIGN (0x8)
 *(.ram)
                0x20000168                _edata = .

.igot.plt       0x20000168        0x0 load address 0x000072f0
 .igot.plt      0x20000168        0x0 c:/program files (x86)/cypress/psoc creator/4.4/psoc creator/import/gnu/arm/5.4.1/bin/../lib/gcc/arm-none-eabi/5.4.1/armv6-m/crtbegin.o

.bss            0x20000168       0xa0 load address 0x000072f0
                0x20000168                PROVIDE (__bss_start__, .)
 *(.shbss)
 *(.bss .bss.* .gnu.linkonce.b.*)
 .bss           0x20000168       0x1c c:/program files (x86)/cypress/psoc creator/4.4/psoc creator/import/gnu/arm/5.4.1/bin/../lib/gcc/arm-none-eabi/5.4.1/armv6-m/crtbegin.o
 .bss           0x20000184        0x1 .\CortexM0p\ARM_GCC_541\Debug\PSOC4_Main.a(Timer_1.o)
                0x20000184                Timer_1_initVar
 *fill*         0x20000185        0x1 
 .bss           0x20000186        0x4 .\CortexM0p\ARM_GCC_541\Debug\PSOC4_Main.a(UART_1.o)
                0x20000186                UART_1_initVar
                0x20000188                UART_1_IntrTxMask
 *fill*         0x2000018a        0x2 
 .bss           0x2000018c        0x8 .\CortexM0p\ARM_GCC_541\Debug\PSOC4_Main.a(I2C_1.o)
                0x2000018c                I2C_1_initVar
                0x20000190                I2C_1_customIntrHandler
 .bss           0x20000194        0x6 .\CortexM0p\ARM_GCC_541\Debug\PSOC4_Main.a(ADC_1.o)
                0x20000198                ADC_1_initVar
                0x20000199                ADC_1_selected
 *fill*         0x2000019a        0x2 
 .bss           0x2000019c        0x5 .\CortexM0p\ARM_GCC_541\Debug\PSOC4_Main.a(PGA_1.o)
                0x2000019c                PGA_1_internalGainPower
                0x200001a0                PGA_1_initVar
 *fill*         0x200001a1        0x3 
 .bss           0x200001a4        0x5 .\CortexM0p\ARM_GCC_541\Debug\PSOC4_Main.a(Opamp_1.o)
                0x200001a8                Opamp_1_initVar
 *fill*         0x200001a9        0x3 
 .bss           0x200001ac       0x18 .\CortexM0p\ARM_GCC_541\Debug\PSOC4_Main.a(CyLFClk.o)
 .bss           0x200001c4        0x1 .\CortexM0p\ARM_GCC_541\Debug\PSOC4_Main.a(PVref_1.o)
                0x200001c4                PVref_1_initVar
 *fill*         0x200001c5        0x3 
 .bss           0x200001c8        0x5 .\CortexM0p\ARM_GCC_541\Debug\PSOC4_Main.a(PGA_2.o)
                0x200001c8                PGA_2_internalGainPower
                0x200001cc                PGA_2_initVar
 *fill*         0x200001cd        0x3 
 .bss.__malloc_sbrk_start
                0x200001d0        0x4 c:/program files (x86)/cypress/psoc creator/4.4/psoc creator/import/gnu/arm/5.4.1/bin/../lib/gcc/arm-none-eabi/5.4.1/../../../../arm-none-eabi/lib/armv6-m\libg_nano.a(lib_a-nano-mallocr.o)
                0x200001d0                __malloc_sbrk_start
 .bss.__malloc_free_list
                0x200001d4        0x4 c:/program files (x86)/cypress/psoc creator/4.4/psoc creator/import/gnu/arm/5.4.1/bin/../lib/gcc/arm-none-eabi/5.4.1/../../../../arm-none-eabi/lib/armv6-m\libg_nano.a(lib_a-nano-mallocr.o)
                0x200001d4                __malloc_free_list
 *(COMMON)
 COMMON         0x200001d8        0x1 .\CortexM0p\ARM_GCC_541\Debug\PSOC4_Main.a(I2C_1_I2C.o)
                0x200001d8                I2C_1_state
 *fill*         0x200001d9        0x3 
 COMMON         0x200001dc       0x20 .\CortexM0p\ARM_GCC_541\Debug\PSOC4_Main.a(I2C_1_I2C_MASTER.o)
                0x200001dc                I2C_1_mstrWrBufIndexTmp
                0x200001e0                I2C_1_mstrWrBufIndex
                0x200001e4                I2C_1_mstrControl
                0x200001e6                I2C_1_mstrStatus
                0x200001e8                I2C_1_mstrWrBufSize
                0x200001ec                I2C_1_mstrRdBufIndex
                0x200001f0                I2C_1_mstrWrBufPtr
                0x200001f4                I2C_1_mstrRdBufPtr
                0x200001f8                I2C_1_mstrRdBufSize
 COMMON         0x200001fc        0x8 .\CortexM0p\ARM_GCC_541\Debug\PSOC4_Main.a(ADC_1.o)
                0x200001fc                ADC_1_offset
                0x20000200                ADC_1_countsPer10Volt
 COMMON         0x20000204        0x4 c:/program files (x86)/cypress/psoc creator/4.4/psoc creator/import/gnu/arm/5.4.1/bin/../lib/gcc/arm-none-eabi/5.4.1/../../../../arm-none-eabi/lib/armv6-m\libg_nano.a(lib_a-reent.o)
                0x20000204                errno
                0x20000208                . = ALIGN (0x8)
 *(.ram.b)
                0x20000208                _end = .
                0x20000208                __end = .
                0x20000208                PROVIDE (end, .)
                0x20000208                PROVIDE (__bss_end__, .)
                0x00007230                __cy_region_init_ram = LOADADDR (.data)
                0x000000c0                __cy_region_init_size_ram = (_edata - ADDR (.data))
                0x000000a0                __cy_region_zero_size_ram = (_end - _edata)

.heap           0x20000208       0x80 load address 0x000072f0
                0x20000208                . = _end
                0x20000288                . = (. + 0x80)
 *fill*         0x20000208       0x80 
                0x20000288                __cy_heap_limit = .

.stack          0x20000800      0x800
                0x20000800                __cy_stack_limit = .
                0x20001000                . = (. + 0x800)
 *fill*         0x20000800      0x800 
                0x00000001                ASSERT ((__cy_stack_limit >= __cy_heap_limit), region RAM overflowed with stack)
                0x00000000                cy_checksum_exclude_size = (CY_APPL_LOADABLE == 0x1)?SIZEOF (.cy_checksum_exclude):0x0
                0x00000001                ASSERT ((cy_checksum_exclude_size <= CY_CHECKSUM_EXCLUDE_SIZE), CY_BOOT: Section .cy_checksum_exclude size exceedes specified limit.)
                0x00007fc0                cyloadermeta_start = (cy_project_type_bootloader || cy_project_type_app_for_stack_and_copier)?(LENGTH (rom) - CY_METADATA_SIZE):0xf0000000

.cyloadermeta
 *(.cyloadermeta)
                0x00007fc0                cyloadablemeta_start = cy_project_type_app_for_stack_and_copier?((LENGTH (rom) - CY_FLASH_ROW_SIZE) - CY_METADATA_SIZE):((LENGTH (rom) - (CY_FLASH_ROW_SIZE * (CY_APPL_NUM - 0x1))) - CY_METADATA_SIZE)

.cyloadablemeta
 *(.cyloadablemeta)

.cyflashprotect
                0x90400000       0x20
 *(.cyflashprotect)
 .cyflashprotect
                0x90400000       0x20 .\CortexM0p\ARM_GCC_541\Debug\cymetadata.o
                0x90400000                cy_meta_flashprotect

.cymeta         0x90500000        0xc
 *(.cymeta)
 .cymeta        0x90500000        0xc .\CortexM0p\ARM_GCC_541\Debug\cymetadata.o
                0x90500000                cy_metadata

.cychipprotect  0x90600000        0x1
 *(.cychipprotect)
 .cychipprotect
                0x90600000        0x1 .\CortexM0p\ARM_GCC_541\Debug\cymetadata.o
                0x90600000                cy_meta_chipprotect

.rel.dyn        0x000072f0        0x0 load address 0x90600004
 .rel.iplt      0x000072f0        0x0 c:/program files (x86)/cypress/psoc creator/4.4/psoc creator/import/gnu/arm/5.4.1/bin/../lib/gcc/arm-none-eabi/5.4.1/armv6-m/crtbegin.o

.stab
 *(.stab)

.stabstr
 *(.stabstr)

.debug
 *(.debug)

.line
 *(.line)

.debug_srcinfo
 *(.debug_srcinfo)

.debug_sfnames
 *(.debug_sfnames)

.debug_aranges  0x00000000      0xca8
 *(.debug_aranges)
 .debug_aranges
                0x00000000       0x38 .\CortexM0p\ARM_GCC_541\Debug\main.o
 .debug_aranges
                0x00000038       0x48 .\CortexM0p\ARM_GCC_541\Debug\cyfitter_cfg.o
 .debug_aranges
                0x00000080       0x18 .\CortexM0p\ARM_GCC_541\Debug\cymetadata.o
 .debug_aranges
                0x00000098       0x48 .\CortexM0p\ARM_GCC_541\Debug\Cm0plusStart.o
 .debug_aranges
                0x000000e0      0x158 .\CortexM0p\ARM_GCC_541\Debug\PSOC4_Main.a(Timer_1.o)
 .debug_aranges
                0x00000238       0x58 .\CortexM0p\ARM_GCC_541\Debug\PSOC4_Main.a(UART_1.o)
 .debug_aranges
                0x00000290       0x90 .\CortexM0p\ARM_GCC_541\Debug\PSOC4_Main.a(UART_1_UART.o)
 .debug_aranges
                0x00000320       0x60 .\CortexM0p\ARM_GCC_541\Debug\PSOC4_Main.a(I2C_1.o)
 .debug_aranges
                0x00000380       0x30 .\CortexM0p\ARM_GCC_541\Debug\PSOC4_Main.a(I2C_1_I2C.o)
 .debug_aranges
                0x000003b0       0x98 .\CortexM0p\ARM_GCC_541\Debug\PSOC4_Main.a(I2C_1_I2C_MASTER.o)
 .debug_aranges
                0x00000448       0xf0 .\CortexM0p\ARM_GCC_541\Debug\PSOC4_Main.a(ADC_1.o)
 .debug_aranges
                0x00000538       0x18 .\CortexM0p\ARM_GCC_541\Debug\PSOC4_Main.a(ADC_1_INIT.o)
 .debug_aranges
                0x00000550       0x20 .\CortexM0p\ARM_GCC_541\Debug\PSOC4_Main.a(ADC_1_INT.o)
 .debug_aranges
                0x00000570       0x50 .\CortexM0p\ARM_GCC_541\Debug\PSOC4_Main.a(PGA_1.o)
 .debug_aranges
                0x000005c0       0x48 .\CortexM0p\ARM_GCC_541\Debug\PSOC4_Main.a(Opamp_1.o)
 .debug_aranges
                0x00000608       0x30 .\CortexM0p\ARM_GCC_541\Debug\PSOC4_Main.a(AMux_1.o)
 .debug_aranges
                0x00000638       0x40 .\CortexM0p\ARM_GCC_541\Debug\PSOC4_Main.a(ADC_1_intSarClock.o)
 .debug_aranges
                0x00000678       0x80 .\CortexM0p\ARM_GCC_541\Debug\PSOC4_Main.a(ADC_1_IRQ.o)
 .debug_aranges
                0x000006f8      0x1f8 .\CortexM0p\ARM_GCC_541\Debug\PSOC4_Main.a(CyLib.o)
 .debug_aranges
                0x000008f0      0x1a8 .\CortexM0p\ARM_GCC_541\Debug\PSOC4_Main.a(CyLFClk.o)
 .debug_aranges
                0x00000a98       0x48 .\CortexM0p\ARM_GCC_541\Debug\PSOC4_Main.a(RELAY.o)
 .debug_aranges
                0x00000ae0       0x48 .\CortexM0p\ARM_GCC_541\Debug\PSOC4_Main.a(RED_LED.o)
 .debug_aranges
                0x00000b28       0x48 .\CortexM0p\ARM_GCC_541\Debug\PSOC4_Main.a(PVref_1.o)
 .debug_aranges
                0x00000b70       0x50 .\CortexM0p\ARM_GCC_541\Debug\PSOC4_Main.a(PGA_2.o)
 .debug_aranges
                0x00000bc0       0x20 .\CortexM0p\ARM_GCC_541\Debug\PSOC4_Main.a(CyBootAsmGnu.o)
 .debug_aranges
                0x00000be0       0x60 .\CortexM0p\ARM_GCC_541\Debug\PSOC4_Main.a(UART_1_SPI_UART.o)
 .debug_aranges
                0x00000c40       0x20 .\CortexM0p\ARM_GCC_541\Debug\PSOC4_Main.a(I2C_1_I2C_INT.o)
 .debug_aranges
                0x00000c60       0x48 .\CortexM0p\ARM_GCC_541\Debug\PSOC4_Main.a(CyFlash.o)

.debug_pubnames
 *(.debug_pubnames)

.debug_info     0x00000000     0x6bfc
 *(.debug_info .gnu.linkonce.wi.*)
 .debug_info    0x00000000      0x9ea .\CortexM0p\ARM_GCC_541\Debug\main.o
 .debug_info    0x000009ea      0x20f .\CortexM0p\ARM_GCC_541\Debug\cyfitter_cfg.o
 .debug_info    0x00000bf9       0xf8 .\CortexM0p\ARM_GCC_541\Debug\cymetadata.o
 .debug_info    0x00000cf1      0x3a5 .\CortexM0p\ARM_GCC_541\Debug\Cm0plusStart.o
 .debug_info    0x00001096      0x8f6 .\CortexM0p\ARM_GCC_541\Debug\PSOC4_Main.a(Timer_1.o)
 .debug_info    0x0000198c      0x23a .\CortexM0p\ARM_GCC_541\Debug\PSOC4_Main.a(UART_1.o)
 .debug_info    0x00001bc6      0x3b5 .\CortexM0p\ARM_GCC_541\Debug\PSOC4_Main.a(UART_1_UART.o)
 .debug_info    0x00001f7b      0x298 .\CortexM0p\ARM_GCC_541\Debug\PSOC4_Main.a(I2C_1.o)
 .debug_info    0x00002213      0x195 .\CortexM0p\ARM_GCC_541\Debug\PSOC4_Main.a(I2C_1_I2C.o)
 .debug_info    0x000023a8      0x813 .\CortexM0p\ARM_GCC_541\Debug\PSOC4_Main.a(I2C_1_I2C_MASTER.o)
 .debug_info    0x00002bbb      0xa71 .\CortexM0p\ARM_GCC_541\Debug\PSOC4_Main.a(ADC_1.o)
 .debug_info    0x0000362c      0x192 .\CortexM0p\ARM_GCC_541\Debug\PSOC4_Main.a(ADC_1_INIT.o)
 .debug_info    0x000037be       0xcb .\CortexM0p\ARM_GCC_541\Debug\PSOC4_Main.a(ADC_1_INT.o)
 .debug_info    0x00003889      0x209 .\CortexM0p\ARM_GCC_541\Debug\PSOC4_Main.a(PGA_1.o)
 .debug_info    0x00003a92      0x17c .\CortexM0p\ARM_GCC_541\Debug\PSOC4_Main.a(Opamp_1.o)
 .debug_info    0x00003c0e      0x146 .\CortexM0p\ARM_GCC_541\Debug\PSOC4_Main.a(AMux_1.o)
 .debug_info    0x00003d54      0x166 .\CortexM0p\ARM_GCC_541\Debug\PSOC4_Main.a(ADC_1_intSarClock.o)
 .debug_info    0x00003eba      0x305 .\CortexM0p\ARM_GCC_541\Debug\PSOC4_Main.a(ADC_1_IRQ.o)
 .debug_info    0x000041bf      0xe0e .\CortexM0p\ARM_GCC_541\Debug\PSOC4_Main.a(CyLib.o)
 .debug_info    0x00004fcd      0xd06 .\CortexM0p\ARM_GCC_541\Debug\PSOC4_Main.a(CyLFClk.o)
 .debug_info    0x00005cd3      0x19d .\CortexM0p\ARM_GCC_541\Debug\PSOC4_Main.a(RELAY.o)
 .debug_info    0x00005e70      0x19d .\CortexM0p\ARM_GCC_541\Debug\PSOC4_Main.a(RED_LED.o)
 .debug_info    0x0000600d      0x15e .\CortexM0p\ARM_GCC_541\Debug\PSOC4_Main.a(PVref_1.o)
 .debug_info    0x0000616b      0x209 .\CortexM0p\ARM_GCC_541\Debug\PSOC4_Main.a(PGA_2.o)
 .debug_info    0x00006374       0xa9 .\CortexM0p\ARM_GCC_541\Debug\PSOC4_Main.a(CyBootAsmGnu.o)
 .debug_info    0x0000641d      0x220 .\CortexM0p\ARM_GCC_541\Debug\PSOC4_Main.a(UART_1_SPI_UART.o)
 .debug_info    0x0000663d      0x1a8 .\CortexM0p\ARM_GCC_541\Debug\PSOC4_Main.a(I2C_1_I2C_INT.o)
 .debug_info    0x000067e5      0x417 .\CortexM0p\ARM_GCC_541\Debug\PSOC4_Main.a(CyFlash.o)

.debug_abbrev   0x00000000     0x1df9
 *(.debug_abbrev)
 .debug_abbrev  0x00000000      0x196 .\CortexM0p\ARM_GCC_541\Debug\main.o
 .debug_abbrev  0x00000196       0xce .\CortexM0p\ARM_GCC_541\Debug\cyfitter_cfg.o
 .debug_abbrev  0x00000264       0x5d .\CortexM0p\ARM_GCC_541\Debug\cymetadata.o
 .debug_abbrev  0x000002c1      0x1d0 .\CortexM0p\ARM_GCC_541\Debug\Cm0plusStart.o
 .debug_abbrev  0x00000491      0x119 .\CortexM0p\ARM_GCC_541\Debug\PSOC4_Main.a(Timer_1.o)
 .debug_abbrev  0x000005aa       0xd5 .\CortexM0p\ARM_GCC_541\Debug\PSOC4_Main.a(UART_1.o)
 .debug_abbrev  0x0000067f      0x132 .\CortexM0p\ARM_GCC_541\Debug\PSOC4_Main.a(UART_1_UART.o)
 .debug_abbrev  0x000007b1      0x118 .\CortexM0p\ARM_GCC_541\Debug\PSOC4_Main.a(I2C_1.o)
 .debug_abbrev  0x000008c9       0xc7 .\CortexM0p\ARM_GCC_541\Debug\PSOC4_Main.a(I2C_1_I2C.o)
 .debug_abbrev  0x00000990      0x1c2 .\CortexM0p\ARM_GCC_541\Debug\PSOC4_Main.a(I2C_1_I2C_MASTER.o)
 .debug_abbrev  0x00000b52      0x211 .\CortexM0p\ARM_GCC_541\Debug\PSOC4_Main.a(ADC_1.o)
 .debug_abbrev  0x00000d63       0x86 .\CortexM0p\ARM_GCC_541\Debug\PSOC4_Main.a(ADC_1_INIT.o)
 .debug_abbrev  0x00000de9       0x65 .\CortexM0p\ARM_GCC_541\Debug\PSOC4_Main.a(ADC_1_INT.o)
 .debug_abbrev  0x00000e4e      0x103 .\CortexM0p\ARM_GCC_541\Debug\PSOC4_Main.a(PGA_1.o)
 .debug_abbrev  0x00000f51       0xc8 .\CortexM0p\ARM_GCC_541\Debug\PSOC4_Main.a(Opamp_1.o)
 .debug_abbrev  0x00001019       0xb1 .\CortexM0p\ARM_GCC_541\Debug\PSOC4_Main.a(AMux_1.o)
 .debug_abbrev  0x000010ca       0xb7 .\CortexM0p\ARM_GCC_541\Debug\PSOC4_Main.a(ADC_1_intSarClock.o)
 .debug_abbrev  0x00001181      0x19a .\CortexM0p\ARM_GCC_541\Debug\PSOC4_Main.a(ADC_1_IRQ.o)
 .debug_abbrev  0x0000131b      0x1f5 .\CortexM0p\ARM_GCC_541\Debug\PSOC4_Main.a(CyLib.o)
 .debug_abbrev  0x00001510      0x207 .\CortexM0p\ARM_GCC_541\Debug\PSOC4_Main.a(CyLFClk.o)
 .debug_abbrev  0x00001717       0xc8 .\CortexM0p\ARM_GCC_541\Debug\PSOC4_Main.a(RELAY.o)
 .debug_abbrev  0x000017df       0xc8 .\CortexM0p\ARM_GCC_541\Debug\PSOC4_Main.a(RED_LED.o)
 .debug_abbrev  0x000018a7       0xaa .\CortexM0p\ARM_GCC_541\Debug\PSOC4_Main.a(PVref_1.o)
 .debug_abbrev  0x00001951      0x103 .\CortexM0p\ARM_GCC_541\Debug\PSOC4_Main.a(PGA_2.o)
 .debug_abbrev  0x00001a54       0x14 .\CortexM0p\ARM_GCC_541\Debug\PSOC4_Main.a(CyBootAsmGnu.o)
 .debug_abbrev  0x00001a68      0x14f .\CortexM0p\ARM_GCC_541\Debug\PSOC4_Main.a(UART_1_SPI_UART.o)
 .debug_abbrev  0x00001bb7       0xa4 .\CortexM0p\ARM_GCC_541\Debug\PSOC4_Main.a(I2C_1_I2C_INT.o)
 .debug_abbrev  0x00001c5b      0x19e .\CortexM0p\ARM_GCC_541\Debug\PSOC4_Main.a(CyFlash.o)

.debug_line     0x00000000     0x2f6f
 *(.debug_line)
 .debug_line    0x00000000      0x318 .\CortexM0p\ARM_GCC_541\Debug\main.o
 .debug_line    0x00000318      0x116 .\CortexM0p\ARM_GCC_541\Debug\cyfitter_cfg.o
 .debug_line    0x0000042e      0x141 .\CortexM0p\ARM_GCC_541\Debug\cymetadata.o
 .debug_line    0x0000056f      0x247 .\CortexM0p\ARM_GCC_541\Debug\Cm0plusStart.o
 .debug_line    0x000007b6      0x37b .\CortexM0p\ARM_GCC_541\Debug\PSOC4_Main.a(Timer_1.o)
 .debug_line    0x00000b31      0x10c .\CortexM0p\ARM_GCC_541\Debug\PSOC4_Main.a(UART_1.o)
 .debug_line    0x00000c3d      0x1cf .\CortexM0p\ARM_GCC_541\Debug\PSOC4_Main.a(UART_1_UART.o)
 .debug_line    0x00000e0c      0x128 .\CortexM0p\ARM_GCC_541\Debug\PSOC4_Main.a(I2C_1.o)
 .debug_line    0x00000f34       0xc6 .\CortexM0p\ARM_GCC_541\Debug\PSOC4_Main.a(I2C_1_I2C.o)
 .debug_line    0x00000ffa      0x300 .\CortexM0p\ARM_GCC_541\Debug\PSOC4_Main.a(I2C_1_I2C_MASTER.o)
 .debug_line    0x000012fa      0x3c0 .\CortexM0p\ARM_GCC_541\Debug\PSOC4_Main.a(ADC_1.o)
 .debug_line    0x000016ba       0x5c .\CortexM0p\ARM_GCC_541\Debug\PSOC4_Main.a(ADC_1_INIT.o)
 .debug_line    0x00001716       0x64 .\CortexM0p\ARM_GCC_541\Debug\PSOC4_Main.a(ADC_1_INT.o)
 .debug_line    0x0000177a       0xe4 .\CortexM0p\ARM_GCC_541\Debug\PSOC4_Main.a(PGA_1.o)
 .debug_line    0x0000185e       0xc3 .\CortexM0p\ARM_GCC_541\Debug\PSOC4_Main.a(Opamp_1.o)
 .debug_line    0x00001921       0xad .\CortexM0p\ARM_GCC_541\Debug\PSOC4_Main.a(AMux_1.o)
 .debug_line    0x000019ce       0xc4 .\CortexM0p\ARM_GCC_541\Debug\PSOC4_Main.a(ADC_1_intSarClock.o)
 .debug_line    0x00001a92      0x155 .\CortexM0p\ARM_GCC_541\Debug\PSOC4_Main.a(ADC_1_IRQ.o)
 .debug_line    0x00001be7      0x5df .\CortexM0p\ARM_GCC_541\Debug\PSOC4_Main.a(CyLib.o)
 .debug_line    0x000021c6      0x5c1 .\CortexM0p\ARM_GCC_541\Debug\PSOC4_Main.a(CyLFClk.o)
 .debug_line    0x00002787       0xbd .\CortexM0p\ARM_GCC_541\Debug\PSOC4_Main.a(RELAY.o)
 .debug_line    0x00002844       0xbf .\CortexM0p\ARM_GCC_541\Debug\PSOC4_Main.a(RED_LED.o)
 .debug_line    0x00002903       0xc1 .\CortexM0p\ARM_GCC_541\Debug\PSOC4_Main.a(PVref_1.o)
 .debug_line    0x000029c4       0xe4 .\CortexM0p\ARM_GCC_541\Debug\PSOC4_Main.a(PGA_2.o)
 .debug_line    0x00002aa8       0x68 .\CortexM0p\ARM_GCC_541\Debug\PSOC4_Main.a(CyBootAsmGnu.o)
 .debug_line    0x00002b10      0x11c .\CortexM0p\ARM_GCC_541\Debug\PSOC4_Main.a(UART_1_SPI_UART.o)
 .debug_line    0x00002c2c      0x162 .\CortexM0p\ARM_GCC_541\Debug\PSOC4_Main.a(I2C_1_I2C_INT.o)
 .debug_line    0x00002d8e      0x1e1 .\CortexM0p\ARM_GCC_541\Debug\PSOC4_Main.a(CyFlash.o)

.debug_frame    0x00000000     0x2a8c
 *(.debug_frame)
 .debug_frame   0x00000000       0x9c .\CortexM0p\ARM_GCC_541\Debug\main.o
 .debug_frame   0x0000009c       0x94 .\CortexM0p\ARM_GCC_541\Debug\cyfitter_cfg.o
 .debug_frame   0x00000130       0xbc .\CortexM0p\ARM_GCC_541\Debug\Cm0plusStart.o
 .debug_frame   0x000001ec      0x3a0 .\CortexM0p\ARM_GCC_541\Debug\PSOC4_Main.a(Timer_1.o)
 .debug_frame   0x0000058c       0xd8 .\CortexM0p\ARM_GCC_541\Debug\PSOC4_Main.a(UART_1.o)
 .debug_frame   0x00000664      0x144 .\CortexM0p\ARM_GCC_541\Debug\PSOC4_Main.a(UART_1_UART.o)
 .debug_frame   0x000007a8       0xe8 .\CortexM0p\ARM_GCC_541\Debug\PSOC4_Main.a(I2C_1.o)
 .debug_frame   0x00000890       0x58 .\CortexM0p\ARM_GCC_541\Debug\PSOC4_Main.a(I2C_1_I2C.o)
 .debug_frame   0x000008e8      0x1d8 .\CortexM0p\ARM_GCC_541\Debug\PSOC4_Main.a(I2C_1_I2C_MASTER.o)
 .debug_frame   0x00000ac0      0x2a8 .\CortexM0p\ARM_GCC_541\Debug\PSOC4_Main.a(ADC_1.o)
 .debug_frame   0x00000d68       0x20 .\CortexM0p\ARM_GCC_541\Debug\PSOC4_Main.a(ADC_1_INT.o)
 .debug_frame   0x00000d88       0xbc .\CortexM0p\ARM_GCC_541\Debug\PSOC4_Main.a(PGA_1.o)
 .debug_frame   0x00000e44       0x7c .\CortexM0p\ARM_GCC_541\Debug\PSOC4_Main.a(Opamp_1.o)
 .debug_frame   0x00000ec0       0x64 .\CortexM0p\ARM_GCC_541\Debug\PSOC4_Main.a(AMux_1.o)
 .debug_frame   0x00000f24       0x6c .\CortexM0p\ARM_GCC_541\Debug\PSOC4_Main.a(ADC_1_intSarClock.o)
 .debug_frame   0x00000f90      0x110 .\CortexM0p\ARM_GCC_541\Debug\PSOC4_Main.a(ADC_1_IRQ.o)
 .debug_frame   0x000010a0      0x500 .\CortexM0p\ARM_GCC_541\Debug\PSOC4_Main.a(CyLib.o)
 .debug_frame   0x000015a0      0x484 .\CortexM0p\ARM_GCC_541\Debug\PSOC4_Main.a(CyLFClk.o)
 .debug_frame   0x00001a24       0x70 .\CortexM0p\ARM_GCC_541\Debug\PSOC4_Main.a(RELAY.o)
 .debug_frame   0x00001a94       0x70 .\CortexM0p\ARM_GCC_541\Debug\PSOC4_Main.a(RED_LED.o)
 .debug_frame   0x00001b04       0x7c .\CortexM0p\ARM_GCC_541\Debug\PSOC4_Main.a(PVref_1.o)
 .debug_frame   0x00001b80       0xbc .\CortexM0p\ARM_GCC_541\Debug\PSOC4_Main.a(PGA_2.o)
 .debug_frame   0x00001c3c       0xb0 .\CortexM0p\ARM_GCC_541\Debug\PSOC4_Main.a(UART_1_SPI_UART.o)
 .debug_frame   0x00001cec       0x2c .\CortexM0p\ARM_GCC_541\Debug\PSOC4_Main.a(I2C_1_I2C_INT.o)
 .debug_frame   0x00001d18       0xa8 .\CortexM0p\ARM_GCC_541\Debug\PSOC4_Main.a(CyFlash.o)
 .debug_frame   0x00001dc0       0x20 c:/program files (x86)/cypress/psoc creator/4.4/psoc creator/import/gnu/arm/5.4.1/bin/../lib/gcc/arm-none-eabi/5.4.1/armv6-m\libgcc.a(_udivsi3.o)
 .debug_frame   0x00001de0       0x20 c:/program files (x86)/cypress/psoc creator/4.4/psoc creator/import/gnu/arm/5.4.1/bin/../lib/gcc/arm-none-eabi/5.4.1/armv6-m\libgcc.a(_divsi3.o)
 .debug_frame   0x00001e00       0x34 c:/program files (x86)/cypress/psoc creator/4.4/psoc creator/import/gnu/arm/5.4.1/bin/../lib/gcc/arm-none-eabi/5.4.1/armv6-m\libgcc.a(_muldi3.o)
 .debug_frame   0x00001e34       0x30 c:/program files (x86)/cypress/psoc creator/4.4/psoc creator/import/gnu/arm/5.4.1/bin/../lib/gcc/arm-none-eabi/5.4.1/armv6-m\libgcc.a(bpabi.o)
 .debug_frame   0x00001e64       0x30 c:/program files (x86)/cypress/psoc creator/4.4/psoc creator/import/gnu/arm/5.4.1/bin/../lib/gcc/arm-none-eabi/5.4.1/armv6-m\libgcc.a(addsf3.o)
 .debug_frame   0x00001e94       0x3c c:/program files (x86)/cypress/psoc creator/4.4/psoc creator/import/gnu/arm/5.4.1/bin/../lib/gcc/arm-none-eabi/5.4.1/armv6-m\libgcc.a(divsf3.o)
 .debug_frame   0x00001ed0       0x2c c:/program files (x86)/cypress/psoc creator/4.4/psoc creator/import/gnu/arm/5.4.1/bin/../lib/gcc/arm-none-eabi/5.4.1/armv6-m\libgcc.a(eqsf2.o)
 .debug_frame   0x00001efc       0x30 c:/program files (x86)/cypress/psoc creator/4.4/psoc creator/import/gnu/arm/5.4.1/bin/../lib/gcc/arm-none-eabi/5.4.1/armv6-m\libgcc.a(gesf2.o)
 .debug_frame   0x00001f2c       0x30 c:/program files (x86)/cypress/psoc creator/4.4/psoc creator/import/gnu/arm/5.4.1/bin/../lib/gcc/arm-none-eabi/5.4.1/armv6-m\libgcc.a(lesf2.o)
 .debug_frame   0x00001f5c       0x38 c:/program files (x86)/cypress/psoc creator/4.4/psoc creator/import/gnu/arm/5.4.1/bin/../lib/gcc/arm-none-eabi/5.4.1/armv6-m\libgcc.a(mulsf3.o)
 .debug_frame   0x00001f94       0x30 c:/program files (x86)/cypress/psoc creator/4.4/psoc creator/import/gnu/arm/5.4.1/bin/../lib/gcc/arm-none-eabi/5.4.1/armv6-m\libgcc.a(subsf3.o)
 .debug_frame   0x00001fc4       0x2c c:/program files (x86)/cypress/psoc creator/4.4/psoc creator/import/gnu/arm/5.4.1/bin/../lib/gcc/arm-none-eabi/5.4.1/armv6-m\libgcc.a(floatsisf.o)
 .debug_frame   0x00001ff0       0x2c c:/program files (x86)/cypress/psoc creator/4.4/psoc creator/import/gnu/arm/5.4.1/bin/../lib/gcc/arm-none-eabi/5.4.1/armv6-m\libgcc.a(floatunsisf.o)
 .debug_frame   0x0000201c       0x3c c:/program files (x86)/cypress/psoc creator/4.4/psoc creator/import/gnu/arm/5.4.1/bin/../lib/gcc/arm-none-eabi/5.4.1/armv6-m\libgcc.a(divdf3.o)
 .debug_frame   0x00002058       0x3c c:/program files (x86)/cypress/psoc creator/4.4/psoc creator/import/gnu/arm/5.4.1/bin/../lib/gcc/arm-none-eabi/5.4.1/armv6-m\libgcc.a(muldf3.o)
 .debug_frame   0x00002094       0x2c c:/program files (x86)/cypress/psoc creator/4.4/psoc creator/import/gnu/arm/5.4.1/bin/../lib/gcc/arm-none-eabi/5.4.1/armv6-m\libgcc.a(extendsfdf2.o)
 .debug_frame   0x000020c0       0x2c c:/program files (x86)/cypress/psoc creator/4.4/psoc creator/import/gnu/arm/5.4.1/bin/../lib/gcc/arm-none-eabi/5.4.1/armv6-m\libgcc.a(truncdfsf2.o)
 .debug_frame   0x000020ec       0x3c c:/program files (x86)/cypress/psoc creator/4.4/psoc creator/import/gnu/arm/5.4.1/bin/../lib/gcc/arm-none-eabi/5.4.1/armv6-m\libgcc.a(_divdi3.o)
 .debug_frame   0x00002128       0x20 c:/program files (x86)/cypress/psoc creator/4.4/psoc creator/import/gnu/arm/5.4.1/bin/../lib/gcc/arm-none-eabi/5.4.1/../../../../arm-none-eabi/lib/armv6-m\libg_nano.a(lib_a-errno.o)
 .debug_frame   0x00002148       0x28 c:/program files (x86)/cypress/psoc creator/4.4/psoc creator/import/gnu/arm/5.4.1/bin/../lib/gcc/arm-none-eabi/5.4.1/../../../../arm-none-eabi/lib/armv6-m\libg_nano.a(lib_a-exit.o)
 .debug_frame   0x00002170       0x2c c:/program files (x86)/cypress/psoc creator/4.4/psoc creator/import/gnu/arm/5.4.1/bin/../lib/gcc/arm-none-eabi/5.4.1/../../../../arm-none-eabi/lib/armv6-m\libg_nano.a(lib_a-init.o)
 .debug_frame   0x0000219c       0x28 c:/program files (x86)/cypress/psoc creator/4.4/psoc creator/import/gnu/arm/5.4.1/bin/../lib/gcc/arm-none-eabi/5.4.1/../../../../arm-none-eabi/lib/armv6-m\libg_nano.a(lib_a-memcpy-stub.o)
 .debug_frame   0x000021c4       0x20 c:/program files (x86)/cypress/psoc creator/4.4/psoc creator/import/gnu/arm/5.4.1/bin/../lib/gcc/arm-none-eabi/5.4.1/../../../../arm-none-eabi/lib/armv6-m\libg_nano.a(lib_a-memset.o)
 .debug_frame   0x000021e4       0x74 c:/program files (x86)/cypress/psoc creator/4.4/psoc creator/import/gnu/arm/5.4.1/bin/../lib/gcc/arm-none-eabi/5.4.1/../../../../arm-none-eabi/lib/armv6-m\libg_nano.a(lib_a-nano-vfprintf_float.o)
 .debug_frame   0x00002258       0x54 c:/program files (x86)/cypress/psoc creator/4.4/psoc creator/import/gnu/arm/5.4.1/bin/../lib/gcc/arm-none-eabi/5.4.1/../../../../arm-none-eabi/lib/armv6-m\libg_nano.a(lib_a-nano-vfprintf_i.o)
 .debug_frame   0x000022ac       0x50 c:/program files (x86)/cypress/psoc creator/4.4/psoc creator/import/gnu/arm/5.4.1/bin/../lib/gcc/arm-none-eabi/5.4.1/../../../../arm-none-eabi/lib/armv6-m\libg_nano.a(lib_a-sprintf.o)
 .debug_frame   0x000022fc       0x54 c:/program files (x86)/cypress/psoc creator/4.4/psoc creator/import/gnu/arm/5.4.1/bin/../lib/gcc/arm-none-eabi/5.4.1/../../../../arm-none-eabi/lib/armv6-m\libg_nano.a(lib_a-dtoa.o)
 .debug_frame   0x00002350       0xa4 c:/program files (x86)/cypress/psoc creator/4.4/psoc creator/import/gnu/arm/5.4.1/bin/../lib/gcc/arm-none-eabi/5.4.1/../../../../arm-none-eabi/lib/armv6-m\libg_nano.a(lib_a-locale.o)
 .debug_frame   0x000023f4       0x40 c:/program files (x86)/cypress/psoc creator/4.4/psoc creator/import/gnu/arm/5.4.1/bin/../lib/gcc/arm-none-eabi/5.4.1/../../../../arm-none-eabi/lib/armv6-m\libg_nano.a(lib_a-malloc.o)
 .debug_frame   0x00002434       0x20 c:/program files (x86)/cypress/psoc creator/4.4/psoc creator/import/gnu/arm/5.4.1/bin/../lib/gcc/arm-none-eabi/5.4.1/../../../../arm-none-eabi/lib/armv6-m\libg_nano.a(lib_a-memchr-stub.o)
 .debug_frame   0x00002454      0x238 c:/program files (x86)/cypress/psoc creator/4.4/psoc creator/import/gnu/arm/5.4.1/bin/../lib/gcc/arm-none-eabi/5.4.1/../../../../arm-none-eabi/lib/armv6-m\libg_nano.a(lib_a-mprec.o)
 .debug_frame   0x0000268c       0x2c c:/program files (x86)/cypress/psoc creator/4.4/psoc creator/import/gnu/arm/5.4.1/bin/../lib/gcc/arm-none-eabi/5.4.1/../../../../arm-none-eabi/lib/armv6-m\libg_nano.a(lib_a-nano-callocr.o)
 .debug_frame   0x000026b8       0x2c c:/program files (x86)/cypress/psoc creator/4.4/psoc creator/import/gnu/arm/5.4.1/bin/../lib/gcc/arm-none-eabi/5.4.1/../../../../arm-none-eabi/lib/armv6-m\libg_nano.a(lib_a-nano-freer.o)
 .debug_frame   0x000026e4       0x2c c:/program files (x86)/cypress/psoc creator/4.4/psoc creator/import/gnu/arm/5.4.1/bin/../lib/gcc/arm-none-eabi/5.4.1/../../../../arm-none-eabi/lib/armv6-m\libg_nano.a(lib_a-nano-mallocr.o)
 .debug_frame   0x00002710       0x74 c:/program files (x86)/cypress/psoc creator/4.4/psoc creator/import/gnu/arm/5.4.1/bin/../lib/gcc/arm-none-eabi/5.4.1/../../../../arm-none-eabi/lib/armv6-m\libg_nano.a(lib_a-nano-svfprintf.o)
 .debug_frame   0x00002784       0x2c c:/program files (x86)/cypress/psoc creator/4.4/psoc creator/import/gnu/arm/5.4.1/bin/../lib/gcc/arm-none-eabi/5.4.1/../../../../arm-none-eabi/lib/armv6-m\libg_nano.a(lib_a-sbrkr.o)
 .debug_frame   0x000027b0       0x20 c:/program files (x86)/cypress/psoc creator/4.4/psoc creator/import/gnu/arm/5.4.1/bin/../lib/gcc/arm-none-eabi/5.4.1/../../../../arm-none-eabi/lib/armv6-m\libg_nano.a(lib_a-strcmp.o)
 .debug_frame   0x000027d0       0x28 c:/program files (x86)/cypress/psoc creator/4.4/psoc creator/import/gnu/arm/5.4.1/bin/../lib/gcc/arm-none-eabi/5.4.1/../../../../arm-none-eabi/lib/armv6-m\libg_nano.a(lib_a-memmove.o)
 .debug_frame   0x000027f8       0x30 c:/program files (x86)/cypress/psoc creator/4.4/psoc creator/import/gnu/arm/5.4.1/bin/../lib/gcc/arm-none-eabi/5.4.1/../../../../arm-none-eabi/lib/armv6-m\libg_nano.a(lib_a-mlock.o)
 .debug_frame   0x00002828       0x30 c:/program files (x86)/cypress/psoc creator/4.4/psoc creator/import/gnu/arm/5.4.1/bin/../lib/gcc/arm-none-eabi/5.4.1/../../../../arm-none-eabi/lib/armv6-m\libg_nano.a(lib_a-nano-reallocr.o)
 .debug_frame   0x00002858       0x48 c:/program files (x86)/cypress/psoc creator/4.4/psoc creator/import/gnu/arm/5.4.1/bin/../lib/gcc/arm-none-eabi/5.4.1/../../../../arm-none-eabi/lib/armv6-m\libg_nano.a(lib_a-reent.o)
 .debug_frame   0x000028a0       0x20 c:/program files (x86)/cypress/psoc creator/4.4/psoc creator/import/gnu/arm/5.4.1/bin/../lib/gcc/arm-none-eabi/5.4.1/../../../../arm-none-eabi/lib/armv6-m\libg_nano.a(lib_a-nano-msizer.o)
 .debug_frame   0x000028c0       0x3c c:/program files (x86)/cypress/psoc creator/4.4/psoc creator/import/gnu/arm/5.4.1/bin/../lib/gcc/arm-none-eabi/5.4.1/armv6-m\libgcc.a(adddf3.o)
 .debug_frame   0x000028fc       0x38 c:/program files (x86)/cypress/psoc creator/4.4/psoc creator/import/gnu/arm/5.4.1/bin/../lib/gcc/arm-none-eabi/5.4.1/armv6-m\libgcc.a(eqdf2.o)
 .debug_frame   0x00002934       0x38 c:/program files (x86)/cypress/psoc creator/4.4/psoc creator/import/gnu/arm/5.4.1/bin/../lib/gcc/arm-none-eabi/5.4.1/armv6-m\libgcc.a(gedf2.o)
 .debug_frame   0x0000296c       0x38 c:/program files (x86)/cypress/psoc creator/4.4/psoc creator/import/gnu/arm/5.4.1/bin/../lib/gcc/arm-none-eabi/5.4.1/armv6-m\libgcc.a(ledf2.o)
 .debug_frame   0x000029a4       0x38 c:/program files (x86)/cypress/psoc creator/4.4/psoc creator/import/gnu/arm/5.4.1/bin/../lib/gcc/arm-none-eabi/5.4.1/armv6-m\libgcc.a(subdf3.o)
 .debug_frame   0x000029dc       0x2c c:/program files (x86)/cypress/psoc creator/4.4/psoc creator/import/gnu/arm/5.4.1/bin/../lib/gcc/arm-none-eabi/5.4.1/armv6-m\libgcc.a(unorddf2.o)
 .debug_frame   0x00002a08       0x2c c:/program files (x86)/cypress/psoc creator/4.4/psoc creator/import/gnu/arm/5.4.1/bin/../lib/gcc/arm-none-eabi/5.4.1/armv6-m\libgcc.a(fixdfsi.o)
 .debug_frame   0x00002a34       0x2c c:/program files (x86)/cypress/psoc creator/4.4/psoc creator/import/gnu/arm/5.4.1/bin/../lib/gcc/arm-none-eabi/5.4.1/armv6-m\libgcc.a(floatsidf.o)
 .debug_frame   0x00002a60       0x2c c:/program files (x86)/cypress/psoc creator/4.4/psoc creator/import/gnu/arm/5.4.1/bin/../lib/gcc/arm-none-eabi/5.4.1/armv6-m\libgcc.a(floatunsidf.o)

.debug_str      0x00000000     0x2b62
 *(.debug_str)
 .debug_str     0x00000000      0x3c9 .\CortexM0p\ARM_GCC_541\Debug\main.o
                                0x40f (size before relaxing)
 .debug_str     0x000003c9       0xe3 .\CortexM0p\ARM_GCC_541\Debug\cyfitter_cfg.o
                                0x288 (size before relaxing)
 .debug_str     0x000004ac       0x63 .\CortexM0p\ARM_GCC_541\Debug\cymetadata.o
                                0x1e5 (size before relaxing)
 .debug_str     0x0000050f      0x15b .\CortexM0p\ARM_GCC_541\Debug\Cm0plusStart.o
                                0x32c (size before relaxing)
 .debug_str     0x0000066a      0x44f .\CortexM0p\ARM_GCC_541\Debug\PSOC4_Main.a(Timer_1.o)
                                0x622 (size before relaxing)
 .debug_str     0x00000ab9      0x118 .\CortexM0p\ARM_GCC_541\Debug\PSOC4_Main.a(UART_1.o)
                                0x2d0 (size before relaxing)
 .debug_str     0x00000bd1      0x1d5 .\CortexM0p\ARM_GCC_541\Debug\PSOC4_Main.a(UART_1_UART.o)
                                0x40d (size before relaxing)
 .debug_str     0x00000da6      0x118 .\CortexM0p\ARM_GCC_541\Debug\PSOC4_Main.a(I2C_1.o)
                                0x2f7 (size before relaxing)
 .debug_str     0x00000ebe       0x91 .\CortexM0p\ARM_GCC_541\Debug\PSOC4_Main.a(I2C_1_I2C.o)
                                0x27b (size before relaxing)
 .debug_str     0x00000f4f      0x2c0 .\CortexM0p\ARM_GCC_541\Debug\PSOC4_Main.a(I2C_1_I2C_MASTER.o)
                                0x50b (size before relaxing)
 .debug_str     0x0000120f      0x454 .\CortexM0p\ARM_GCC_541\Debug\PSOC4_Main.a(ADC_1.o)
                                0x6d8 (size before relaxing)
 .debug_str     0x00001663       0x24 .\CortexM0p\ARM_GCC_541\Debug\PSOC4_Main.a(ADC_1_INIT.o)
                                0x28d (size before relaxing)
 .debug_str     0x00001687       0x39 .\CortexM0p\ARM_GCC_541\Debug\PSOC4_Main.a(ADC_1_INT.o)
                                0x1de (size before relaxing)
 .debug_str     0x000016c0       0xc7 .\CortexM0p\ARM_GCC_541\Debug\PSOC4_Main.a(PGA_1.o)
                                0x272 (size before relaxing)
 .debug_str     0x00001787       0x9b .\CortexM0p\ARM_GCC_541\Debug\PSOC4_Main.a(Opamp_1.o)
                                0x245 (size before relaxing)
 .debug_str     0x00001822       0x48 .\CortexM0p\ARM_GCC_541\Debug\PSOC4_Main.a(AMux_1.o)
                                0x215 (size before relaxing)
 .debug_str     0x0000186a       0xa8 .\CortexM0p\ARM_GCC_541\Debug\PSOC4_Main.a(ADC_1_intSarClock.o)
                                0x2b0 (size before relaxing)
 .debug_str     0x00001912      0x133 .\CortexM0p\ARM_GCC_541\Debug\PSOC4_Main.a(ADC_1_IRQ.o)
                                0x33f (size before relaxing)
 .debug_str     0x00001a45      0x631 .\CortexM0p\ARM_GCC_541\Debug\PSOC4_Main.a(CyLib.o)
                                0x8d2 (size before relaxing)
 .debug_str     0x00002076      0x63d .\CortexM0p\ARM_GCC_541\Debug\PSOC4_Main.a(CyLFClk.o)
                                0x8b6 (size before relaxing)
 .debug_str     0x000026b3       0x9f .\CortexM0p\ARM_GCC_541\Debug\PSOC4_Main.a(RELAY.o)
                                0x253 (size before relaxing)
 .debug_str     0x00002752       0x87 .\CortexM0p\ARM_GCC_541\Debug\PSOC4_Main.a(RED_LED.o)
                                0x261 (size before relaxing)
 .debug_str     0x000027d9       0x84 .\CortexM0p\ARM_GCC_541\Debug\PSOC4_Main.a(PVref_1.o)
                                0x235 (size before relaxing)
 .debug_str     0x0000285d       0xa5 .\CortexM0p\ARM_GCC_541\Debug\PSOC4_Main.a(PGA_2.o)
                                0x272 (size before relaxing)
 .debug_str     0x00002902       0xf1 .\CortexM0p\ARM_GCC_541\Debug\PSOC4_Main.a(UART_1_SPI_UART.o)
                                0x2ff (size before relaxing)
 .debug_str     0x000029f3       0x4b .\CortexM0p\ARM_GCC_541\Debug\PSOC4_Main.a(I2C_1_I2C_INT.o)
                                0x2f7 (size before relaxing)
 .debug_str     0x00002a3e      0x124 .\CortexM0p\ARM_GCC_541\Debug\PSOC4_Main.a(CyFlash.o)
                                0x33f (size before relaxing)

.debug_loc      0x00000000     0x3a46
 *(.debug_loc)
 .debug_loc     0x00000000      0x396 .\CortexM0p\ARM_GCC_541\Debug\main.o
 .debug_loc     0x00000396       0x1e .\CortexM0p\ARM_GCC_541\Debug\cyfitter_cfg.o
 .debug_loc     0x000003b4      0x14f .\CortexM0p\ARM_GCC_541\Debug\Cm0plusStart.o
 .debug_loc     0x00000503      0x547 .\CortexM0p\ARM_GCC_541\Debug\PSOC4_Main.a(Timer_1.o)
 .debug_loc     0x00000a4a       0x7e .\CortexM0p\ARM_GCC_541\Debug\PSOC4_Main.a(UART_1.o)
 .debug_loc     0x00000ac8      0x223 .\CortexM0p\ARM_GCC_541\Debug\PSOC4_Main.a(UART_1_UART.o)
 .debug_loc     0x00000ceb       0x7e .\CortexM0p\ARM_GCC_541\Debug\PSOC4_Main.a(I2C_1.o)
 .debug_loc     0x00000d69      0xa49 .\CortexM0p\ARM_GCC_541\Debug\PSOC4_Main.a(I2C_1_I2C_MASTER.o)
 .debug_loc     0x000017b2      0x877 .\CortexM0p\ARM_GCC_541\Debug\PSOC4_Main.a(ADC_1.o)
 .debug_loc     0x00002029       0x7c .\CortexM0p\ARM_GCC_541\Debug\PSOC4_Main.a(PGA_1.o)
 .debug_loc     0x000020a5       0x21 .\CortexM0p\ARM_GCC_541\Debug\PSOC4_Main.a(Opamp_1.o)
 .debug_loc     0x000020c6       0x4b .\CortexM0p\ARM_GCC_541\Debug\PSOC4_Main.a(AMux_1.o)
 .debug_loc     0x00002111       0x76 .\CortexM0p\ARM_GCC_541\Debug\PSOC4_Main.a(ADC_1_intSarClock.o)
 .debug_loc     0x00002187       0x82 .\CortexM0p\ARM_GCC_541\Debug\PSOC4_Main.a(ADC_1_IRQ.o)
 .debug_loc     0x00002209      0x868 .\CortexM0p\ARM_GCC_541\Debug\PSOC4_Main.a(CyLib.o)
 .debug_loc     0x00002a71      0xa88 .\CortexM0p\ARM_GCC_541\Debug\PSOC4_Main.a(CyLFClk.o)
 .debug_loc     0x000034f9       0xa2 .\CortexM0p\ARM_GCC_541\Debug\PSOC4_Main.a(RELAY.o)
 .debug_loc     0x0000359b       0xa2 .\CortexM0p\ARM_GCC_541\Debug\PSOC4_Main.a(RED_LED.o)
 .debug_loc     0x0000363d       0x2e .\CortexM0p\ARM_GCC_541\Debug\PSOC4_Main.a(PVref_1.o)
 .debug_loc     0x0000366b       0x7c .\CortexM0p\ARM_GCC_541\Debug\PSOC4_Main.a(PGA_2.o)
 .debug_loc     0x000036e7       0x96 .\CortexM0p\ARM_GCC_541\Debug\PSOC4_Main.a(UART_1_SPI_UART.o)
 .debug_loc     0x0000377d      0x10c .\CortexM0p\ARM_GCC_541\Debug\PSOC4_Main.a(I2C_1_I2C_INT.o)
 .debug_loc     0x00003889      0x1bd .\CortexM0p\ARM_GCC_541\Debug\PSOC4_Main.a(CyFlash.o)

.debug_macinfo
 *(.debug_macinfo)

.debug_ranges   0x00000000      0xae0
 *(.debug_ranges)
 .debug_ranges  0x00000000       0x40 .\CortexM0p\ARM_GCC_541\Debug\main.o
 .debug_ranges  0x00000040       0x38 .\CortexM0p\ARM_GCC_541\Debug\cyfitter_cfg.o
 .debug_ranges  0x00000078       0x38 .\CortexM0p\ARM_GCC_541\Debug\Cm0plusStart.o
 .debug_ranges  0x000000b0      0x148 .\CortexM0p\ARM_GCC_541\Debug\PSOC4_Main.a(Timer_1.o)
 .debug_ranges  0x000001f8       0x48 .\CortexM0p\ARM_GCC_541\Debug\PSOC4_Main.a(UART_1.o)
 .debug_ranges  0x00000240       0x80 .\CortexM0p\ARM_GCC_541\Debug\PSOC4_Main.a(UART_1_UART.o)
 .debug_ranges  0x000002c0       0x50 .\CortexM0p\ARM_GCC_541\Debug\PSOC4_Main.a(I2C_1.o)
 .debug_ranges  0x00000310       0x20 .\CortexM0p\ARM_GCC_541\Debug\PSOC4_Main.a(I2C_1_I2C.o)
 .debug_ranges  0x00000330       0x88 .\CortexM0p\ARM_GCC_541\Debug\PSOC4_Main.a(I2C_1_I2C_MASTER.o)
 .debug_ranges  0x000003b8       0xe0 .\CortexM0p\ARM_GCC_541\Debug\PSOC4_Main.a(ADC_1.o)
 .debug_ranges  0x00000498       0x10 .\CortexM0p\ARM_GCC_541\Debug\PSOC4_Main.a(ADC_1_INT.o)
 .debug_ranges  0x000004a8       0x40 .\CortexM0p\ARM_GCC_541\Debug\PSOC4_Main.a(PGA_1.o)
 .debug_ranges  0x000004e8       0x38 .\CortexM0p\ARM_GCC_541\Debug\PSOC4_Main.a(Opamp_1.o)
 .debug_ranges  0x00000520       0x20 .\CortexM0p\ARM_GCC_541\Debug\PSOC4_Main.a(AMux_1.o)
 .debug_ranges  0x00000540       0x30 .\CortexM0p\ARM_GCC_541\Debug\PSOC4_Main.a(ADC_1_intSarClock.o)
 .debug_ranges  0x00000570       0x70 .\CortexM0p\ARM_GCC_541\Debug\PSOC4_Main.a(ADC_1_IRQ.o)
 .debug_ranges  0x000005e0      0x1e8 .\CortexM0p\ARM_GCC_541\Debug\PSOC4_Main.a(CyLib.o)
 .debug_ranges  0x000007c8      0x198 .\CortexM0p\ARM_GCC_541\Debug\PSOC4_Main.a(CyLFClk.o)
 .debug_ranges  0x00000960       0x38 .\CortexM0p\ARM_GCC_541\Debug\PSOC4_Main.a(RELAY.o)
 .debug_ranges  0x00000998       0x38 .\CortexM0p\ARM_GCC_541\Debug\PSOC4_Main.a(RED_LED.o)
 .debug_ranges  0x000009d0       0x38 .\CortexM0p\ARM_GCC_541\Debug\PSOC4_Main.a(PVref_1.o)
 .debug_ranges  0x00000a08       0x40 .\CortexM0p\ARM_GCC_541\Debug\PSOC4_Main.a(PGA_2.o)
 .debug_ranges  0x00000a48       0x50 .\CortexM0p\ARM_GCC_541\Debug\PSOC4_Main.a(UART_1_SPI_UART.o)
 .debug_ranges  0x00000a98       0x10 .\CortexM0p\ARM_GCC_541\Debug\PSOC4_Main.a(I2C_1_I2C_INT.o)
 .debug_ranges  0x00000aa8       0x38 .\CortexM0p\ARM_GCC_541\Debug\PSOC4_Main.a(CyFlash.o)

.comment        0x00000000       0x6e
 .comment       0x00000000       0x6e .\CortexM0p\ARM_GCC_541\Debug\main.o
                                 0x6f (size before relaxing)
 .comment       0x0000006e       0x6f .\CortexM0p\ARM_GCC_541\Debug\cyfitter_cfg.o
 .comment       0x0000006e       0x6f .\CortexM0p\ARM_GCC_541\Debug\cymetadata.o
 .comment       0x0000006e       0x6f .\CortexM0p\ARM_GCC_541\Debug\Cm0plusStart.o
 .comment       0x0000006e       0x6f .\CortexM0p\ARM_GCC_541\Debug\PSOC4_Main.a(Timer_1.o)
 .comment       0x0000006e       0x6f .\CortexM0p\ARM_GCC_541\Debug\PSOC4_Main.a(UART_1.o)
 .comment       0x0000006e       0x6f .\CortexM0p\ARM_GCC_541\Debug\PSOC4_Main.a(UART_1_UART.o)
 .comment       0x0000006e       0x6f .\CortexM0p\ARM_GCC_541\Debug\PSOC4_Main.a(I2C_1.o)
 .comment       0x0000006e       0x6f .\CortexM0p\ARM_GCC_541\Debug\PSOC4_Main.a(I2C_1_I2C.o)
 .comment       0x0000006e       0x6f .\CortexM0p\ARM_GCC_541\Debug\PSOC4_Main.a(I2C_1_I2C_MASTER.o)
 .comment       0x0000006e       0x6f .\CortexM0p\ARM_GCC_541\Debug\PSOC4_Main.a(ADC_1.o)
 .comment       0x0000006e       0x6f .\CortexM0p\ARM_GCC_541\Debug\PSOC4_Main.a(ADC_1_INIT.o)
 .comment       0x0000006e       0x6f .\CortexM0p\ARM_GCC_541\Debug\PSOC4_Main.a(ADC_1_INT.o)
 .comment       0x0000006e       0x6f .\CortexM0p\ARM_GCC_541\Debug\PSOC4_Main.a(PGA_1.o)
 .comment       0x0000006e       0x6f .\CortexM0p\ARM_GCC_541\Debug\PSOC4_Main.a(Opamp_1.o)
 .comment       0x0000006e       0x6f .\CortexM0p\ARM_GCC_541\Debug\PSOC4_Main.a(AMux_1.o)
 .comment       0x0000006e       0x6f .\CortexM0p\ARM_GCC_541\Debug\PSOC4_Main.a(ADC_1_intSarClock.o)
 .comment       0x0000006e       0x6f .\CortexM0p\ARM_GCC_541\Debug\PSOC4_Main.a(ADC_1_IRQ.o)
 .comment       0x0000006e       0x6f .\CortexM0p\ARM_GCC_541\Debug\PSOC4_Main.a(CyLib.o)
 .comment       0x0000006e       0x6f .\CortexM0p\ARM_GCC_541\Debug\PSOC4_Main.a(CyLFClk.o)
 .comment       0x0000006e       0x6f .\CortexM0p\ARM_GCC_541\Debug\PSOC4_Main.a(RELAY.o)
 .comment       0x0000006e       0x6f .\CortexM0p\ARM_GCC_541\Debug\PSOC4_Main.a(RED_LED.o)
 .comment       0x0000006e       0x6f .\CortexM0p\ARM_GCC_541\Debug\PSOC4_Main.a(PVref_1.o)
 .comment       0x0000006e       0x6f .\CortexM0p\ARM_GCC_541\Debug\PSOC4_Main.a(PGA_2.o)
 .comment       0x0000006e       0x6f .\CortexM0p\ARM_GCC_541\Debug\PSOC4_Main.a(UART_1_SPI_UART.o)
 .comment       0x0000006e       0x6f .\CortexM0p\ARM_GCC_541\Debug\PSOC4_Main.a(I2C_1_I2C_INT.o)
 .comment       0x0000006e       0x6f .\CortexM0p\ARM_GCC_541\Debug\PSOC4_Main.a(CyFlash.o)

.debug_weaknames
 *(.debug_weaknames)

.debug_funcnames
 *(.debug_funcnames)

.debug_typenames
 *(.debug_typenames)

.debug_varnames
 *(.debug_varnames)

.note.gnu.arm.ident
 *(.note.gnu.arm.ident)

.ARM.attributes
                0x00000000       0x28
 *(.ARM.attributes)
 .ARM.attributes
                0x00000000       0x1e c:/program files (x86)/cypress/psoc creator/4.4/psoc creator/import/gnu/arm/5.4.1/bin/../lib/gcc/arm-none-eabi/5.4.1/armv6-m/crti.o
 .ARM.attributes
                0x0000001e       0x2c c:/program files (x86)/cypress/psoc creator/4.4/psoc creator/import/gnu/arm/5.4.1/bin/../lib/gcc/arm-none-eabi/5.4.1/armv6-m/crtbegin.o
 .ARM.attributes
                0x0000004a       0x1b c:/program files (x86)/cypress/psoc creator/4.4/psoc creator/import/gnu/arm/5.4.1/bin/../lib/gcc/arm-none-eabi/5.4.1/../../../../arm-none-eabi/lib/armv6-m/crt0.o
 .ARM.attributes