Archive member included to satisfy reference by file (symbol)

.\CortexM0p\ARM_GCC_541\Debug\PSOC4_Main.a(Timer_1.o)
                              .\CortexM0p\ARM_GCC_541\Debug\main.o (Timer_1_ReadCounter)
.\CortexM0p\ARM_GCC_541\Debug\PSOC4_Main.a(UART_1.o)
                              .\CortexM0p\ARM_GCC_541\Debug\main.o (UART_1_Start)
.\CortexM0p\ARM_GCC_541\Debug\PSOC4_Main.a(UART_1_UART.o)
                              .\CortexM0p\ARM_GCC_541\Debug\PSOC4_Main.a(UART_1.o) (UART_1_UartInit)
.\CortexM0p\ARM_GCC_541\Debug\PSOC4_Main.a(PGA_1.o)
                              .\CortexM0p\ARM_GCC_541\Debug\main.o (PGA_1_Start)
.\CortexM0p\ARM_GCC_541\Debug\PSOC4_Main.a(Opamp_1.o)
                              .\CortexM0p\ARM_GCC_541\Debug\main.o (Opamp_1_Start)
.\CortexM0p\ARM_GCC_541\Debug\PSOC4_Main.a(CyLib.o)
                              .\CortexM0p\ARM_GCC_541\Debug\cyfitter_cfg.o (CyIntEnable)
.\CortexM0p\ARM_GCC_541\Debug\PSOC4_Main.a(CyLFClk.o)
                              .\CortexM0p\ARM_GCC_541\Debug\PSOC4_Main.a(CyLib.o) (CySysClkWcoEnabled)
.\CortexM0p\ARM_GCC_541\Debug\PSOC4_Main.a(RELAY.o)
                              .\CortexM0p\ARM_GCC_541\Debug\main.o (RELAY_Write)
.\CortexM0p\ARM_GCC_541\Debug\PSOC4_Main.a(RED_LED.o)
                              .\CortexM0p\ARM_GCC_541\Debug\main.o (RED_LED_Write)
.\CortexM0p\ARM_GCC_541\Debug\PSOC4_Main.a(CyBootAsmGnu.o)
                              .\CortexM0p\ARM_GCC_541\Debug\PSOC4_Main.a(CyLib.o) (CyDelayCycles)
.\CortexM0p\ARM_GCC_541\Debug\PSOC4_Main.a(UART_1_SPI_UART.o)
                              .\CortexM0p\ARM_GCC_541\Debug\PSOC4_Main.a(UART_1_UART.o) (UART_1_SpiUartReadRxData)
.\CortexM0p\ARM_GCC_541\Debug\PSOC4_Main.a(CyFlash.o)
                              .\CortexM0p\ARM_GCC_541\Debug\PSOC4_Main.a(CyLib.o) (CySysFlashSetWaitCycles)
c:/program files (x86)/cypress/psoc creator/4.4/psoc creator/import/gnu/arm/5.4.1/bin/../lib/gcc/arm-none-eabi/5.4.1/armv6-m\libgcc.a(_udivsi3.o)
                              .\CortexM0p\ARM_GCC_541\Debug\PSOC4_Main.a(CyLib.o) (__aeabi_uidiv)
c:/program files (x86)/cypress/psoc creator/4.4/psoc creator/import/gnu/arm/5.4.1/bin/../lib/gcc/arm-none-eabi/5.4.1/armv6-m\libgcc.a(_dvmd_tls.o)
                              c:/program files (x86)/cypress/psoc creator/4.4/psoc creator/import/gnu/arm/5.4.1/bin/../lib/gcc/arm-none-eabi/5.4.1/armv6-m\libgcc.a(_udivsi3.o) (__aeabi_idiv0)
c:/program files (x86)/cypress/psoc creator/4.4/psoc creator/import/gnu/arm/5.4.1/bin/../lib/gcc/arm-none-eabi/5.4.1/../../../../arm-none-eabi/lib/armv6-m\libg_nano.a(lib_a-errno.o)
                              .\CortexM0p\ARM_GCC_541\Debug\Cm0plusStart.o (__errno)
c:/program files (x86)/cypress/psoc creator/4.4/psoc creator/import/gnu/arm/5.4.1/bin/../lib/gcc/arm-none-eabi/5.4.1/../../../../arm-none-eabi/lib/armv6-m\libg_nano.a(lib_a-exit.o)
                              c:/program files (x86)/cypress/psoc creator/4.4/psoc creator/import/gnu/arm/5.4.1/bin/../lib/gcc/arm-none-eabi/5.4.1/../../../../arm-none-eabi/lib/armv6-m/crt0.o (exit)
c:/program files (x86)/cypress/psoc creator/4.4/psoc creator/import/gnu/arm/5.4.1/bin/../lib/gcc/arm-none-eabi/5.4.1/../../../../arm-none-eabi/lib/armv6-m\libg_nano.a(lib_a-impure.o)
                              c:/program files (x86)/cypress/psoc creator/4.4/psoc creator/import/gnu/arm/5.4.1/bin/../lib/gcc/arm-none-eabi/5.4.1/../../../../arm-none-eabi/lib/armv6-m\libg_nano.a(lib_a-exit.o) (_global_impure_ptr)
c:/program files (x86)/cypress/psoc creator/4.4/psoc creator/import/gnu/arm/5.4.1/bin/../lib/gcc/arm-none-eabi/5.4.1/../../../../arm-none-eabi/lib/armv6-m\libg_nano.a(lib_a-init.o)
                              c:/program files (x86)/cypress/psoc creator/4.4/psoc creator/import/gnu/arm/5.4.1/bin/../lib/gcc/arm-none-eabi/5.4.1/../../../../arm-none-eabi/lib/armv6-m/crt0.o (__libc_init_array)
c:/program files (x86)/cypress/psoc creator/4.4/psoc creator/import/gnu/arm/5.4.1/bin/../lib/gcc/arm-none-eabi/5.4.1/../../../../arm-none-eabi/lib/armv6-m\libg_nano.a(lib_a-memcpy-stub.o)
                              .\CortexM0p\ARM_GCC_541\Debug\PSOC4_Main.a(CyFlash.o) (memcpy)
c:/program files (x86)/cypress/psoc creator/4.4/psoc creator/import/gnu/arm/5.4.1/bin/../lib/gcc/arm-none-eabi/5.4.1/../../../../arm-none-eabi/lib/armv6-m\libg_nano.a(lib_a-memset.o)
                              c:/program files (x86)/cypress/psoc creator/4.4/psoc creator/import/gnu/arm/5.4.1/bin/../lib/gcc/arm-none-eabi/5.4.1/../../../../arm-none-eabi/lib/armv6-m/crt0.o (memset)
c:/program files (x86)/cypress/psoc creator/4.4/psoc creator/import/gnu/arm/5.4.1/bin/../lib/gcc/arm-none-eabi/5.4.1/../../../../arm-none-eabi/lib/armv6-m\libg_nano.a(lib_a-sprintf.o)
                              .\CortexM0p\ARM_GCC_541\Debug\main.o (sprintf)
c:/program files (x86)/cypress/psoc creator/4.4/psoc creator/import/gnu/arm/5.4.1/bin/../lib/gcc/arm-none-eabi/5.4.1/../../../../arm-none-eabi/lib/armv6-m\libg_nano.a(lib_a-nano-svfprintf.o)
[...]
Memory Configuration

Name             Origin             Length             Attributes
rom              0x00000000         0x00008000         xr
ram              0x20000000         0x00001000         xrw
*default*        0x00000000         0xffffffff

Linker script and memory map

LOAD c:/program files (x86)/cypress/psoc creator/4.4/psoc creator/import/gnu/arm/5.4.1/bin/../lib/gcc/arm-none-eabi/5.4.1/armv6-m/crti.o
LOAD c:/program files (x86)/cypress/psoc creator/4.4/psoc creator/import/gnu/arm/5.4.1/bin/../lib/gcc/arm-none-eabi/5.4.1/armv6-m/crtbegin.o
LOAD c:/program files (x86)/cypress/psoc creator/4.4/psoc creator/import/gnu/arm/5.4.1/bin/../lib/gcc/arm-none-eabi/5.4.1/../../../../arm-none-eabi/lib/armv6-m/crt0.o
START GROUP
LOAD .\CortexM0p\ARM_GCC_541\Debug\main.o
LOAD .\CortexM0p\ARM_GCC_541\Debug\cyfitter_cfg.o
LOAD .\CortexM0p\ARM_GCC_541\Debug\cymetadata.o
LOAD .\CortexM0p\ARM_GCC_541\Debug\Cm0plusStart.o
LOAD .\CortexM0p\ARM_GCC_541\Debug\PSOC4_Main.a
END GROUP
START GROUP
LOAD c:/program files (x86)/cypress/psoc creator/4.4/psoc creator/import/gnu/arm/5.4.1/bin/../lib/gcc/arm-none-eabi/5.4.1/armv6-m\libgcc.a
LOAD c:/program files (x86)/cypress/psoc creator/4.4/psoc creator/import/gnu/arm/5.4.1/bin/../lib/gcc/arm-none-eabi/5.4.1/../../../../arm-none-eabi/lib/armv6-m\libg_nano.a
LOAD c:/program files (x86)/cypress/psoc creator/4.4/psoc creator/import/gnu/arm/5.4.1/bin/../lib/gcc/arm-none-eabi/5.4.1/../../../../arm-none-eabi/lib/armv6-m\libc_nano.a
END GROUP
START GROUP
LOAD c:/program files (x86)/cypress/psoc creator/4.4/psoc creator/import/gnu/arm/5.4.1/bin/../lib/gcc/arm-none-eabi/5.4.1/armv6-m\libgcc.a
LOAD c:/program files (x86)/cypress/psoc creator/4.4/psoc creator/import/gnu/arm/5.4.1/bin/../lib/gcc/arm-none-eabi/5.4.1/../../../../arm-none-eabi/lib/armv6-m\libc_nano.a
END GROUP
LOAD c:/program files (x86)/cypress/psoc creator/4.4/psoc creator/import/gnu/arm/5.4.1/bin/../lib/gcc/arm-none-eabi/5.4.1/armv6-m/crtend.o
LOAD c:/program files (x86)/cypress/psoc creator/4.4/psoc creator/import/gnu/arm/5.4.1/bin/../lib/gcc/arm-none-eabi/5.4.1/armv6-m/crtn.o
START GROUP
LOAD c:/program files (x86)/cypress/psoc creator/4.4/psoc creator/import/gnu/arm/5.4.1/bin/../lib/gcc/arm-none-eabi/5.4.1/armv6-m\libgcc.a
LOAD c:/program files (x86)/cypress/psoc creator/4.4/psoc creator/import/gnu/arm/5.4.1/bin/../lib/gcc/arm-none-eabi/5.4.1/../../../../arm-none-eabi/lib/armv6-m\libc.a
LOAD c:/program files (x86)/cypress/psoc creator/4.4/psoc creator/import/gnu/arm/5.4.1/bin/../lib/gcc/arm-none-eabi/5.4.1/../../../../arm-none-eabi/lib/armv6-m\libnosys.a
END GROUP
                0x00000000                CY_APPL_ORIGIN = 0x0
                0x00000080                CY_FLASH_ROW_SIZE = 0x80
                0x00000001                CY_APPL_NUM = 0x1
                0x00000001                CY_APPL_MAX = 0x1
                0x00000040                CY_METADATA_SIZE = 0x40
                0x00000000                CY_APPL_LOADABLE = 0x0
                0x00000000                CY_CHECKSUM_EXCLUDE_SIZE = ALIGN (0x0, CY_FLASH_ROW_SIZE)
                0x00000000                CY_APP_FOR_STACK_AND_COPIER = 0x0
                [!provide]                PROVIDE (__cy_heap_start, _end)
                0x00000001                PROVIDE (__cy_region_num, ((__cy_regions_end - __cy_regions) / 0x10))
                0x20001000                PROVIDE (__cy_stack, (ORIGIN (ram) + LENGTH (ram)))
                [!provide]                PROVIDE (__cy_heap_end, (__cy_stack - 0x800))

.cybootloader   0x00000000        0x0
 *(.cybootloader)
                0x00000000                appl1_start = CY_APPL_ORIGIN?CY_APPL_ORIGIN:ALIGN (CY_FLASH_ROW_SIZE)
                0x00003f80                appl2_start = (appl1_start + ALIGN ((((LENGTH (rom) - appl1_start) - (0x2 * CY_FLASH_ROW_SIZE)) / 0x2), CY_FLASH_ROW_SIZE))
                0x00000000                appl_start = (CY_APPL_NUM == 0x1)?appl1_start:appl2_start
                0x00000001                cy_project_type_bootloader = (appl_start == 0x0)?0x1:0x0
                0x00000000                cy_project_type_app_for_stack_and_copier = (CY_APP_FOR_STACK_AND_COPIER == 0x1)?0x1:0x0

.text           0x00000000     0x157a
 CREATE_OBJECT_SYMBOLS
                0x00000000                PROVIDE (__cy_interrupt_vector, RomVectors)
 *(.romvectors)
 .romvectors    0x00000000       0x10 .\CortexM0p\ARM_GCC_541\Debug\Cm0plusStart.o
                0x00000000                RomVectors
                0x00000001                ASSERT ((. != __cy_interrupt_vector), No interrupt vector)
                0x00000001                ASSERT (CY_APPL_ORIGIN?(SIZEOF (.cybootloader) <= CY_APPL_ORIGIN):0x1, Wrong image location)
                0x00000010                PROVIDE (__cy_reset, Reset)
 *(.text.Reset)
 .text.Reset    0x00000010        0xc .\CortexM0p\ARM_GCC_541\Debug\Cm0plusStart.o
                0x00000010                Reset
                0x00000001                ASSERT ((. != __cy_reset), No reset code)
 *(.psocinit)
 .psocinit      0x0000001c      0x14c .\CortexM0p\ARM_GCC_541\Debug\cyfitter_cfg.o
                0x000000f0                cyfitter_cfg
                0x00000168                . = MAX (., 0x100)
 *(.text .text.* .gnu.linkonce.t.*)
 .text          0x00000168       0x60 c:/program files (x86)/cypress/psoc creator/4.4/psoc creator/import/gnu/arm/5.4.1/bin/../lib/gcc/arm-none-eabi/5.4.1/armv6-m/crtbegin.o
 .text.main     0x000001c8       0x54 .\CortexM0p\ARM_GCC_541\Debug\main.o
                0x000001c8                main
 .text.SetAnalogRoutingPumps
                0x0000021c       0x20 .\CortexM0p\ARM_GCC_541\Debug\cyfitter_cfg.o
                0x0000021c                SetAnalogRoutingPumps
 .text.AnalogSetDefault
                0x0000023c       0x74 .\CortexM0p\ARM_GCC_541\Debug\cyfitter_cfg.o
 .text.IntDefaultHandler
                0x000002b0       0x10 .\CortexM0p\ARM_GCC_541\Debug\Cm0plusStart.o
                0x000002b0                IntDefaultHandler
 .text._sbrk    0x000002c0       0x30 .\CortexM0p\ARM_GCC_541\Debug\Cm0plusStart.o
                0x000002c0                _sbrk
 .text.Start_c  0x000002f0       0x48 .\CortexM0p\ARM_GCC_541\Debug\Cm0plusStart.o
                0x000002f0                Start_c
 .text.initialize_psoc
                0x00000338       0x40 .\CortexM0p\ARM_GCC_541\Debug\Cm0plusStart.o
                0x00000338                initialize_psoc
 .text.Timer_1_WriteCounter
                0x00000378       0x10 .\CortexM0p\ARM_GCC_541\Debug\PSOC4_Main.a(Timer_1.o)
                0x00000378                Timer_1_WriteCounter
 .text.Timer_1_ReadCounter
                0x00000388       0x10 .\CortexM0p\ARM_GCC_541\Debug\PSOC4_Main.a(Timer_1.o)
                0x00000388                Timer_1_ReadCounter
 .text.Timer_1_WritePeriod
                0x00000398       0x10 .\CortexM0p\ARM_GCC_541\Debug\PSOC4_Main.a(Timer_1.o)
                0x00000398                Timer_1_WritePeriod
 .text.Timer_1_TriggerCommand
                0x000003a8       0x1c .\CortexM0p\ARM_GCC_541\Debug\PSOC4_Main.a(Timer_1.o)
                0x000003a8                Timer_1_TriggerCommand
 .text.Timer_1_Enable
                0x000003c4       0x24 .\CortexM0p\ARM_GCC_541\Debug\PSOC4_Main.a(Timer_1.o)
                0x000003c4                Timer_1_Enable
 .text.Timer_1_SetInterruptMode
                0x000003e8        0xc .\CortexM0p\ARM_GCC_541\Debug\PSOC4_Main.a(Timer_1.o)
                0x000003e8                Timer_1_SetInterruptMode
 .text.Timer_1_Init
                0x000003f4       0x34 .\CortexM0p\ARM_GCC_541\Debug\PSOC4_Main.a(Timer_1.o)
                0x000003f4                Timer_1_Init
 .text.Timer_1_Start
                0x00000428       0x20 .\CortexM0p\ARM_GCC_541\Debug\PSOC4_Main.a(Timer_1.o)
                0x00000428                Timer_1_Start
 .text.UART_1_ScbModePostEnable
                0x00000448        0x8 .\CortexM0p\ARM_GCC_541\Debug\PSOC4_Main.a(UART_1.o)
 .text.UART_1_Init
                0x00000450        0x8 .\CortexM0p\ARM_GCC_541\Debug\PSOC4_Main.a(UART_1.o)
                0x00000450                UART_1_Init
 .text.UART_1_Enable
                0x00000458       0x18 .\CortexM0p\ARM_GCC_541\Debug\PSOC4_Main.a(UART_1.o)
                0x00000458                UART_1_Enable
 .text.UART_1_Start
                0x00000470       0x20 .\CortexM0p\ARM_GCC_541\Debug\PSOC4_Main.a(UART_1.o)
                0x00000470                UART_1_Start
 .text.UART_1_UartInit
                0x00000490       0xa8 .\CortexM0p\ARM_GCC_541\Debug\PSOC4_Main.a(UART_1_UART.o)
                0x00000490                UART_1_UartInit
 .text.UART_1_UartPostEnable
                0x00000538       0x2c .\CortexM0p\ARM_GCC_541\Debug\PSOC4_Main.a(UART_1_UART.o)
                0x00000538                UART_1_UartPostEnable
 .text.UART_1_UartPutString
                0x00000564       0x18 .\CortexM0p\ARM_GCC_541\Debug\PSOC4_Main.a(UART_1_UART.o)
                0x00000564                UART_1_UartPutString
 .text.PGA_1_Enable
                0x0000057c       0x1c .\CortexM0p\ARM_GCC_541\Debug\PSOC4_Main.a(PGA_1.o)
                0x0000057c                PGA_1_Enable
 .text.PGA_1_SetGain
                0x00000598       0xa4 .\CortexM0p\ARM_GCC_541\Debug\PSOC4_Main.a(PGA_1.o)
                0x00000598                PGA_1_SetGain
 .text.PGA_1_Init
                0x0000063c       0x50 .\CortexM0p\ARM_GCC_541\Debug\PSOC4_Main.a(PGA_1.o)
                0x0000063c                PGA_1_Init
 .text.PGA_1_Start
                0x0000068c       0x20 .\CortexM0p\ARM_GCC_541\Debug\PSOC4_Main.a(PGA_1.o)
                0x0000068c                PGA_1_Start
 .text.Opamp_1_Init
                0x000006ac       0x2c .\CortexM0p\ARM_GCC_541\Debug\PSOC4_Main.a(Opamp_1.o)
                0x000006ac                Opamp_1_Init
 .text.Opamp_1_Enable
                0x000006d8       0x1c .\CortexM0p\ARM_GCC_541\Debug\PSOC4_Main.a(Opamp_1.o)
                0x000006d8                Opamp_1_Enable
 .text.Opamp_1_Start
                0x000006f4       0x20 .\CortexM0p\ARM_GCC_541\Debug\PSOC4_Main.a(Opamp_1.o)
                0x000006f4                Opamp_1_Start
 .text.CySysClkImoDisableWcoLock
                0x00000714       0x4c .\CortexM0p\ARM_GCC_541\Debug\PSOC4_Main.a(CyLib.o)
                0x00000714                CySysClkImoDisableWcoLock
 .text.CySysClkImoGetWcoLock
                0x00000760       0x14 .\CortexM0p\ARM_GCC_541\Debug\PSOC4_Main.a(CyLib.o)
                0x00000760                CySysClkImoGetWcoLock
 .text.CyIntEnable
                0x00000774       0x14 .\CortexM0p\ARM_GCC_541\Debug\PSOC4_Main.a(CyLib.o)
                0x00000774                CyIntEnable
 .text.CyHalt   0x00000788        0x4 .\CortexM0p\ARM_GCC_541\Debug\PSOC4_Main.a(CyLib.o)
                0x00000788                CyHalt
 .text.CyIntSetVector
                0x0000078c       0x24 .\CortexM0p\ARM_GCC_541\Debug\PSOC4_Main.a(CyLib.o)
                0x0000078c                CyIntSetVector
 .text.CyDelay  0x000007b0       0x30 .\CortexM0p\ARM_GCC_541\Debug\PSOC4_Main.a(CyLib.o)
                0x000007b0                CyDelay
 .text.CySysClkImoEnableWcoLock
                0x000007e0       0xd0 .\CortexM0p\ARM_GCC_541\Debug\PSOC4_Main.a(CyLib.o)
                0x000007e0                CySysClkImoEnableWcoLock
 .text.CySysClkWriteImoFreq
                0x000008b0       0xd8 .\CortexM0p\ARM_GCC_541\Debug\PSOC4_Main.a(CyLib.o)
                0x000008b0                CySysClkWriteImoFreq
 .text.CyDelayUs
                0x00000988       0x14 .\CortexM0p\ARM_GCC_541\Debug\PSOC4_Main.a(CyLib.o)
                0x00000988                CyDelayUs
 .text.CySysClkGetTimerSource
                0x0000099c       0x10 .\CortexM0p\ARM_GCC_541\Debug\PSOC4_Main.a(CyLFClk.o)
 .text.CySysClkWcoEnabled
                0x000009ac       0x14 .\CortexM0p\ARM_GCC_541\Debug\PSOC4_Main.a(CyLFClk.o)
                0x000009ac                CySysClkWcoEnabled
 .text.CySysWdtDisable
                0x000009c0       0x10 .\CortexM0p\ARM_GCC_541\Debug\PSOC4_Main.a(CyLFClk.o)
                0x000009c0                CySysWdtDisable
 .text.CySysClkSetTimerSource
                0x000009d0       0x68 .\CortexM0p\ARM_GCC_541\Debug\PSOC4_Main.a(CyLFClk.o)
                0x000009d0                CySysClkSetTimerSource
 .text.CySysTimerClearInterrupt
                0x00000a38       0x2c .\CortexM0p\ARM_GCC_541\Debug\PSOC4_Main.a(CyLFClk.o)
                0x00000a38                CySysTimerClearInterrupt
 .text.CySysTimerIsr
                0x00000a64       0xa4 .\CortexM0p\ARM_GCC_541\Debug\PSOC4_Main.a(CyLFClk.o)
                0x00000a64                CySysTimerIsr
 .text.RED_LED_Write
                0x00000b08       0x18 .\CortexM0p\ARM_GCC_541\Debug\PSOC4_Main.a(RED_LED.o)
                0x00000b08                RED_LED_Write
 .text          0x00000b20       0x20 .\CortexM0p\ARM_GCC_541\Debug\PSOC4_Main.a(CyBootAsmGnu.o)
                0x00000b20                CyDelayCycles
                0x00000b32                CyEnterCriticalSection
                0x00000b3a                CyExitCriticalSection
 .text.UART_1_SpiUartWriteTxData
                0x00000b40       0x1c .\CortexM0p\ARM_GCC_541\Debug\PSOC4_Main.a(UART_1_SPI_UART.o)
                0x00000b40                UART_1_SpiUartWriteTxData
 .text.CySysFlashSetWaitCycles
                0x00000b5c       0x54 .\CortexM0p\ARM_GCC_541\Debug\PSOC4_Main.a(CyFlash.o)
                0x00000b5c                CySysFlashSetWaitCycles
 .text          0x00000bb0      0x114 c:/program files (x86)/cypress/psoc creator/4.4/psoc creator/import/gnu/arm/5.4.1/bin/../lib/gcc/arm-none-eabi/5.4.1/armv6-m\libgcc.a(_udivsi3.o)
                0x00000bb0                __aeabi_uidiv
                0x00000bb0                __udivsi3
                0x00000cbc                __aeabi_uidivmod
 .text          0x00000cc4        0x4 c:/program files (x86)/cypress/psoc creator/4.4/psoc creator/import/gnu/arm/5.4.1/bin/../lib/gcc/arm-none-eabi/5.4.1/armv6-m\libgcc.a(_dvmd_tls.o)
                0x00000cc4                __aeabi_idiv0
                0x00000cc4                __aeabi_ldiv0
 .text.__errno  0x00000cc8        0xc c:/program files (x86)/cypress/psoc creator/4.4/psoc creator/import/gnu/arm/5.4.1/bin/../lib/gcc/arm-none-eabi/5.4.1/../../../../arm-none-eabi/lib/armv6-m\libg_nano.a(lib_a-errno.o)
                0x00000cc8                __errno
 .text.__libc_init_array
                0x00000cd4       0x4c c:/program files (x86)/cypress/psoc creator/4.4/psoc creator/import/gnu/arm/5.4.1/bin/../lib/gcc/arm-none-eabi/5.4.1/../../../../arm-none-eabi/lib/armv6-m\libg_nano.a(lib_a-init.o)
                0x00000cd4                __libc_init_array
 .text.memcpy   0x00000d20       0x12 c:/program files (x86)/cypress/psoc creator/4.4/psoc creator/import/gnu/arm/5.4.1/bin/../lib/gcc/arm-none-eabi/5.4.1/../../../../arm-none-eabi/lib/armv6-m\libg_nano.a(lib_a-memcpy-stub.o)
                0x00000d20                memcpy
 *fill*         0x00000d32        0x2 
 .text.sprintf  0x00000d34       0x44 c:/program files (x86)/cypress/psoc creator/4.4/psoc creator/import/gnu/arm/5.4.1/bin/../lib/gcc/arm-none-eabi/5.4.1/../../../../arm-none-eabi/lib/armv6-m\libg_nano.a(lib_a-sprintf.o)
                0x00000d34                siprintf
                0x00000d34                sprintf
 .text.__ssputs_r
                0x00000d78       0xc4 c:/program files (x86)/cypress/psoc creator/4.4/psoc creator/import/gnu/arm/5.4.1/bin/../lib/gcc/arm-none-eabi/5.4.1/../../../../arm-none-eabi/lib/armv6-m\libg_nano.a(lib_a-nano-svfprintf.o)
                0x00000d78                __ssputs_r
 .text._svfprintf_r
                0x00000e3c      0x1fc c:/program files (x86)/cypress/psoc creator/4.4/psoc creator/import/gnu/arm/5.4.1/bin/../lib/gcc/arm-none-eabi/5.4.1/../../../../arm-none-eabi/lib/armv6-m\libg_nano.a(lib_a-nano-svfprintf.o)
                0x00000e3c                _svfiprintf_r
                0x00000e3c                _svfprintf_r
 .text._printf_common
                0x00001038       0xdc c:/program files (x86)/cypress/psoc creator/4.4/psoc creator/import/gnu/arm/5.4.1/bin/../lib/gcc/arm-none-eabi/5.4.1/../../../../arm-none-eabi/lib/armv6-m\libg_nano.a(lib_a-nano-vfprintf_i.o)
                0x00001038                _printf_common
 .text._printf_i
                0x00001114      0x244 c:/program files (x86)/cypress/psoc creator/4.4/psoc creator/import/gnu/arm/5.4.1/bin/../lib/gcc/arm-none-eabi/5.4.1/../../../../arm-none-eabi/lib/armv6-m\libg_nano.a(lib_a-nano-vfprintf_i.o)
                0x00001114                _printf_i
 .text.memchr   0x00001358       0x16 c:/program files (x86)/cypress/psoc creator/4.4/psoc creator/import/gnu/arm/5.4.1/bin/../lib/gcc/arm-none-eabi/5.4.1/../../../../arm-none-eabi/lib/armv6-m\libg_nano.a(lib_a-memchr-stub.o)
                0x00001358                memchr
 .text.memmove  0x0000136e       0x2a c:/program files (x86)/cypress/psoc creator/4.4/psoc creator/import/gnu/arm/5.4.1/bin/../lib/gcc/arm-none-eabi/5.4.1/../../../../arm-none-eabi/lib/armv6-m\libg_nano.a(lib_a-memmove.o)
                0x0000136e                memmove
 .text._free_r  0x00001398       0x98 c:/program files (x86)/cypress/psoc creator/4.4/psoc creator/import/gnu/arm/5.4.1/bin/../lib/gcc/arm-none-eabi/5.4.1/../../../../arm-none-eabi/lib/armv6-m\libg_nano.a(lib_a-nano-freer.o)
                0x00001398                _free_r
 .text._malloc_r
                0x00001430       0xc0 c:/program files (x86)/cypress/psoc creator/4.4/psoc creator/import/gnu/arm/5.4.1/bin/../lib/gcc/arm-none-eabi/5.4.1/../../../../arm-none-eabi/lib/armv6-m\libg_nano.a(lib_a-nano-mallocr.o)
                0x00001430                _malloc_r
 .text._realloc_r
                0x000014f0       0x4c c:/program files (x86)/cypress/psoc creator/4.4/psoc creator/import/gnu/arm/5.4.1/bin/../lib/gcc/arm-none-eabi/5.4.1/../../../../arm-none-eabi/lib/armv6-m\libg_nano.a(lib_a-nano-reallocr.o)
                0x000014f0                _realloc_r
 .text._sbrk_r  0x0000153c       0x24 c:/program files (x86)/cypress/psoc creator/4.4/psoc creator/import/gnu/arm/5.4.1/bin/../lib/gcc/arm-none-eabi/5.4.1/../../../../arm-none-eabi/lib/armv6-m\libg_nano.a(lib_a-sbrkr.o)
                0x0000153c                _sbrk_r
 .text.__malloc_lock
                0x00001560        0x2 c:/program files (x86)/cypress/psoc creator/4.4/psoc creator/import/gnu/arm/5.4.1/bin/../lib/gcc/arm-none-eabi/5.4.1/../../../../arm-none-eabi/lib/armv6-m\libg_nano.a(lib_a-mlock.o)
                0x00001560                __malloc_lock
 .text.__malloc_unlock
                0x00001562        0x2 c:/program files (x86)/cypress/psoc creator/4.4/psoc creator/import/gnu/arm/5.4.1/bin/../lib/gcc/arm-none-eabi/5.4.1/../../../../arm-none-eabi/lib/armv6-m\libg_nano.a(lib_a-mlock.o)
                0x00001562                __malloc_unlock
 .text._malloc_usable_size_r
                0x00001564       0x16 c:/program files (x86)/cypress/psoc creator/4.4/psoc creator/import/gnu/arm/5.4.1/bin/../lib/gcc/arm-none-eabi/5.4.1/../../../../arm-none-eabi/lib/armv6-m\libg_nano.a(lib_a-nano-msizer.o)
                0x00001564                _malloc_usable_size_r
 *(.plt)
 *(.gnu.warning)
 *(.glue_7t)
 .glue_7t       0x0000157a        0x0 linker stubs
 *(.glue_7)
 .glue_7        0x0000157a        0x0 linker stubs
 *(.vfp11_veneer)
 .vfp11_veneer  0x0000157a        0x0 linker stubs
 *(.bootloader)
 *(.ARM.extab* .gnu.linkonce.armextab.*)
 *(.gcc_except_table)

.v4_bx          0x0000157c        0x0
 .v4_bx         0x0000157c        0x0 linker stubs

.iplt           0x0000157c        0x0
 .iplt          0x0000157c        0x0 c:/program files (x86)/cypress/psoc creator/4.4/psoc creator/import/gnu/arm/5.4.1/bin/../lib/gcc/arm-none-eabi/5.4.1/armv6-m/crtbegin.o

.eh_frame_hdr
 *(.eh_frame_hdr)

.eh_frame       0x0000157c        0x4
 *(.eh_frame)
 .eh_frame      0x0000157c        0x0 c:/program files (x86)/cypress/psoc creator/4.4/psoc creator/import/gnu/arm/5.4.1/bin/../lib/gcc/arm-none-eabi/5.4.1/armv6-m/crtbegin.o
 .eh_frame      0x0000157c        0x4 c:/program files (x86)/cypress/psoc creator/4.4/psoc creator/import/gnu/arm/5.4.1/bin/../lib/gcc/arm-none-eabi/5.4.1/armv6-m/crtend.o
                [!provide]                PROVIDE (__exidx_start, .)

.ARM.exidx
 *(.ARM.exidx* .gnu.linkonce.armexidx.*)
                0x00001580                __exidx_end = .

.rodata         0x00001580       0xf0
 *(.rodata .rodata.* .gnu.linkonce.r.*)
 .rodata.str1.4
                0x00001580       0x3c .\CortexM0p\ARM_GCC_541\Debug\main.o
                                 0x3b (size before relaxing)
 .rodata        0x000015bc       0x48 .\CortexM0p\ARM_GCC_541\Debug\PSOC4_Main.a(PGA_1.o)
                0x000015bc                PGA_1_compTab
 .rodata.str1.1
                0x00001604        0x2 c:/program files (x86)/cypress/psoc creator/4.4/psoc creator/import/gnu/arm/5.4.1/bin/../lib/gcc/arm-none-eabi/5.4.1/../../../../arm-none-eabi/lib/armv6-m\libg_nano.a(lib_a-impure.o)
 .rodata.str1.1
                0x00001606       0x11 c:/program files (x86)/cypress/psoc creator/4.4/psoc creator/import/gnu/arm/5.4.1/bin/../lib/gcc/arm-none-eabi/5.4.1/../../../../arm-none-eabi/lib/armv6-m\libg_nano.a(lib_a-nano-svfprintf.o)
 .rodata.str1.1
                0x00001617       0x22 c:/program files (x86)/cypress/psoc creator/4.4/psoc creator/import/gnu/arm/5.4.1/bin/../lib/gcc/arm-none-eabi/5.4.1/../../../../arm-none-eabi/lib/armv6-m\libg_nano.a(lib_a-nano-vfprintf_i.o)
                0x0000163c                . = ALIGN (0x4)
 *fill*         0x00001639        0x3 
 *(.init)
 .init          0x0000163c        0x4 c:/program files (x86)/cypress/psoc creator/4.4/psoc creator/import/gnu/arm/5.4.1/bin/../lib/gcc/arm-none-eabi/5.4.1/armv6-m/crti.o
                0x0000163c                _init
 .init          0x00001640        0x8 c:/program files (x86)/cypress/psoc creator/4.4/psoc creator/import/gnu/arm/5.4.1/bin/../lib/gcc/arm-none-eabi/5.4.1/armv6-m/crtn.o
                0x00001648                . = ALIGN (0x4)
                0x00001648                __preinit_array_start = .
 *(.preinit_array)
                0x00001648                __preinit_array_end = .
                0x00001648                . = ALIGN (0x4)
                0x00001648                __init_array_start = .
 *(SORT(.init_array.*))
 *(.init_array)
 .init_array    0x00001648        0x4 c:/program files (x86)/cypress/psoc creator/4.4/psoc creator/import/gnu/arm/5.4.1/bin/../lib/gcc/arm-none-eabi/5.4.1/armv6-m/crtbegin.o
 .init_array    0x0000164c        0x4 .\CortexM0p\ARM_GCC_541\Debug\Cm0plusStart.o
                0x00001650                __init_array_end = .
                0x00001650                . = ALIGN (0x4)
 *(.fini)
 .fini          0x00001650        0x4 c:/program files (x86)/cypress/psoc creator/4.4/psoc creator/import/gnu/arm/5.4.1/bin/../lib/gcc/arm-none-eabi/5.4.1/armv6-m/crti.o
                0x00001650                _fini
 .fini          0x00001654        0x8 c:/program files (x86)/cypress/psoc creator/4.4/psoc creator/import/gnu/arm/5.4.1/bin/../lib/gcc/arm-none-eabi/5.4.1/armv6-m/crtn.o
                0x0000165c                . = ALIGN (0x4)
                0x0000165c                __fini_array_start = .
 *(.fini_array)
 .fini_array    0x0000165c        0x4 c:/program files (x86)/cypress/psoc creator/4.4/psoc creator/import/gnu/arm/5.4.1/bin/../lib/gcc/arm-none-eabi/5.4.1/armv6-m/crtbegin.o
 *(SORT(.fini_array.*))
                0x00001660                __fini_array_end = .
                0x00001660                . = ALIGN (0x4)
 *crtbegin.o(.ctors)
 *(EXCLUDE_FILE(*crtend.o) .ctors)
 *(SORT(.ctors.*))
 *crtend.o(.ctors)
                0x00001660                . = ALIGN (0x4)
 *crtbegin.o(.dtors)
 *(EXCLUDE_FILE(*crtend.o) .dtors)
 *(SORT(.dtors.*))
 *crtend.o(.dtors)
                0x00001660                . = ALIGN (0x4)
                0x00001660                __cy_regions = .
                0x00001660        0x4 LONG 0x1670 __cy_region_init_ram
                0x00001664        0x4 LONG 0x200000a8 __cy_region_start_data
                0x00001668        0x4 LONG 0x88 __cy_region_init_size_ram
                0x0000166c        0x4 LONG 0x58 __cy_region_zero_size_ram
                0x00001670                __cy_regions_end = .
                0x00001670                . = ALIGN (0x8)
                0x00001670                _etext = .

.cy_checksum_exclude
                0x00001670        0x0
 *(.cy_checksum_exclude)

.ramvectors     0x20000000       0xa4
                0x20000000                __cy_region_start_ram = .
 *(.ramvectors)
 .ramvectors    0x20000000       0xa4 .\CortexM0p\ARM_GCC_541\Debug\Cm0plusStart.o
                0x20000000                CyRamVectors

.noinit
 *(.noinit)

.data           0x200000a8       0x88 load address 0x00001670
                0x200000a8                __cy_region_start_data = .
 *(.jcr)
 .jcr           0x200000a8        0x0 c:/program files (x86)/cypress/psoc creator/4.4/psoc creator/import/gnu/arm/5.4.1/bin/../lib/gcc/arm-none-eabi/5.4.1/armv6-m/crtbegin.o
 .jcr           0x200000a8        0x4 c:/program files (x86)/cypress/psoc creator/4.4/psoc creator/import/gnu/arm/5.4.1/bin/../lib/gcc/arm-none-eabi/5.4.1/armv6-m/crtend.o
 *(.got.plt)
 *(.got)
 *(.shdata)
 *(.data .data.* .gnu.linkonce.d.*)
 .data          0x200000ac        0x4 .\CortexM0p\ARM_GCC_541\Debug\Cm0plusStart.o
 .data          0x200000b0       0x14 .\CortexM0p\ARM_GCC_541\Debug\PSOC4_Main.a(CyLib.o)
                0x200000b0                CySysClkPumpConfig
                0x200000b4                cydelay32kMs
                0x200000b8                cydelayFreqKhz
                0x200000bc                cydelayFreqMhz
                0x200000c0                cydelayFreqHz
 .data          0x200000c4        0x4 .\CortexM0p\ARM_GCC_541\Debug\PSOC4_Main.a(CyLFClk.o)
 .data.impure_data
                0x200000c8       0x60 c:/program files (x86)/cypress/psoc creator/4.4/psoc creator/import/gnu/arm/5.4.1/bin/../lib/gcc/arm-none-eabi/5.4.1/../../../../arm-none-eabi/lib/armv6-m\libg_nano.a(lib_a-impure.o)
 .data._impure_ptr
                0x20000128        0x4 c:/program files (x86)/cypress/psoc creator/4.4/psoc creator/import/gnu/arm/5.4.1/bin/../lib/gcc/arm-none-eabi/5.4.1/../../../../arm-none-eabi/lib/armv6-m\libg_nano.a(lib_a-impure.o)
                0x20000128                _impure_ptr
                0x20000130                . = ALIGN (0x8)
 *fill*         0x2000012c        0x4 
 *(.ram)
                0x20000130                _edata = .

.igot.plt       0x20000130        0x0 load address 0x000016f8
 .igot.plt      0x20000130        0x0 c:/program files (x86)/cypress/psoc creator/4.4/psoc creator/import/gnu/arm/5.4.1/bin/../lib/gcc/arm-none-eabi/5.4.1/armv6-m/crtbegin.o

.bss            0x20000130       0x58 load address 0x000016f8
                0x20000130                PROVIDE (__bss_start__, .)
 *(.shbss)
 *(.bss .bss.* .gnu.linkonce.b.*)
 .bss           0x20000130       0x1c c:/program files (x86)/cypress/psoc creator/4.4/psoc creator/import/gnu/arm/5.4.1/bin/../lib/gcc/arm-none-eabi/5.4.1/armv6-m/crtbegin.o
 .bss           0x2000014c        0x1 .\CortexM0p\ARM_GCC_541\Debug\PSOC4_Main.a(Timer_1.o)
                0x2000014c                Timer_1_initVar
 *fill*         0x2000014d        0x1 
 .bss           0x2000014e        0x4 .\CortexM0p\ARM_GCC_541\Debug\PSOC4_Main.a(UART_1.o)
                0x2000014e                UART_1_initVar
                0x20000150                UART_1_IntrTxMask
 *fill*         0x20000152        0x2 
 .bss           0x20000154        0x5 .\CortexM0p\ARM_GCC_541\Debug\PSOC4_Main.a(PGA_1.o)
                0x20000154                PGA_1_internalGainPower
                0x20000158                PGA_1_initVar
 *fill*         0x20000159        0x3 
 .bss           0x2000015c        0x5 .\CortexM0p\ARM_GCC_541\Debug\PSOC4_Main.a(Opamp_1.o)
                0x20000160                Opamp_1_initVar
 *fill*         0x20000161        0x3 
 .bss           0x20000164       0x18 .\CortexM0p\ARM_GCC_541\Debug\PSOC4_Main.a(CyLFClk.o)
 .bss.__malloc_sbrk_start
                0x2000017c        0x4 c:/program files (x86)/cypress/psoc creator/4.4/psoc creator/import/gnu/arm/5.4.1/bin/../lib/gcc/arm-none-eabi/5.4.1/../../../../arm-none-eabi/lib/armv6-m\libg_nano.a(lib_a-nano-mallocr.o)
                0x2000017c                __malloc_sbrk_start
 .bss.__malloc_free_list
                0x20000180        0x4 c:/program files (x86)/cypress/psoc creator/4.4/psoc creator/import/gnu/arm/5.4.1/bin/../lib/gcc/arm-none-eabi/5.4.1/../../../../arm-none-eabi/lib/armv6-m\libg_nano.a(lib_a-nano-mallocr.o)
                0x20000180                __malloc_free_list
 *(COMMON)
 COMMON         0x20000184        0x4 c:/program files (x86)/cypress/psoc creator/4.4/psoc creator/import/gnu/arm/5.4.1/bin/../lib/gcc/arm-none-eabi/5.4.1/../../../../arm-none-eabi/lib/armv6-m\libg_nano.a(lib_a-reent.o)
                0x20000184                errno
                0x20000188                . = ALIGN (0x8)
 *(.ram.b)
                0x20000188                _end = .
                0x20000188                __end = .
                0x20000188                PROVIDE (end, .)
                0x20000188                PROVIDE (__bss_end__, .)
                0x00001670                __cy_region_init_ram = LOADADDR (.data)
                0x00000088                __cy_region_init_size_ram = (_edata - ADDR (.data))
                0x00000058                __cy_region_zero_size_ram = (_end - _edata)

.heap           0x20000188       0x80 load address 0x000016f8
                0x20000188                . = _end
                0x20000208                . = (. + 0x80)
 *fill*         0x20000188       0x80 
                0x20000208                __cy_heap_limit = .

.stack          0x20000800      0x800
                0x20000800                __cy_stack_limit = .
                0x20001000                . = (. + 0x800)
 *fill*         0x20000800      0x800 
                0x00000001                ASSERT ((__cy_stack_limit >= __cy_heap_limit), region RAM overflowed with stack)
                0x00000000                cy_checksum_exclude_size = (CY_APPL_LOADABLE == 0x1)?SIZEOF (.cy_checksum_exclude):0x0
                0x00000001                ASSERT ((cy_checksum_exclude_size <= CY_CHECKSUM_EXCLUDE_SIZE), CY_BOOT: Section .cy_checksum_exclude size exceedes specified limit.)
                0x00007fc0                cyloadermeta_start = (cy_project_type_bootloader || cy_project_type_app_for_stack_and_copier)?(LENGTH (rom) - CY_METADATA_SIZE):0xf0000000

.cyloadermeta
 *(.cyloadermeta)
                0x00007fc0                cyloadablemeta_start = cy_project_type_app_for_stack_and_copier?((LENGTH (rom) - CY_FLASH_ROW_SIZE) - CY_METADATA_SIZE):((LENGTH (rom) - (CY_FLASH_ROW_SIZE * (CY_APPL_NUM - 0x1))) - CY_METADATA_SIZE)

.cyloadablemeta
 *(.cyloadablemeta)

.cyflashprotect
                0x90400000       0x20
 *(.cyflashprotect)
 .cyflashprotect
                0x90400000       0x20 .\CortexM0p\ARM_GCC_541\Debug\cymetadata.o
                0x90400000                cy_meta_flashprotect

.cymeta         0x90500000        0xc
 *(.cymeta)
 .cymeta        0x90500000        0xc .\CortexM0p\ARM_GCC_541\Debug\cymetadata.o
                0x90500000                cy_metadata

.cychipprotect  0x90600000        0x1
 *(.cychipprotect)
 .cychipprotect
                0x90600000        0x1 .\CortexM0p\ARM_GCC_541\Debug\cymetadata.o
                0x90600000                cy_meta_chipprotect

.rel.dyn        0x000016f8        0x0 load address 0x90600004
 .rel.iplt      0x000016f8        0x0 c:/program files (x86)/cypress/psoc creator/4.4/psoc creator/import/gnu/arm/5.4.1/bin/../lib/gcc/arm-none-eabi/5.4.1/armv6-m/crtbegin.o

.stab
 *(.stab)

.stabstr
 *(.stabstr)

.debug
 *(.debug)

.line
 *(.line)

.debug_srcinfo
 *(.debug_srcinfo)

.debug_sfnames
 *(.debug_sfnames)

.debug_aranges  0x00000000      0x8a8
 *(.debug_aranges)
 .debug_aranges
                0x00000000       0x30 .\CortexM0p\ARM_GCC_541\Debug\main.o
 .debug_aranges
                0x00000030       0x48 .\CortexM0p\ARM_GCC_541\Debug\cyfitter_cfg.o
 .debug_aranges
                0x00000078       0x18 .\CortexM0p\ARM_GCC_541\Debug\cymetadata.o
 .debug_aranges
                0x00000090       0x48 .\CortexM0p\ARM_GCC_541\Debug\Cm0plusStart.o
 .debug_aranges
                0x000000d8      0x158 .\CortexM0p\ARM_GCC_541\Debug\PSOC4_Main.a(Timer_1.o)
 .debug_aranges
                0x00000230       0x58 .\CortexM0p\ARM_GCC_541\Debug\PSOC4_Main.a(UART_1.o)
 .debug_aranges
                0x00000288       0x90 .\CortexM0p\ARM_GCC_541\Debug\PSOC4_Main.a(UART_1_UART.o)
 .debug_aranges
                0x00000318       0x50 .\CortexM0p\ARM_GCC_541\Debug\PSOC4_Main.a(PGA_1.o)
 .debug_aranges
                0x00000368       0x48 .\CortexM0p\ARM_GCC_541\Debug\PSOC4_Main.a(Opamp_1.o)
 .debug_aranges
                0x000003b0      0x1f8 .\CortexM0p\ARM_GCC_541\Debug\PSOC4_Main.a(CyLib.o)
 .debug_aranges
                0x000005a8      0x1a8 .\CortexM0p\ARM_GCC_541\Debug\PSOC4_Main.a(CyLFClk.o)
 .debug_aranges
                0x00000750       0x48 .\CortexM0p\ARM_GCC_541\Debug\PSOC4_Main.a(RELAY.o)
 .debug_aranges
                0x00000798       0x48 .\CortexM0p\ARM_GCC_541\Debug\PSOC4_Main.a(RED_LED.o)
 .debug_aranges
                0x000007e0       0x20 .\CortexM0p\ARM_GCC_541\Debug\PSOC4_Main.a(CyBootAsmGnu.o)
 .debug_aranges
                0x00000800       0x60 .\CortexM0p\ARM_GCC_541\Debug\PSOC4_Main.a(UART_1_SPI_UART.o)
 .debug_aranges
                0x00000860       0x48 .\CortexM0p\ARM_GCC_541\Debug\PSOC4_Main.a(CyFlash.o)

.debug_pubnames
 *(.debug_pubnames)

.debug_info     0x00000000     0x4147
 *(.debug_info .gnu.linkonce.wi.*)
 .debug_info    0x00000000      0x31c .\CortexM0p\ARM_GCC_541\Debug\main.o
 .debug_info    0x0000031c      0x20f .\CortexM0p\ARM_GCC_541\Debug\cyfitter_cfg.o
 .debug_info    0x0000052b       0xf8 .\CortexM0p\ARM_GCC_541\Debug\cymetadata.o
 .debug_info    0x00000623      0x3a5 .\CortexM0p\ARM_GCC_541\Debug\Cm0plusStart.o
 .debug_info    0x000009c8      0x8f6 .\CortexM0p\ARM_GCC_541\Debug\PSOC4_Main.a(Timer_1.o)
 .debug_info    0x000012be      0x23a .\CortexM0p\ARM_GCC_541\Debug\PSOC4_Main.a(UART_1.o)
 .debug_info    0x000014f8      0x3b5 .\CortexM0p\ARM_GCC_541\Debug\PSOC4_Main.a(UART_1_UART.o)
 .debug_info    0x000018ad      0x209 .\CortexM0p\ARM_GCC_541\Debug\PSOC4_Main.a(PGA_1.o)
 .debug_info    0x00001ab6      0x17c .\CortexM0p\ARM_GCC_541\Debug\PSOC4_Main.a(Opamp_1.o)
 .debug_info    0x00001c32      0xe0e .\CortexM0p\ARM_GCC_541\Debug\PSOC4_Main.a(CyLib.o)
 .debug_info    0x00002a40      0xd06 .\CortexM0p\ARM_GCC_541\Debug\PSOC4_Main.a(CyLFClk.o)
 .debug_info    0x00003746      0x19d .\CortexM0p\ARM_GCC_541\Debug\PSOC4_Main.a(RELAY.o)
 .debug_info    0x000038e3      0x19d .\CortexM0p\ARM_GCC_541\Debug\PSOC4_Main.a(RED_LED.o)
 .debug_info    0x00003a80       0x90 .\CortexM0p\ARM_GCC_541\Debug\PSOC4_Main.a(CyBootAsmGnu.o)
 .debug_info    0x00003b10      0x220 .\CortexM0p\ARM_GCC_541\Debug\PSOC4_Main.a(UART_1_SPI_UART.o)
 .debug_info    0x00003d30      0x417 .\CortexM0p\ARM_GCC_541\Debug\PSOC4_Main.a(CyFlash.o)

.debug_abbrev   0x00000000     0x11a5
 *(.debug_abbrev)
 .debug_abbrev  0x00000000      0x132 .\CortexM0p\ARM_GCC_541\Debug\main.o
 .debug_abbrev  0x00000132       0xce .\CortexM0p\ARM_GCC_541\Debug\cyfitter_cfg.o
 .debug_abbrev  0x00000200       0x5d .\CortexM0p\ARM_GCC_541\Debug\cymetadata.o
 .debug_abbrev  0x0000025d      0x1d0 .\CortexM0p\ARM_GCC_541\Debug\Cm0plusStart.o
 .debug_abbrev  0x0000042d      0x119 .\CortexM0p\ARM_GCC_541\Debug\PSOC4_Main.a(Timer_1.o)
 .debug_abbrev  0x00000546       0xd5 .\CortexM0p\ARM_GCC_541\Debug\PSOC4_Main.a(UART_1.o)
 .debug_abbrev  0x0000061b      0x132 .\CortexM0p\ARM_GCC_541\Debug\PSOC4_Main.a(UART_1_UART.o)
 .debug_abbrev  0x0000074d      0x103 .\CortexM0p\ARM_GCC_541\Debug\PSOC4_Main.a(PGA_1.o)
 .debug_abbrev  0x00000850       0xc8 .\CortexM0p\ARM_GCC_541\Debug\PSOC4_Main.a(Opamp_1.o)
 .debug_abbrev  0x00000918      0x1f5 .\CortexM0p\ARM_GCC_541\Debug\PSOC4_Main.a(CyLib.o)
 .debug_abbrev  0x00000b0d      0x207 .\CortexM0p\ARM_GCC_541\Debug\PSOC4_Main.a(CyLFClk.o)
 .debug_abbrev  0x00000d14       0xc8 .\CortexM0p\ARM_GCC_541\Debug\PSOC4_Main.a(RELAY.o)
 .debug_abbrev  0x00000ddc       0xc8 .\CortexM0p\ARM_GCC_541\Debug\PSOC4_Main.a(RED_LED.o)
 .debug_abbrev  0x00000ea4       0x14 .\CortexM0p\ARM_GCC_541\Debug\PSOC4_Main.a(CyBootAsmGnu.o)
 .debug_abbrev  0x00000eb8      0x14f .\CortexM0p\ARM_GCC_541\Debug\PSOC4_Main.a(UART_1_SPI_UART.o)
 .debug_abbrev  0x00001007      0x19e .\CortexM0p\ARM_GCC_541\Debug\PSOC4_Main.a(CyFlash.o)

.debug_line     0x00000000     0x1f1a
 *(.debug_line)
 .debug_line    0x00000000      0x20b .\CortexM0p\ARM_GCC_541\Debug\main.o
 .debug_line    0x0000020b      0x103 .\CortexM0p\ARM_GCC_541\Debug\cyfitter_cfg.o
 .debug_line    0x0000030e      0x141 .\CortexM0p\ARM_GCC_541\Debug\cymetadata.o
 .debug_line    0x0000044f      0x247 .\CortexM0p\ARM_GCC_541\Debug\Cm0plusStart.o
 .debug_line    0x00000696      0x37b .\CortexM0p\ARM_GCC_541\Debug\PSOC4_Main.a(Timer_1.o)
 .debug_line    0x00000a11      0x10c .\CortexM0p\ARM_GCC_541\Debug\PSOC4_Main.a(UART_1.o)
 .debug_line    0x00000b1d      0x1d5 .\CortexM0p\ARM_GCC_541\Debug\PSOC4_Main.a(UART_1_UART.o)
 .debug_line    0x00000cf2       0xe4 .\CortexM0p\ARM_GCC_541\Debug\PSOC4_Main.a(PGA_1.o)
 .debug_line    0x00000dd6       0xc3 .\CortexM0p\ARM_GCC_541\Debug\PSOC4_Main.a(Opamp_1.o)
 .debug_line    0x00000e99      0x5df .\CortexM0p\ARM_GCC_541\Debug\PSOC4_Main.a(CyLib.o)
 .debug_line    0x00001478      0x5c1 .\CortexM0p\ARM_GCC_541\Debug\PSOC4_Main.a(CyLFClk.o)
 .debug_line    0x00001a39       0xbd .\CortexM0p\ARM_GCC_541\Debug\PSOC4_Main.a(RELAY.o)
 .debug_line    0x00001af6       0xbf .\CortexM0p\ARM_GCC_541\Debug\PSOC4_Main.a(RED_LED.o)
 .debug_line    0x00001bb5       0x68 .\CortexM0p\ARM_GCC_541\Debug\PSOC4_Main.a(CyBootAsmGnu.o)
 .debug_line    0x00001c1d      0x11c .\CortexM0p\ARM_GCC_541\Debug\PSOC4_Main.a(UART_1_SPI_UART.o)
 .debug_line    0x00001d39      0x1e1 .\CortexM0p\ARM_GCC_541\Debug\PSOC4_Main.a(CyFlash.o)

.debug_frame    0x00000000     0x17f0
 *(.debug_frame)
 .debug_frame   0x00000000       0x68 .\CortexM0p\ARM_GCC_541\Debug\main.o
 .debug_frame   0x00000068       0x94 .\CortexM0p\ARM_GCC_541\Debug\cyfitter_cfg.o
 .debug_frame   0x000000fc       0xbc .\CortexM0p\ARM_GCC_541\Debug\Cm0plusStart.o
 .debug_frame   0x000001b8      0x3a0 .\CortexM0p\ARM_GCC_541\Debug\PSOC4_Main.a(Timer_1.o)
 .debug_frame   0x00000558       0xd8 .\CortexM0p\ARM_GCC_541\Debug\PSOC4_Main.a(UART_1.o)
 .debug_frame   0x00000630      0x144 .\CortexM0p\ARM_GCC_541\Debug\PSOC4_Main.a(UART_1_UART.o)
 .debug_frame   0x00000774       0xbc .\CortexM0p\ARM_GCC_541\Debug\PSOC4_Main.a(PGA_1.o)
 .debug_frame   0x00000830       0x7c .\CortexM0p\ARM_GCC_541\Debug\PSOC4_Main.a(Opamp_1.o)
 .debug_frame   0x000008ac      0x500 .\CortexM0p\ARM_GCC_541\Debug\PSOC4_Main.a(CyLib.o)
 .debug_frame   0x00000dac      0x484 .\CortexM0p\ARM_GCC_541\Debug\PSOC4_Main.a(CyLFClk.o)
 .debug_frame   0x00001230       0x70 .\CortexM0p\ARM_GCC_541\Debug\PSOC4_Main.a(RELAY.o)
 .debug_frame   0x000012a0       0x70 .\CortexM0p\ARM_GCC_541\Debug\PSOC4_Main.a(RED_LED.o)
 .debug_frame   0x00001310       0xb0 .\CortexM0p\ARM_GCC_541\Debug\PSOC4_Main.a(UART_1_SPI_UART.o)
 .debug_frame   0x000013c0       0xa8 .\CortexM0p\ARM_GCC_541\Debug\PSOC4_Main.a(CyFlash.o)
 .debug_frame   0x00001468       0x20 c:/program files (x86)/cypress/psoc creator/4.4/psoc creator/import/gnu/arm/5.4.1/bin/../lib/gcc/arm-none-eabi/5.4.1/armv6-m\libgcc.a(_udivsi3.o)
 .debug_frame   0x00001488       0x20 c:/program files (x86)/cypress/psoc creator/4.4/psoc creator/import/gnu/arm/5.4.1/bin/../lib/gcc/arm-none-eabi/5.4.1/../../../../arm-none-eabi/lib/armv6-m\libg_nano.a(lib_a-errno.o)
 .debug_frame   0x000014a8       0x28 c:/program files (x86)/cypress/psoc creator/4.4/psoc creator/import/gnu/arm/5.4.1/bin/../lib/gcc/arm-none-eabi/5.4.1/../../../../arm-none-eabi/lib/armv6-m\libg_nano.a(lib_a-exit.o)
 .debug_frame   0x000014d0       0x2c c:/program files (x86)/cypress/psoc creator/4.4/psoc creator/import/gnu/arm/5.4.1/bin/../lib/gcc/arm-none-eabi/5.4.1/../../../../arm-none-eabi/lib/armv6-m\libg_nano.a(lib_a-init.o)
 .debug_frame   0x000014fc       0x28 c:/program files (x86)/cypress/psoc creator/4.4/psoc creator/import/gnu/arm/5.4.1/bin/../lib/gcc/arm-none-eabi/5.4.1/../../../../arm-none-eabi/lib/armv6-m\libg_nano.a(lib_a-memcpy-stub.o)
 .debug_frame   0x00001524       0x20 c:/program files (x86)/cypress/psoc creator/4.4/psoc creator/import/gnu/arm/5.4.1/bin/../lib/gcc/arm-none-eabi/5.4.1/../../../../arm-none-eabi/lib/armv6-m\libg_nano.a(lib_a-memset.o)
 .debug_frame   0x00001544       0x50 c:/program files (x86)/cypress/psoc creator/4.4/psoc creator/import/gnu/arm/5.4.1/bin/../lib/gcc/arm-none-eabi/5.4.1/../../../../arm-none-eabi/lib/armv6-m\libg_nano.a(lib_a-sprintf.o)
 .debug_frame   0x00001594       0x74 c:/program files (x86)/cypress/psoc creator/4.4/psoc creator/import/gnu/arm/5.4.1/bin/../lib/gcc/arm-none-eabi/5.4.1/../../../../arm-none-eabi/lib/armv6-m\libg_nano.a(lib_a-nano-svfprintf.o)
 .debug_frame   0x00001608       0x54 c:/program files (x86)/cypress/psoc creator/4.4/psoc creator/import/gnu/arm/5.4.1/bin/../lib/gcc/arm-none-eabi/5.4.1/../../../../arm-none-eabi/lib/armv6-m\libg_nano.a(lib_a-nano-vfprintf_i.o)
 .debug_frame   0x0000165c       0x20 c:/program files (x86)/cypress/psoc creator/4.4/psoc creator/import/gnu/arm/5.4.1/bin/../lib/gcc/arm-none-eabi/5.4.1/../../../../arm-none-eabi/lib/armv6-m\libg_nano.a(lib_a-memchr-stub.o)
 .debug_frame   0x0000167c       0x28 c:/program files (x86)/cypress/psoc creator/4.4/psoc creator/import/gnu/arm/5.4.1/bin/../lib/gcc/arm-none-eabi/5.4.1/../../../../arm-none-eabi/lib/armv6-m\libg_nano.a(lib_a-memmove.o)
 .debug_frame   0x000016a4       0x2c c:/program files (x86)/cypress/psoc creator/4.4/psoc creator/import/gnu/arm/5.4.1/bin/../lib/gcc/arm-none-eabi/5.4.1/../../../../arm-none-eabi/lib/armv6-m\libg_nano.a(lib_a-nano-freer.o)
 .debug_frame   0x000016d0       0x2c c:/program files (x86)/cypress/psoc creator/4.4/psoc creator/import/gnu/arm/5.4.1/bin/../lib/gcc/arm-none-eabi/5.4.1/../../../../arm-none-eabi/lib/armv6-m\libg_nano.a(lib_a-nano-mallocr.o)
 .debug_frame   0x000016fc       0x30 c:/program files (x86)/cypress/psoc creator/4.4/psoc creator/import/gnu/arm/5.4.1/bin/../lib/gcc/arm-none-eabi/5.4.1/../../../../arm-none-eabi/lib/armv6-m\libg_nano.a(lib_a-nano-reallocr.o)
 .debug_frame   0x0000172c       0x2c c:/program files (x86)/cypress/psoc creator/4.4/psoc creator/import/gnu/arm/5.4.1/bin/../lib/gcc/arm-none-eabi/5.4.1/../../../../arm-none-eabi/lib/armv6-m\libg_nano.a(lib_a-sbrkr.o)
 .debug_frame   0x00001758       0x30 c:/program files (x86)/cypress/psoc creator/4.4/psoc creator/import/gnu/arm/5.4.1/bin/../lib/gcc/arm-none-eabi/5.4.1/../../../../arm-none-eabi/lib/armv6-m\libg_nano.a(lib_a-mlock.o)
 .debug_frame   0x00001788       0x20 c:/program files (x86)/cypress/psoc creator/4.4/psoc creator/import/gnu/arm/5.4.1/bin/../lib/gcc/arm-none-eabi/5.4.1/../../../../arm-none-eabi/lib/armv6-m\libg_nano.a(lib_a-nano-msizer.o)
 .debug_frame   0x000017a8       0x48 c:/program files (x86)/cypress/psoc creator/4.4/psoc creator/import/gnu/arm/5.4.1/bin/../lib/gcc/arm-none-eabi/5.4.1/../../../../arm-none-eabi/lib/armv6-m\libg_nano.a(lib_a-reent.o)

.debug_str      0x00000000     0x1d6d
 *(.debug_str)
 .debug_str     0x00000000      0x20c .\CortexM0p\ARM_GCC_541\Debug\main.o
                                0x24c (size before relaxing)
 .debug_str     0x0000020c       0xf0 .\CortexM0p\ARM_GCC_541\Debug\cyfitter_cfg.o
                                0x26f (size before relaxing)
 .debug_str     0x000002fc       0x63 .\CortexM0p\ARM_GCC_541\Debug\cymetadata.o
                                0x1cc (size before relaxing)
 .debug_str     0x0000035f      0x15b .\CortexM0p\ARM_GCC_541\Debug\Cm0plusStart.o
                                0x313 (size before relaxing)
 .debug_str     0x000004ba      0x44f .\CortexM0p\ARM_GCC_541\Debug\PSOC4_Main.a(Timer_1.o)
                                0x609 (size before relaxing)
 .debug_str     0x00000909      0x118 .\CortexM0p\ARM_GCC_541\Debug\PSOC4_Main.a(UART_1.o)
                                0x2b7 (size before relaxing)
 .debug_str     0x00000a21      0x1ef .\CortexM0p\ARM_GCC_541\Debug\PSOC4_Main.a(UART_1_UART.o)
                                0x3f4 (size before relaxing)
 .debug_str     0x00000c10       0xc7 .\CortexM0p\ARM_GCC_541\Debug\PSOC4_Main.a(PGA_1.o)
                                0x259 (size before relaxing)
 .debug_str     0x00000cd7       0x9b .\CortexM0p\ARM_GCC_541\Debug\PSOC4_Main.a(Opamp_1.o)
                                0x22c (size before relaxing)
 .debug_str     0x00000d72      0x683 .\CortexM0p\ARM_GCC_541\Debug\PSOC4_Main.a(CyLib.o)
                                0x8b9 (size before relaxing)
 .debug_str     0x000013f5      0x63d .\CortexM0p\ARM_GCC_541\Debug\PSOC4_Main.a(CyLFClk.o)
                                0x89d (size before relaxing)
 .debug_str     0x00001a32       0x9f .\CortexM0p\ARM_GCC_541\Debug\PSOC4_Main.a(RELAY.o)
                                0x23a (size before relaxing)
 .debug_str     0x00001ad1       0x87 .\CortexM0p\ARM_GCC_541\Debug\PSOC4_Main.a(RED_LED.o)
                                0x248 (size before relaxing)
 .debug_str     0x00001b58       0xf1 .\CortexM0p\ARM_GCC_541\Debug\PSOC4_Main.a(UART_1_SPI_UART.o)
                                0x2e6 (size before relaxing)
 .debug_str     0x00001c49      0x124 .\CortexM0p\ARM_GCC_541\Debug\PSOC4_Main.a(CyFlash.o)
                                0x326 (size before relaxing)

.debug_loc      0x00000000     0x20e2
 *(.debug_loc)
 .debug_loc     0x00000000       0x69 .\CortexM0p\ARM_GCC_541\Debug\main.o
 .debug_loc     0x00000069       0x1e .\CortexM0p\ARM_GCC_541\Debug\cyfitter_cfg.o
 .debug_loc     0x00000087      0x14f .\CortexM0p\ARM_GCC_541\Debug\Cm0plusStart.o
 .debug_loc     0x000001d6      0x547 .\CortexM0p\ARM_GCC_541\Debug\PSOC4_Main.a(Timer_1.o)
 .debug_loc     0x0000071d       0x7e .\CortexM0p\ARM_GCC_541\Debug\PSOC4_Main.a(UART_1.o)
 .debug_loc     0x0000079b      0x223 .\CortexM0p\ARM_GCC_541\Debug\PSOC4_Main.a(UART_1_UART.o)
 .debug_loc     0x000009be       0x7c .\CortexM0p\ARM_GCC_541\Debug\PSOC4_Main.a(PGA_1.o)
 .debug_loc     0x00000a3a       0x21 .\CortexM0p\ARM_GCC_541\Debug\PSOC4_Main.a(Opamp_1.o)
 .debug_loc     0x00000a5b      0x868 .\CortexM0p\ARM_GCC_541\Debug\PSOC4_Main.a(CyLib.o)
 .debug_loc     0x000012c3      0xa88 .\CortexM0p\ARM_GCC_541\Debug\PSOC4_Main.a(CyLFClk.o)
 .debug_loc     0x00001d4b       0xa2 .\CortexM0p\ARM_GCC_541\Debug\PSOC4_Main.a(RELAY.o)
 .debug_loc     0x00001ded       0xa2 .\CortexM0p\ARM_GCC_541\Debug\PSOC4_Main.a(RED_LED.o)
 .debug_loc     0x00001e8f       0x96 .\CortexM0p\ARM_GCC_541\Debug\PSOC4_Main.a(UART_1_SPI_UART.o)
 .debug_loc     0x00001f25      0x1bd .\CortexM0p\ARM_GCC_541\Debug\PSOC4_Main.a(CyFlash.o)

.debug_macinfo
 *(.debug_macinfo)

.debug_ranges   0x00000000      0x790
 *(.debug_ranges)
 .debug_ranges  0x00000000       0x20 .\CortexM0p\ARM_GCC_541\Debug\main.o
 .debug_ranges  0x00000020       0x38 .\CortexM0p\ARM_GCC_541\Debug\cyfitter_cfg.o
 .debug_ranges  0x00000058       0x38 .\CortexM0p\ARM_GCC_541\Debug\Cm0plusStart.o
 .debug_ranges  0x00000090      0x148 .\CortexM0p\ARM_GCC_541\Debug\PSOC4_Main.a(Timer_1.o)
 .debug_ranges  0x000001d8       0x48 .\CortexM0p\ARM_GCC_541\Debug\PSOC4_Main.a(UART_1.o)
 .debug_ranges  0x00000220       0x80 .\CortexM0p\ARM_GCC_541\Debug\PSOC4_Main.a(UART_1_UART.o)
 .debug_ranges  0x000002a0       0x40 .\CortexM0p\ARM_GCC_541\Debug\PSOC4_Main.a(PGA_1.o)
 .debug_ranges  0x000002e0       0x38 .\CortexM0p\ARM_GCC_541\Debug\PSOC4_Main.a(Opamp_1.o)
 .debug_ranges  0x00000318      0x1e8 .\CortexM0p\ARM_GCC_541\Debug\PSOC4_Main.a(CyLib.o)
 .debug_ranges  0x00000500      0x198 .\CortexM0p\ARM_GCC_541\Debug\PSOC4_Main.a(CyLFClk.o)
 .debug_ranges  0x00000698       0x38 .\CortexM0p\ARM_GCC_541\Debug\PSOC4_Main.a(RELAY.o)
 .debug_ranges  0x000006d0       0x38 .\CortexM0p\ARM_GCC_541\Debug\PSOC4_Main.a(RED_LED.o)
 .debug_ranges  0x00000708       0x50 .\CortexM0p\ARM_GCC_541\Debug\PSOC4_Main.a(UART_1_SPI_UART.o)
 .debug_ranges  0x00000758       0x38 .\CortexM0p\ARM_GCC_541\Debug\PSOC4_Main.a(CyFlash.o)

.comment        0x00000000       0x6e
 .comment       0x00000000       0x6e .\CortexM0p\ARM_GCC_541\Debug\main.o
                                 0x6f (size before relaxing)
 .comment       0x0000006e       0x6f .\CortexM0p\ARM_GCC_541\Debug\cyfitter_cfg.o
 .comment       0x0000006e       0x6f .\CortexM0p\ARM_GCC_541\Debug\cymetadata.o
 .comment       0x0000006e       0x6f .\CortexM0p\ARM_GCC_541\Debug\Cm0plusStart.o
 .comment       0x0000006e       0x6f .\CortexM0p\ARM_GCC_541\Debug\PSOC4_Main.a(Timer_1.o)
 .comment       0x0000006e       0x6f .\CortexM0p\ARM_GCC_541\Debug\PSOC4_Main.a(UART_1.o)
 .comment       0x0000006e       0x6f .\CortexM0p\ARM_GCC_541\Debug\PSOC4_Main.a(UART_1_UART.o)
 .comment       0x0000006e       0x6f .\CortexM0p\ARM_GCC_541\Debug\PSOC4_Main.a(PGA_1.o)
 .comment       0x0000006e       0x6f .\CortexM0p\ARM_GCC_541\Debug\PSOC4_Main.a(Opamp_1.o)
 .comment       0x0000006e       0x6f .\CortexM0p\ARM_GCC_541\Debug\PSOC4_Main.a(CyLib.o)
 .comment       0x0000006e       0x6f .\CortexM0p\ARM_GCC_541\Debug\PSOC4_Main.a(CyLFClk.o)
 .comment       0x0000006e       0x6f .\CortexM0p\ARM_GCC_541\Debug\PSOC4_Main.a(RELAY.o)
 .comment       0x0000006e       0x6f .\CortexM0p\ARM_GCC_541\Debug\PSOC4_Main.a(RED_LED.o)
 .comment       0x0000006e       0x6f .\CortexM0p\ARM_GCC_541\Debug\PSOC4_Main.a(UART_1_SPI_UART.o)
 .comment       0x0000006e       0x6f .\CortexM0p\ARM_GCC_541\Debug\PSOC4_Main.a(CyFlash.o)

.debug_weaknames
 *(.debug_weaknames)

.debug_funcnames
 *(.debug_funcnames)

.debug_typenames
 *(.debug_typenames)

.debug_varnames
 *(.debug_varnames)

.note.gnu.arm.ident
 *(.note.gnu.arm.ident)

.ARM.attributes
                0x00000000       0x28
 *(.ARM.attributes)
 .ARM.attributes
                0x00000000       0x1e c:/program files (x86)/cypress/psoc creator/4.4/psoc creator/import/gnu/arm/5.4.1/bin/../lib/gcc/arm-none-eabi/5.4.1/armv6-m/crti.o
 .ARM.attributes
                0x0000001e       0x2c c:/program files (x86)/cypress/psoc creator/4.4/psoc creator/import/gnu/arm/5.4.1/bin/../lib/gcc/arm-none-eabi/5.4.1/armv6-m/crtbegin.o
 .ARM.attributes
                0x0000004a       0x1b c:/program files (x86)/cypress/psoc creator/4.4/psoc creator/import/gnu/arm/5.4.1/bin/../lib/gcc/arm-none-eabi/5.4.1/../../../../arm-none-eabi/lib/armv6-m/crt0.o
 .ARM.attributes
                0x00000065       0x32 .\CortexM0p\ARM_GCC_541\Debug\main.o
 .ARM.attributes
                0x00000097       0x32 .\CortexM0p\ARM_GCC_541\Debug\cyfitter_cfg.o
 .ARM.attributes
                0x000000c9       0x32 .\CortexM0p\ARM_GCC_541\Debug\cymetadata.o
 .ARM.attributes
                0x000000fb       0x32 .\CortexM0p\ARM_GCC_541\Debug\Cm0plusStart.o
 .ARM.attributes
                0x0000012d       0x32 .\CortexM0p\ARM_GCC_541\Debug\PSOC4_Main.a(Timer_1.o)
 .ARM.attributes
                0x0000015f       0x32 .\CortexM0p\ARM_GCC_541\Debug\PSOC4_Main.a(UART_1.o)
 .ARM.attributes
                0x00000191       0x32 .\CortexM0p\ARM_GCC_541\Debug\PSOC4_Main.a(UART_1_UART.o)
 .ARM.attributes
                0x000001c3       0x32 .\CortexM0p\ARM_GCC_541\Debug\PSOC4_Main.a(PGA_1.o)
 .ARM.attributes
                0x000001f5       0x32 .\CortexM0p\ARM_GCC_541\Debug\PSOC4_Main.a(Opamp_1.o)
 .ARM.attributes
                0x00000227       0x32 .\CortexM0p\ARM_GCC_541\Debug\PSOC4_Main.a(CyLib.o)
 .ARM.attributes
                0x00000259       0x32 .\CortexM0p\ARM_GCC_541\Debug\PSOC4_Main.a(CyLFClk.o)
 .ARM.attributes
                0x0000028b       0x32 .\CortexM0p\ARM_GCC_541\Debug\PSOC4_Main.a(RELAY.o)
 .ARM.attributes
                0x000002bd       0x32 .\CortexM0p\ARM_GCC_541\Debug\PSOC4_Main.a(RED_LED.o)
 .ARM.attributes
                0x000002ef       0x22 .\CortexM0p\ARM_GCC_541\Debug\PSOC4_Main.a(CyBootAsmGnu.o)
 .ARM.attributes
                0x00000311       0x32 .\CortexM0p\ARM_GCC_541\Debug\PSOC4_Main.a(UART_1_SPI_UART.o)
 .ARM.attributes
                0x00000343       0x32 .\CortexM0p\ARM_GCC_541\Debug\PSOC4_Main.a(CyFlash.o)
 .ARM.attributes
                0x00000375       0x1e c:/program files (x86)/cypress/psoc creator/4.4/psoc creator/import/gnu/arm/5.4.1/bin/../lib/gcc/arm-none-eabi/5.4.1/armv6-m\libgcc.a(_udivsi3.o)
 .ARM.attributes
                0x00000393       0x1e c:/program files (x86)/cypress/psoc creator/4.4/psoc creator/import/gnu/arm/5.4.1/bin/../lib/gcc/arm-none-eabi/5.4.1/armv6-m\libgcc.a(_dvmd_tls.o)
 .ARM.attributes
                0x000003b1       0x2c c:/program files (x86)/cypress/psoc creator/4.4/psoc creator/import/gnu/arm/5.4.1/bin/../lib/gcc/arm-none-eabi/5.4.1/../../../../arm-none-eabi/lib/armv6-m\libg_nano.a(lib_a-errno.o)
 .ARM.attributes
                0x000003dd       0x2c c:/program files (x86)/cypress/psoc creator/4.4/psoc creator/import/gnu/arm/5.4.1/bin/../lib/gcc/arm-none-eabi/5.4.1/../../../../arm-none-eabi/lib/armv6-m\libg_nano.a(lib_a-exit.o)
 .ARM.attributes
                0x00000409       0x2c c:/program files (x86)/cypress/psoc creator/4.4/psoc creator/import/gnu/arm/5.4.1/bin/../lib/gcc/arm-none-eabi/5.4.1/../../../../arm-none-eabi/lib/armv6-m\libg_nano.a(lib_a-impure.o)
 .ARM.attributes
                0x00000435       0x2c c:/program files (x86)/cypress/psoc creator/4.4/psoc creator/import/gnu/arm/5.4.1/bin/../lib/gcc/arm-none-eabi/5.4.1/../../../../arm-none-eabi/lib/armv6-m\libg_nano.a(lib_a-init.o)
 .ARM.attributes
                0x00000461       0x2c c:/program files (x86)/cypress/psoc creator/4.4/psoc creator/import/gnu/arm/5.4.1/bin/../lib/gcc/arm-none-eabi/5.4.1/../../../../arm-none-eabi/lib/armv6-m\libg_nano.a(lib_a-memcpy-stub.o)
 .ARM.attributes
                0x0000048d       0x2c c:/program files (x86)/cypress/psoc creator/4.4/psoc creator/import/gnu/arm/5.4.1/bin/../lib/gcc/arm-none-eabi/5.4.1/../../../../arm-none-eabi/lib/armv6-m\libg_nano.a(lib_a-memset.o)
 .ARM.attributes
                0x000004b9       0x2c c:/program files (x86)/cypress/psoc creator/4.4/psoc creator/import/gnu/arm/5.4.1/bin/../lib/gcc/arm-none-eabi/5.4.1/../../../../arm-none-eabi/lib/armv6-m\libg_nano.a(lib_a-sprintf.o)
 .ARM.attributes
                0x000004e5       0x2c c:/program files (x86)/cypress/psoc creator/4.4/psoc creator/import/gnu/arm/5.4.1/bin/../lib/gcc/arm-none-eabi/5.4.1/../../../../arm-none-eabi/lib/armv6-m\libg_nano.a(lib_a-nano-svfprintf.o)
 .ARM.attributes
                0x00000511       0x2c c:/program files (x86)/cypress/psoc creator/4.4/psoc creator/import/gnu/arm/5.4.1/bin/../lib/gcc/arm-none-eabi/5.4.1/../../../../arm-none-eabi/lib/armv6-m\libg_nano.a(lib_a-nano-vfprintf_i.o)
 .ARM.attributes
                0x0000053d       0x2c c:/program files (x86)/cypress/psoc creator/4.4/psoc creator/import/gnu/arm/5.4.1/bin/../lib/gcc/arm-none-eabi/5.4.1/../../../../arm-none-eabi/lib/armv6-m\libg_nano.a(lib_a-memchr-stub.o)
 .ARM.attributes
                0x00000569       0x2c c:/program files (x86)/cypress/psoc creator/4.4/psoc creator/import/gnu/arm/5.4.1/bin/../lib/gcc/arm-none-eabi/5.4.1/../../../../arm-none-eabi/lib/armv6-m\libg_nano.a(lib_a-memmove.o)
 .ARM.attributes
                0x00000595       0x2c c:/program files (x86)/cypress/psoc creator/4.4/psoc creator/import/gnu/arm/5.4.1/bin/../lib/gcc/arm-none-eabi/5.4.1/../../../../arm-none-eabi/lib/armv6-m\libg_nano.a(lib_a-nano-freer.o)
 .ARM.attributes
                0x000005c1       0x2c c:/program files (x86)/cypress/psoc creator/4.4/psoc creator/import/gnu/arm/5.4.1/bin/../lib/gcc/arm-none-eabi/5.4.1/../../../../arm-none-eabi/lib/armv6-m\libg_nano.a(lib_a-nano-mallocr.o)
 .ARM.attributes
                0x000005ed       0x2c c:/program files (x86)/cypress/psoc creator/4.4/psoc creator/import/gnu/arm/5.4.1/bin/../lib/gcc/arm-none-eabi/5.4.1/../../../../arm-none-eabi/lib/armv6-m\libg_nano.a(lib_a-nano-reallocr.o)
 .ARM.attributes
                0x00000619       0x2c c:/program files (x86)/cypress/psoc creator/4.4/psoc creator/import/gnu/arm/5.4.1/bin/../lib/gcc/arm-none-eabi/5.4.1/../../../../arm-none-eabi/lib/armv6-m\libg_nano.a(lib_a-sbrkr.o)
 .ARM.attributes
                0x00000645       0x2c c:/program files (x86)/cypress/psoc creator/4.4/psoc creator/import/gnu/arm/5.4.1/bin/../lib/gcc/arm-none-eabi/5.4.1/../../../../arm-none-eabi/lib/armv6-m\libg_nano.a(lib_a-mlock.o)
 .ARM.attributes
                0x00000671       0x2c c:/program files (x86)/cypress/psoc creator/4.4/psoc creator/import/gnu/arm/5.4.1/bin/../lib/gcc/arm-none-eabi/5.4.1/../../../../arm-none-eabi/lib/armv6-m\libg_nano.a(lib_a-nano-msizer.o)
 .ARM.attributes
                0x0000069d       0x2c c:/program files (x86)/cypress/psoc creator/4.4/psoc creator/import/gnu/arm/5.4.1/bin/../lib/gcc/arm-none-eabi/5.4.1/../../../../arm-none-eabi/lib/armv6-m\libg_nano.a(lib_a-reent.o)
 .ARM.attributes
                0x000006c9       0x2c c:/program files (x86)/cypress/psoc creator/4.4/psoc creator/import/gnu/arm/5.4.1/bin/../lib/gcc/arm-none-eabi/5.4.1/armv6-m/crtend.o
 .ARM.attributes
                0x000006f5       0x1e c:/program files (x86)/cypress/psoc creator/4.4/psoc creator/import/gnu/arm/5.4.1/bin/../lib/gcc/arm-none-eabi/5.4.1/armv6-m/crtn.o

/DISCARD/
 *(.note.GNU-stack)
OUTPUT(C:\Users\cdrow\Documents\PSoC Creator\PSOC4_Main\PSOC4_Main.cydsn\CortexM0p\ARM_GCC_541\Debug\PSOC4_Main.elf elf32-littlearm)
